Copyright 1986-2021 Xilinx, Inc. All Rights Reserved.
---------------------------------------------------------------------------------------------------------------------------------------------
| Tool Version      : Vivado v.2021.1_AR76780 (lin64) Build 3247384 Thu Jun 10 19:36:07 MDT 2021
| Date              : Wed Sep  9 14:57:25 2026
| Host              : coroni running 64-bit Ubuntu 18.04.6 LTS
| Command           : report_timing_summary -file /home/smitropoulos/cheshire_soc/axi_upsizer_work/synth_out/64to128_mr24/patched/timing.rpt
| Design            : synth_wrap_upsizer
| Device            : xczu9eg-ffvb1156
| Speed File        : -2  PRODUCTION 1.29 08-03-2020
| Temperature Grade : E
---------------------------------------------------------------------------------------------------------------------------------------------

Timing Summary Report

------------------------------------------------------------------------------------------------
| Timer Settings
| --------------
------------------------------------------------------------------------------------------------

  Enable Multi Corner Analysis               :  Yes
  Enable Pessimism Removal                   :  Yes
  Pessimism Removal Resolution               :  Nearest Common Node
  Enable Input Delay Default Clock           :  No
  Enable Preset / Clear Arcs                 :  No
  Disable Flight Delays                      :  No
  Ignore I/O Paths                           :  No
  Timing Early Launch at Borrowing Latches   :  No
  Borrow Time for Max Delay Exceptions       :  Yes
  Merge Timing Exceptions                    :  Yes

  Corner  Analyze    Analyze    
  Name    Max Paths  Min Paths  
  ------  ---------  ---------  
  Slow    Yes        Yes        
  Fast    Yes        Yes        


------------------------------------------------------------------------------------------------
| Report Methodology
| ------------------
------------------------------------------------------------------------------------------------

No report available as report_methodology has not been run prior. Run report_methodology on the current design for the summary of methodology violations.



check_timing report

Table of Contents
-----------------
1. checking no_clock (0)
2. checking constant_clock (0)
3. checking pulse_width_clock (0)
4. checking unconstrained_internal_endpoints (0)
5. checking no_input_delay (2)
6. checking no_output_delay (1)
7. checking multiple_clock (0)
8. checking generated_clocks (0)
9. checking loops (0)
10. checking partial_input_delay (0)
11. checking partial_output_delay (0)
12. checking latch_loops (0)

1. checking no_clock (0)
------------------------
 There are 0 register/latch pins with no clock.


2. checking constant_clock (0)
------------------------------
 There are 0 register/latch pins with constant_clock.


3. checking pulse_width_clock (0)
---------------------------------
 There are 0 register/latch pins which need pulse_width check


4. checking unconstrained_internal_endpoints (0)
------------------------------------------------
 There are 0 pins that are not constrained for maximum delay.

 There are 0 pins that are not constrained for maximum delay due to constant clock.


5. checking no_input_delay (2)
------------------------------
 There are 2 input ports with no input delay specified. (HIGH)

 There are 0 input ports with no input delay but user has a false path constraint.


6. checking no_output_delay (1)
-------------------------------
 There is 1 port with no output delay specified. (HIGH)

 There are 0 ports with no output delay but user has a false path constraint

 There are 0 ports with no output delay but with a timing clock defined on it or propagating through it


7. checking multiple_clock (0)
------------------------------
 There are 0 register/latch pins with multiple clocks.


8. checking generated_clocks (0)
--------------------------------
 There are 0 generated clocks that are not connected to a clock source.


9. checking loops (0)
---------------------
 There are 0 combinational loops in the design.


10. checking partial_input_delay (0)
------------------------------------
 There are 0 input ports with partial input delay specified.


11. checking partial_output_delay (0)
-------------------------------------
 There are 0 ports with partial output delay specified.


12. checking latch_loops (0)
----------------------------
 There are 0 combinational latch loops in the design through latch input



------------------------------------------------------------------------------------------------
| Design Timing Summary
| ---------------------
------------------------------------------------------------------------------------------------

    WNS(ns)      TNS(ns)  TNS Failing Endpoints  TNS Total Endpoints      WHS(ns)      THS(ns)  THS Failing Endpoints  THS Total Endpoints     WPWS(ns)     TPWS(ns)  TPWS Failing Endpoints  TPWS Total Endpoints  
    -------      -------  ---------------------  -------------------      -------      -------  ---------------------  -------------------     --------     --------  ----------------------  --------------------  
      8.816        0.000                      0                 8913        0.101        0.000                      0                 8913        9.725        0.000                       0                  4771  


All user specified timing constraints are met.


------------------------------------------------------------------------------------------------
| Clock Summary
| -------------
------------------------------------------------------------------------------------------------

Clock  Waveform(ns)       Period(ns)      Frequency(MHz)
-----  ------------       ----------      --------------
clk_i  {0.000 10.000}     20.000          50.000          


------------------------------------------------------------------------------------------------
| Intra Clock Table
| -----------------
------------------------------------------------------------------------------------------------

Clock             WNS(ns)      TNS(ns)  TNS Failing Endpoints  TNS Total Endpoints      WHS(ns)      THS(ns)  THS Failing Endpoints  THS Total Endpoints     WPWS(ns)     TPWS(ns)  TPWS Failing Endpoints  TPWS Total Endpoints  
-----             -------      -------  ---------------------  -------------------      -------      -------  ---------------------  -------------------     --------     --------  ----------------------  --------------------  
clk_i               8.816        0.000                      0                 8913        0.101        0.000                      0                 8913        9.725        0.000                       0                  4771  


------------------------------------------------------------------------------------------------
| Inter Clock Table
| -----------------
------------------------------------------------------------------------------------------------

From Clock    To Clock          WNS(ns)      TNS(ns)  TNS Failing Endpoints  TNS Total Endpoints      WHS(ns)      THS(ns)  THS Failing Endpoints  THS Total Endpoints  
----------    --------          -------      -------  ---------------------  -------------------      -------      -------  ---------------------  -------------------  


------------------------------------------------------------------------------------------------
| Other Path Groups Table
| -----------------------
------------------------------------------------------------------------------------------------

Path Group    From Clock    To Clock          WNS(ns)      TNS(ns)  TNS Failing Endpoints  TNS Total Endpoints      WHS(ns)      THS(ns)  THS Failing Endpoints  THS Total Endpoints  
----------    ----------    --------          -------      -------  ---------------------  -------------------      -------      -------  ---------------------  -------------------  


------------------------------------------------------------------------------------------------
| Timing Details
| --------------
------------------------------------------------------------------------------------------------


---------------------------------------------------------------------------------------------------
From Clock:  clk_i
  To Clock:  clk_i

Setup :            0  Failing Endpoints,  Worst Slack        8.816ns,  Total Violation        0.000ns
Hold  :            0  Failing Endpoints,  Worst Slack        0.101ns,  Total Violation        0.000ns
PW    :            0  Failing Endpoints,  Worst Slack        9.725ns,  Total Violation        0.000ns
---------------------------------------------------------------------------------------------------


Max Delay Paths
--------------------------------------------------------------------------------------
Slack (MET) :             8.816ns  (required time - arrival time)
  Source:                 i_dut/i_axi_demux/i_aw_spill_reg/spill_register_flushable_i/gen_spill_reg.b_full_q_reg/C
                            (rising edge-triggered cell FDCE clocked by clk_i  {rise@0.000ns fall@10.000ns period=20.000ns})
  Destination:            i_dut/i_read_id_queue/gen_ht_ffs[20].head_tail_q_reg[20][tail][0]/CE
                            (rising edge-triggered cell FDCE clocked by clk_i  {rise@0.000ns fall@10.000ns period=20.000ns})
  Path Group:             clk_i
  Path Type:              Setup (Max at Slow Process Corner)
  Requirement:            20.000ns  (clk_i rise@20.000ns - clk_i rise@0.000ns)
  Data Path Delay:        11.089ns  (logic 1.751ns (15.790%)  route 9.338ns (84.210%))
  Logic Levels:           37  (LUT2=4 LUT3=7 LUT4=1 LUT5=7 LUT6=16 MUXF7=2)
  Clock Uncertainty:      0.035ns  ((TSJ^2 + TIJ^2)^1/2 + DJ) / 2 + PE
    Total System Jitter     (TSJ):    0.071ns
    Total Input Jitter      (TIJ):    0.000ns
    Discrete Jitter          (DJ):    0.000ns
    Phase Error              (PE):    0.000ns

    Location             Delay type                Incr(ns)  Path(ns)    Netlist Resource(s)
  -------------------------------------------------------------------    -------------------
                         (clock clk_i rise edge)      0.000     0.000 r  
                                                      0.000     0.000 r  clk_i (IN)
                         net (fo=4770, unset)         0.000     0.000    i_dut/i_axi_demux/i_aw_spill_reg/spill_register_flushable_i/clk_i
                         FDCE                                         r  i_dut/i_axi_demux/i_aw_spill_reg/spill_register_flushable_i/gen_spill_reg.b_full_q_reg/C
  -------------------------------------------------------------------    -------------------
                         FDCE (Prop_FDCE_C_Q)         0.079     0.079 r  i_dut/i_axi_demux/i_aw_spill_reg/spill_register_flushable_i/gen_spill_reg.b_full_q_reg/Q
                         net (fo=110, unplaced)       0.219     0.298    i_dut/i_axi_demux/i_aw_spill_reg/spill_register_flushable_i/gen_spill_reg.b_full_q_reg_0
                         LUT3 (Prop_LUT3_I1_O)        0.050     0.348 r  i_dut/i_axi_demux/i_aw_spill_reg/spill_register_flushable_i/id_q[0]_i_1/O
                         net (fo=187, unplaced)       0.372     0.720    i_dut/i_axi_demux/i_demux_simple/gen_aw_id_counter.i_aw_id_counter/gen_counters[62].i_in_flight_cnt/lock_aw_valid_q_i_45
                         MUXF7 (Prop_MUXF7_S_O)       0.072     0.792 r  i_dut/i_axi_demux/i_demux_simple/gen_aw_id_counter.i_aw_id_counter/gen_counters[62].i_in_flight_cnt/lock_aw_valid_q_reg_i_74/O
                         net (fo=1, unplaced)         0.178     0.970    i_dut/i_axi_demux/i_demux_simple/gen_aw_id_counter.i_aw_id_counter/gen_counters[60].i_in_flight_cnt/lock_aw_valid_q_i_32_0
                         LUT3 (Prop_LUT3_I2_O)        0.035     1.005 r  i_dut/i_axi_demux/i_demux_simple/gen_aw_id_counter.i_aw_id_counter/gen_counters[60].i_in_flight_cnt/lock_aw_valid_q_i_45/O
                         net (fo=1, unplaced)         0.180     1.185    i_dut/i_axi_demux/i_demux_simple/gen_aw_id_counter.i_aw_id_counter/gen_counters[60].i_in_flight_cnt/lock_aw_valid_q_i_45_n_0
                         LUT6 (Prop_LUT6_I0_O)        0.098     1.283 r  i_dut/i_axi_demux/i_demux_simple/gen_aw_id_counter.i_aw_id_counter/gen_counters[60].i_in_flight_cnt/lock_aw_valid_q_i_32/O
                         net (fo=1, unplaced)         0.016     1.299    i_dut/i_axi_demux/i_demux_simple/gen_aw_id_counter.i_aw_id_counter/gen_counters[44].i_in_flight_cnt/lock_aw_valid_q_i_4_0
                         MUXF7 (Prop_MUXF7_I1_O)      0.064     1.363 r  i_dut/i_axi_demux/i_demux_simple/gen_aw_id_counter.i_aw_id_counter/gen_counters[44].i_in_flight_cnt/lock_aw_valid_q_reg_i_12/O
                         net (fo=1, unplaced)         0.178     1.541    i_dut/i_axi_demux/i_demux_simple/gen_aw_id_counter.i_aw_id_counter/gen_counters[12].i_in_flight_cnt/lock_aw_valid_q_i_2_0
                         LUT3 (Prop_LUT3_I2_O)        0.035     1.576 r  i_dut/i_axi_demux/i_demux_simple/gen_aw_id_counter.i_aw_id_counter/gen_counters[12].i_in_flight_cnt/lock_aw_valid_q_i_4/O
                         net (fo=1, unplaced)         0.225     1.801    i_dut/i_axi_demux/i_demux_simple/gen_aw_id_counter.i_aw_id_counter/gen_counters[12].i_in_flight_cnt/aw_select_occupied
                         LUT6 (Prop_LUT6_I1_O)        0.035     1.836 r  i_dut/i_axi_demux/i_demux_simple/gen_aw_id_counter.i_aw_id_counter/gen_counters[12].i_in_flight_cnt/lock_aw_valid_q_i_2/O
                         net (fo=2, unplaced)         0.225     2.061    i_dut/i_axi_demux/i_demux_simple/gen_aw_id_counter.i_aw_id_counter/gen_counters[37].i_in_flight_cnt/counter_q[4]_i_3_2
                         LUT6 (Prop_LUT6_I5_O)        0.035     2.096 r  i_dut/i_axi_demux/i_demux_simple/gen_aw_id_counter.i_aw_id_counter/gen_counters[37].i_in_flight_cnt/counter_q[4]_i_5/O
                         net (fo=2, unplaced)         0.225     2.321    i_dut/i_axi_demux/i_demux_simple/gen_aw_id_counter.i_aw_id_counter/gen_counters[37].i_in_flight_cnt/counter_q[4]_i_5_n_0
                         LUT2 (Prop_LUT2_I0_O)        0.069     2.390 r  i_dut/i_axi_demux/i_demux_simple/gen_aw_id_counter.i_aw_id_counter/gen_counters[37].i_in_flight_cnt/gen_spill_reg.b_full_q_i_6/O
                         net (fo=3, unplaced)         0.231     2.621    i_dut/i_axi_demux/i_aw_select_spill_reg/spill_register_flushable_i/gen_spill_reg.b_data_q_reg[0]_66
                         LUT4 (Prop_LUT4_I3_O)        0.035     2.656 f  i_dut/i_axi_demux/i_aw_select_spill_reg/spill_register_flushable_i/id_q[5]_i_4/O
                         net (fo=2, unplaced)         0.225     2.881    i_dut/i_axi_demux/i_aw_spill_reg/spill_register_flushable_i/axi_err_req[aw_valid]
                         LUT6 (Prop_LUT6_I5_O)        0.035     2.916 r  i_dut/i_axi_demux/i_aw_spill_reg/spill_register_flushable_i/mem_q[0][5]_i_3/O
                         net (fo=2, unplaced)         0.225     3.141    i_dut/i_axi_err_slv/i_atop_filter/mem_q_reg[0][0]
                         LUT5 (Prop_LUT5_I1_O)        0.069     3.210 f  i_dut/i_axi_err_slv/i_atop_filter/mem_q[0][5]_i_1__0/O
                         net (fo=12, unplaced)        0.263     3.473    i_dut/i_axi_err_slv/i_w_fifo/write_pointer_n05_out
                         LUT5 (Prop_LUT5_I2_O)        0.069     3.542 f  i_dut/i_axi_err_slv/i_w_fifo/w_cnt_q[cnt][1]_i_4/O
                         net (fo=4, unplaced)         0.238     3.780    i_dut/i_axi_err_slv/i_atop_filter/w_cnt_q_reg[underflow]_1
                         LUT6 (Prop_LUT6_I1_O)        0.035     3.815 f  i_dut/i_axi_err_slv/i_atop_filter/w_req_q[w][user][0]_i_7/O
                         net (fo=1, unplaced)         0.225     4.040    i_dut/i_axi_err_slv/i_atop_filter/w_req_q[w][user][0]_i_7_n_0
                         LUT6 (Prop_LUT6_I0_O)        0.035     4.075 f  i_dut/i_axi_err_slv/i_atop_filter/w_req_q[w][user][0]_i_5/O
                         net (fo=1, unplaced)         0.225     4.300    i_dut/i_axi_demux/i_demux_simple/i_counter_open_w/i_counter/axi_err_resp[w_ready]
                         LUT6 (Prop_LUT6_I0_O)        0.035     4.335 f  i_dut/i_axi_demux/i_demux_simple/i_counter_open_w/i_counter/w_req_q[w][user][0]_i_4/O
                         net (fo=44, unplaced)        0.292     4.627    i_dut/i_axi_demux/i_demux_simple/i_counter_open_w/i_counter/mst_resp[w_ready]
                         LUT5 (Prop_LUT5_I3_O)        0.069     4.696 r  i_dut/i_axi_demux/i_demux_simple/i_counter_open_w/i_counter/w_req_q[aw][user][0]_i_4/O
                         net (fo=15, unplaced)        0.268     4.964    i_dut/i_axi_demux/i_demux_simple/i_counter_open_w/i_counter/w_req_q[aw][user][0]_i_4_n_0
                         LUT5 (Prop_LUT5_I2_O)        0.035     4.999 r  i_dut/i_axi_demux/i_demux_simple/i_counter_open_w/i_counter/gen_ht_ffs[3].head_tail_q[3][id][5]_i_4/O
                         net (fo=179, unplaced)       0.324     5.323    i_dut/i_axi_demux/i_demux_simple/i_counter_open_w/i_counter/in_q_reg[153]
                         LUT3 (Prop_LUT3_I1_O)        0.035     5.358 r  i_dut/i_axi_demux/i_demux_simple/i_counter_open_w/i_counter/gen_ht_ffs[0].head_tail_q[0][id][0]_i_2/O
                         net (fo=99, unplaced)        0.310     5.668    i_dut/i_axi_demux/i_demux_simple/i_counter_open_w/i_counter/in_q_reg[216]
                         LUT6 (Prop_LUT6_I0_O)        0.035     5.703 f  i_dut/i_axi_demux/i_demux_simple/i_counter_open_w/i_counter/gen_read_upsizer[14].r_req_q[orig_ar_size][2]_i_73/O
                         net (fo=1, unplaced)         0.225     5.928    i_dut/i_axi_demux/i_demux_simple/i_counter_open_w/i_counter/gen_read_upsizer[14].r_req_q[orig_ar_size][2]_i_73_n_0
                         LUT6 (Prop_LUT6_I0_O)        0.035     5.963 f  i_dut/i_axi_demux/i_demux_simple/i_counter_open_w/i_counter/gen_read_upsizer[14].r_req_q[orig_ar_size][2]_i_40/O
                         net (fo=1, unplaced)         0.225     6.188    i_dut/i_axi_demux/i_demux_simple/i_counter_open_w/i_counter/gen_read_upsizer[14].r_req_q[orig_ar_size][2]_i_40_n_0
                         LUT6 (Prop_LUT6_I2_O)        0.035     6.223 r  i_dut/i_axi_demux/i_demux_simple/i_counter_open_w/i_counter/gen_read_upsizer[14].r_req_q[orig_ar_size][2]_i_20/O
                         net (fo=1, unplaced)         0.225     6.448    i_dut/i_axi_demux/i_demux_simple/i_counter_open_w/i_counter/gen_read_upsizer[14].r_req_q[orig_ar_size][2]_i_20_n_0
                         LUT6 (Prop_LUT6_I0_O)        0.035     6.483 r  i_dut/i_axi_demux/i_demux_simple/i_counter_open_w/i_counter/gen_read_upsizer[14].r_req_q[orig_ar_size][2]_i_10/O
                         net (fo=1, unplaced)         0.225     6.708    i_dut/i_axi_demux/i_demux_simple/i_counter_open_w/i_counter/gen_read_upsizer[14].r_req_q[orig_ar_size][2]_i_10_n_0
                         LUT6 (Prop_LUT6_I5_O)        0.035     6.743 f  i_dut/i_axi_demux/i_demux_simple/i_counter_open_w/i_counter/gen_read_upsizer[14].r_req_q[orig_ar_size][2]_i_5/O
                         net (fo=24, unplaced)        0.278     7.021    i_dut/i_axi_demux/i_demux_simple/i_counter_open_w/i_counter/gen_read_upsizer[14].r_req_q[orig_ar_size][2]_i_5_n_0
                         LUT6 (Prop_LUT6_I3_O)        0.035     7.056 f  i_dut/i_axi_demux/i_demux_simple/i_counter_open_w/i_counter/gen_read_upsizer[14].r_req_q[orig_ar_size][2]_i_4/O
                         net (fo=74, unplaced)        0.304     7.360    i_dut/i_axi_demux/i_demux_simple/i_counter_open_w/i_counter/arb_slv_ar_gnt_tran11949_out
                         LUT3 (Prop_LUT3_I2_O)        0.035     7.395 f  i_dut/i_axi_demux/i_demux_simple/i_counter_open_w/i_counter/gen_read_upsizer[14].r_req_q[ar_throw_error]_i_5/O
                         net (fo=2, unplaced)         0.225     7.620    i_dut/i_axi_demux/i_demux_simple/i_counter_open_w/i_counter/gen_read_upsizer[14].r_req_q[ar_throw_error]_i_5_n_0
                         LUT6 (Prop_LUT6_I0_O)        0.035     7.655 f  i_dut/i_axi_demux/i_demux_simple/i_counter_open_w/i_counter/gen_ht_ffs[5].head_tail_q[5][head][4]_i_25/O
                         net (fo=1, unplaced)         0.225     7.880    i_dut/i_axi_demux/i_demux_simple/i_counter_open_w/i_counter/gen_ht_ffs[5].head_tail_q[5][head][4]_i_25_n_0
                         LUT6 (Prop_LUT6_I5_O)        0.035     7.915 f  i_dut/i_axi_demux/i_demux_simple/i_counter_open_w/i_counter/gen_ht_ffs[5].head_tail_q[5][head][4]_i_16/O
                         net (fo=1, unplaced)         0.225     8.140    i_dut/i_axi_demux/i_demux_simple/i_counter_open_w/i_counter/gen_ht_ffs[5].head_tail_q[5][head][4]_i_16_n_0
                         LUT6 (Prop_LUT6_I5_O)        0.035     8.175 f  i_dut/i_axi_demux/i_demux_simple/i_counter_open_w/i_counter/gen_ht_ffs[5].head_tail_q[5][head][4]_i_5/O
                         net (fo=37, unplaced)        0.288     8.463    i_dut/i_axi_demux/i_demux_simple/i_counter_open_w/i_counter/gen_read_upsizer[23].r_state_q_reg[1]_inv
                         LUT2 (Prop_LUT2_I0_O)        0.035     8.498 f  i_dut/i_axi_demux/i_demux_simple/i_counter_open_w/i_counter/gen_data_ffs[23].linked_data_q[23][next][4]_i_6/O
                         net (fo=43, unplaced)        0.292     8.790    i_dut/i_axi_demux/i_demux_simple/i_counter_open_w/i_counter/gen_data_ffs[10].linked_data_q_reg[10][free]
                         LUT3 (Prop_LUT3_I0_O)        0.035     8.825 f  i_dut/i_axi_demux/i_demux_simple/i_counter_open_w/i_counter/gen_ht_ffs[0].head_tail_q[0][id][5]_i_9/O
                         net (fo=170, unplaced)       0.278     9.103    i_dut/i_axi_demux/i_demux_simple/i_counter_open_w/i_counter/gen_ht_ffs[5].head_tail_q[5][head][4]_i_5_0
                         LUT5 (Prop_LUT5_I0_O)        0.098     9.201 f  i_dut/i_axi_demux/i_demux_simple/i_counter_open_w/i_counter/gen_ht_ffs[10].head_tail_q[10][free]_i_18/O
                         net (fo=1, unplaced)         0.225     9.426    i_dut/i_axi_demux/i_demux_simple/i_counter_open_w/i_counter/gen_ht_ffs[10].head_tail_q[10][free]_i_18_n_0
                         LUT5 (Prop_LUT5_I4_O)        0.035     9.461 f  i_dut/i_axi_demux/i_demux_simple/i_counter_open_w/i_counter/gen_ht_ffs[10].head_tail_q[10][free]_i_7/O
                         net (fo=163, unplaced)       0.322     9.783    i_dut/i_read_id_queue/gen_data_ffs[13].linked_data_q_reg[13][next][3]_0
                         LUT2 (Prop_LUT2_I1_O)        0.035     9.818 r  i_dut/i_read_id_queue/gen_ht_ffs[23].head_tail_q[23][tail][4]_i_4/O
                         net (fo=82, unplaced)        0.306    10.124    i_dut/i_read_id_queue/gen_ht_ffs[10].head_tail_q[10][free]_i_7
                         LUT2 (Prop_LUT2_I0_O)        0.035    10.159 r  i_dut/i_read_id_queue/gen_ht_ffs[1].head_tail_q[1][free]_i_5/O
                         net (fo=178, unplaced)       0.324    10.483    i_dut/i_read_id_queue/gen_ht_ffs[0].head_tail_q[0][id][5]_i_9
                         LUT5 (Prop_LUT5_I2_O)        0.035    10.518 r  i_dut/i_read_id_queue/gen_ht_ffs[20].head_tail_q[20][id][5]_i_1/O
                         net (fo=7, unplaced)         0.250    10.768    i_dut/i_axi_demux/i_demux_simple/i_counter_open_w/i_counter/gen_ht_ffs[20].head_tail_q_reg[20][tail][4]_1[0]
                         LUT3 (Prop_LUT3_I0_O)        0.069    10.837 r  i_dut/i_axi_demux/i_demux_simple/i_counter_open_w/i_counter/gen_ht_ffs[20].head_tail_q[20][tail][4]_i_1/O
                         net (fo=5, unplaced)         0.252    11.089    i_dut/i_read_id_queue/gen_ht_ffs[20].head_tail_q_reg[20][tail][4]_3[0]
                         FDCE                                         r  i_dut/i_read_id_queue/gen_ht_ffs[20].head_tail_q_reg[20][tail][0]/CE
  -------------------------------------------------------------------    -------------------

                         (clock clk_i rise edge)     20.000    20.000 r  
                                                      0.000    20.000 r  clk_i (IN)
                         net (fo=4770, unset)         0.000    20.000    i_dut/i_read_id_queue/clk_i
                         FDCE                                         r  i_dut/i_read_id_queue/gen_ht_ffs[20].head_tail_q_reg[20][tail][0]/C
                         clock pessimism              0.000    20.000    
                         clock uncertainty           -0.035    19.965    
                         FDCE (Setup_FDCE_C_CE)      -0.060    19.905    i_dut/i_read_id_queue/gen_ht_ffs[20].head_tail_q_reg[20][tail][0]
  -------------------------------------------------------------------
                         required time                         19.905    
                         arrival time                         -11.089    
  -------------------------------------------------------------------
                         slack                                  8.816    





Min Delay Paths
--------------------------------------------------------------------------------------
Slack (MET) :             0.101ns  (arrival time - required time)
  Source:                 i_dut/i_axi_demux/i_demux_simple/gen_ar_id_counter.i_ar_id_counter/gen_counters[0].mst_select_q_reg[0][0]/C
                            (rising edge-triggered cell FDCE clocked by clk_i  {rise@0.000ns fall@10.000ns period=20.000ns})
  Destination:            i_dut/i_axi_demux/i_demux_simple/gen_ar_id_counter.i_ar_id_counter/gen_counters[0].mst_select_q_reg[0][0]/D
                            (rising edge-triggered cell FDCE clocked by clk_i  {rise@0.000ns fall@10.000ns period=20.000ns})
  Path Group:             clk_i
  Path Type:              Hold (Min at Fast Process Corner)
  Requirement:            0.000ns  (clk_i rise@0.000ns - clk_i rise@0.000ns)
  Data Path Delay:        0.147ns  (logic 0.061ns (41.497%)  route 0.086ns (58.503%))
  Logic Levels:           1  (LUT5=1)

    Location             Delay type                Incr(ns)  Path(ns)    Netlist Resource(s)
  -------------------------------------------------------------------    -------------------
                         (clock clk_i rise edge)      0.000     0.000 r  
                                                      0.000     0.000 r  clk_i (IN)
                         net (fo=4770, unset)         0.000     0.000    i_dut/i_axi_demux/i_demux_simple/gen_ar_id_counter.i_ar_id_counter/clk_i
                         FDCE                                         r  i_dut/i_axi_demux/i_demux_simple/gen_ar_id_counter.i_ar_id_counter/gen_counters[0].mst_select_q_reg[0][0]/C
  -------------------------------------------------------------------    -------------------
                         FDCE (Prop_FDCE_C_Q)         0.039     0.039 r  i_dut/i_axi_demux/i_demux_simple/gen_ar_id_counter.i_ar_id_counter/gen_counters[0].mst_select_q_reg[0][0]/Q
                         net (fo=2, unplaced)         0.070     0.109    i_dut/i_axi_demux/i_ar_sel_spill_reg/spill_register_flushable_i/gen_counters[0].mst_select_q_reg[0]_139
                         LUT5 (Prop_LUT5_I4_O)        0.022     0.131 r  i_dut/i_axi_demux/i_ar_sel_spill_reg/spill_register_flushable_i/gen_counters[0].mst_select_q[0][0]_i_1__0/O
                         net (fo=1, unplaced)         0.016     0.147    i_dut/i_axi_demux/i_demux_simple/gen_ar_id_counter.i_ar_id_counter/gen_counters[0].mst_select_q_reg[0][0]_0
                         FDCE                                         r  i_dut/i_axi_demux/i_demux_simple/gen_ar_id_counter.i_ar_id_counter/gen_counters[0].mst_select_q_reg[0][0]/D
  -------------------------------------------------------------------    -------------------

                         (clock clk_i rise edge)      0.000     0.000 r  
                                                      0.000     0.000 r  clk_i (IN)
                         net (fo=4770, unset)         0.000     0.000    i_dut/i_axi_demux/i_demux_simple/gen_ar_id_counter.i_ar_id_counter/clk_i
                         FDCE                                         r  i_dut/i_axi_demux/i_demux_simple/gen_ar_id_counter.i_ar_id_counter/gen_counters[0].mst_select_q_reg[0][0]/C
                         clock pessimism              0.000     0.000    
                         FDCE (Hold_FDCE_C_D)         0.046     0.046    i_dut/i_axi_demux/i_demux_simple/gen_ar_id_counter.i_ar_id_counter/gen_counters[0].mst_select_q_reg[0][0]
  -------------------------------------------------------------------
                         required time                         -0.046    
                         arrival time                           0.147    
  -------------------------------------------------------------------
                         slack                                  0.101    





Pulse Width Checks
--------------------------------------------------------------------------------------
Clock Name:         clk_i
Waveform(ns):       { 0.000 10.000 }
Period(ns):         20.000
Sources:            { clk_i }

Check Type        Corner  Lib Pin  Reference Pin  Required(ns)  Actual(ns)  Slack(ns)  Location  Pin
Min Period        n/a     FDCE/C   n/a            0.550         20.000      19.450               in_q_reg[0]/C
Low Pulse Width   Slow    FDCE/C   n/a            0.275         10.000      9.725                in_q_reg[0]/C
High Pulse Width  Slow    FDCE/C   n/a            0.275         10.000      9.725                in_q_reg[0]/C



