Copyright 1986-2021 Xilinx, Inc. All Rights Reserved.
-----------------------------------------------------------------------------------------------------------------------------------------------------------------------------------
| Tool Version : Vivado v.2021.1_AR76780 (lin64) Build 3247384 Thu Jun 10 19:36:07 MDT 2021
| Date         : Wed Sep  9 14:57:05 2026
| Host         : coroni running 64-bit Ubuntu 18.04.6 LTS
| Command      : report_utilization -hierarchical -hierarchical_depth 4 -file /home/smitropoulos/cheshire_soc/axi_upsizer_work/synth_out/64to128_mr24/patched/utilization_hier.rpt
| Design       : synth_wrap_upsizer
| Device       : xczu9egffvb1156-2
| Design State : Optimized
-----------------------------------------------------------------------------------------------------------------------------------------------------------------------------------

Utilization Design Information

Table of Contents
-----------------
1. Utilization by Hierarchy

1. Utilization by Hierarchy
---------------------------

+-------------------------------------------+----------------------------------------------+------------+------------+---------+------+------+--------+--------+------+------------+
|                  Instance                 |                    Module                    | Total LUTs | Logic LUTs | LUTRAMs | SRLs |  FFs | RAMB36 | RAMB18 | URAM | DSP Blocks |
+-------------------------------------------+----------------------------------------------+------------+------------+---------+------+------+--------+--------+------+------------+
| synth_wrap_upsizer                        |                                        (top) |      21040 |      21040 |       0 |    0 | 4771 |      0 |      0 |    0 |          0 |
|   (synth_wrap_upsizer)                    |                                        (top) |        292 |        292 |       0 |    0 |  374 |      0 |      0 |    0 |          0 |
|   i_dut                                   |                               axi_dw_upsizer |      20748 |      20748 |       0 |    0 | 4397 |      0 |      0 |    0 |          0 |
|     (i_dut)                               |                               axi_dw_upsizer |       9444 |       9444 |       0 |    0 | 2376 |      0 |      0 |    0 |          0 |
|     i_axi_demux                           |                                    axi_demux |       8659 |       8659 |       0 |    0 | 1208 |      0 |      0 |    0 |          0 |
|       i_ar_sel_spill_reg                  |               spill_register__parameterized0 |         71 |         71 |       0 |    0 |    4 |      0 |      0 |    0 |          0 |
|         spill_register_flushable_i        | spill_register_flushable__parameterized0_131 |         71 |         71 |       0 |    0 |    4 |      0 |      0 |    0 |          0 |
|       i_ar_spill_reg                      |               spill_register__parameterized2 |         95 |         95 |       0 |    0 |  138 |      0 |      0 |    0 |          0 |
|         spill_register_flushable_i        |     spill_register_flushable__parameterized2 |         95 |         95 |       0 |    0 |  138 |      0 |      0 |    0 |          0 |
|       i_aw_select_spill_reg               |             spill_register__parameterized0_0 |         73 |         73 |       0 |    0 |    4 |      0 |      0 |    0 |          0 |
|         spill_register_flushable_i        |     spill_register_flushable__parameterized0 |         73 |         73 |       0 |    0 |    4 |      0 |      0 |    0 |          0 |
|       i_aw_spill_reg                      |                               spill_register |        337 |        337 |       0 |    0 |  150 |      0 |      0 |    0 |          0 |
|         spill_register_flushable_i        |                     spill_register_flushable |        337 |        337 |       0 |    0 |  150 |      0 |      0 |    0 |          0 |
|       i_demux_simple                      |                             axi_demux_simple |       8083 |       8083 |       0 |    0 |  912 |      0 |      0 |    0 |          0 |
|         (i_demux_simple)                  |                             axi_demux_simple |          3 |          3 |       0 |    0 |    3 |      0 |      0 |    0 |          0 |
|         gen_ar_id_counter.i_ar_id_counter |                        axi_demux_id_counters |        443 |        443 |       0 |    0 |  448 |      0 |      0 |    0 |          0 |
|         gen_aw_id_counter.i_aw_id_counter |                      axi_demux_id_counters_1 |        447 |        447 |       0 |    0 |  448 |      0 |      0 |    0 |          0 |
|         i_b_mux                           |                  rr_arb_tree__parameterized2 |        150 |        150 |       0 |    0 |    4 |      0 |      0 |    0 |          0 |
|         i_counter_open_w                  |                      counter__parameterized0 |       3080 |       3080 |       0 |    0 |    5 |      0 |      0 |    0 |          0 |
|         i_r_mux                           |                rr_arb_tree__parameterized2_2 |       3960 |       3960 |       0 |    0 |    4 |      0 |      0 |    0 |          0 |
|     i_axi_err_slv                         |                                  axi_err_slv |         82 |         82 |       0 |    0 |   80 |      0 |      0 |    0 |          0 |
|       (i_axi_err_slv)                     |                                  axi_err_slv |          0 |          0 |       0 |    0 |    1 |      0 |      0 |    0 |          0 |
|       i_atop_filter                       |                              axi_atop_filter |         48 |         48 |       0 |    0 |   31 |      0 |      0 |    0 |          0 |
|         (i_atop_filter)                   |                              axi_atop_filter |         28 |         28 |       0 |    0 |   22 |      0 |      0 |    0 |          0 |
|         r_resp_cmd                        |                              stream_register |         20 |         20 |       0 |    0 |    9 |      0 |      0 |    0 |          0 |
|       i_b_fifo                            |                      fifo_v3__parameterized0 |         13 |         13 |       0 |    0 |   16 |      0 |      0 |    0 |          0 |
|       i_r_counter                         |                                      counter |          8 |          8 |       0 |    0 |    8 |      0 |      0 |    0 |          0 |
|         i_counter                         |                                delta_counter |          8 |          8 |       0 |    0 |    8 |      0 |      0 |    0 |          0 |
|       i_r_fifo                            |                      fifo_v3__parameterized1 |          8 |          8 |       0 |    0 |   16 |      0 |      0 |    0 |          0 |
|       i_w_fifo                            |                                      fifo_v3 |          5 |          5 |       0 |    0 |    8 |      0 |      0 |    0 |          0 |
|     i_idle_lzc                            |                                          lzc |         13 |         13 |       0 |    0 |    0 |      0 |      0 |    0 |          0 |
|     i_mst_ar_arb                          |                  rr_arb_tree__parameterized1 |        836 |        836 |       0 |    0 |   30 |      0 |      0 |    0 |          0 |
|     i_read_id_queue                       |                                     id_queue |       1459 |       1459 |       0 |    0 |  672 |      0 |      0 |    0 |          0 |
|     i_slv_ar_arb                          |                  rr_arb_tree__parameterized0 |          0 |          0 |       0 |    0 |    1 |      0 |      0 |    0 |          0 |
|     i_slv_r_arb                           |                                  rr_arb_tree |        255 |        255 |       0 |    0 |   30 |      0 |      0 |    0 |          0 |
+-------------------------------------------+----------------------------------------------+------------+------------+---------+------+------+--------+--------+------+------------+


