Copyright 1986-2021 Xilinx, Inc. All Rights Reserved.
--------------------------------------------------------------------------------------------------------------------------------------------------------------------------------
| Tool Version      : Vivado v.2021.1_AR76780 (lin64) Build 3247384 Thu Jun 10 19:36:07 MDT 2021
| Date              : Wed Sep  9 14:47:46 2026
| Host              : coroni running 64-bit Ubuntu 18.04.6 LTS
| Command           : report_timing -max_paths 5 -nworst 5 -delay_type max -file /home/smitropoulos/cheshire_soc/axi_upsizer_work/synth_out/64to128_mr24/stock/timing_paths.rpt
| Design            : synth_wrap_upsizer
| Device            : xczu9eg-ffvb1156
| Speed File        : -2  PRODUCTION 1.29 08-03-2020
| Temperature Grade : E
--------------------------------------------------------------------------------------------------------------------------------------------------------------------------------

Timing Report

Slack (MET) :             13.710ns  (required time - arrival time)
  Source:                 in_q_reg[178]/C
                            (rising edge-triggered cell FDCE clocked by clk_i  {rise@0.000ns fall@10.000ns period=20.000ns})
  Destination:            i_dut/gen_read_upsizer[11].r_req_q_reg[ar][len][7]/D
                            (rising edge-triggered cell FDCE clocked by clk_i  {rise@0.000ns fall@10.000ns period=20.000ns})
  Path Group:             clk_i
  Path Type:              Setup (Max at Slow Process Corner)
  Requirement:            20.000ns  (clk_i rise@20.000ns - clk_i rise@0.000ns)
  Data Path Delay:        6.280ns  (logic 1.625ns (25.876%)  route 4.655ns (74.124%))
  Logic Levels:           26  (CARRY8=8 LUT3=3 LUT4=3 LUT5=4 LUT6=8)
  Clock Uncertainty:      0.035ns  ((TSJ^2 + TIJ^2)^1/2 + DJ) / 2 + PE
    Total System Jitter     (TSJ):    0.071ns
    Total Input Jitter      (TIJ):    0.000ns
    Discrete Jitter          (DJ):    0.000ns
    Phase Error              (PE):    0.000ns

    Location             Delay type                Incr(ns)  Path(ns)    Netlist Resource(s)
  -------------------------------------------------------------------    -------------------
                         (clock clk_i rise edge)      0.000     0.000 r  
                                                      0.000     0.000 r  clk_i (IN)
                         net (fo=4109, unset)         0.000     0.000    clk_i
                         FDCE                                         r  in_q_reg[178]/C
  -------------------------------------------------------------------    -------------------
                         FDCE (Prop_FDCE_C_Q)         0.079     0.079 r  in_q_reg[178]/Q
                         net (fo=57, unplaced)        0.252     0.331    slv_req[ar][len][2]
                         LUT3 (Prop_LUT3_I2_O)        0.069     0.400 r  gen_read_upsizer[0].r_req_q[ar][len][6]_i_87/O
                         net (fo=26, unplaced)        0.280     0.680    gen_read_upsizer[0].r_req_q[ar][len][6]_i_87_n_0
                         LUT5 (Prop_LUT5_I3_O)        0.035     0.715 f  gen_read_upsizer[0].r_req_q[ar][len][6]_i_66/O
                         net (fo=9, unplaced)         0.256     0.971    gen_read_upsizer[0].r_req_q[ar][len][6]_i_66_n_0
                         LUT6 (Prop_LUT6_I5_O)        0.036     1.007 r  gen_read_upsizer[0].r_req_q[ar][len][4]_i_66/O
                         net (fo=1, unplaced)         0.017     1.024    gen_read_upsizer[0].r_req_q[ar][len][4]_i_66_n_0
                         CARRY8 (Prop_CARRY8_S[7]_CO[7])
                                                      0.122     1.146 r  gen_read_upsizer[0].r_req_q_reg[ar][len][4]_i_52/CO[7]
                         net (fo=1, unplaced)         0.005     1.151    gen_read_upsizer[0].r_req_q_reg[ar][len][4]_i_52_n_0
                         CARRY8 (Prop_CARRY8_CI_O[0])
                                                      0.056     1.207 r  gen_read_upsizer[0].r_req_q_reg[ar][len][6]_i_68/O[0]
                         net (fo=3, unplaced)         0.231     1.438    gen_read_upsizer[0].r_req_q_reg[ar][len][6]_i_68_n_15
                         LUT5 (Prop_LUT5_I4_O)        0.035     1.473 r  gen_read_upsizer[0].r_req_q[ar][len][6]_i_85/O
                         net (fo=2, unplaced)         0.225     1.698    gen_read_upsizer[0].r_req_q[ar][len][6]_i_85_n_0
                         LUT6 (Prop_LUT6_I3_O)        0.035     1.733 r  gen_read_upsizer[0].r_req_q[ar][len][6]_i_45/O
                         net (fo=2, unplaced)         0.225     1.958    gen_read_upsizer[0].r_req_q[ar][len][6]_i_45_n_0
                         LUT5 (Prop_LUT5_I0_O)        0.035     1.993 r  gen_read_upsizer[0].r_req_q[ar][len][6]_i_50/O
                         net (fo=1, unplaced)         0.018     2.011    gen_read_upsizer[0].r_req_q[ar][len][6]_i_50_n_0
                         CARRY8 (Prop_CARRY8_S[5]_CO[7])
                                                      0.162     2.173 r  gen_read_upsizer[0].r_req_q_reg[ar][len][6]_i_23/CO[7]
                         net (fo=1, unplaced)         0.005     2.178    gen_read_upsizer[0].r_req_q_reg[ar][len][6]_i_23_n_0
                         CARRY8 (Prop_CARRY8_CI_O[2])
                                                      0.067     2.245 r  gen_read_upsizer[0].r_req_q_reg[ar][len][6]_i_22/O[2]
                         net (fo=2, unplaced)         0.225     2.470    gen_read_upsizer[0].r_req_q_reg[ar][len][6]_i_22_n_13
                         LUT3 (Prop_LUT3_I2_O)        0.035     2.505 r  gen_read_upsizer[0].r_req_q[ar][len][0]_i_191/O
                         net (fo=1, unplaced)         0.014     2.519    gen_read_upsizer[0].r_req_q[ar][len][0]_i_191_n_0
                         CARRY8 (Prop_CARRY8_S[4]_CO[7])
                                                      0.160     2.679 r  gen_read_upsizer[0].r_req_q_reg[ar][len][0]_i_157/CO[7]
                         net (fo=1, unplaced)         0.005     2.684    gen_read_upsizer[0].r_req_q_reg[ar][len][0]_i_157_n_0
                         CARRY8 (Prop_CARRY8_CI_O[0])
                                                      0.056     2.740 f  gen_read_upsizer[0].r_req_q_reg[ar][len][0]_i_155/O[0]
                         net (fo=2, unplaced)         0.225     2.965    gen_read_upsizer[0].r_req_q_reg[ar][len][0]_i_155_n_15
                         LUT4 (Prop_LUT4_I0_O)        0.069     3.034 r  gen_read_upsizer[0].r_req_q[ar][len][0]_i_99/O
                         net (fo=1, unplaced)         0.272     3.306    gen_read_upsizer[0].r_req_q[ar][len][0]_i_99_n_0
                         CARRY8 (Prop_CARRY8_DI[0]_CO[7])
                                                      0.138     3.444 r  gen_read_upsizer[0].r_req_q_reg[ar][len][0]_i_56/CO[7]
                         net (fo=1, unplaced)         0.005     3.449    gen_read_upsizer[0].r_req_q_reg[ar][len][0]_i_56_n_0
                         CARRY8 (Prop_CARRY8_CI_CO[0])
                                                      0.052     3.501 r  gen_read_upsizer[0].r_req_q_reg[ar][len][0]_i_29/CO[0]
                         net (fo=3, unplaced)         0.231     3.732    i_dut/gen_read_upsizer[0].r_req_q[ar][len][6]_i_5_0[0]
                         LUT3 (Prop_LUT3_I0_O)        0.035     3.767 r  i_dut/gen_read_upsizer[0].r_req_q[ar][len][6]_i_7/O
                         net (fo=12, unplaced)        0.263     4.030    i_dut/gen_read_upsizer[0].r_req_q[ar][len][6]_i_7_n_0
                         LUT5 (Prop_LUT5_I3_O)        0.035     4.065 r  i_dut/gen_read_upsizer[0].r_req_q[ar][len][1]_i_7/O
                         net (fo=2, unplaced)         0.225     4.290    i_dut/gen_read_upsizer[0].r_req_q[ar][len][1]_i_7_n_0
                         LUT6 (Prop_LUT6_I0_O)        0.035     4.325 r  i_dut/gen_read_upsizer[0].r_req_q[ar][len][2]_i_6/O
                         net (fo=2, unplaced)         0.225     4.550    i_dut/gen_read_upsizer[0].r_req_q[ar][len][2]_i_6_n_0
                         LUT6 (Prop_LUT6_I0_O)        0.035     4.585 r  i_dut/gen_read_upsizer[0].r_req_q[ar][len][3]_i_6/O
                         net (fo=2, unplaced)         0.225     4.810    i_dut/gen_read_upsizer[0].r_req_q[ar][len][3]_i_6_n_0
                         LUT6 (Prop_LUT6_I0_O)        0.035     4.845 r  i_dut/gen_read_upsizer[0].r_req_q[ar][len][4]_i_6/O
                         net (fo=2, unplaced)         0.225     5.070    i_dut/gen_read_upsizer[0].r_req_q[ar][len][4]_i_6_n_0
                         LUT6 (Prop_LUT6_I0_O)        0.035     5.105 r  i_dut/gen_read_upsizer[0].r_req_q[ar][len][5]_i_6/O
                         net (fo=2, unplaced)         0.225     5.330    i_dut/gen_read_upsizer[0].r_req_q[ar][len][5]_i_6_n_0
                         LUT6 (Prop_LUT6_I0_O)        0.035     5.365 r  i_dut/gen_read_upsizer[0].r_req_q[ar][len][6]_i_4/O
                         net (fo=2, unplaced)         0.225     5.590    i_dut/gen_read_upsizer[0].r_req_q[ar][len][6]_i_4_n_0
                         LUT6 (Prop_LUT6_I5_O)        0.035     5.625 f  i_dut/gen_read_upsizer[0].r_req_q[ar][len][7]_i_8/O
                         net (fo=1, unplaced)         0.225     5.850    i_dut/i_axi_demux/i_demux_simple/gen_aw_id_counter.i_aw_id_counter/gen_counters[37].i_in_flight_cnt/gen_read_upsizer[6].r_req_q_reg[ar][len][7]_0
                         LUT4 (Prop_LUT4_I2_O)        0.035     5.885 f  i_dut/i_axi_demux/i_demux_simple/gen_aw_id_counter.i_aw_id_counter/gen_counters[37].i_in_flight_cnt/gen_read_upsizer[0].r_req_q[ar][len][7]_i_3/O
                         net (fo=24, unplaced)        0.278     6.163    i_dut/i_axi_demux/i_demux_simple/gen_aw_id_counter.i_aw_id_counter/gen_counters[37].i_in_flight_cnt/gen_read_upsizer[0].r_req_q[ar][len][7]_i_3_n_0
                         LUT4 (Prop_LUT4_I3_O)        0.069     6.232 r  i_dut/i_axi_demux/i_demux_simple/gen_aw_id_counter.i_aw_id_counter/gen_counters[37].i_in_flight_cnt/gen_read_upsizer[11].r_req_q[ar][len][7]_i_1/O
                         net (fo=1, unplaced)         0.048     6.280    i_dut/gen_read_upsizer[11].r_req_d[ar][len][7]
                         FDCE                                         r  i_dut/gen_read_upsizer[11].r_req_q_reg[ar][len][7]/D
  -------------------------------------------------------------------    -------------------

                         (clock clk_i rise edge)     20.000    20.000 r  
                                                      0.000    20.000 r  clk_i (IN)
                         net (fo=4109, unset)         0.000    20.000    i_dut/clk_i
                         FDCE                                         r  i_dut/gen_read_upsizer[11].r_req_q_reg[ar][len][7]/C
                         clock pessimism              0.000    20.000    
                         clock uncertainty           -0.035    19.965    
                         FDCE (Setup_FDCE_C_D)        0.025    19.990    i_dut/gen_read_upsizer[11].r_req_q_reg[ar][len][7]
  -------------------------------------------------------------------
                         required time                         19.990    
                         arrival time                          -6.280    
  -------------------------------------------------------------------
                         slack                                 13.710    

Slack (MET) :             13.710ns  (required time - arrival time)
  Source:                 in_q_reg[178]/C
                            (rising edge-triggered cell FDCE clocked by clk_i  {rise@0.000ns fall@10.000ns period=20.000ns})
  Destination:            i_dut/gen_read_upsizer[11].r_req_q_reg[ar][len][7]/D
                            (rising edge-triggered cell FDCE clocked by clk_i  {rise@0.000ns fall@10.000ns period=20.000ns})
  Path Group:             clk_i
  Path Type:              Setup (Max at Slow Process Corner)
  Requirement:            20.000ns  (clk_i rise@20.000ns - clk_i rise@0.000ns)
  Data Path Delay:        6.280ns  (logic 1.625ns (25.876%)  route 4.655ns (74.124%))
  Logic Levels:           26  (CARRY8=8 LUT3=3 LUT4=3 LUT5=4 LUT6=8)
  Clock Uncertainty:      0.035ns  ((TSJ^2 + TIJ^2)^1/2 + DJ) / 2 + PE
    Total System Jitter     (TSJ):    0.071ns
    Total Input Jitter      (TIJ):    0.000ns
    Discrete Jitter          (DJ):    0.000ns
    Phase Error              (PE):    0.000ns

    Location             Delay type                Incr(ns)  Path(ns)    Netlist Resource(s)
  -------------------------------------------------------------------    -------------------
                         (clock clk_i rise edge)      0.000     0.000 r  
                                                      0.000     0.000 r  clk_i (IN)
                         net (fo=4109, unset)         0.000     0.000    clk_i
                         FDCE                                         r  in_q_reg[178]/C
  -------------------------------------------------------------------    -------------------
                         FDCE (Prop_FDCE_C_Q)         0.079     0.079 r  in_q_reg[178]/Q
                         net (fo=57, unplaced)        0.252     0.331    slv_req[ar][len][2]
                         LUT3 (Prop_LUT3_I2_O)        0.069     0.400 r  gen_read_upsizer[0].r_req_q[ar][len][6]_i_87/O
                         net (fo=26, unplaced)        0.280     0.680    gen_read_upsizer[0].r_req_q[ar][len][6]_i_87_n_0
                         LUT5 (Prop_LUT5_I3_O)        0.035     0.715 f  gen_read_upsizer[0].r_req_q[ar][len][6]_i_66/O
                         net (fo=9, unplaced)         0.256     0.971    gen_read_upsizer[0].r_req_q[ar][len][6]_i_66_n_0
                         LUT6 (Prop_LUT6_I5_O)        0.036     1.007 r  gen_read_upsizer[0].r_req_q[ar][len][4]_i_66/O
                         net (fo=1, unplaced)         0.017     1.024    gen_read_upsizer[0].r_req_q[ar][len][4]_i_66_n_0
                         CARRY8 (Prop_CARRY8_S[7]_CO[7])
                                                      0.122     1.146 r  gen_read_upsizer[0].r_req_q_reg[ar][len][4]_i_52/CO[7]
                         net (fo=1, unplaced)         0.005     1.151    gen_read_upsizer[0].r_req_q_reg[ar][len][4]_i_52_n_0
                         CARRY8 (Prop_CARRY8_CI_O[0])
                                                      0.056     1.207 r  gen_read_upsizer[0].r_req_q_reg[ar][len][6]_i_68/O[0]
                         net (fo=3, unplaced)         0.231     1.438    gen_read_upsizer[0].r_req_q_reg[ar][len][6]_i_68_n_15
                         LUT5 (Prop_LUT5_I4_O)        0.035     1.473 f  gen_read_upsizer[0].r_req_q[ar][len][6]_i_85/O
                         net (fo=2, unplaced)         0.225     1.698    gen_read_upsizer[0].r_req_q[ar][len][6]_i_85_n_0
                         LUT6 (Prop_LUT6_I3_O)        0.035     1.733 r  gen_read_upsizer[0].r_req_q[ar][len][6]_i_45/O
                         net (fo=2, unplaced)         0.225     1.958    gen_read_upsizer[0].r_req_q[ar][len][6]_i_45_n_0
                         LUT5 (Prop_LUT5_I0_O)        0.035     1.993 r  gen_read_upsizer[0].r_req_q[ar][len][6]_i_50/O
                         net (fo=1, unplaced)         0.018     2.011    gen_read_upsizer[0].r_req_q[ar][len][6]_i_50_n_0
                         CARRY8 (Prop_CARRY8_S[5]_CO[7])
                                                      0.162     2.173 r  gen_read_upsizer[0].r_req_q_reg[ar][len][6]_i_23/CO[7]
                         net (fo=1, unplaced)         0.005     2.178    gen_read_upsizer[0].r_req_q_reg[ar][len][6]_i_23_n_0
                         CARRY8 (Prop_CARRY8_CI_O[2])
                                                      0.067     2.245 r  gen_read_upsizer[0].r_req_q_reg[ar][len][6]_i_22/O[2]
                         net (fo=2, unplaced)         0.225     2.470    gen_read_upsizer[0].r_req_q_reg[ar][len][6]_i_22_n_13
                         LUT3 (Prop_LUT3_I2_O)        0.035     2.505 r  gen_read_upsizer[0].r_req_q[ar][len][0]_i_191/O
                         net (fo=1, unplaced)         0.014     2.519    gen_read_upsizer[0].r_req_q[ar][len][0]_i_191_n_0
                         CARRY8 (Prop_CARRY8_S[4]_CO[7])
                                                      0.160     2.679 r  gen_read_upsizer[0].r_req_q_reg[ar][len][0]_i_157/CO[7]
                         net (fo=1, unplaced)         0.005     2.684    gen_read_upsizer[0].r_req_q_reg[ar][len][0]_i_157_n_0
                         CARRY8 (Prop_CARRY8_CI_O[0])
                                                      0.056     2.740 f  gen_read_upsizer[0].r_req_q_reg[ar][len][0]_i_155/O[0]
                         net (fo=2, unplaced)         0.225     2.965    gen_read_upsizer[0].r_req_q_reg[ar][len][0]_i_155_n_15
                         LUT4 (Prop_LUT4_I0_O)        0.069     3.034 r  gen_read_upsizer[0].r_req_q[ar][len][0]_i_99/O
                         net (fo=1, unplaced)         0.272     3.306    gen_read_upsizer[0].r_req_q[ar][len][0]_i_99_n_0
                         CARRY8 (Prop_CARRY8_DI[0]_CO[7])
                                                      0.138     3.444 r  gen_read_upsizer[0].r_req_q_reg[ar][len][0]_i_56/CO[7]
                         net (fo=1, unplaced)         0.005     3.449    gen_read_upsizer[0].r_req_q_reg[ar][len][0]_i_56_n_0
                         CARRY8 (Prop_CARRY8_CI_CO[0])
                                                      0.052     3.501 r  gen_read_upsizer[0].r_req_q_reg[ar][len][0]_i_29/CO[0]
                         net (fo=3, unplaced)         0.231     3.732    i_dut/gen_read_upsizer[0].r_req_q[ar][len][6]_i_5_0[0]
                         LUT3 (Prop_LUT3_I0_O)        0.035     3.767 r  i_dut/gen_read_upsizer[0].r_req_q[ar][len][6]_i_7/O
                         net (fo=12, unplaced)        0.263     4.030    i_dut/gen_read_upsizer[0].r_req_q[ar][len][6]_i_7_n_0
                         LUT5 (Prop_LUT5_I3_O)        0.035     4.065 r  i_dut/gen_read_upsizer[0].r_req_q[ar][len][1]_i_7/O
                         net (fo=2, unplaced)         0.225     4.290    i_dut/gen_read_upsizer[0].r_req_q[ar][len][1]_i_7_n_0
                         LUT6 (Prop_LUT6_I0_O)        0.035     4.325 r  i_dut/gen_read_upsizer[0].r_req_q[ar][len][2]_i_6/O
                         net (fo=2, unplaced)         0.225     4.550    i_dut/gen_read_upsizer[0].r_req_q[ar][len][2]_i_6_n_0
                         LUT6 (Prop_LUT6_I0_O)        0.035     4.585 r  i_dut/gen_read_upsizer[0].r_req_q[ar][len][3]_i_6/O
                         net (fo=2, unplaced)         0.225     4.810    i_dut/gen_read_upsizer[0].r_req_q[ar][len][3]_i_6_n_0
                         LUT6 (Prop_LUT6_I0_O)        0.035     4.845 r  i_dut/gen_read_upsizer[0].r_req_q[ar][len][4]_i_6/O
                         net (fo=2, unplaced)         0.225     5.070    i_dut/gen_read_upsizer[0].r_req_q[ar][len][4]_i_6_n_0
                         LUT6 (Prop_LUT6_I0_O)        0.035     5.105 r  i_dut/gen_read_upsizer[0].r_req_q[ar][len][5]_i_6/O
                         net (fo=2, unplaced)         0.225     5.330    i_dut/gen_read_upsizer[0].r_req_q[ar][len][5]_i_6_n_0
                         LUT6 (Prop_LUT6_I0_O)        0.035     5.365 r  i_dut/gen_read_upsizer[0].r_req_q[ar][len][6]_i_4/O
                         net (fo=2, unplaced)         0.225     5.590    i_dut/gen_read_upsizer[0].r_req_q[ar][len][6]_i_4_n_0
                         LUT6 (Prop_LUT6_I5_O)        0.035     5.625 f  i_dut/gen_read_upsizer[0].r_req_q[ar][len][7]_i_8/O
                         net (fo=1, unplaced)         0.225     5.850    i_dut/i_axi_demux/i_demux_simple/gen_aw_id_counter.i_aw_id_counter/gen_counters[37].i_in_flight_cnt/gen_read_upsizer[6].r_req_q_reg[ar][len][7]_0
                         LUT4 (Prop_LUT4_I2_O)        0.035     5.885 f  i_dut/i_axi_demux/i_demux_simple/gen_aw_id_counter.i_aw_id_counter/gen_counters[37].i_in_flight_cnt/gen_read_upsizer[0].r_req_q[ar][len][7]_i_3/O
                         net (fo=24, unplaced)        0.278     6.163    i_dut/i_axi_demux/i_demux_simple/gen_aw_id_counter.i_aw_id_counter/gen_counters[37].i_in_flight_cnt/gen_read_upsizer[0].r_req_q[ar][len][7]_i_3_n_0
                         LUT4 (Prop_LUT4_I3_O)        0.069     6.232 r  i_dut/i_axi_demux/i_demux_simple/gen_aw_id_counter.i_aw_id_counter/gen_counters[37].i_in_flight_cnt/gen_read_upsizer[11].r_req_q[ar][len][7]_i_1/O
                         net (fo=1, unplaced)         0.048     6.280    i_dut/gen_read_upsizer[11].r_req_d[ar][len][7]
                         FDCE                                         r  i_dut/gen_read_upsizer[11].r_req_q_reg[ar][len][7]/D
  -------------------------------------------------------------------    -------------------

                         (clock clk_i rise edge)     20.000    20.000 r  
                                                      0.000    20.000 r  clk_i (IN)
                         net (fo=4109, unset)         0.000    20.000    i_dut/clk_i
                         FDCE                                         r  i_dut/gen_read_upsizer[11].r_req_q_reg[ar][len][7]/C
                         clock pessimism              0.000    20.000    
                         clock uncertainty           -0.035    19.965    
                         FDCE (Setup_FDCE_C_D)        0.025    19.990    i_dut/gen_read_upsizer[11].r_req_q_reg[ar][len][7]
  -------------------------------------------------------------------
                         required time                         19.990    
                         arrival time                          -6.280    
  -------------------------------------------------------------------
                         slack                                 13.710    

Slack (MET) :             13.710ns  (required time - arrival time)
  Source:                 in_q_reg[178]/C
                            (rising edge-triggered cell FDCE clocked by clk_i  {rise@0.000ns fall@10.000ns period=20.000ns})
  Destination:            i_dut/gen_read_upsizer[11].r_req_q_reg[ar][len][7]/D
                            (rising edge-triggered cell FDCE clocked by clk_i  {rise@0.000ns fall@10.000ns period=20.000ns})
  Path Group:             clk_i
  Path Type:              Setup (Max at Slow Process Corner)
  Requirement:            20.000ns  (clk_i rise@20.000ns - clk_i rise@0.000ns)
  Data Path Delay:        6.280ns  (logic 1.625ns (25.876%)  route 4.655ns (74.124%))
  Logic Levels:           26  (CARRY8=8 LUT3=3 LUT4=3 LUT5=4 LUT6=8)
  Clock Uncertainty:      0.035ns  ((TSJ^2 + TIJ^2)^1/2 + DJ) / 2 + PE
    Total System Jitter     (TSJ):    0.071ns
    Total Input Jitter      (TIJ):    0.000ns
    Discrete Jitter          (DJ):    0.000ns
    Phase Error              (PE):    0.000ns

    Location             Delay type                Incr(ns)  Path(ns)    Netlist Resource(s)
  -------------------------------------------------------------------    -------------------
                         (clock clk_i rise edge)      0.000     0.000 r  
                                                      0.000     0.000 r  clk_i (IN)
                         net (fo=4109, unset)         0.000     0.000    clk_i
                         FDCE                                         r  in_q_reg[178]/C
  -------------------------------------------------------------------    -------------------
                         FDCE (Prop_FDCE_C_Q)         0.079     0.079 r  in_q_reg[178]/Q
                         net (fo=57, unplaced)        0.252     0.331    slv_req[ar][len][2]
                         LUT3 (Prop_LUT3_I2_O)        0.069     0.400 r  gen_read_upsizer[0].r_req_q[ar][len][6]_i_87/O
                         net (fo=26, unplaced)        0.280     0.680    gen_read_upsizer[0].r_req_q[ar][len][6]_i_87_n_0
                         LUT5 (Prop_LUT5_I3_O)        0.035     0.715 f  gen_read_upsizer[0].r_req_q[ar][len][6]_i_66/O
                         net (fo=9, unplaced)         0.256     0.971    gen_read_upsizer[0].r_req_q[ar][len][6]_i_66_n_0
                         LUT6 (Prop_LUT6_I5_O)        0.036     1.007 r  gen_read_upsizer[0].r_req_q[ar][len][4]_i_66/O
                         net (fo=1, unplaced)         0.017     1.024    gen_read_upsizer[0].r_req_q[ar][len][4]_i_66_n_0
                         CARRY8 (Prop_CARRY8_S[7]_CO[7])
                                                      0.122     1.146 r  gen_read_upsizer[0].r_req_q_reg[ar][len][4]_i_52/CO[7]
                         net (fo=1, unplaced)         0.005     1.151    gen_read_upsizer[0].r_req_q_reg[ar][len][4]_i_52_n_0
                         CARRY8 (Prop_CARRY8_CI_O[0])
                                                      0.056     1.207 r  gen_read_upsizer[0].r_req_q_reg[ar][len][6]_i_68/O[0]
                         net (fo=3, unplaced)         0.231     1.438    gen_read_upsizer[0].r_req_q_reg[ar][len][6]_i_68_n_15
                         LUT5 (Prop_LUT5_I4_O)        0.035     1.473 r  gen_read_upsizer[0].r_req_q[ar][len][6]_i_85/O
                         net (fo=2, unplaced)         0.225     1.698    gen_read_upsizer[0].r_req_q[ar][len][6]_i_85_n_0
                         LUT6 (Prop_LUT6_I3_O)        0.035     1.733 f  gen_read_upsizer[0].r_req_q[ar][len][6]_i_45/O
                         net (fo=2, unplaced)         0.225     1.958    gen_read_upsizer[0].r_req_q[ar][len][6]_i_45_n_0
                         LUT5 (Prop_LUT5_I0_O)        0.035     1.993 r  gen_read_upsizer[0].r_req_q[ar][len][6]_i_50/O
                         net (fo=1, unplaced)         0.018     2.011    gen_read_upsizer[0].r_req_q[ar][len][6]_i_50_n_0
                         CARRY8 (Prop_CARRY8_S[5]_CO[7])
                                                      0.162     2.173 r  gen_read_upsizer[0].r_req_q_reg[ar][len][6]_i_23/CO[7]
                         net (fo=1, unplaced)         0.005     2.178    gen_read_upsizer[0].r_req_q_reg[ar][len][6]_i_23_n_0
                         CARRY8 (Prop_CARRY8_CI_O[2])
                                                      0.067     2.245 r  gen_read_upsizer[0].r_req_q_reg[ar][len][6]_i_22/O[2]
                         net (fo=2, unplaced)         0.225     2.470    gen_read_upsizer[0].r_req_q_reg[ar][len][6]_i_22_n_13
                         LUT3 (Prop_LUT3_I2_O)        0.035     2.505 r  gen_read_upsizer[0].r_req_q[ar][len][0]_i_191/O
                         net (fo=1, unplaced)         0.014     2.519    gen_read_upsizer[0].r_req_q[ar][len][0]_i_191_n_0
                         CARRY8 (Prop_CARRY8_S[4]_CO[7])
                                                      0.160     2.679 r  gen_read_upsizer[0].r_req_q_reg[ar][len][0]_i_157/CO[7]
                         net (fo=1, unplaced)         0.005     2.684    gen_read_upsizer[0].r_req_q_reg[ar][len][0]_i_157_n_0
                         CARRY8 (Prop_CARRY8_CI_O[0])
                                                      0.056     2.740 f  gen_read_upsizer[0].r_req_q_reg[ar][len][0]_i_155/O[0]
                         net (fo=2, unplaced)         0.225     2.965    gen_read_upsizer[0].r_req_q_reg[ar][len][0]_i_155_n_15
                         LUT4 (Prop_LUT4_I0_O)        0.069     3.034 r  gen_read_upsizer[0].r_req_q[ar][len][0]_i_99/O
                         net (fo=1, unplaced)         0.272     3.306    gen_read_upsizer[0].r_req_q[ar][len][0]_i_99_n_0
                         CARRY8 (Prop_CARRY8_DI[0]_CO[7])
                                                      0.138     3.444 r  gen_read_upsizer[0].r_req_q_reg[ar][len][0]_i_56/CO[7]
                         net (fo=1, unplaced)         0.005     3.449    gen_read_upsizer[0].r_req_q_reg[ar][len][0]_i_56_n_0
                         CARRY8 (Prop_CARRY8_CI_CO[0])
                                                      0.052     3.501 r  gen_read_upsizer[0].r_req_q_reg[ar][len][0]_i_29/CO[0]
                         net (fo=3, unplaced)         0.231     3.732    i_dut/gen_read_upsizer[0].r_req_q[ar][len][6]_i_5_0[0]
                         LUT3 (Prop_LUT3_I0_O)        0.035     3.767 r  i_dut/gen_read_upsizer[0].r_req_q[ar][len][6]_i_7/O
                         net (fo=12, unplaced)        0.263     4.030    i_dut/gen_read_upsizer[0].r_req_q[ar][len][6]_i_7_n_0
                         LUT5 (Prop_LUT5_I3_O)        0.035     4.065 r  i_dut/gen_read_upsizer[0].r_req_q[ar][len][1]_i_7/O
                         net (fo=2, unplaced)         0.225     4.290    i_dut/gen_read_upsizer[0].r_req_q[ar][len][1]_i_7_n_0
                         LUT6 (Prop_LUT6_I0_O)        0.035     4.325 r  i_dut/gen_read_upsizer[0].r_req_q[ar][len][2]_i_6/O
                         net (fo=2, unplaced)         0.225     4.550    i_dut/gen_read_upsizer[0].r_req_q[ar][len][2]_i_6_n_0
                         LUT6 (Prop_LUT6_I0_O)        0.035     4.585 r  i_dut/gen_read_upsizer[0].r_req_q[ar][len][3]_i_6/O
                         net (fo=2, unplaced)         0.225     4.810    i_dut/gen_read_upsizer[0].r_req_q[ar][len][3]_i_6_n_0
                         LUT6 (Prop_LUT6_I0_O)        0.035     4.845 r  i_dut/gen_read_upsizer[0].r_req_q[ar][len][4]_i_6/O
                         net (fo=2, unplaced)         0.225     5.070    i_dut/gen_read_upsizer[0].r_req_q[ar][len][4]_i_6_n_0
                         LUT6 (Prop_LUT6_I0_O)        0.035     5.105 r  i_dut/gen_read_upsizer[0].r_req_q[ar][len][5]_i_6/O
                         net (fo=2, unplaced)         0.225     5.330    i_dut/gen_read_upsizer[0].r_req_q[ar][len][5]_i_6_n_0
                         LUT6 (Prop_LUT6_I0_O)        0.035     5.365 r  i_dut/gen_read_upsizer[0].r_req_q[ar][len][6]_i_4/O
                         net (fo=2, unplaced)         0.225     5.590    i_dut/gen_read_upsizer[0].r_req_q[ar][len][6]_i_4_n_0
                         LUT6 (Prop_LUT6_I5_O)        0.035     5.625 f  i_dut/gen_read_upsizer[0].r_req_q[ar][len][7]_i_8/O
                         net (fo=1, unplaced)         0.225     5.850    i_dut/i_axi_demux/i_demux_simple/gen_aw_id_counter.i_aw_id_counter/gen_counters[37].i_in_flight_cnt/gen_read_upsizer[6].r_req_q_reg[ar][len][7]_0
                         LUT4 (Prop_LUT4_I2_O)        0.035     5.885 f  i_dut/i_axi_demux/i_demux_simple/gen_aw_id_counter.i_aw_id_counter/gen_counters[37].i_in_flight_cnt/gen_read_upsizer[0].r_req_q[ar][len][7]_i_3/O
                         net (fo=24, unplaced)        0.278     6.163    i_dut/i_axi_demux/i_demux_simple/gen_aw_id_counter.i_aw_id_counter/gen_counters[37].i_in_flight_cnt/gen_read_upsizer[0].r_req_q[ar][len][7]_i_3_n_0
                         LUT4 (Prop_LUT4_I3_O)        0.069     6.232 r  i_dut/i_axi_demux/i_demux_simple/gen_aw_id_counter.i_aw_id_counter/gen_counters[37].i_in_flight_cnt/gen_read_upsizer[11].r_req_q[ar][len][7]_i_1/O
                         net (fo=1, unplaced)         0.048     6.280    i_dut/gen_read_upsizer[11].r_req_d[ar][len][7]
                         FDCE                                         r  i_dut/gen_read_upsizer[11].r_req_q_reg[ar][len][7]/D
  -------------------------------------------------------------------    -------------------

                         (clock clk_i rise edge)     20.000    20.000 r  
                                                      0.000    20.000 r  clk_i (IN)
                         net (fo=4109, unset)         0.000    20.000    i_dut/clk_i
                         FDCE                                         r  i_dut/gen_read_upsizer[11].r_req_q_reg[ar][len][7]/C
                         clock pessimism              0.000    20.000    
                         clock uncertainty           -0.035    19.965    
                         FDCE (Setup_FDCE_C_D)        0.025    19.990    i_dut/gen_read_upsizer[11].r_req_q_reg[ar][len][7]
  -------------------------------------------------------------------
                         required time                         19.990    
                         arrival time                          -6.280    
  -------------------------------------------------------------------
                         slack                                 13.710    

Slack (MET) :             13.710ns  (required time - arrival time)
  Source:                 in_q_reg[178]/C
                            (rising edge-triggered cell FDCE clocked by clk_i  {rise@0.000ns fall@10.000ns period=20.000ns})
  Destination:            i_dut/gen_read_upsizer[11].r_req_q_reg[ar][len][7]/D
                            (rising edge-triggered cell FDCE clocked by clk_i  {rise@0.000ns fall@10.000ns period=20.000ns})
  Path Group:             clk_i
  Path Type:              Setup (Max at Slow Process Corner)
  Requirement:            20.000ns  (clk_i rise@20.000ns - clk_i rise@0.000ns)
  Data Path Delay:        6.280ns  (logic 1.625ns (25.876%)  route 4.655ns (74.124%))
  Logic Levels:           26  (CARRY8=8 LUT3=3 LUT4=3 LUT5=4 LUT6=8)
  Clock Uncertainty:      0.035ns  ((TSJ^2 + TIJ^2)^1/2 + DJ) / 2 + PE
    Total System Jitter     (TSJ):    0.071ns
    Total Input Jitter      (TIJ):    0.000ns
    Discrete Jitter          (DJ):    0.000ns
    Phase Error              (PE):    0.000ns

    Location             Delay type                Incr(ns)  Path(ns)    Netlist Resource(s)
  -------------------------------------------------------------------    -------------------
                         (clock clk_i rise edge)      0.000     0.000 r  
                                                      0.000     0.000 r  clk_i (IN)
                         net (fo=4109, unset)         0.000     0.000    clk_i
                         FDCE                                         r  in_q_reg[178]/C
  -------------------------------------------------------------------    -------------------
                         FDCE (Prop_FDCE_C_Q)         0.079     0.079 r  in_q_reg[178]/Q
                         net (fo=57, unplaced)        0.252     0.331    slv_req[ar][len][2]
                         LUT3 (Prop_LUT3_I2_O)        0.069     0.400 r  gen_read_upsizer[0].r_req_q[ar][len][6]_i_87/O
                         net (fo=26, unplaced)        0.280     0.680    gen_read_upsizer[0].r_req_q[ar][len][6]_i_87_n_0
                         LUT5 (Prop_LUT5_I3_O)        0.035     0.715 f  gen_read_upsizer[0].r_req_q[ar][len][6]_i_66/O
                         net (fo=9, unplaced)         0.256     0.971    gen_read_upsizer[0].r_req_q[ar][len][6]_i_66_n_0
                         LUT6 (Prop_LUT6_I5_O)        0.036     1.007 r  gen_read_upsizer[0].r_req_q[ar][len][4]_i_66/O
                         net (fo=1, unplaced)         0.017     1.024    gen_read_upsizer[0].r_req_q[ar][len][4]_i_66_n_0
                         CARRY8 (Prop_CARRY8_S[7]_CO[7])
                                                      0.122     1.146 r  gen_read_upsizer[0].r_req_q_reg[ar][len][4]_i_52/CO[7]
                         net (fo=1, unplaced)         0.005     1.151    gen_read_upsizer[0].r_req_q_reg[ar][len][4]_i_52_n_0
                         CARRY8 (Prop_CARRY8_CI_O[0])
                                                      0.056     1.207 r  gen_read_upsizer[0].r_req_q_reg[ar][len][6]_i_68/O[0]
                         net (fo=3, unplaced)         0.231     1.438    gen_read_upsizer[0].r_req_q_reg[ar][len][6]_i_68_n_15
                         LUT5 (Prop_LUT5_I4_O)        0.035     1.473 r  gen_read_upsizer[0].r_req_q[ar][len][6]_i_85/O
                         net (fo=2, unplaced)         0.225     1.698    gen_read_upsizer[0].r_req_q[ar][len][6]_i_85_n_0
                         LUT6 (Prop_LUT6_I3_O)        0.035     1.733 r  gen_read_upsizer[0].r_req_q[ar][len][6]_i_45/O
                         net (fo=2, unplaced)         0.225     1.958    gen_read_upsizer[0].r_req_q[ar][len][6]_i_45_n_0
                         LUT5 (Prop_LUT5_I0_O)        0.035     1.993 r  gen_read_upsizer[0].r_req_q[ar][len][6]_i_50/O
                         net (fo=1, unplaced)         0.018     2.011    gen_read_upsizer[0].r_req_q[ar][len][6]_i_50_n_0
                         CARRY8 (Prop_CARRY8_S[5]_CO[7])
                                                      0.162     2.173 r  gen_read_upsizer[0].r_req_q_reg[ar][len][6]_i_23/CO[7]
                         net (fo=1, unplaced)         0.005     2.178    gen_read_upsizer[0].r_req_q_reg[ar][len][6]_i_23_n_0
                         CARRY8 (Prop_CARRY8_CI_O[2])
                                                      0.067     2.245 f  gen_read_upsizer[0].r_req_q_reg[ar][len][6]_i_22/O[2]
                         net (fo=2, unplaced)         0.225     2.470    gen_read_upsizer[0].r_req_q_reg[ar][len][6]_i_22_n_13
                         LUT3 (Prop_LUT3_I2_O)        0.035     2.505 r  gen_read_upsizer[0].r_req_q[ar][len][0]_i_191/O
                         net (fo=1, unplaced)         0.014     2.519    gen_read_upsizer[0].r_req_q[ar][len][0]_i_191_n_0
                         CARRY8 (Prop_CARRY8_S[4]_CO[7])
                                                      0.160     2.679 r  gen_read_upsizer[0].r_req_q_reg[ar][len][0]_i_157/CO[7]
                         net (fo=1, unplaced)         0.005     2.684    gen_read_upsizer[0].r_req_q_reg[ar][len][0]_i_157_n_0
                         CARRY8 (Prop_CARRY8_CI_O[0])
                                                      0.056     2.740 f  gen_read_upsizer[0].r_req_q_reg[ar][len][0]_i_155/O[0]
                         net (fo=2, unplaced)         0.225     2.965    gen_read_upsizer[0].r_req_q_reg[ar][len][0]_i_155_n_15
                         LUT4 (Prop_LUT4_I0_O)        0.069     3.034 r  gen_read_upsizer[0].r_req_q[ar][len][0]_i_99/O
                         net (fo=1, unplaced)         0.272     3.306    gen_read_upsizer[0].r_req_q[ar][len][0]_i_99_n_0
                         CARRY8 (Prop_CARRY8_DI[0]_CO[7])
                                                      0.138     3.444 r  gen_read_upsizer[0].r_req_q_reg[ar][len][0]_i_56/CO[7]
                         net (fo=1, unplaced)         0.005     3.449    gen_read_upsizer[0].r_req_q_reg[ar][len][0]_i_56_n_0
                         CARRY8 (Prop_CARRY8_CI_CO[0])
                                                      0.052     3.501 r  gen_read_upsizer[0].r_req_q_reg[ar][len][0]_i_29/CO[0]
                         net (fo=3, unplaced)         0.231     3.732    i_dut/gen_read_upsizer[0].r_req_q[ar][len][6]_i_5_0[0]
                         LUT3 (Prop_LUT3_I0_O)        0.035     3.767 r  i_dut/gen_read_upsizer[0].r_req_q[ar][len][6]_i_7/O
                         net (fo=12, unplaced)        0.263     4.030    i_dut/gen_read_upsizer[0].r_req_q[ar][len][6]_i_7_n_0
                         LUT5 (Prop_LUT5_I3_O)        0.035     4.065 r  i_dut/gen_read_upsizer[0].r_req_q[ar][len][1]_i_7/O
                         net (fo=2, unplaced)         0.225     4.290    i_dut/gen_read_upsizer[0].r_req_q[ar][len][1]_i_7_n_0
                         LUT6 (Prop_LUT6_I0_O)        0.035     4.325 r  i_dut/gen_read_upsizer[0].r_req_q[ar][len][2]_i_6/O
                         net (fo=2, unplaced)         0.225     4.550    i_dut/gen_read_upsizer[0].r_req_q[ar][len][2]_i_6_n_0
                         LUT6 (Prop_LUT6_I0_O)        0.035     4.585 r  i_dut/gen_read_upsizer[0].r_req_q[ar][len][3]_i_6/O
                         net (fo=2, unplaced)         0.225     4.810    i_dut/gen_read_upsizer[0].r_req_q[ar][len][3]_i_6_n_0
                         LUT6 (Prop_LUT6_I0_O)        0.035     4.845 r  i_dut/gen_read_upsizer[0].r_req_q[ar][len][4]_i_6/O
                         net (fo=2, unplaced)         0.225     5.070    i_dut/gen_read_upsizer[0].r_req_q[ar][len][4]_i_6_n_0
                         LUT6 (Prop_LUT6_I0_O)        0.035     5.105 r  i_dut/gen_read_upsizer[0].r_req_q[ar][len][5]_i_6/O
                         net (fo=2, unplaced)         0.225     5.330    i_dut/gen_read_upsizer[0].r_req_q[ar][len][5]_i_6_n_0
                         LUT6 (Prop_LUT6_I0_O)        0.035     5.365 r  i_dut/gen_read_upsizer[0].r_req_q[ar][len][6]_i_4/O
                         net (fo=2, unplaced)         0.225     5.590    i_dut/gen_read_upsizer[0].r_req_q[ar][len][6]_i_4_n_0
                         LUT6 (Prop_LUT6_I5_O)        0.035     5.625 f  i_dut/gen_read_upsizer[0].r_req_q[ar][len][7]_i_8/O
                         net (fo=1, unplaced)         0.225     5.850    i_dut/i_axi_demux/i_demux_simple/gen_aw_id_counter.i_aw_id_counter/gen_counters[37].i_in_flight_cnt/gen_read_upsizer[6].r_req_q_reg[ar][len][7]_0
                         LUT4 (Prop_LUT4_I2_O)        0.035     5.885 f  i_dut/i_axi_demux/i_demux_simple/gen_aw_id_counter.i_aw_id_counter/gen_counters[37].i_in_flight_cnt/gen_read_upsizer[0].r_req_q[ar][len][7]_i_3/O
                         net (fo=24, unplaced)        0.278     6.163    i_dut/i_axi_demux/i_demux_simple/gen_aw_id_counter.i_aw_id_counter/gen_counters[37].i_in_flight_cnt/gen_read_upsizer[0].r_req_q[ar][len][7]_i_3_n_0
                         LUT4 (Prop_LUT4_I3_O)        0.069     6.232 r  i_dut/i_axi_demux/i_demux_simple/gen_aw_id_counter.i_aw_id_counter/gen_counters[37].i_in_flight_cnt/gen_read_upsizer[11].r_req_q[ar][len][7]_i_1/O
                         net (fo=1, unplaced)         0.048     6.280    i_dut/gen_read_upsizer[11].r_req_d[ar][len][7]
                         FDCE                                         r  i_dut/gen_read_upsizer[11].r_req_q_reg[ar][len][7]/D
  -------------------------------------------------------------------    -------------------

                         (clock clk_i rise edge)     20.000    20.000 r  
                                                      0.000    20.000 r  clk_i (IN)
                         net (fo=4109, unset)         0.000    20.000    i_dut/clk_i
                         FDCE                                         r  i_dut/gen_read_upsizer[11].r_req_q_reg[ar][len][7]/C
                         clock pessimism              0.000    20.000    
                         clock uncertainty           -0.035    19.965    
                         FDCE (Setup_FDCE_C_D)        0.025    19.990    i_dut/gen_read_upsizer[11].r_req_q_reg[ar][len][7]
  -------------------------------------------------------------------
                         required time                         19.990    
                         arrival time                          -6.280    
  -------------------------------------------------------------------
                         slack                                 13.710    

Slack (MET) :             13.710ns  (required time - arrival time)
  Source:                 in_q_reg[178]/C
                            (rising edge-triggered cell FDCE clocked by clk_i  {rise@0.000ns fall@10.000ns period=20.000ns})
  Destination:            i_dut/gen_read_upsizer[11].r_req_q_reg[ar][len][7]/D
                            (rising edge-triggered cell FDCE clocked by clk_i  {rise@0.000ns fall@10.000ns period=20.000ns})
  Path Group:             clk_i
  Path Type:              Setup (Max at Slow Process Corner)
  Requirement:            20.000ns  (clk_i rise@20.000ns - clk_i rise@0.000ns)
  Data Path Delay:        6.280ns  (logic 1.625ns (25.876%)  route 4.655ns (74.124%))
  Logic Levels:           26  (CARRY8=8 LUT3=3 LUT4=3 LUT5=4 LUT6=8)
  Clock Uncertainty:      0.035ns  ((TSJ^2 + TIJ^2)^1/2 + DJ) / 2 + PE
    Total System Jitter     (TSJ):    0.071ns
    Total Input Jitter      (TIJ):    0.000ns
    Discrete Jitter          (DJ):    0.000ns
    Phase Error              (PE):    0.000ns

    Location             Delay type                Incr(ns)  Path(ns)    Netlist Resource(s)
  -------------------------------------------------------------------    -------------------
                         (clock clk_i rise edge)      0.000     0.000 r  
                                                      0.000     0.000 r  clk_i (IN)
                         net (fo=4109, unset)         0.000     0.000    clk_i
                         FDCE                                         r  in_q_reg[178]/C
  -------------------------------------------------------------------    -------------------
                         FDCE (Prop_FDCE_C_Q)         0.079     0.079 r  in_q_reg[178]/Q
                         net (fo=57, unplaced)        0.252     0.331    slv_req[ar][len][2]
                         LUT3 (Prop_LUT3_I2_O)        0.069     0.400 r  gen_read_upsizer[0].r_req_q[ar][len][6]_i_87/O
                         net (fo=26, unplaced)        0.280     0.680    gen_read_upsizer[0].r_req_q[ar][len][6]_i_87_n_0
                         LUT5 (Prop_LUT5_I3_O)        0.035     0.715 f  gen_read_upsizer[0].r_req_q[ar][len][6]_i_66/O
                         net (fo=9, unplaced)         0.256     0.971    gen_read_upsizer[0].r_req_q[ar][len][6]_i_66_n_0
                         LUT6 (Prop_LUT6_I5_O)        0.036     1.007 r  gen_read_upsizer[0].r_req_q[ar][len][4]_i_66/O
                         net (fo=1, unplaced)         0.017     1.024    gen_read_upsizer[0].r_req_q[ar][len][4]_i_66_n_0
                         CARRY8 (Prop_CARRY8_S[7]_CO[7])
                                                      0.122     1.146 r  gen_read_upsizer[0].r_req_q_reg[ar][len][4]_i_52/CO[7]
                         net (fo=1, unplaced)         0.005     1.151    gen_read_upsizer[0].r_req_q_reg[ar][len][4]_i_52_n_0
                         CARRY8 (Prop_CARRY8_CI_O[0])
                                                      0.056     1.207 r  gen_read_upsizer[0].r_req_q_reg[ar][len][6]_i_68/O[0]
                         net (fo=3, unplaced)         0.231     1.438    gen_read_upsizer[0].r_req_q_reg[ar][len][6]_i_68_n_15
                         LUT5 (Prop_LUT5_I4_O)        0.035     1.473 f  gen_read_upsizer[0].r_req_q[ar][len][6]_i_85/O
                         net (fo=2, unplaced)         0.225     1.698    gen_read_upsizer[0].r_req_q[ar][len][6]_i_85_n_0
                         LUT6 (Prop_LUT6_I3_O)        0.035     1.733 r  gen_read_upsizer[0].r_req_q[ar][len][6]_i_45/O
                         net (fo=2, unplaced)         0.225     1.958    gen_read_upsizer[0].r_req_q[ar][len][6]_i_45_n_0
                         LUT5 (Prop_LUT5_I0_O)        0.035     1.993 r  gen_read_upsizer[0].r_req_q[ar][len][6]_i_50/O
                         net (fo=1, unplaced)         0.018     2.011    gen_read_upsizer[0].r_req_q[ar][len][6]_i_50_n_0
                         CARRY8 (Prop_CARRY8_S[5]_CO[7])
                                                      0.162     2.173 r  gen_read_upsizer[0].r_req_q_reg[ar][len][6]_i_23/CO[7]
                         net (fo=1, unplaced)         0.005     2.178    gen_read_upsizer[0].r_req_q_reg[ar][len][6]_i_23_n_0
                         CARRY8 (Prop_CARRY8_CI_O[2])
                                                      0.067     2.245 f  gen_read_upsizer[0].r_req_q_reg[ar][len][6]_i_22/O[2]
                         net (fo=2, unplaced)         0.225     2.470    gen_read_upsizer[0].r_req_q_reg[ar][len][6]_i_22_n_13
                         LUT3 (Prop_LUT3_I2_O)        0.035     2.505 r  gen_read_upsizer[0].r_req_q[ar][len][0]_i_191/O
                         net (fo=1, unplaced)         0.014     2.519    gen_read_upsizer[0].r_req_q[ar][len][0]_i_191_n_0
                         CARRY8 (Prop_CARRY8_S[4]_CO[7])
                                                      0.160     2.679 r  gen_read_upsizer[0].r_req_q_reg[ar][len][0]_i_157/CO[7]
                         net (fo=1, unplaced)         0.005     2.684    gen_read_upsizer[0].r_req_q_reg[ar][len][0]_i_157_n_0
                         CARRY8 (Prop_CARRY8_CI_O[0])
                                                      0.056     2.740 f  gen_read_upsizer[0].r_req_q_reg[ar][len][0]_i_155/O[0]
                         net (fo=2, unplaced)         0.225     2.965    gen_read_upsizer[0].r_req_q_reg[ar][len][0]_i_155_n_15
                         LUT4 (Prop_LUT4_I0_O)        0.069     3.034 r  gen_read_upsizer[0].r_req_q[ar][len][0]_i_99/O
                         net (fo=1, unplaced)         0.272     3.306    gen_read_upsizer[0].r_req_q[ar][len][0]_i_99_n_0
                         CARRY8 (Prop_CARRY8_DI[0]_CO[7])
                                                      0.138     3.444 r  gen_read_upsizer[0].r_req_q_reg[ar][len][0]_i_56/CO[7]
                         net (fo=1, unplaced)         0.005     3.449    gen_read_upsizer[0].r_req_q_reg[ar][len][0]_i_56_n_0
                         CARRY8 (Prop_CARRY8_CI_CO[0])
                                                      0.052     3.501 r  gen_read_upsizer[0].r_req_q_reg[ar][len][0]_i_29/CO[0]
                         net (fo=3, unplaced)         0.231     3.732    i_dut/gen_read_upsizer[0].r_req_q[ar][len][6]_i_5_0[0]
                         LUT3 (Prop_LUT3_I0_O)        0.035     3.767 r  i_dut/gen_read_upsizer[0].r_req_q[ar][len][6]_i_7/O
                         net (fo=12, unplaced)        0.263     4.030    i_dut/gen_read_upsizer[0].r_req_q[ar][len][6]_i_7_n_0
                         LUT5 (Prop_LUT5_I3_O)        0.035     4.065 r  i_dut/gen_read_upsizer[0].r_req_q[ar][len][1]_i_7/O
                         net (fo=2, unplaced)         0.225     4.290    i_dut/gen_read_upsizer[0].r_req_q[ar][len][1]_i_7_n_0
                         LUT6 (Prop_LUT6_I0_O)        0.035     4.325 r  i_dut/gen_read_upsizer[0].r_req_q[ar][len][2]_i_6/O
                         net (fo=2, unplaced)         0.225     4.550    i_dut/gen_read_upsizer[0].r_req_q[ar][len][2]_i_6_n_0
                         LUT6 (Prop_LUT6_I0_O)        0.035     4.585 r  i_dut/gen_read_upsizer[0].r_req_q[ar][len][3]_i_6/O
                         net (fo=2, unplaced)         0.225     4.810    i_dut/gen_read_upsizer[0].r_req_q[ar][len][3]_i_6_n_0
                         LUT6 (Prop_LUT6_I0_O)        0.035     4.845 r  i_dut/gen_read_upsizer[0].r_req_q[ar][len][4]_i_6/O
                         net (fo=2, unplaced)         0.225     5.070    i_dut/gen_read_upsizer[0].r_req_q[ar][len][4]_i_6_n_0
                         LUT6 (Prop_LUT6_I0_O)        0.035     5.105 r  i_dut/gen_read_upsizer[0].r_req_q[ar][len][5]_i_6/O
                         net (fo=2, unplaced)         0.225     5.330    i_dut/gen_read_upsizer[0].r_req_q[ar][len][5]_i_6_n_0
                         LUT6 (Prop_LUT6_I0_O)        0.035     5.365 r  i_dut/gen_read_upsizer[0].r_req_q[ar][len][6]_i_4/O
                         net (fo=2, unplaced)         0.225     5.590    i_dut/gen_read_upsizer[0].r_req_q[ar][len][6]_i_4_n_0
                         LUT6 (Prop_LUT6_I5_O)        0.035     5.625 f  i_dut/gen_read_upsizer[0].r_req_q[ar][len][7]_i_8/O
                         net (fo=1, unplaced)         0.225     5.850    i_dut/i_axi_demux/i_demux_simple/gen_aw_id_counter.i_aw_id_counter/gen_counters[37].i_in_flight_cnt/gen_read_upsizer[6].r_req_q_reg[ar][len][7]_0
                         LUT4 (Prop_LUT4_I2_O)        0.035     5.885 f  i_dut/i_axi_demux/i_demux_simple/gen_aw_id_counter.i_aw_id_counter/gen_counters[37].i_in_flight_cnt/gen_read_upsizer[0].r_req_q[ar][len][7]_i_3/O
                         net (fo=24, unplaced)        0.278     6.163    i_dut/i_axi_demux/i_demux_simple/gen_aw_id_counter.i_aw_id_counter/gen_counters[37].i_in_flight_cnt/gen_read_upsizer[0].r_req_q[ar][len][7]_i_3_n_0
                         LUT4 (Prop_LUT4_I3_O)        0.069     6.232 r  i_dut/i_axi_demux/i_demux_simple/gen_aw_id_counter.i_aw_id_counter/gen_counters[37].i_in_flight_cnt/gen_read_upsizer[11].r_req_q[ar][len][7]_i_1/O
                         net (fo=1, unplaced)         0.048     6.280    i_dut/gen_read_upsizer[11].r_req_d[ar][len][7]
                         FDCE                                         r  i_dut/gen_read_upsizer[11].r_req_q_reg[ar][len][7]/D
  -------------------------------------------------------------------    -------------------

                         (clock clk_i rise edge)     20.000    20.000 r  
                                                      0.000    20.000 r  clk_i (IN)
                         net (fo=4109, unset)         0.000    20.000    i_dut/clk_i
                         FDCE                                         r  i_dut/gen_read_upsizer[11].r_req_q_reg[ar][len][7]/C
                         clock pessimism              0.000    20.000    
                         clock uncertainty           -0.035    19.965    
                         FDCE (Setup_FDCE_C_D)        0.025    19.990    i_dut/gen_read_upsizer[11].r_req_q_reg[ar][len][7]
  -------------------------------------------------------------------
                         required time                         19.990    
                         arrival time                          -6.280    
  -------------------------------------------------------------------
                         slack                                 13.710    




