Copyright 1986-2021 Xilinx, Inc. All Rights Reserved.
-------------------------------------------------------------------------------------------------------------------------------------------
| Tool Version      : Vivado v.2021.1_AR76780 (lin64) Build 3247384 Thu Jun 10 19:36:07 MDT 2021
| Date              : Wed Sep  9 14:47:46 2026
| Host              : coroni running 64-bit Ubuntu 18.04.6 LTS
| Command           : report_timing_summary -file /home/smitropoulos/cheshire_soc/axi_upsizer_work/synth_out/64to128_mr24/stock/timing.rpt
| Design            : synth_wrap_upsizer
| Device            : xczu9eg-ffvb1156
| Speed File        : -2  PRODUCTION 1.29 08-03-2020
| Temperature Grade : E
-------------------------------------------------------------------------------------------------------------------------------------------

Timing Summary Report

------------------------------------------------------------------------------------------------
| Timer Settings
| --------------
------------------------------------------------------------------------------------------------

  Enable Multi Corner Analysis               :  Yes
  Enable Pessimism Removal                   :  Yes
  Pessimism Removal Resolution               :  Nearest Common Node
  Enable Input Delay Default Clock           :  No
  Enable Preset / Clear Arcs                 :  No
  Disable Flight Delays                      :  No
  Ignore I/O Paths                           :  No
  Timing Early Launch at Borrowing Latches   :  No
  Borrow Time for Max Delay Exceptions       :  Yes
  Merge Timing Exceptions                    :  Yes

  Corner  Analyze    Analyze    
  Name    Max Paths  Min Paths  
  ------  ---------  ---------  
  Slow    Yes        Yes        
  Fast    Yes        Yes        


------------------------------------------------------------------------------------------------
| Report Methodology
| ------------------
------------------------------------------------------------------------------------------------

No report available as report_methodology has not been run prior. Run report_methodology on the current design for the summary of methodology violations.



check_timing report

Table of Contents
-----------------
1. checking no_clock (0)
2. checking constant_clock (0)
3. checking pulse_width_clock (0)
4. checking unconstrained_internal_endpoints (0)
5. checking no_input_delay (2)
6. checking no_output_delay (1)
7. checking multiple_clock (0)
8. checking generated_clocks (0)
9. checking loops (0)
10. checking partial_input_delay (0)
11. checking partial_output_delay (0)
12. checking latch_loops (0)

1. checking no_clock (0)
------------------------
 There are 0 register/latch pins with no clock.


2. checking constant_clock (0)
------------------------------
 There are 0 register/latch pins with constant_clock.


3. checking pulse_width_clock (0)
---------------------------------
 There are 0 register/latch pins which need pulse_width check


4. checking unconstrained_internal_endpoints (0)
------------------------------------------------
 There are 0 pins that are not constrained for maximum delay.

 There are 0 pins that are not constrained for maximum delay due to constant clock.


5. checking no_input_delay (2)
------------------------------
 There are 2 input ports with no input delay specified. (HIGH)

 There are 0 input ports with no input delay but user has a false path constraint.


6. checking no_output_delay (1)
-------------------------------
 There is 1 port with no output delay specified. (HIGH)

 There are 0 ports with no output delay but user has a false path constraint

 There are 0 ports with no output delay but with a timing clock defined on it or propagating through it


7. checking multiple_clock (0)
------------------------------
 There are 0 register/latch pins with multiple clocks.


8. checking generated_clocks (0)
--------------------------------
 There are 0 generated clocks that are not connected to a clock source.


9. checking loops (0)
---------------------
 There are 0 combinational loops in the design.


10. checking partial_input_delay (0)
------------------------------------
 There are 0 input ports with partial input delay specified.


11. checking partial_output_delay (0)
-------------------------------------
 There are 0 ports with partial output delay specified.


12. checking latch_loops (0)
----------------------------
 There are 0 combinational latch loops in the design through latch input



------------------------------------------------------------------------------------------------
| Design Timing Summary
| ---------------------
------------------------------------------------------------------------------------------------

    WNS(ns)      TNS(ns)  TNS Failing Endpoints  TNS Total Endpoints      WHS(ns)      THS(ns)  THS Failing Endpoints  THS Total Endpoints     WPWS(ns)     TPWS(ns)  TPWS Failing Endpoints  TPWS Total Endpoints  
    -------      -------  ---------------------  -------------------      -------      -------  ---------------------  -------------------     --------     --------  ----------------------  --------------------  
     13.710        0.000                      0                 7633        0.101        0.000                      0                 7633        9.725        0.000                       0                  4110  


All user specified timing constraints are met.


------------------------------------------------------------------------------------------------
| Clock Summary
| -------------
------------------------------------------------------------------------------------------------

Clock  Waveform(ns)       Period(ns)      Frequency(MHz)
-----  ------------       ----------      --------------
clk_i  {0.000 10.000}     20.000          50.000          


------------------------------------------------------------------------------------------------
| Intra Clock Table
| -----------------
------------------------------------------------------------------------------------------------

Clock             WNS(ns)      TNS(ns)  TNS Failing Endpoints  TNS Total Endpoints      WHS(ns)      THS(ns)  THS Failing Endpoints  THS Total Endpoints     WPWS(ns)     TPWS(ns)  TPWS Failing Endpoints  TPWS Total Endpoints  
-----             -------      -------  ---------------------  -------------------      -------      -------  ---------------------  -------------------     --------     --------  ----------------------  --------------------  
clk_i              13.710        0.000                      0                 7633        0.101        0.000                      0                 7633        9.725        0.000                       0                  4110  


------------------------------------------------------------------------------------------------
| Inter Clock Table
| -----------------
------------------------------------------------------------------------------------------------

From Clock    To Clock          WNS(ns)      TNS(ns)  TNS Failing Endpoints  TNS Total Endpoints      WHS(ns)      THS(ns)  THS Failing Endpoints  THS Total Endpoints  
----------    --------          -------      -------  ---------------------  -------------------      -------      -------  ---------------------  -------------------  


------------------------------------------------------------------------------------------------
| Other Path Groups Table
| -----------------------
------------------------------------------------------------------------------------------------

Path Group    From Clock    To Clock          WNS(ns)      TNS(ns)  TNS Failing Endpoints  TNS Total Endpoints      WHS(ns)      THS(ns)  THS Failing Endpoints  THS Total Endpoints  
----------    ----------    --------          -------      -------  ---------------------  -------------------      -------      -------  ---------------------  -------------------  


------------------------------------------------------------------------------------------------
| Timing Details
| --------------
------------------------------------------------------------------------------------------------


---------------------------------------------------------------------------------------------------
From Clock:  clk_i
  To Clock:  clk_i

Setup :            0  Failing Endpoints,  Worst Slack       13.710ns,  Total Violation        0.000ns
Hold  :            0  Failing Endpoints,  Worst Slack        0.101ns,  Total Violation        0.000ns
PW    :            0  Failing Endpoints,  Worst Slack        9.725ns,  Total Violation        0.000ns
---------------------------------------------------------------------------------------------------


Max Delay Paths
--------------------------------------------------------------------------------------
Slack (MET) :             13.710ns  (required time - arrival time)
  Source:                 in_q_reg[178]/C
                            (rising edge-triggered cell FDCE clocked by clk_i  {rise@0.000ns fall@10.000ns period=20.000ns})
  Destination:            i_dut/gen_read_upsizer[11].r_req_q_reg[ar][len][7]/D
                            (rising edge-triggered cell FDCE clocked by clk_i  {rise@0.000ns fall@10.000ns period=20.000ns})
  Path Group:             clk_i
  Path Type:              Setup (Max at Slow Process Corner)
  Requirement:            20.000ns  (clk_i rise@20.000ns - clk_i rise@0.000ns)
  Data Path Delay:        6.280ns  (logic 1.625ns (25.876%)  route 4.655ns (74.124%))
  Logic Levels:           26  (CARRY8=8 LUT3=3 LUT4=3 LUT5=4 LUT6=8)
  Clock Uncertainty:      0.035ns  ((TSJ^2 + TIJ^2)^1/2 + DJ) / 2 + PE
    Total System Jitter     (TSJ):    0.071ns
    Total Input Jitter      (TIJ):    0.000ns
    Discrete Jitter          (DJ):    0.000ns
    Phase Error              (PE):    0.000ns

    Location             Delay type                Incr(ns)  Path(ns)    Netlist Resource(s)
  -------------------------------------------------------------------    -------------------
                         (clock clk_i rise edge)      0.000     0.000 r  
                                                      0.000     0.000 r  clk_i (IN)
                         net (fo=4109, unset)         0.000     0.000    clk_i
                         FDCE                                         r  in_q_reg[178]/C
  -------------------------------------------------------------------    -------------------
                         FDCE (Prop_FDCE_C_Q)         0.079     0.079 r  in_q_reg[178]/Q
                         net (fo=57, unplaced)        0.252     0.331    slv_req[ar][len][2]
                         LUT3 (Prop_LUT3_I2_O)        0.069     0.400 r  gen_read_upsizer[0].r_req_q[ar][len][6]_i_87/O
                         net (fo=26, unplaced)        0.280     0.680    gen_read_upsizer[0].r_req_q[ar][len][6]_i_87_n_0
                         LUT5 (Prop_LUT5_I3_O)        0.035     0.715 f  gen_read_upsizer[0].r_req_q[ar][len][6]_i_66/O
                         net (fo=9, unplaced)         0.256     0.971    gen_read_upsizer[0].r_req_q[ar][len][6]_i_66_n_0
                         LUT6 (Prop_LUT6_I5_O)        0.036     1.007 r  gen_read_upsizer[0].r_req_q[ar][len][4]_i_66/O
                         net (fo=1, unplaced)         0.017     1.024    gen_read_upsizer[0].r_req_q[ar][len][4]_i_66_n_0
                         CARRY8 (Prop_CARRY8_S[7]_CO[7])
                                                      0.122     1.146 r  gen_read_upsizer[0].r_req_q_reg[ar][len][4]_i_52/CO[7]
                         net (fo=1, unplaced)         0.005     1.151    gen_read_upsizer[0].r_req_q_reg[ar][len][4]_i_52_n_0
                         CARRY8 (Prop_CARRY8_CI_O[0])
                                                      0.056     1.207 r  gen_read_upsizer[0].r_req_q_reg[ar][len][6]_i_68/O[0]
                         net (fo=3, unplaced)         0.231     1.438    gen_read_upsizer[0].r_req_q_reg[ar][len][6]_i_68_n_15
                         LUT5 (Prop_LUT5_I4_O)        0.035     1.473 r  gen_read_upsizer[0].r_req_q[ar][len][6]_i_85/O
                         net (fo=2, unplaced)         0.225     1.698    gen_read_upsizer[0].r_req_q[ar][len][6]_i_85_n_0
                         LUT6 (Prop_LUT6_I3_O)        0.035     1.733 r  gen_read_upsizer[0].r_req_q[ar][len][6]_i_45/O
                         net (fo=2, unplaced)         0.225     1.958    gen_read_upsizer[0].r_req_q[ar][len][6]_i_45_n_0
                         LUT5 (Prop_LUT5_I0_O)        0.035     1.993 r  gen_read_upsizer[0].r_req_q[ar][len][6]_i_50/O
                         net (fo=1, unplaced)         0.018     2.011    gen_read_upsizer[0].r_req_q[ar][len][6]_i_50_n_0
                         CARRY8 (Prop_CARRY8_S[5]_CO[7])
                                                      0.162     2.173 r  gen_read_upsizer[0].r_req_q_reg[ar][len][6]_i_23/CO[7]
                         net (fo=1, unplaced)         0.005     2.178    gen_read_upsizer[0].r_req_q_reg[ar][len][6]_i_23_n_0
                         CARRY8 (Prop_CARRY8_CI_O[2])
                                                      0.067     2.245 r  gen_read_upsizer[0].r_req_q_reg[ar][len][6]_i_22/O[2]
                         net (fo=2, unplaced)         0.225     2.470    gen_read_upsizer[0].r_req_q_reg[ar][len][6]_i_22_n_13
                         LUT3 (Prop_LUT3_I2_O)        0.035     2.505 r  gen_read_upsizer[0].r_req_q[ar][len][0]_i_191/O
                         net (fo=1, unplaced)         0.014     2.519    gen_read_upsizer[0].r_req_q[ar][len][0]_i_191_n_0
                         CARRY8 (Prop_CARRY8_S[4]_CO[7])
                                                      0.160     2.679 r  gen_read_upsizer[0].r_req_q_reg[ar][len][0]_i_157/CO[7]
                         net (fo=1, unplaced)         0.005     2.684    gen_read_upsizer[0].r_req_q_reg[ar][len][0]_i_157_n_0
                         CARRY8 (Prop_CARRY8_CI_O[0])
                                                      0.056     2.740 f  gen_read_upsizer[0].r_req_q_reg[ar][len][0]_i_155/O[0]
                         net (fo=2, unplaced)         0.225     2.965    gen_read_upsizer[0].r_req_q_reg[ar][len][0]_i_155_n_15
                         LUT4 (Prop_LUT4_I0_O)        0.069     3.034 r  gen_read_upsizer[0].r_req_q[ar][len][0]_i_99/O
                         net (fo=1, unplaced)         0.272     3.306    gen_read_upsizer[0].r_req_q[ar][len][0]_i_99_n_0
                         CARRY8 (Prop_CARRY8_DI[0]_CO[7])
                                                      0.138     3.444 r  gen_read_upsizer[0].r_req_q_reg[ar][len][0]_i_56/CO[7]
                         net (fo=1, unplaced)         0.005     3.449    gen_read_upsizer[0].r_req_q_reg[ar][len][0]_i_56_n_0
                         CARRY8 (Prop_CARRY8_CI_CO[0])
                                                      0.052     3.501 r  gen_read_upsizer[0].r_req_q_reg[ar][len][0]_i_29/CO[0]
                         net (fo=3, unplaced)         0.231     3.732    i_dut/gen_read_upsizer[0].r_req_q[ar][len][6]_i_5_0[0]
                         LUT3 (Prop_LUT3_I0_O)        0.035     3.767 r  i_dut/gen_read_upsizer[0].r_req_q[ar][len][6]_i_7/O
                         net (fo=12, unplaced)        0.263     4.030    i_dut/gen_read_upsizer[0].r_req_q[ar][len][6]_i_7_n_0
                         LUT5 (Prop_LUT5_I3_O)        0.035     4.065 r  i_dut/gen_read_upsizer[0].r_req_q[ar][len][1]_i_7/O
                         net (fo=2, unplaced)         0.225     4.290    i_dut/gen_read_upsizer[0].r_req_q[ar][len][1]_i_7_n_0
                         LUT6 (Prop_LUT6_I0_O)        0.035     4.325 r  i_dut/gen_read_upsizer[0].r_req_q[ar][len][2]_i_6/O
                         net (fo=2, unplaced)         0.225     4.550    i_dut/gen_read_upsizer[0].r_req_q[ar][len][2]_i_6_n_0
                         LUT6 (Prop_LUT6_I0_O)        0.035     4.585 r  i_dut/gen_read_upsizer[0].r_req_q[ar][len][3]_i_6/O
                         net (fo=2, unplaced)         0.225     4.810    i_dut/gen_read_upsizer[0].r_req_q[ar][len][3]_i_6_n_0
                         LUT6 (Prop_LUT6_I0_O)        0.035     4.845 r  i_dut/gen_read_upsizer[0].r_req_q[ar][len][4]_i_6/O
                         net (fo=2, unplaced)         0.225     5.070    i_dut/gen_read_upsizer[0].r_req_q[ar][len][4]_i_6_n_0
                         LUT6 (Prop_LUT6_I0_O)        0.035     5.105 r  i_dut/gen_read_upsizer[0].r_req_q[ar][len][5]_i_6/O
                         net (fo=2, unplaced)         0.225     5.330    i_dut/gen_read_upsizer[0].r_req_q[ar][len][5]_i_6_n_0
                         LUT6 (Prop_LUT6_I0_O)        0.035     5.365 r  i_dut/gen_read_upsizer[0].r_req_q[ar][len][6]_i_4/O
                         net (fo=2, unplaced)         0.225     5.590    i_dut/gen_read_upsizer[0].r_req_q[ar][len][6]_i_4_n_0
                         LUT6 (Prop_LUT6_I5_O)        0.035     5.625 f  i_dut/gen_read_upsizer[0].r_req_q[ar][len][7]_i_8/O
                         net (fo=1, unplaced)         0.225     5.850    i_dut/i_axi_demux/i_demux_simple/gen_aw_id_counter.i_aw_id_counter/gen_counters[37].i_in_flight_cnt/gen_read_upsizer[6].r_req_q_reg[ar][len][7]_0
                         LUT4 (Prop_LUT4_I2_O)        0.035     5.885 f  i_dut/i_axi_demux/i_demux_simple/gen_aw_id_counter.i_aw_id_counter/gen_counters[37].i_in_flight_cnt/gen_read_upsizer[0].r_req_q[ar][len][7]_i_3/O
                         net (fo=24, unplaced)        0.278     6.163    i_dut/i_axi_demux/i_demux_simple/gen_aw_id_counter.i_aw_id_counter/gen_counters[37].i_in_flight_cnt/gen_read_upsizer[0].r_req_q[ar][len][7]_i_3_n_0
                         LUT4 (Prop_LUT4_I3_O)        0.069     6.232 r  i_dut/i_axi_demux/i_demux_simple/gen_aw_id_counter.i_aw_id_counter/gen_counters[37].i_in_flight_cnt/gen_read_upsizer[11].r_req_q[ar][len][7]_i_1/O
                         net (fo=1, unplaced)         0.048     6.280    i_dut/gen_read_upsizer[11].r_req_d[ar][len][7]
                         FDCE                                         r  i_dut/gen_read_upsizer[11].r_req_q_reg[ar][len][7]/D
  -------------------------------------------------------------------    -------------------

                         (clock clk_i rise edge)     20.000    20.000 r  
                                                      0.000    20.000 r  clk_i (IN)
                         net (fo=4109, unset)         0.000    20.000    i_dut/clk_i
                         FDCE                                         r  i_dut/gen_read_upsizer[11].r_req_q_reg[ar][len][7]/C
                         clock pessimism              0.000    20.000    
                         clock uncertainty           -0.035    19.965    
                         FDCE (Setup_FDCE_C_D)        0.025    19.990    i_dut/gen_read_upsizer[11].r_req_q_reg[ar][len][7]
  -------------------------------------------------------------------
                         required time                         19.990    
                         arrival time                          -6.280    
  -------------------------------------------------------------------
                         slack                                 13.710    





Min Delay Paths
--------------------------------------------------------------------------------------
Slack (MET) :             0.101ns  (arrival time - required time)
  Source:                 i_dut/i_axi_demux/i_demux_simple/gen_ar_id_counter.i_ar_id_counter/gen_counters[0].mst_select_q_reg[0][0]/C
                            (rising edge-triggered cell FDCE clocked by clk_i  {rise@0.000ns fall@10.000ns period=20.000ns})
  Destination:            i_dut/i_axi_demux/i_demux_simple/gen_ar_id_counter.i_ar_id_counter/gen_counters[0].mst_select_q_reg[0][0]/D
                            (rising edge-triggered cell FDCE clocked by clk_i  {rise@0.000ns fall@10.000ns period=20.000ns})
  Path Group:             clk_i
  Path Type:              Hold (Min at Fast Process Corner)
  Requirement:            0.000ns  (clk_i rise@0.000ns - clk_i rise@0.000ns)
  Data Path Delay:        0.147ns  (logic 0.061ns (41.497%)  route 0.086ns (58.503%))
  Logic Levels:           1  (LUT5=1)

    Location             Delay type                Incr(ns)  Path(ns)    Netlist Resource(s)
  -------------------------------------------------------------------    -------------------
                         (clock clk_i rise edge)      0.000     0.000 r  
                                                      0.000     0.000 r  clk_i (IN)
                         net (fo=4109, unset)         0.000     0.000    i_dut/i_axi_demux/i_demux_simple/gen_ar_id_counter.i_ar_id_counter/clk_i
                         FDCE                                         r  i_dut/i_axi_demux/i_demux_simple/gen_ar_id_counter.i_ar_id_counter/gen_counters[0].mst_select_q_reg[0][0]/C
  -------------------------------------------------------------------    -------------------
                         FDCE (Prop_FDCE_C_Q)         0.039     0.039 r  i_dut/i_axi_demux/i_demux_simple/gen_ar_id_counter.i_ar_id_counter/gen_counters[0].mst_select_q_reg[0][0]/Q
                         net (fo=2, unplaced)         0.070     0.109    i_dut/i_axi_demux/i_ar_sel_spill_reg/spill_register_flushable_i/gen_counters[0].mst_select_q_reg[0]_130
                         LUT5 (Prop_LUT5_I4_O)        0.022     0.131 r  i_dut/i_axi_demux/i_ar_sel_spill_reg/spill_register_flushable_i/gen_counters[0].mst_select_q[0][0]_i_1__0/O
                         net (fo=1, unplaced)         0.016     0.147    i_dut/i_axi_demux/i_demux_simple/gen_ar_id_counter.i_ar_id_counter/gen_counters[0].mst_select_q_reg[0][0]_0
                         FDCE                                         r  i_dut/i_axi_demux/i_demux_simple/gen_ar_id_counter.i_ar_id_counter/gen_counters[0].mst_select_q_reg[0][0]/D
  -------------------------------------------------------------------    -------------------

                         (clock clk_i rise edge)      0.000     0.000 r  
                                                      0.000     0.000 r  clk_i (IN)
                         net (fo=4109, unset)         0.000     0.000    i_dut/i_axi_demux/i_demux_simple/gen_ar_id_counter.i_ar_id_counter/clk_i
                         FDCE                                         r  i_dut/i_axi_demux/i_demux_simple/gen_ar_id_counter.i_ar_id_counter/gen_counters[0].mst_select_q_reg[0][0]/C
                         clock pessimism              0.000     0.000    
                         FDCE (Hold_FDCE_C_D)         0.046     0.046    i_dut/i_axi_demux/i_demux_simple/gen_ar_id_counter.i_ar_id_counter/gen_counters[0].mst_select_q_reg[0][0]
  -------------------------------------------------------------------
                         required time                         -0.046    
                         arrival time                           0.147    
  -------------------------------------------------------------------
                         slack                                  0.101    





Pulse Width Checks
--------------------------------------------------------------------------------------
Clock Name:         clk_i
Waveform(ns):       { 0.000 10.000 }
Period(ns):         20.000
Sources:            { clk_i }

Check Type        Corner  Lib Pin  Reference Pin  Required(ns)  Actual(ns)  Slack(ns)  Location  Pin
Min Period        n/a     FDCE/C   n/a            0.550         20.000      19.450               in_q_reg[0]/C
Low Pulse Width   Slow    FDCE/C   n/a            0.275         10.000      9.725                in_q_reg[0]/C
High Pulse Width  Slow    FDCE/C   n/a            0.275         10.000      9.725                in_q_reg[0]/C



