Copyright 1986-2021 Xilinx, Inc. All Rights Reserved.
---------------------------------------------------------------------------------------------------------------------------------------------------------------------------------
| Tool Version : Vivado v.2021.1_AR76780 (lin64) Build 3247384 Thu Jun 10 19:36:07 MDT 2021
| Date         : Wed Sep  9 14:47:24 2026
| Host         : coroni running 64-bit Ubuntu 18.04.6 LTS
| Command      : report_utilization -hierarchical -hierarchical_depth 4 -file /home/smitropoulos/cheshire_soc/axi_upsizer_work/synth_out/64to128_mr24/stock/utilization_hier.rpt
| Design       : synth_wrap_upsizer
| Device       : xczu9egffvb1156-2
| Design State : Optimized
---------------------------------------------------------------------------------------------------------------------------------------------------------------------------------

Utilization Design Information

Table of Contents
-----------------
1. Utilization by Hierarchy

1. Utilization by Hierarchy
---------------------------

+-------------------------------------------+----------------------------------------------+------------+------------+---------+------+------+--------+--------+------+------------+
|                  Instance                 |                    Module                    | Total LUTs | Logic LUTs | LUTRAMs | SRLs |  FFs | RAMB36 | RAMB18 | URAM | DSP Blocks |
+-------------------------------------------+----------------------------------------------+------------+------------+---------+------+------+--------+--------+------+------------+
| synth_wrap_upsizer                        |                                        (top) |      18711 |      18711 |       0 |    0 | 4110 |      0 |      0 |    0 |          0 |
|   (synth_wrap_upsizer)                    |                                        (top) |        528 |        528 |       0 |    0 |  374 |      0 |      0 |    0 |          0 |
|   i_dut                                   |                               axi_dw_upsizer |      18183 |      18183 |       0 |    0 | 3736 |      0 |      0 |    0 |          0 |
|     (i_dut)                               |                               axi_dw_upsizer |       9455 |       9455 |       0 |    0 | 2387 |      0 |      0 |    0 |          0 |
|     i_axi_demux                           |                                    axi_demux |       6352 |       6352 |       0 |    0 | 1208 |      0 |      0 |    0 |          0 |
|       i_ar_sel_spill_reg                  |               spill_register__parameterized0 |         72 |         72 |       0 |    0 |    4 |      0 |      0 |    0 |          0 |
|         spill_register_flushable_i        | spill_register_flushable__parameterized0_132 |         72 |         72 |       0 |    0 |    4 |      0 |      0 |    0 |          0 |
|       i_ar_spill_reg                      |               spill_register__parameterized2 |         92 |         92 |       0 |    0 |  138 |      0 |      0 |    0 |          0 |
|         spill_register_flushable_i        |     spill_register_flushable__parameterized2 |         92 |         92 |       0 |    0 |  138 |      0 |      0 |    0 |          0 |
|       i_aw_select_spill_reg               |             spill_register__parameterized0_1 |         72 |         72 |       0 |    0 |    4 |      0 |      0 |    0 |          0 |
|         spill_register_flushable_i        |     spill_register_flushable__parameterized0 |         72 |         72 |       0 |    0 |    4 |      0 |      0 |    0 |          0 |
|       i_aw_spill_reg                      |                               spill_register |        155 |        155 |       0 |    0 |  150 |      0 |      0 |    0 |          0 |
|         spill_register_flushable_i        |                     spill_register_flushable |        155 |        155 |       0 |    0 |  150 |      0 |      0 |    0 |          0 |
|       i_demux_simple                      |                             axi_demux_simple |       5961 |       5961 |       0 |    0 |  912 |      0 |      0 |    0 |          0 |
|         (i_demux_simple)                  |                             axi_demux_simple |          3 |          3 |       0 |    0 |    3 |      0 |      0 |    0 |          0 |
|         gen_ar_id_counter.i_ar_id_counter |                        axi_demux_id_counters |        449 |        449 |       0 |    0 |  448 |      0 |      0 |    0 |          0 |
|         gen_aw_id_counter.i_aw_id_counter |                      axi_demux_id_counters_2 |       1652 |       1652 |       0 |    0 |  448 |      0 |      0 |    0 |          0 |
|         i_b_mux                           |                  rr_arb_tree__parameterized2 |        145 |        145 |       0 |    0 |    4 |      0 |      0 |    0 |          0 |
|         i_counter_open_w                  |                      counter__parameterized0 |          6 |          6 |       0 |    0 |    5 |      0 |      0 |    0 |          0 |
|         i_r_mux                           |                rr_arb_tree__parameterized2_3 |       3706 |       3706 |       0 |    0 |    4 |      0 |      0 |    0 |          0 |
|     i_axi_err_slv                         |                                  axi_err_slv |        251 |        251 |       0 |    0 |   80 |      0 |      0 |    0 |          0 |
|       (i_axi_err_slv)                     |                                  axi_err_slv |          0 |          0 |       0 |    0 |    1 |      0 |      0 |    0 |          0 |
|       i_atop_filter                       |                              axi_atop_filter |        216 |        216 |       0 |    0 |   31 |      0 |      0 |    0 |          0 |
|         (i_atop_filter)                   |                              axi_atop_filter |        198 |        198 |       0 |    0 |   22 |      0 |      0 |    0 |          0 |
|         r_resp_cmd                        |                              stream_register |         18 |         18 |       0 |    0 |    9 |      0 |      0 |    0 |          0 |
|       i_b_fifo                            |                      fifo_v3__parameterized0 |         13 |         13 |       0 |    0 |   16 |      0 |      0 |    0 |          0 |
|       i_r_counter                         |                                      counter |          8 |          8 |       0 |    0 |    8 |      0 |      0 |    0 |          0 |
|         i_counter                         |                                delta_counter |          8 |          8 |       0 |    0 |    8 |      0 |      0 |    0 |          0 |
|       i_r_fifo                            |                      fifo_v3__parameterized1 |          8 |          8 |       0 |    0 |   16 |      0 |      0 |    0 |          0 |
|       i_w_fifo                            |                                      fifo_v3 |          6 |          6 |       0 |    0 |    8 |      0 |      0 |    0 |          0 |
|     i_id_clash_onehot_to_bin              |                                onehot_to_bin |         11 |         11 |       0 |    0 |    0 |      0 |      0 |    0 |          0 |
|     i_idle_lzc                            |                                          lzc |         13 |         13 |       0 |    0 |    0 |      0 |      0 |    0 |          0 |
|     i_mst_ar_arb                          |                  rr_arb_tree__parameterized1 |        853 |        853 |       0 |    0 |   30 |      0 |      0 |    0 |          0 |
|     i_rid_upsizer_lzc                     |                              onehot_to_bin_0 |         14 |         14 |       0 |    0 |    0 |      0 |      0 |    0 |          0 |
|     i_slv_ar_arb                          |                  rr_arb_tree__parameterized0 |       1019 |       1019 |       0 |    0 |    1 |      0 |      0 |    0 |          0 |
|     i_slv_r_arb                           |                                  rr_arb_tree |        215 |        215 |       0 |    0 |   30 |      0 |      0 |    0 |          0 |
+-------------------------------------------+----------------------------------------------+------------+------------+---------+------+------+--------+--------+------+------------+


