Copyright 1986-2021 Xilinx, Inc. All Rights Reserved.
------------------------------------------------------------------------------------------------------------------------------------------------------
| Tool Version      : Vivado v.2021.1_AR76780 (lin64) Build 3247384 Thu Jun 10 19:36:07 MDT 2021
| Date              : Wed Sep  2 14:06:22 2026
| Host              : coroni running 64-bit Ubuntu 18.04.6 LTS
| Command           : report_timing_summary -file /home/smitropoulos/cheshire_soc/target/xilinx/build/zcu102.cheshire/reports.impl/timing_summary.rpt
| Design            : cheshire_top_xilinx
| Device            : xczu9eg-ffvb1156
| Speed File        : -2  PRODUCTION 1.29 08-03-2020
| Temperature Grade : E
------------------------------------------------------------------------------------------------------------------------------------------------------

Timing Summary Report

------------------------------------------------------------------------------------------------
| Timer Settings
| --------------
------------------------------------------------------------------------------------------------

  Enable Multi Corner Analysis               :  Yes
  Enable Pessimism Removal                   :  Yes
  Pessimism Removal Resolution               :  Nearest Common Node
  Enable Input Delay Default Clock           :  No
  Enable Preset / Clear Arcs                 :  No
  Disable Flight Delays                      :  No
  Ignore I/O Paths                           :  No
  Timing Early Launch at Borrowing Latches   :  No
  Borrow Time for Max Delay Exceptions       :  Yes
  Merge Timing Exceptions                    :  Yes

  Corner  Analyze    Analyze    
  Name    Max Paths  Min Paths  
  ------  ---------  ---------  
  Slow    Yes        Yes        
  Fast    Yes        Yes        


------------------------------------------------------------------------------------------------
| Report Methodology
| ------------------
------------------------------------------------------------------------------------------------

Rule       Severity  Description                   Violations  
---------  --------  ----------------------------  ----------  
DPIR-2     Warning   Asynchronous driver check     2333        
LUTAR-1    Warning   LUT drives async reset alert  2           
SYNTH-10   Warning   Wide multiplier               67          
TIMING-20  Warning   Non-clocked latch             137         

Note: This report is based on the most recent report_methodology run and may not be up-to-date. Run report_methodology on the current design for the latest report.



check_timing report

Table of Contents
-----------------
1. checking no_clock (2314)
2. checking constant_clock (0)
3. checking pulse_width_clock (0)
4. checking unconstrained_internal_endpoints (137)
5. checking no_input_delay (0)
6. checking no_output_delay (0)
7. checking multiple_clock (0)
8. checking generated_clocks (0)
9. checking loops (0)
10. checking partial_input_delay (0)
11. checking partial_output_delay (0)
12. checking latch_loops (0)

1. checking no_clock (2314)
---------------------------
 There is 1 register/latch pin with no clock driven by root clock pin: i_cheshire_soc/gen_cva6_cores[0].gen_ara.i_ara/gen_lanes[0].i_lane/i_operand_queues/lsu_ex_flush_o_reg/Q (HIGH)

 There are 68 register/latch pins with no clock driven by root clock pin: i_cheshire_soc/gen_cva6_cores[0].gen_ara.i_ara/gen_lanes[0].i_lane/i_vfus/i_vmfpu/mfpu_state_q_reg[0]_rep/Q (HIGH)

 There are 68 register/latch pins with no clock driven by root clock pin: i_cheshire_soc/gen_cva6_cores[0].gen_ara.i_ara/gen_lanes[0].i_lane/i_vfus/i_vmfpu/mfpu_state_q_reg[1]_rep/Q (HIGH)

 There are 68 register/latch pins with no clock driven by root clock pin: i_cheshire_soc/gen_cva6_cores[0].gen_ara.i_ara/gen_lanes[0].i_lane/i_vfus/i_vmfpu/mfpu_state_q_reg[2]_rep__0/Q (HIGH)

 There are 68 register/latch pins with no clock driven by root clock pin: i_cheshire_soc/gen_cva6_cores[0].gen_ara.i_ara/gen_lanes[0].i_lane/i_vfus/i_vmfpu/vinsn_queue_q_reg[processing_pnt][0]/Q (HIGH)

 There are 68 register/latch pins with no clock driven by root clock pin: i_cheshire_soc/gen_cva6_cores[0].gen_ara.i_ara/gen_lanes[0].i_lane/i_vfus/i_vmfpu/vinsn_queue_q_reg[processing_pnt][1]/Q (HIGH)

 There are 68 register/latch pins with no clock driven by root clock pin: i_cheshire_soc/gen_cva6_cores[0].gen_ara.i_ara/gen_lanes[0].i_lane/i_vfus/i_vmfpu/vinsn_queue_q_reg[vinsn][0][vtype][vsew][0]/Q (HIGH)

 There are 68 register/latch pins with no clock driven by root clock pin: i_cheshire_soc/gen_cva6_cores[0].gen_ara.i_ara/gen_lanes[0].i_lane/i_vfus/i_vmfpu/vinsn_queue_q_reg[vinsn][0][vtype][vsew][1]/Q (HIGH)

 There are 68 register/latch pins with no clock driven by root clock pin: i_cheshire_soc/gen_cva6_cores[0].gen_ara.i_ara/gen_lanes[0].i_lane/i_vfus/i_vmfpu/vinsn_queue_q_reg[vinsn][0][vtype][vsew][2]/Q (HIGH)

 There are 68 register/latch pins with no clock driven by root clock pin: i_cheshire_soc/gen_cva6_cores[0].gen_ara.i_ara/gen_lanes[0].i_lane/i_vfus/i_vmfpu/vinsn_queue_q_reg[vinsn][1][vtype][vsew][0]/Q (HIGH)

 There are 68 register/latch pins with no clock driven by root clock pin: i_cheshire_soc/gen_cva6_cores[0].gen_ara.i_ara/gen_lanes[0].i_lane/i_vfus/i_vmfpu/vinsn_queue_q_reg[vinsn][1][vtype][vsew][1]/Q (HIGH)

 There are 68 register/latch pins with no clock driven by root clock pin: i_cheshire_soc/gen_cva6_cores[0].gen_ara.i_ara/gen_lanes[0].i_lane/i_vfus/i_vmfpu/vinsn_queue_q_reg[vinsn][1][vtype][vsew][2]/Q (HIGH)

 There are 68 register/latch pins with no clock driven by root clock pin: i_cheshire_soc/gen_cva6_cores[0].gen_ara.i_ara/gen_lanes[0].i_lane/i_vfus/i_vmfpu/vinsn_queue_q_reg[vinsn][2][vtype][vsew][0]/Q (HIGH)

 There are 68 register/latch pins with no clock driven by root clock pin: i_cheshire_soc/gen_cva6_cores[0].gen_ara.i_ara/gen_lanes[0].i_lane/i_vfus/i_vmfpu/vinsn_queue_q_reg[vinsn][2][vtype][vsew][1]/Q (HIGH)

 There are 68 register/latch pins with no clock driven by root clock pin: i_cheshire_soc/gen_cva6_cores[0].gen_ara.i_ara/gen_lanes[0].i_lane/i_vfus/i_vmfpu/vinsn_queue_q_reg[vinsn][2][vtype][vsew][2]/Q (HIGH)

 There are 68 register/latch pins with no clock driven by root clock pin: i_cheshire_soc/gen_cva6_cores[0].gen_ara.i_ara/gen_lanes[0].i_lane/i_vfus/i_vmfpu/vinsn_queue_q_reg[vinsn][3][vtype][vsew][0]/Q (HIGH)

 There are 68 register/latch pins with no clock driven by root clock pin: i_cheshire_soc/gen_cva6_cores[0].gen_ara.i_ara/gen_lanes[0].i_lane/i_vfus/i_vmfpu/vinsn_queue_q_reg[vinsn][3][vtype][vsew][1]/Q (HIGH)

 There are 68 register/latch pins with no clock driven by root clock pin: i_cheshire_soc/gen_cva6_cores[0].gen_ara.i_ara/gen_lanes[0].i_lane/i_vfus/i_vmfpu/vinsn_queue_q_reg[vinsn][3][vtype][vsew][2]/Q (HIGH)

 There are 68 register/latch pins with no clock driven by root clock pin: i_cheshire_soc/gen_cva6_cores[0].gen_ara.i_ara/gen_lanes[1].i_lane/i_vfus/i_vmfpu/mfpu_state_q_reg[0]_rep__0/Q (HIGH)

 There are 68 register/latch pins with no clock driven by root clock pin: i_cheshire_soc/gen_cva6_cores[0].gen_ara.i_ara/gen_lanes[1].i_lane/i_vfus/i_vmfpu/mfpu_state_q_reg[1]_rep/Q (HIGH)

 There are 68 register/latch pins with no clock driven by root clock pin: i_cheshire_soc/gen_cva6_cores[0].gen_ara.i_ara/gen_lanes[1].i_lane/i_vfus/i_vmfpu/mfpu_state_q_reg[2]_rep__0/Q (HIGH)

 There are 68 register/latch pins with no clock driven by root clock pin: i_cheshire_soc/gen_cva6_cores[0].gen_ara.i_ara/gen_lanes[1].i_lane/i_vfus/i_vmfpu/vinsn_queue_q_reg[processing_pnt][0]/Q (HIGH)

 There are 68 register/latch pins with no clock driven by root clock pin: i_cheshire_soc/gen_cva6_cores[0].gen_ara.i_ara/gen_lanes[1].i_lane/i_vfus/i_vmfpu/vinsn_queue_q_reg[processing_pnt][1]/Q (HIGH)

 There are 68 register/latch pins with no clock driven by root clock pin: i_cheshire_soc/gen_cva6_cores[0].gen_ara.i_ara/gen_lanes[1].i_lane/i_vfus/i_vmfpu/vinsn_queue_q_reg[vinsn][0][vtype][vsew][0]/Q (HIGH)

 There are 68 register/latch pins with no clock driven by root clock pin: i_cheshire_soc/gen_cva6_cores[0].gen_ara.i_ara/gen_lanes[1].i_lane/i_vfus/i_vmfpu/vinsn_queue_q_reg[vinsn][0][vtype][vsew][1]/Q (HIGH)

 There are 68 register/latch pins with no clock driven by root clock pin: i_cheshire_soc/gen_cva6_cores[0].gen_ara.i_ara/gen_lanes[1].i_lane/i_vfus/i_vmfpu/vinsn_queue_q_reg[vinsn][0][vtype][vsew][2]/Q (HIGH)

 There are 68 register/latch pins with no clock driven by root clock pin: i_cheshire_soc/gen_cva6_cores[0].gen_ara.i_ara/gen_lanes[1].i_lane/i_vfus/i_vmfpu/vinsn_queue_q_reg[vinsn][1][vtype][vsew][0]/Q (HIGH)

 There are 68 register/latch pins with no clock driven by root clock pin: i_cheshire_soc/gen_cva6_cores[0].gen_ara.i_ara/gen_lanes[1].i_lane/i_vfus/i_vmfpu/vinsn_queue_q_reg[vinsn][1][vtype][vsew][1]/Q (HIGH)

 There are 68 register/latch pins with no clock driven by root clock pin: i_cheshire_soc/gen_cva6_cores[0].gen_ara.i_ara/gen_lanes[1].i_lane/i_vfus/i_vmfpu/vinsn_queue_q_reg[vinsn][1][vtype][vsew][2]/Q (HIGH)

 There are 68 register/latch pins with no clock driven by root clock pin: i_cheshire_soc/gen_cva6_cores[0].gen_ara.i_ara/gen_lanes[1].i_lane/i_vfus/i_vmfpu/vinsn_queue_q_reg[vinsn][2][vtype][vsew][0]/Q (HIGH)

 There are 68 register/latch pins with no clock driven by root clock pin: i_cheshire_soc/gen_cva6_cores[0].gen_ara.i_ara/gen_lanes[1].i_lane/i_vfus/i_vmfpu/vinsn_queue_q_reg[vinsn][2][vtype][vsew][1]/Q (HIGH)

 There are 68 register/latch pins with no clock driven by root clock pin: i_cheshire_soc/gen_cva6_cores[0].gen_ara.i_ara/gen_lanes[1].i_lane/i_vfus/i_vmfpu/vinsn_queue_q_reg[vinsn][2][vtype][vsew][2]/Q (HIGH)

 There are 68 register/latch pins with no clock driven by root clock pin: i_cheshire_soc/gen_cva6_cores[0].gen_ara.i_ara/gen_lanes[1].i_lane/i_vfus/i_vmfpu/vinsn_queue_q_reg[vinsn][3][vtype][vsew][0]/Q (HIGH)

 There are 68 register/latch pins with no clock driven by root clock pin: i_cheshire_soc/gen_cva6_cores[0].gen_ara.i_ara/gen_lanes[1].i_lane/i_vfus/i_vmfpu/vinsn_queue_q_reg[vinsn][3][vtype][vsew][1]/Q (HIGH)

 There are 68 register/latch pins with no clock driven by root clock pin: i_cheshire_soc/gen_cva6_cores[0].gen_ara.i_ara/gen_lanes[1].i_lane/i_vfus/i_vmfpu/vinsn_queue_q_reg[vinsn][3][vtype][vsew][2]/Q (HIGH)

 There is 1 register/latch pin with no clock driven by root clock pin: i_rstgen/i_rstgen_bypass/synch_regs_q_reg[3]/Q (HIGH)


2. checking constant_clock (0)
------------------------------
 There are 0 register/latch pins with constant_clock.


3. checking pulse_width_clock (0)
---------------------------------
 There are 0 register/latch pins which need pulse_width check


4. checking unconstrained_internal_endpoints (137)
--------------------------------------------------
 There are 137 pins that are not constrained for maximum delay. (HIGH)

 There are 0 pins that are not constrained for maximum delay due to constant clock.


5. checking no_input_delay (0)
------------------------------
 There are 0 input ports with no input delay specified.

 There are 0 input ports with no input delay but user has a false path constraint.


6. checking no_output_delay (0)
-------------------------------
 There are 0 ports with no output delay specified.

 There are 0 ports with no output delay but user has a false path constraint

 There are 0 ports with no output delay but with a timing clock defined on it or propagating through it


7. checking multiple_clock (0)
------------------------------
 There are 0 register/latch pins with multiple clocks.


8. checking generated_clocks (0)
--------------------------------
 There are 0 generated clocks that are not connected to a clock source.


9. checking loops (0)
---------------------
 There are 0 combinational loops in the design.


10. checking partial_input_delay (0)
------------------------------------
 There are 0 input ports with partial input delay specified.


11. checking partial_output_delay (0)
-------------------------------------
 There are 0 ports with partial output delay specified.


12. checking latch_loops (0)
----------------------------
 There are 0 combinational latch loops in the design through latch input



------------------------------------------------------------------------------------------------
| Design Timing Summary
| ---------------------
------------------------------------------------------------------------------------------------

    WNS(ns)      TNS(ns)  TNS Failing Endpoints  TNS Total Endpoints      WHS(ns)      THS(ns)  THS Failing Endpoints  THS Total Endpoints     WPWS(ns)     TPWS(ns)  TPWS Failing Endpoints  TPWS Total Endpoints  
    -------      -------  ---------------------  -------------------      -------      -------  ---------------------  -------------------     --------     --------  ----------------------  --------------------  
      3.179        0.000                      0               236024        0.010        0.000                      0               235963        0.500        0.000                       0                 82140  


All user specified timing constraints are met.


------------------------------------------------------------------------------------------------
| Clock Summary
| -------------
------------------------------------------------------------------------------------------------

Clock            Waveform(ns)         Period(ns)      Frequency(MHz)
-----            ------------         ----------      --------------
clk_pl_0         {0.000 5.156}        10.312          96.974          
sys_clk          {0.000 1.666}        3.333           300.030         
  clk_50_clkwiz  {0.000 9.999}        19.998          50.005          


------------------------------------------------------------------------------------------------
| Intra Clock Table
| -----------------
------------------------------------------------------------------------------------------------

Clock                WNS(ns)      TNS(ns)  TNS Failing Endpoints  TNS Total Endpoints      WHS(ns)      THS(ns)  THS Failing Endpoints  THS Total Endpoints     WPWS(ns)     TPWS(ns)  TPWS Failing Endpoints  TPWS Total Endpoints  
-----                -------      -------  ---------------------  -------------------      -------      -------  ---------------------  -------------------     --------     --------  ----------------------  --------------------  
sys_clk                                                                                                                                                            0.500        0.000                       0                     1  
  clk_50_clkwiz        3.179        0.000                      0               167010        0.010        0.000                      0               166949        8.499        0.000                       0                 82139  


------------------------------------------------------------------------------------------------
| Inter Clock Table
| -----------------
------------------------------------------------------------------------------------------------

From Clock    To Clock          WNS(ns)      TNS(ns)  TNS Failing Endpoints  TNS Total Endpoints      WHS(ns)      THS(ns)  THS Failing Endpoints  THS Total Endpoints  
----------    --------          -------      -------  ---------------------  -------------------      -------      -------  ---------------------  -------------------  


------------------------------------------------------------------------------------------------
| Other Path Groups Table
| -----------------------
------------------------------------------------------------------------------------------------

Path Group         From Clock         To Clock               WNS(ns)      TNS(ns)  TNS Failing Endpoints  TNS Total Endpoints      WHS(ns)      THS(ns)  THS Failing Endpoints  THS Total Endpoints  
----------         ----------         --------               -------      -------  ---------------------  -------------------      -------      -------  ---------------------  -------------------  
**async_default**  clk_50_clkwiz      clk_50_clkwiz           15.791        0.000                      0                69014        0.492        0.000                      0                69014  


------------------------------------------------------------------------------------------------
| Timing Details
| --------------
------------------------------------------------------------------------------------------------


---------------------------------------------------------------------------------------------------
From Clock:  sys_clk
  To Clock:  sys_clk

Setup :           NA  Failing Endpoints,  Worst Slack           NA  ,  Total Violation           NA
Hold  :           NA  Failing Endpoints,  Worst Slack           NA  ,  Total Violation           NA
PW    :            0  Failing Endpoints,  Worst Slack        0.500ns,  Total Violation        0.000ns
---------------------------------------------------------------------------------------------------


Pulse Width Checks
--------------------------------------------------------------------------------------
Clock Name:         sys_clk
Waveform(ns):       { 0.000 1.666 }
Period(ns):         3.333
Sources:            { sys_clk_p }

Check Type        Corner  Lib Pin            Reference Pin  Required(ns)  Actual(ns)  Slack(ns)  Location   Pin
Min Period        n/a     MMCME4_ADV/CLKIN1  n/a            1.071         3.333       2.262      MMCM_X0Y0  i_clkwiz/inst/mmcme4_adv_inst/CLKIN1
Max Period        n/a     MMCME4_ADV/CLKIN1  n/a            100.000       3.333       96.667     MMCM_X0Y0  i_clkwiz/inst/mmcme4_adv_inst/CLKIN1
Low Pulse Width   Slow    MMCME4_ADV/CLKIN1  n/a            1.167         1.666       0.500      MMCM_X0Y0  i_clkwiz/inst/mmcme4_adv_inst/CLKIN1
High Pulse Width  Slow    MMCME4_ADV/CLKIN1  n/a            1.167         1.666       0.500      MMCM_X0Y0  i_clkwiz/inst/mmcme4_adv_inst/CLKIN1



---------------------------------------------------------------------------------------------------
From Clock:  clk_50_clkwiz
  To Clock:  clk_50_clkwiz

Setup :            0  Failing Endpoints,  Worst Slack        3.179ns,  Total Violation        0.000ns
Hold  :            0  Failing Endpoints,  Worst Slack        0.010ns,  Total Violation        0.000ns
PW    :            0  Failing Endpoints,  Worst Slack        8.499ns,  Total Violation        0.000ns
---------------------------------------------------------------------------------------------------


Max Delay Paths
--------------------------------------------------------------------------------------
Slack (MET) :             3.179ns  (required time - arrival time)
  Source:                 i_dram_wrapper/gen_cdc.i_axi_cdc_mig/i_axi_cdc_src/i_cdc_fifo_gray_dst_r/i_spill_register/spill_register_flushable_i/gen_spill_reg.a_data_q_reg[id][2]/C
                            (rising edge-triggered cell FDCE clocked by clk_50_clkwiz  {rise@0.000ns fall@9.999ns period=19.998ns})
  Destination:            i_dram_wrapper/i_axi_dw_converter/gen_dw_upsize.i_axi_dw_upsizer/i_axi_demux/i_demux_simple/gen_ar_id_counter.i_ar_id_counter/gen_counters[14].i_in_flight_cnt/counter_q_reg[1]/CE
                            (rising edge-triggered cell FDCE clocked by clk_50_clkwiz  {rise@0.000ns fall@9.999ns period=19.998ns})
  Path Group:             clk_50_clkwiz
  Path Type:              Setup (Max at Slow Process Corner)
  Requirement:            19.998ns  (clk_50_clkwiz rise@19.998ns - clk_50_clkwiz rise@0.000ns)
  Data Path Delay:        16.626ns  (logic 3.526ns (21.208%)  route 13.100ns (78.792%))
  Logic Levels:           39  (LUT2=10 LUT3=4 LUT4=7 LUT5=4 LUT6=13 MUXF7=1)
  Clock Path Skew:        -0.065ns (DCD - SCD + CPR)
    Destination Clock Delay (DCD):    4.457ns = ( 24.455 - 19.998 ) 
    Source Clock Delay      (SCD):    4.251ns
    Clock Pessimism Removal (CPR):    -0.270ns
  Clock Uncertainty:      0.068ns  ((TSJ^2 + DJ^2)^1/2) / 2 + PE
    Total System Jitter     (TSJ):    0.071ns
    Discrete Jitter          (DJ):    0.116ns
    Phase Error              (PE):    0.000ns
  Clock Net Delay (Source):      3.170ns (routing 1.455ns, distribution 1.715ns)
  Clock Net Delay (Destination): 2.811ns (routing 1.322ns, distribution 1.489ns)

    Location             Delay type                Incr(ns)  Path(ns)    Netlist Resource(s)
  -------------------------------------------------------------------    -------------------
                         (clock clk_50_clkwiz rise edge)
                                                      0.000     0.000 r  
    AL8                                               0.000     0.000 r  sys_clk_p (IN)
                         net (fo=0)                   0.000     0.000    i_bufds_sys_clk/I
    HPIOBDIFFINBUF_X0Y11 DIFFINBUF (Prop_DIFFINBUF_HPIOBDIFFINBUF_DIFF_IN_P_O)
                                                      0.489     0.489 r  i_bufds_sys_clk/DIFFINBUF_INST/O
                         net (fo=1, routed)           0.050     0.539    i_bufds_sys_clk/OUT
    AL8                  IBUFCTRL (Prop_IBUFCTRL_HPIOB_M_I_O)
                                                      0.000     0.539 r  i_bufds_sys_clk/IBUFCTRL_INST/O
                         net (fo=1, routed)           0.397     0.936    i_clkwiz/inst/clk_in1
    MMCM_X0Y0            MMCME4_ADV (Prop_MMCM_CLKIN1_CLKOUT0)
                                                     -0.127     0.809 r  i_clkwiz/inst/mmcme4_adv_inst/CLKOUT0
                         net (fo=1, routed)           0.244     1.053    i_clkwiz/inst/clk_50_clkwiz
    BUFGCE_X0Y20         BUFGCE (Prop_BUFCE_BUFGCE_I_O)
                                                      0.028     1.081 r  i_clkwiz/inst/clkout1_buf/O
    X1Y3 (CLOCK_ROOT)    net (fo=82157, routed)       3.170     4.251    i_dram_wrapper/gen_cdc.i_axi_cdc_mig/i_axi_cdc_src/i_cdc_fifo_gray_dst_r/i_spill_register/spill_register_flushable_i/clk_50
    SLICE_X88Y5          FDCE                                         r  i_dram_wrapper/gen_cdc.i_axi_cdc_mig/i_axi_cdc_src/i_cdc_fifo_gray_dst_r/i_spill_register/spill_register_flushable_i/gen_spill_reg.a_data_q_reg[id][2]/C
  -------------------------------------------------------------------    -------------------
    SLICE_X88Y5          FDCE (Prop_CFF_SLICEM_C_Q)
                                                      0.078     4.329 r  i_dram_wrapper/gen_cdc.i_axi_cdc_mig/i_axi_cdc_src/i_cdc_fifo_gray_dst_r/i_spill_register/spill_register_flushable_i/gen_spill_reg.a_data_q_reg[id][2]/Q
                         net (fo=2, routed)           1.174     5.503    i_dram_wrapper/gen_cdc.i_axi_cdc_mig/i_axi_cdc_src/i_cdc_fifo_gray_dst_r/i_spill_register/spill_register_flushable_i/gen_spill_reg.a_data_q_reg[id_n_0_][2]
    SLICE_X70Y89         LUT3 (Prop_E6LUT_SLICEM_I2_O)
                                                      0.148     5.651 r  i_dram_wrapper/gen_cdc.i_axi_cdc_mig/i_axi_cdc_src/i_cdc_fifo_gray_dst_r/i_spill_register/spill_register_flushable_i/spill_register_100_LUT3_4/O
                         net (fo=1, routed)           0.172     5.823    i_dram_wrapper/i_axi_dw_converter/gen_dw_upsize.i_axi_dw_upsizer/i_axi_err_slv/i_atop_filter/dresizer_iresizer_rsp[r][id][2]
    SLICE_X69Y91         LUT5 (Prop_H6LUT_SLICEL_I1_O)
                                                      0.150     5.973 r  i_dram_wrapper/i_axi_dw_converter/gen_dw_upsize.i_axi_dw_upsizer/i_axi_err_slv/i_atop_filter/axi_atop_filter5_LUT5_2/O
                         net (fo=51, routed)          0.718     6.691    i_dram_wrapper/i_axi_dw_converter/gen_dw_upsize.i_axi_dw_upsizer/i_axi_err_slv/i_atop_filter/axi_atop_filter5_net
    SLICE_X47Y109        LUT6 (Prop_G6LUT_SLICEL_I3_O)
                                                      0.089     6.780 f  i_dram_wrapper/i_axi_dw_converter/gen_dw_upsize.i_axi_dw_upsizer/i_axi_err_slv/i_atop_filter/axi_atop_filter5_LUT6_45/O
                         net (fo=1, routed)           0.130     6.910    i_dram_wrapper/i_axi_dw_converter/gen_dw_upsize.i_axi_dw_upsizer/i_axi_err_slv/i_atop_filter/axi_atop_filter5_net_53
    SLICE_X48Y109        LUT6 (Prop_G6LUT_SLICEL_I5_O)
                                                      0.089     6.999 f  i_dram_wrapper/i_axi_dw_converter/gen_dw_upsize.i_axi_dw_upsizer/i_axi_err_slv/i_atop_filter/axi_atop_filter5_LUT6_46/O
                         net (fo=2, routed)           0.413     7.412    i_dram_wrapper/i_axi_dw_converter/gen_dw_upsize.i_axi_dw_upsizer/i_axi_err_slv/i_atop_filter/axi_atop_filter5_net_56
    SLICE_X53Y106        LUT4 (Prop_D5LUT_SLICEM_I2_O)
                                                      0.135     7.547 r  i_dram_wrapper/i_axi_dw_converter/gen_dw_upsize.i_axi_dw_upsizer/i_axi_err_slv/i_atop_filter/axi_atop_filter5_LUT4_2/O
                         net (fo=1, routed)           0.145     7.692    i_dram_wrapper/i_axi_dw_converter/gen_dw_upsize.i_axi_dw_upsizer/i_axi_err_slv/i_atop_filter/axi_atop_filter5_net_61
    SLICE_X54Y106        LUT6 (Prop_H6LUT_SLICEL_I5_O)
                                                      0.150     7.842 r  i_dram_wrapper/i_axi_dw_converter/gen_dw_upsize.i_axi_dw_upsizer/i_axi_err_slv/i_atop_filter/axi_atop_filter5_LUT6_49/O
                         net (fo=2, routed)           0.410     8.252    i_dram_wrapper/i_axi_dw_converter/gen_dw_upsize.i_axi_dw_upsizer/i_axi_err_slv/i_atop_filter/axi_atop_filter5_net_63
    SLICE_X62Y106        LUT2 (Prop_D6LUT_SLICEM_I1_O)
                                                      0.099     8.351 f  i_dram_wrapper/i_axi_dw_converter/gen_dw_upsize.i_axi_dw_upsizer/i_axi_err_slv/i_atop_filter/axi_atop_filter5_LUT2_5/O
                         net (fo=2, routed)           0.083     8.434    i_dram_wrapper/i_axi_dw_converter/gen_dw_upsize.i_axi_dw_upsizer/i_axi_err_slv/i_atop_filter/axi_atop_filter5_net_65
    SLICE_X63Y106        LUT2 (Prop_D5LUT_SLICEL_I1_O)
                                                      0.066     8.500 f  i_dram_wrapper/i_axi_dw_converter/gen_dw_upsize.i_axi_dw_upsizer/i_axi_err_slv/i_atop_filter/axi_atop_filter5_LUT2_15/O
                         net (fo=5, routed)           0.236     8.736    i_dram_wrapper/i_axi_dw_converter/gen_dw_upsize.i_axi_dw_upsizer/i_axi_err_slv/i_atop_filter/axi_atop_filter5_net_88
    SLICE_X66Y106        LUT2 (Prop_F6LUT_SLICEL_I1_O)
                                                      0.123     8.859 f  i_dram_wrapper/i_axi_dw_converter/gen_dw_upsize.i_axi_dw_upsizer/i_axi_err_slv/i_atop_filter/axi_atop_filter5_LUT2_44/O
                         net (fo=3, routed)           0.105     8.964    i_dram_wrapper/i_axi_dw_converter/gen_dw_upsize.i_axi_dw_upsizer/i_axi_err_slv/i_atop_filter/axi_atop_filter5_net_150
    SLICE_X66Y108        LUT3 (Prop_C5LUT_SLICEL_I2_O)
                                                      0.136     9.100 f  i_dram_wrapper/i_axi_dw_converter/gen_dw_upsize.i_axi_dw_upsizer/i_axi_err_slv/i_atop_filter/axi_atop_filter5_LUT3_153/O
                         net (fo=12, routed)          0.300     9.400    i_dram_wrapper/i_axi_dw_converter/gen_dw_upsize.i_axi_dw_upsizer/i_slv_r_arb/gen_arbiter.gen_int_rr.gen_lock.req_q_reg[21]_0
    SLICE_X68Y104        LUT5 (Prop_F6LUT_SLICEM_I0_O)
                                                      0.098     9.498 r  i_dram_wrapper/i_axi_dw_converter/gen_dw_upsize.i_axi_dw_upsizer/i_slv_r_arb/rr_arb_tree_LUT5_5/O
                         net (fo=3, routed)           0.146     9.644    i_dram_wrapper/i_axi_dw_converter/gen_dw_upsize.i_axi_dw_upsizer/i_slv_r_arb/rr_arb_tree_net_23
    SLICE_X68Y103        LUT4 (Prop_B5LUT_SLICEM_I0_O)
                                                      0.116     9.760 f  i_dram_wrapper/i_axi_dw_converter/gen_dw_upsize.i_axi_dw_upsizer/i_slv_r_arb/rr_arb_tree_LUT4_3/O
                         net (fo=69, routed)          0.299    10.059    i_dram_wrapper/i_axi_dw_converter/gen_dw_upsize.i_axi_dw_upsizer/i_slv_r_arb/gen_arbiter.req_nodes_5
    SLICE_X66Y105        LUT4 (Prop_C6LUT_SLICEL_I3_O)
                                                      0.088    10.147 f  i_dram_wrapper/i_axi_dw_converter/gen_dw_upsize.i_axi_dw_upsizer/i_slv_r_arb/rr_arb_tree_LUT4_4/O
                         net (fo=76, routed)          0.269    10.416    i_dram_wrapper/i_axi_dw_converter/gen_dw_upsize.i_axi_dw_upsizer/i_slv_r_arb/gen_arbiter.gen_levels[0].gen_level[0].sel
    SLICE_X68Y106        LUT2 (Prop_C6LUT_SLICEM_I1_O)
                                                      0.051    10.467 r  i_dram_wrapper/i_axi_dw_converter/gen_dw_upsize.i_axi_dw_upsizer/i_slv_r_arb/rr_arb_tree_LUT2_3/O
                         net (fo=10, routed)          1.164    11.631    i_dram_wrapper/i_axi_dw_converter/gen_dw_upsize.i_axi_dw_upsizer/i_slv_r_arb/axi_llc_mst_rsp[r_valid]
    SLICE_X45Y183        LUT4 (Prop_F6LUT_SLICEL_I3_O)
                                                      0.089    11.720 r  i_dram_wrapper/i_axi_dw_converter/gen_dw_upsize.i_axi_dw_upsizer/i_slv_r_arb/rr_arb_tree_LUT4_7/O
                         net (fo=16, routed)          0.417    12.137    i_cheshire_soc/gen_llc.i_llc/i_axi_llc_top_raw/i_refill_unit/i_r_master/gen_arbiter.gen_int_rr.gen_lock.req_q_reg[1]_6[0]
    SLICE_X38Y188        LUT6 (Prop_F6LUT_SLICEL_I0_O)
                                                      0.035    12.172 r  i_cheshire_soc/gen_llc.i_llc/i_axi_llc_top_raw/i_refill_unit/i_r_master/gen_arbiter.rr_q[1]_i_5__4/O
                         net (fo=5, routed)           0.107    12.279    i_cheshire_soc/gen_llc.i_llc/i_axi_llc_top_raw/i_refill_unit/i_r_master/gen_arbiter.gen_int_rr.gen_lock.req_q_reg[1]_5
    SLICE_X38Y189        LUT4 (Prop_B5LUT_SLICEL_I0_O)
                                                      0.165    12.444 r  i_cheshire_soc/gen_llc.i_llc/i_axi_llc_top_raw/i_refill_unit/i_r_master/xpm_memory_base_inst_i_89/O
                         net (fo=5, routed)           0.267    12.711    i_cheshire_soc/gen_llc.i_llc/i_axi_llc_top_raw/i_llc_ways/gen_data_ways[7].i_data_way/way_inp_valid[0]
    SLICE_X37Y194        LUT3 (Prop_B5LUT_SLICEM_I1_O)
                                                      0.072    12.783 r  i_cheshire_soc/gen_llc.i_llc/i_axi_llc_top_raw/i_llc_ways/gen_data_ways[7].i_data_way/gen_arbiter.rr_q[1]_i_3__1/O
                         net (fo=6, routed)           0.222    13.005    i_cheshire_soc/gen_llc.i_llc/i_axi_llc_top_raw/i_llc_ways/i_stream_xbar/gen_outs[7].i_rr_arb_tree/status_cnt_q_reg[3]_i_6
    SLICE_X38Y191        LUT6 (Prop_C6LUT_SLICEL_I1_O)
                                                      0.088    13.093 r  i_cheshire_soc/gen_llc.i_llc/i_axi_llc_top_raw/i_llc_ways/i_stream_xbar/gen_outs[7].i_rr_arb_tree/gen_arbiter.rr_q[4]_i_73/O
                         net (fo=1, routed)           0.010    13.103    i_cheshire_soc/gen_llc.i_llc/i_axi_llc_top_raw/i_llc_ways/i_stream_xbar/gen_outs[4].i_rr_arb_tree/gen_arbiter.rr_q[4]_i_34__0
    SLICE_X38Y191        MUXF7 (Prop_F7MUX_CD_SLICEL_I1_O)
                                                      0.064    13.167 r  i_cheshire_soc/gen_llc.i_llc/i_axi_llc_top_raw/i_llc_ways/i_stream_xbar/gen_outs[4].i_rr_arb_tree/gen_arbiter.rr_q_reg[4]_i_51/O
                         net (fo=1, routed)           0.171    13.338    i_cheshire_soc/gen_llc.i_llc/i_axi_llc_top_raw/i_llc_ways/i_stream_xbar/gen_outs[1].i_rr_arb_tree/counter_q[2]_i_4
    SLICE_X38Y191        LUT3 (Prop_F6LUT_SLICEL_I2_O)
                                                      0.049    13.387 r  i_cheshire_soc/gen_llc.i_llc/i_axi_llc_top_raw/i_llc_ways/i_stream_xbar/gen_outs[1].i_rr_arb_tree/gen_arbiter.rr_q[4]_i_34__0/O
                         net (fo=2, routed)           0.359    13.746    i_cheshire_soc/gen_llc.i_llc/i_axi_llc_top_raw/i_refill_unit/i_r_master/gen_arbiter.gen_int_rr.gen_lock.lock_q_reg_inv_0[0]
    SLICE_X45Y183        LUT6 (Prop_H6LUT_SLICEL_I3_O)
                                                      0.090    13.836 r  i_cheshire_soc/gen_llc.i_llc/i_axi_llc_top_raw/i_refill_unit/i_r_master/gen_arbiter.rr_q[4]_i_8__0/O
                         net (fo=6, routed)           1.038    14.874    i_dram_wrapper/i_axi_dw_converter/gen_dw_upsize.i_axi_dw_upsizer/i_slv_r_arb/axi_llc_mst_req[r_ready]
    SLICE_X63Y105        LUT2 (Prop_C5LUT_SLICEL_I0_O)
                                                      0.110    14.984 r  i_dram_wrapper/i_axi_dw_converter/gen_dw_upsize.i_axi_dw_upsizer/i_slv_r_arb/rr_arb_tree_LUT2_12/O
                         net (fo=8, routed)           0.194    15.178    i_dram_wrapper/i_axi_dw_converter/gen_dw_upsize.i_axi_dw_upsizer/i_slv_r_arb/rr_arb_tree_net_47
    SLICE_X65Y103        LUT4 (Prop_G5LUT_SLICEL_I2_O)
                                                      0.067    15.245 r  i_dram_wrapper/i_axi_dw_converter/gen_dw_upsize.i_axi_dw_upsizer/i_slv_r_arb/rr_arb_tree_LUT4_18/O
                         net (fo=2, routed)           0.110    15.355    i_dram_wrapper/i_axi_dw_converter/gen_dw_upsize.i_axi_dw_upsizer/i_axi_err_slv/i_atop_filter/slv_r_ready_tran[9]
    SLICE_X65Y104        LUT2 (Prop_D5LUT_SLICEL_I0_O)
                                                      0.066    15.421 r  i_dram_wrapper/i_axi_dw_converter/gen_dw_upsize.i_axi_dw_upsizer/i_axi_err_slv/i_atop_filter/axi_atop_filter5_LUT2_151/O
                         net (fo=3, routed)           0.249    15.670    i_dram_wrapper/i_axi_dw_converter/gen_dw_upsize.i_axi_dw_upsizer/i_axi_err_slv/i_atop_filter/axi_atop_filter5_net_1351
    SLICE_X66Y105        LUT5 (Prop_B6LUT_SLICEL_I4_O)
                                                      0.036    15.706 r  i_dram_wrapper/i_axi_dw_converter/gen_dw_upsize.i_axi_dw_upsizer/i_axi_err_slv/i_atop_filter/axi_atop_filter5_LUT5_379/O
                         net (fo=1, routed)           0.244    15.950    i_dram_wrapper/i_axi_dw_converter/gen_dw_upsize.i_axi_dw_upsizer/i_slv_r_arb/gen_arbiter.gen_int_rr.gen_lock.lock_q_i_14_0[0]
    SLICE_X63Y105        LUT6 (Prop_F6LUT_SLICEL_I0_O)
                                                      0.097    16.047 f  i_dram_wrapper/i_axi_dw_converter/gen_dw_upsize.i_axi_dw_upsizer/i_slv_r_arb/rr_arb_tree_LUT6_25/O
                         net (fo=1, routed)           0.318    16.365    i_dram_wrapper/i_axi_dw_converter/gen_dw_upsize.i_axi_dw_upsizer/i_slv_r_arb/rr_arb_tree_net_88
    SLICE_X70Y106        LUT6 (Prop_B6LUT_SLICEM_I5_O)
                                                      0.037    16.402 f  i_dram_wrapper/i_axi_dw_converter/gen_dw_upsize.i_axi_dw_upsizer/i_slv_r_arb/rr_arb_tree_LUT6_26/O
                         net (fo=1, routed)           0.045    16.447    i_dram_wrapper/i_axi_dw_converter/gen_dw_upsize.i_axi_dw_upsizer/i_slv_r_arb/rr_arb_tree_net_94
    SLICE_X70Y106        LUT6 (Prop_G6LUT_SLICEM_I3_O)
                                                      0.100    16.547 f  i_dram_wrapper/i_axi_dw_converter/gen_dw_upsize.i_axi_dw_upsizer/i_slv_r_arb/rr_arb_tree_LUT6_29/O
                         net (fo=1, routed)           0.090    16.637    i_dram_wrapper/i_axi_dw_converter/gen_dw_upsize.i_axi_dw_upsizer/i_slv_r_arb/rr_arb_tree_net_98
    SLICE_X70Y104        LUT6 (Prop_F6LUT_SLICEM_I4_O)
                                                      0.037    16.674 r  i_dram_wrapper/i_axi_dw_converter/gen_dw_upsize.i_axi_dw_upsizer/i_slv_r_arb/rr_arb_tree_LUT6_30/O
                         net (fo=1, routed)           0.396    17.070    i_dram_wrapper/i_axi_dw_converter/gen_dw_upsize.i_axi_dw_upsizer/i_axi_err_slv/i_atop_filter/gen_arbiter.gen_int_rr.gen_lock.lock_q_i_3_3
    SLICE_X61Y102        LUT5 (Prop_H6LUT_SLICEM_I1_O)
                                                      0.039    17.109 f  i_dram_wrapper/i_axi_dw_converter/gen_dw_upsize.i_axi_dw_upsizer/i_axi_err_slv/i_atop_filter/axi_atop_filter5_LUT5_323/O
                         net (fo=1, routed)           0.200    17.309    i_dram_wrapper/i_axi_dw_converter/gen_dw_upsize.i_axi_dw_upsizer/i_axi_err_slv/i_atop_filter/axi_atop_filter5_net_1278
    SLICE_X58Y102        LUT6 (Prop_H6LUT_SLICEM_I5_O)
                                                      0.053    17.362 f  i_dram_wrapper/i_axi_dw_converter/gen_dw_upsize.i_axi_dw_upsizer/i_axi_err_slv/i_atop_filter/axi_atop_filter5_LUT6_828/O
                         net (fo=1, routed)           0.042    17.404    i_dram_wrapper/i_axi_dw_converter/gen_dw_upsize.i_axi_dw_upsizer/i_axi_err_slv/i_atop_filter/axi_atop_filter5_net_1279
    SLICE_X58Y102        LUT6 (Prop_G6LUT_SLICEM_I5_O)
                                                      0.037    17.441 f  i_dram_wrapper/i_axi_dw_converter/gen_dw_upsize.i_axi_dw_upsizer/i_axi_err_slv/i_atop_filter/axi_atop_filter5_LUT6_829/O
                         net (fo=1, routed)           0.361    17.802    i_dram_wrapper/i_axi_dw_converter/gen_dw_upsize.i_axi_dw_upsizer/i_axi_err_slv/i_atop_filter/axi_atop_filter5_net_1282
    SLICE_X68Y102        LUT6 (Prop_H6LUT_SLICEM_I5_O)
                                                      0.053    17.855 r  i_dram_wrapper/i_axi_dw_converter/gen_dw_upsize.i_axi_dw_upsizer/i_axi_err_slv/i_atop_filter/axi_atop_filter5_LUT6_830/O
                         net (fo=5, routed)           0.750    18.605    i_dram_wrapper/i_axi_dw_converter/gen_dw_upsize.i_axi_dw_upsizer/i_axi_err_slv/i_atop_filter/gen_read_upsizer[9].r_state_q_reg[0]_0
    SLICE_X87Y87         LUT2 (Prop_H6LUT_SLICEM_I1_O)
                                                      0.152    18.757 r  i_dram_wrapper/i_axi_dw_converter/gen_dw_upsize.i_axi_dw_upsizer/i_axi_err_slv/i_atop_filter/axi_atop_filter5_LUT2_66/O
                         net (fo=2, routed)           0.336    19.093    i_dram_wrapper/i_axi_dw_converter/gen_dw_upsize.i_axi_dw_upsizer/i_axi_err_slv/i_atop_filter/axi_atop_filter5_net_1285
    SLICE_X90Y78         LUT2 (Prop_D5LUT_SLICEM_I1_O)
                                                      0.066    19.159 r  i_dram_wrapper/i_axi_dw_converter/gen_dw_upsize.i_axi_dw_upsizer/i_axi_err_slv/i_atop_filter/axi_atop_filter5_LUT2_84/O
                         net (fo=2, routed)           0.515    19.674    i_dram_wrapper/i_axi_dw_converter/gen_dw_upsize.i_axi_dw_upsizer/i_axi_err_slv/i_atop_filter/axi_atop_filter5_net_1303
    SLICE_X91Y37         LUT2 (Prop_F5LUT_SLICEM_I1_O)
                                                      0.105    19.779 r  i_dram_wrapper/i_axi_dw_converter/gen_dw_upsize.i_axi_dw_upsizer/i_axi_err_slv/i_atop_filter/axi_atop_filter5_LUT2_87/O
                         net (fo=5, routed)           0.153    19.932    i_dram_wrapper/i_axi_dw_converter/gen_dw_upsize.i_axi_dw_upsizer/i_axi_err_slv/i_atop_filter/axi_atop_filter5_net_1306
    SLICE_X91Y35         LUT4 (Prop_B5LUT_SLICEM_I3_O)
                                                      0.103    20.035 r  i_dram_wrapper/i_axi_dw_converter/gen_dw_upsize.i_axi_dw_upsizer/i_axi_err_slv/i_atop_filter/axi_atop_filter5_LUT4_245/O
                         net (fo=5, routed)           0.422    20.457    i_dram_wrapper/i_axi_dw_converter/gen_dw_upsize.i_axi_dw_upsizer/i_axi_err_slv/i_atop_filter/axi_atop_filter5_net_1307
    SLICE_X88Y24         LUT2 (Prop_A6LUT_SLICEM_I1_O)
                                                      0.100    20.557 r  i_dram_wrapper/i_axi_dw_converter/gen_dw_upsize.i_axi_dw_upsizer/i_axi_err_slv/i_atop_filter/axi_atop_filter5_LUT2_110/O
                         net (fo=7, routed)           0.320    20.877    i_dram_wrapper/i_axi_dw_converter/gen_dw_upsize.i_axi_dw_upsizer/i_axi_demux/i_demux_simple/gen_ar_id_counter.i_ar_id_counter/gen_counters[14].i_in_flight_cnt/counter_q_reg[0]_0[0]
    SLICE_X88Y23         FDCE                                         r  i_dram_wrapper/i_axi_dw_converter/gen_dw_upsize.i_axi_dw_upsizer/i_axi_demux/i_demux_simple/gen_ar_id_counter.i_ar_id_counter/gen_counters[14].i_in_flight_cnt/counter_q_reg[1]/CE
  -------------------------------------------------------------------    -------------------

                         (clock clk_50_clkwiz rise edge)
                                                     19.998    19.998 r  
    AL8                                               0.000    19.998 r  sys_clk_p (IN)
                         net (fo=0)                   0.000    19.998    i_bufds_sys_clk/I
    HPIOBDIFFINBUF_X0Y11 DIFFINBUF (Prop_DIFFINBUF_HPIOBDIFFINBUF_DIFF_IN_P_O)
                                                      0.394    20.392 r  i_bufds_sys_clk/DIFFINBUF_INST/O
                         net (fo=1, routed)           0.040    20.432    i_bufds_sys_clk/OUT
    AL8                  IBUFCTRL (Prop_IBUFCTRL_HPIOB_M_I_O)
                                                      0.000    20.432 r  i_bufds_sys_clk/IBUFCTRL_INST/O
                         net (fo=1, routed)           0.344    20.776    i_clkwiz/inst/clk_in1
    MMCM_X0Y0            MMCME4_ADV (Prop_MMCM_CLKIN1_CLKOUT0)
                                                      0.630    21.406 r  i_clkwiz/inst/mmcme4_adv_inst/CLKOUT0
                         net (fo=1, routed)           0.214    21.620    i_clkwiz/inst/clk_50_clkwiz
    BUFGCE_X0Y20         BUFGCE (Prop_BUFCE_BUFGCE_I_O)
                                                      0.024    21.644 r  i_clkwiz/inst/clkout1_buf/O
    X1Y3 (CLOCK_ROOT)    net (fo=82157, routed)       2.811    24.455    i_dram_wrapper/i_axi_dw_converter/gen_dw_upsize.i_axi_dw_upsizer/i_axi_demux/i_demux_simple/gen_ar_id_counter.i_ar_id_counter/gen_counters[14].i_in_flight_cnt/clk_50
    SLICE_X88Y23         FDCE                                         r  i_dram_wrapper/i_axi_dw_converter/gen_dw_upsize.i_axi_dw_upsizer/i_axi_demux/i_demux_simple/gen_ar_id_counter.i_ar_id_counter/gen_counters[14].i_in_flight_cnt/counter_q_reg[1]/C
                         clock pessimism             -0.270    24.185    
                         clock uncertainty           -0.068    24.117    
    SLICE_X88Y23         FDCE (Setup_DFF2_SLICEM_C_CE)
                                                     -0.060    24.057    i_dram_wrapper/i_axi_dw_converter/gen_dw_upsize.i_axi_dw_upsizer/i_axi_demux/i_demux_simple/gen_ar_id_counter.i_ar_id_counter/gen_counters[14].i_in_flight_cnt/counter_q_reg[1]
  -------------------------------------------------------------------
                         required time                         24.057    
                         arrival time                         -20.877    
  -------------------------------------------------------------------
                         slack                                  3.179    





Min Delay Paths
--------------------------------------------------------------------------------------
Slack (MET) :             0.010ns  (arrival time - required time)
  Source:                 i_cheshire_soc/i_axi_xbar/gen_slv_port_demux[3].i_axi_demux/i_r_spill_reg/spill_register_flushable_i/gen_spill_reg.a_data_q_reg[data][63]/C
                            (rising edge-triggered cell FDCE clocked by clk_50_clkwiz  {rise@0.000ns fall@9.999ns period=19.998ns})
  Destination:            i_cheshire_soc/i_axi_xbar/gen_slv_port_demux[3].i_axi_demux/i_r_spill_reg/spill_register_flushable_i/gen_spill_reg.b_data_q_reg[data][63]/D
                            (rising edge-triggered cell FDCE clocked by clk_50_clkwiz  {rise@0.000ns fall@9.999ns period=19.998ns})
  Path Group:             clk_50_clkwiz
  Path Type:              Hold (Min at Slow Process Corner)
  Requirement:            0.000ns  (clk_50_clkwiz rise@0.000ns - clk_50_clkwiz rise@0.000ns)
  Data Path Delay:        0.169ns  (logic 0.061ns (36.095%)  route 0.108ns (63.905%))
  Logic Levels:           0  
  Clock Path Skew:        0.097ns (DCD - SCD - CPR)
    Destination Clock Delay (DCD):    4.141ns
    Source Clock Delay      (SCD):    4.377ns
    Clock Pessimism Removal (CPR):    -0.332ns
  Clock Net Delay (Source):      2.731ns (routing 1.322ns, distribution 1.409ns)
  Clock Net Delay (Destination): 3.060ns (routing 1.455ns, distribution 1.605ns)

    Location             Delay type                Incr(ns)  Path(ns)    Netlist Resource(s)
  -------------------------------------------------------------------    -------------------
                         (clock clk_50_clkwiz rise edge)
                                                      0.000     0.000 r  
    AL8                                               0.000     0.000 r  sys_clk_p (IN)
                         net (fo=0)                   0.000     0.000    i_bufds_sys_clk/I
    HPIOBDIFFINBUF_X0Y11 DIFFINBUF (Prop_DIFFINBUF_HPIOBDIFFINBUF_DIFF_IN_P_O)
                                                      0.394     0.394 r  i_bufds_sys_clk/DIFFINBUF_INST/O
                         net (fo=1, routed)           0.040     0.434    i_bufds_sys_clk/OUT
    AL8                  IBUFCTRL (Prop_IBUFCTRL_HPIOB_M_I_O)
                                                      0.000     0.434 r  i_bufds_sys_clk/IBUFCTRL_INST/O
                         net (fo=1, routed)           0.344     0.778    i_clkwiz/inst/clk_in1
    MMCM_X0Y0            MMCME4_ADV (Prop_MMCM_CLKIN1_CLKOUT0)
                                                      0.630     1.408 r  i_clkwiz/inst/mmcme4_adv_inst/CLKOUT0
                         net (fo=1, routed)           0.214     1.622    i_clkwiz/inst/clk_50_clkwiz
    BUFGCE_X0Y20         BUFGCE (Prop_BUFCE_BUFGCE_I_O)
                                                      0.024     1.646 r  i_clkwiz/inst/clkout1_buf/O
    X1Y3 (CLOCK_ROOT)    net (fo=82157, routed)       2.731     4.377    i_cheshire_soc/i_axi_xbar/gen_slv_port_demux[3].i_axi_demux/i_r_spill_reg/spill_register_flushable_i/clk_50
    SLICE_X23Y362        FDCE                                         r  i_cheshire_soc/i_axi_xbar/gen_slv_port_demux[3].i_axi_demux/i_r_spill_reg/spill_register_flushable_i/gen_spill_reg.a_data_q_reg[data][63]/C
  -------------------------------------------------------------------    -------------------
    SLICE_X23Y362        FDCE (Prop_DFF2_SLICEL_C_Q)
                                                      0.061     4.438 r  i_cheshire_soc/i_axi_xbar/gen_slv_port_demux[3].i_axi_demux/i_r_spill_reg/spill_register_flushable_i/gen_spill_reg.a_data_q_reg[data][63]/Q
                         net (fo=2, routed)           0.108     4.546    i_cheshire_soc/i_axi_xbar/gen_slv_port_demux[3].i_axi_demux/i_r_spill_reg/spill_register_flushable_i/gen_spill_reg.a_data_q_reg[data][63]
    SLICE_X21Y364        FDCE                                         r  i_cheshire_soc/i_axi_xbar/gen_slv_port_demux[3].i_axi_demux/i_r_spill_reg/spill_register_flushable_i/gen_spill_reg.b_data_q_reg[data][63]/D
  -------------------------------------------------------------------    -------------------

                         (clock clk_50_clkwiz rise edge)
                                                      0.000     0.000 r  
    AL8                                               0.000     0.000 r  sys_clk_p (IN)
                         net (fo=0)                   0.000     0.000    i_bufds_sys_clk/I
    HPIOBDIFFINBUF_X0Y11 DIFFINBUF (Prop_DIFFINBUF_HPIOBDIFFINBUF_DIFF_IN_P_O)
                                                      0.489     0.489 r  i_bufds_sys_clk/DIFFINBUF_INST/O
                         net (fo=1, routed)           0.050     0.539    i_bufds_sys_clk/OUT
    AL8                  IBUFCTRL (Prop_IBUFCTRL_HPIOB_M_I_O)
                                                      0.000     0.539 r  i_bufds_sys_clk/IBUFCTRL_INST/O
                         net (fo=1, routed)           0.397     0.936    i_clkwiz/inst/clk_in1
    MMCM_X0Y0            MMCME4_ADV (Prop_MMCM_CLKIN1_CLKOUT0)
                                                     -0.127     0.809 r  i_clkwiz/inst/mmcme4_adv_inst/CLKOUT0
                         net (fo=1, routed)           0.244     1.053    i_clkwiz/inst/clk_50_clkwiz
    BUFGCE_X0Y20         BUFGCE (Prop_BUFCE_BUFGCE_I_O)
                                                      0.028     1.081 r  i_clkwiz/inst/clkout1_buf/O
    X1Y3 (CLOCK_ROOT)    net (fo=82157, routed)       3.060     4.141    i_cheshire_soc/i_axi_xbar/gen_slv_port_demux[3].i_axi_demux/i_r_spill_reg/spill_register_flushable_i/clk_50
    SLICE_X21Y364        FDCE                                         r  i_cheshire_soc/i_axi_xbar/gen_slv_port_demux[3].i_axi_demux/i_r_spill_reg/spill_register_flushable_i/gen_spill_reg.b_data_q_reg[data][63]/C
                         clock pessimism              0.332     4.473    
    SLICE_X21Y364        FDCE (Hold_FFF2_SLICEL_C_D)
                                                      0.062     4.535    i_cheshire_soc/i_axi_xbar/gen_slv_port_demux[3].i_axi_demux/i_r_spill_reg/spill_register_flushable_i/gen_spill_reg.b_data_q_reg[data][63]
  -------------------------------------------------------------------
                         required time                         -4.535    
                         arrival time                           4.546    
  -------------------------------------------------------------------
                         slack                                  0.010    





Pulse Width Checks
--------------------------------------------------------------------------------------
Clock Name:         clk_50_clkwiz
Waveform(ns):       { 0.000 9.999 }
Period(ns):         19.998
Sources:            { i_clkwiz/inst/mmcme4_adv_inst/CLKOUT0 }

Check Type        Corner  Lib Pin          Reference Pin  Required(ns)  Actual(ns)  Slack(ns)  Location  Pin
Min Period        n/a     PS8/MAXIGP2ACLK  n/a            3.000         19.998      16.998     PS8_X0Y0  i_zynqmp/inst/PS8_i/MAXIGP2ACLK
Low Pulse Width   Slow    PS8/MAXIGP2ACLK  n/a            1.500         9.999       8.499      PS8_X0Y0  i_zynqmp/inst/PS8_i/MAXIGP2ACLK
High Pulse Width  Slow    PS8/MAXIGP2ACLK  n/a            1.500         9.999       8.499      PS8_X0Y0  i_zynqmp/inst/PS8_i/MAXIGP2ACLK



---------------------------------------------------------------------------------------------------
Path Group:  **async_default**
From Clock:  clk_50_clkwiz
  To Clock:  clk_50_clkwiz

Setup :            0  Failing Endpoints,  Worst Slack       15.791ns,  Total Violation        0.000ns
Hold  :            0  Failing Endpoints,  Worst Slack        0.492ns,  Total Violation        0.000ns
---------------------------------------------------------------------------------------------------


Max Delay Paths
--------------------------------------------------------------------------------------
Slack (MET) :             15.791ns  (required time - arrival time)
  Source:                 i_rstgen/i_rstgen_bypass/synch_regs_q_reg[3]/C
                            (rising edge-triggered cell FDCE clocked by clk_50_clkwiz  {rise@0.000ns fall@9.999ns period=19.998ns})
  Destination:            i_cheshire_soc/gen_ext_in_intr_syncs[0].i_ext_intr_sync/reg_q_reg[0]/CLR
                            (recovery check against rising-edge clock clk_50_clkwiz  {rise@0.000ns fall@9.999ns period=19.998ns})
  Path Group:             **async_default**
  Path Type:              Recovery (Max at Slow Process Corner)
  Requirement:            19.998ns  (clk_50_clkwiz rise@19.998ns - clk_50_clkwiz rise@0.000ns)
  Data Path Delay:        3.851ns  (logic 0.297ns (7.712%)  route 3.554ns (92.288%))
  Logic Levels:           2  (BUFGCTRL=1 LUT1=1)
  Clock Path Skew:        -0.222ns (DCD - SCD + CPR)
    Destination Clock Delay (DCD):    4.437ns = ( 24.435 - 19.998 ) 
    Source Clock Delay      (SCD):    4.227ns
    Clock Pessimism Removal (CPR):    -0.431ns
  Clock Uncertainty:      0.068ns  ((TSJ^2 + DJ^2)^1/2) / 2 + PE
    Total System Jitter     (TSJ):    0.071ns
    Discrete Jitter          (DJ):    0.116ns
    Phase Error              (PE):    0.000ns
  Clock Net Delay (Source):      3.146ns (routing 1.455ns, distribution 1.691ns)
  Clock Net Delay (Destination): 2.791ns (routing 1.322ns, distribution 1.469ns)

    Location             Delay type                Incr(ns)  Path(ns)    Netlist Resource(s)
  -------------------------------------------------------------------    -------------------
                         (clock clk_50_clkwiz rise edge)
                                                      0.000     0.000 r  
    AL8                                               0.000     0.000 r  sys_clk_p (IN)
                         net (fo=0)                   0.000     0.000    i_bufds_sys_clk/I
    HPIOBDIFFINBUF_X0Y11 DIFFINBUF (Prop_DIFFINBUF_HPIOBDIFFINBUF_DIFF_IN_P_O)
                                                      0.489     0.489 r  i_bufds_sys_clk/DIFFINBUF_INST/O
                         net (fo=1, routed)           0.050     0.539    i_bufds_sys_clk/OUT
    AL8                  IBUFCTRL (Prop_IBUFCTRL_HPIOB_M_I_O)
                                                      0.000     0.539 r  i_bufds_sys_clk/IBUFCTRL_INST/O
                         net (fo=1, routed)           0.397     0.936    i_clkwiz/inst/clk_in1
    MMCM_X0Y0            MMCME4_ADV (Prop_MMCM_CLKIN1_CLKOUT0)
                                                     -0.127     0.809 r  i_clkwiz/inst/mmcme4_adv_inst/CLKOUT0
                         net (fo=1, routed)           0.244     1.053    i_clkwiz/inst/clk_50_clkwiz
    BUFGCE_X0Y20         BUFGCE (Prop_BUFCE_BUFGCE_I_O)
                                                      0.028     1.081 r  i_clkwiz/inst/clkout1_buf/O
    X1Y3 (CLOCK_ROOT)    net (fo=82157, routed)       3.146     4.227    i_rstgen/i_rstgen_bypass/clk_50
    SLICE_X95Y36         FDCE                                         r  i_rstgen/i_rstgen_bypass/synch_regs_q_reg[3]/C
  -------------------------------------------------------------------    -------------------
    SLICE_X95Y36         FDCE (Prop_FFF2_SLICEL_C_Q)
                                                      0.081     4.308 r  i_rstgen/i_rstgen_bypass/synch_regs_q_reg[3]/Q
                         net (fo=1, routed)           0.622     4.930    i_rstgen/i_rstgen_bypass/i_tc_clk_mux2_rst_no/Q[0]
    BUFGCTRL_X0Y2        BUFGCTRL (Prop_BUFGCTRL_I0_O)
                                                      0.092     5.022 r  i_rstgen/i_rstgen_bypass/i_tc_clk_mux2_rst_no/i_BUFGMUX/O
                         net (fo=69535, routed)       2.754     7.776    i_cheshire_soc/gen_ext_in_intr_syncs[0].i_ext_intr_sync/rst_ni
    SLICE_X1Y415         LUT1 (Prop_E6LUT_SLICEM_I0_O)
                                                      0.124     7.900 f  i_cheshire_soc/gen_ext_in_intr_syncs[0].i_ext_intr_sync/reg_q[1]_i_1/O
                         net (fo=2, routed)           0.178     8.078    i_cheshire_soc/gen_ext_in_intr_syncs[0].i_ext_intr_sync/reg_q[1]_i_1_n_0
    SLICE_X1Y415         FDCE                                         f  i_cheshire_soc/gen_ext_in_intr_syncs[0].i_ext_intr_sync/reg_q_reg[0]/CLR
  -------------------------------------------------------------------    -------------------

                         (clock clk_50_clkwiz rise edge)
                                                     19.998    19.998 r  
    AL8                                               0.000    19.998 r  sys_clk_p (IN)
                         net (fo=0)                   0.000    19.998    i_bufds_sys_clk/I
    HPIOBDIFFINBUF_X0Y11 DIFFINBUF (Prop_DIFFINBUF_HPIOBDIFFINBUF_DIFF_IN_P_O)
                                                      0.394    20.392 r  i_bufds_sys_clk/DIFFINBUF_INST/O
                         net (fo=1, routed)           0.040    20.432    i_bufds_sys_clk/OUT
    AL8                  IBUFCTRL (Prop_IBUFCTRL_HPIOB_M_I_O)
                                                      0.000    20.432 r  i_bufds_sys_clk/IBUFCTRL_INST/O
                         net (fo=1, routed)           0.344    20.776    i_clkwiz/inst/clk_in1
    MMCM_X0Y0            MMCME4_ADV (Prop_MMCM_CLKIN1_CLKOUT0)
                                                      0.630    21.406 r  i_clkwiz/inst/mmcme4_adv_inst/CLKOUT0
                         net (fo=1, routed)           0.214    21.620    i_clkwiz/inst/clk_50_clkwiz
    BUFGCE_X0Y20         BUFGCE (Prop_BUFCE_BUFGCE_I_O)
                                                      0.024    21.644 r  i_clkwiz/inst/clkout1_buf/O
    X1Y3 (CLOCK_ROOT)    net (fo=82157, routed)       2.791    24.435    i_cheshire_soc/gen_ext_in_intr_syncs[0].i_ext_intr_sync/clk_i
    SLICE_X1Y415         FDCE                                         r  i_cheshire_soc/gen_ext_in_intr_syncs[0].i_ext_intr_sync/reg_q_reg[0]/C
                         clock pessimism             -0.431    24.003    
                         clock uncertainty           -0.068    23.935    
    SLICE_X1Y415         FDCE (Recov_DFF2_SLICEM_C_CLR)
                                                     -0.066    23.869    i_cheshire_soc/gen_ext_in_intr_syncs[0].i_ext_intr_sync/reg_q_reg[0]
  -------------------------------------------------------------------
                         required time                         23.869    
                         arrival time                          -8.078    
  -------------------------------------------------------------------
                         slack                                 15.791    





Min Delay Paths
--------------------------------------------------------------------------------------
Slack (MET) :             0.492ns  (arrival time - required time)
  Source:                 i_cheshire_soc/gen_cva6_cores[0].gen_ara.i_ara/gen_lanes[0].i_lane/i_operand_queues/lsu_ex_flush_o_reg/C
                            (rising edge-triggered cell FDCE clocked by clk_50_clkwiz  {rise@0.000ns fall@9.999ns period=19.998ns})
  Destination:            i_cheshire_soc/gen_cva6_cores[0].gen_ara.i_ara/i_vlsu/i_vldu/lsu_ex_flush_q_reg/F2/PRE
                            (removal check against rising-edge clock clk_50_clkwiz  {rise@0.000ns fall@9.999ns period=19.998ns})
  Path Group:             **async_default**
  Path Type:              Removal (Min at Fast Process Corner)
  Requirement:            0.000ns  (clk_50_clkwiz rise@0.000ns - clk_50_clkwiz rise@0.000ns)
  Data Path Delay:        0.448ns  (logic 0.060ns (13.393%)  route 0.388ns (86.607%))
  Logic Levels:           1  (LUT2=1)
  Clock Path Skew:        -0.024ns (DCD - SCD - CPR)
    Destination Clock Delay (DCD):    2.296ns
    Source Clock Delay      (SCD):    2.549ns
    Clock Pessimism Removal (CPR):    -0.228ns
  Clock Net Delay (Source):      1.665ns (routing 0.795ns, distribution 0.870ns)
  Clock Net Delay (Destination): 1.781ns (routing 0.885ns, distribution 0.896ns)

    Location             Delay type                Incr(ns)  Path(ns)    Netlist Resource(s)
  -------------------------------------------------------------------    -------------------
                         (clock clk_50_clkwiz rise edge)
                                                      0.000     0.000 r  
    AL8                                               0.000     0.000 r  sys_clk_p (IN)
                         net (fo=0)                   0.000     0.000    i_bufds_sys_clk/I
    HPIOBDIFFINBUF_X0Y11 DIFFINBUF (Prop_DIFFINBUF_HPIOBDIFFINBUF_DIFF_IN_P_O)
                                                      0.249     0.249 r  i_bufds_sys_clk/DIFFINBUF_INST/O
                         net (fo=1, routed)           0.040     0.289    i_bufds_sys_clk/OUT
    AL8                  IBUFCTRL (Prop_IBUFCTRL_HPIOB_M_I_O)
                                                      0.000     0.289 r  i_bufds_sys_clk/IBUFCTRL_INST/O
                         net (fo=1, routed)           0.203     0.492    i_clkwiz/inst/clk_in1
    MMCM_X0Y0            MMCME4_ADV (Prop_MMCM_CLKIN1_CLKOUT0)
                                                      0.230     0.722 r  i_clkwiz/inst/mmcme4_adv_inst/CLKOUT0
                         net (fo=1, routed)           0.145     0.867    i_clkwiz/inst/clk_50_clkwiz
    BUFGCE_X0Y20         BUFGCE (Prop_BUFCE_BUFGCE_I_O)
                                                      0.017     0.884 r  i_clkwiz/inst/clkout1_buf/O
    X1Y3 (CLOCK_ROOT)    net (fo=82157, routed)       1.665     2.549    i_cheshire_soc/gen_cva6_cores[0].gen_ara.i_ara/gen_lanes[0].i_lane/i_operand_queues/clk_50
    SLICE_X13Y250        FDCE                                         r  i_cheshire_soc/gen_cva6_cores[0].gen_ara.i_ara/gen_lanes[0].i_lane/i_operand_queues/lsu_ex_flush_o_reg/C
  -------------------------------------------------------------------    -------------------
    SLICE_X13Y250        FDCE (Prop_EFF_SLICEM_C_Q)
                                                      0.038     2.587 f  i_cheshire_soc/gen_cva6_cores[0].gen_ara.i_ara/gen_lanes[0].i_lane/i_operand_queues/lsu_ex_flush_o_reg/Q
                         net (fo=69, routed)          0.314     2.901    i_cheshire_soc/gen_cva6_cores[0].gen_ara.i_ara/gen_lanes[0].i_lane/i_operand_queues/lsu_ex_flush_stu[0]
    SLICE_X35Y254        LUT2 (Prop_E6LUT_SLICEM_I0_O)
                                                      0.022     2.923 f  i_cheshire_soc/gen_cva6_cores[0].gen_ara.i_ara/gen_lanes[0].i_lane/i_operand_queues/lsu_ex_flush_q_i_2_comp/O
                         net (fo=2, routed)           0.074     2.997    i_cheshire_soc/gen_cva6_cores[0].gen_ara.i_ara/i_vlsu/i_vldu/lsu_ex_flush_q_reg/PRE
    SLICE_X35Y254        FDPE                                         f  i_cheshire_soc/gen_cva6_cores[0].gen_ara.i_ara/i_vlsu/i_vldu/lsu_ex_flush_q_reg/F2/PRE
  -------------------------------------------------------------------    -------------------

                         (clock clk_50_clkwiz rise edge)
                                                      0.000     0.000 r  
    AL8                                               0.000     0.000 r  sys_clk_p (IN)
                         net (fo=0)                   0.000     0.000    i_bufds_sys_clk/I
    HPIOBDIFFINBUF_X0Y11 DIFFINBUF (Prop_DIFFINBUF_HPIOBDIFFINBUF_DIFF_IN_P_O)
                                                      0.346     0.346 r  i_bufds_sys_clk/DIFFINBUF_INST/O
                         net (fo=1, routed)           0.050     0.396    i_bufds_sys_clk/OUT
    AL8                  IBUFCTRL (Prop_IBUFCTRL_HPIOB_M_I_O)
                                                      0.000     0.396 r  i_bufds_sys_clk/IBUFCTRL_INST/O
                         net (fo=1, routed)           0.230     0.626    i_clkwiz/inst/clk_in1
    MMCM_X0Y0            MMCME4_ADV (Prop_MMCM_CLKIN1_CLKOUT0)
                                                     -0.295     0.331 r  i_clkwiz/inst/mmcme4_adv_inst/CLKOUT0
                         net (fo=1, routed)           0.165     0.496    i_clkwiz/inst/clk_50_clkwiz
    BUFGCE_X0Y20         BUFGCE (Prop_BUFCE_BUFGCE_I_O)
                                                      0.019     0.515 r  i_clkwiz/inst/clkout1_buf/O
    X1Y3 (CLOCK_ROOT)    net (fo=82157, routed)       1.781     2.296    i_cheshire_soc/gen_cva6_cores[0].gen_ara.i_ara/i_vlsu/i_vldu/lsu_ex_flush_q_reg/C
    SLICE_X35Y254        FDPE                                         r  i_cheshire_soc/gen_cva6_cores[0].gen_ara.i_ara/i_vlsu/i_vldu/lsu_ex_flush_q_reg/F2/C
                         clock pessimism              0.228     2.524    
    SLICE_X35Y254        FDPE (Remov_EFF_SLICEM_C_PRE)
                                                     -0.020     2.504    i_cheshire_soc/gen_cva6_cores[0].gen_ara.i_ara/i_vlsu/i_vldu/lsu_ex_flush_q_reg/F2
  -------------------------------------------------------------------
                         required time                         -2.504    
                         arrival time                           2.997    
  -------------------------------------------------------------------
                         slack                                  0.492    





