Copyright 1986-2021 Xilinx, Inc. All Rights Reserved.
------------------------------------------------------------------------------------------------------------------------------------------------------
| Tool Version      : Vivado v.2021.1_AR76780 (lin64) Build 3247384 Thu Jun 10 19:36:07 MDT 2021
| Date              : Wed Sep  2 04:43:18 2026
| Host              : coroni running 64-bit Ubuntu 18.04.6 LTS
| Command           : report_timing_summary -file /home/smitropoulos/cheshire_soc/target/xilinx/build/zcu102.cheshire/reports.impl/timing_summary.rpt
| Design            : cheshire_top_xilinx
| Device            : xczu9eg-ffvb1156
| Speed File        : -2  PRODUCTION 1.29 08-03-2020
| Temperature Grade : E
------------------------------------------------------------------------------------------------------------------------------------------------------

Timing Summary Report

------------------------------------------------------------------------------------------------
| Timer Settings
| --------------
------------------------------------------------------------------------------------------------

  Enable Multi Corner Analysis               :  Yes
  Enable Pessimism Removal                   :  Yes
  Pessimism Removal Resolution               :  Nearest Common Node
  Enable Input Delay Default Clock           :  No
  Enable Preset / Clear Arcs                 :  No
  Disable Flight Delays                      :  No
  Ignore I/O Paths                           :  No
  Timing Early Launch at Borrowing Latches   :  No
  Borrow Time for Max Delay Exceptions       :  Yes
  Merge Timing Exceptions                    :  Yes

  Corner  Analyze    Analyze    
  Name    Max Paths  Min Paths  
  ------  ---------  ---------  
  Slow    Yes        Yes        
  Fast    Yes        Yes        


------------------------------------------------------------------------------------------------
| Report Methodology
| ------------------
------------------------------------------------------------------------------------------------

Rule       Severity  Description                   Violations  
---------  --------  ----------------------------  ----------  
DPIR-2     Warning   Asynchronous driver check     4575        
LUTAR-1    Warning   LUT drives async reset alert  2           
SYNTH-10   Warning   Wide multiplier               115         
TIMING-20  Warning   Non-clocked latch             273         

Note: This report is based on the most recent report_methodology run and may not be up-to-date. Run report_methodology on the current design for the latest report.



check_timing report

Table of Contents
-----------------
1. checking no_clock (4626)
2. checking constant_clock (0)
3. checking pulse_width_clock (0)
4. checking unconstrained_internal_endpoints (273)
5. checking no_input_delay (0)
6. checking no_output_delay (0)
7. checking multiple_clock (0)
8. checking generated_clocks (0)
9. checking loops (0)
10. checking partial_input_delay (0)
11. checking partial_output_delay (0)
12. checking latch_loops (0)

1. checking no_clock (4626)
---------------------------
 There are 68 register/latch pins with no clock driven by root clock pin: i_cheshire_soc/gen_cva6_cores[0].gen_ara.i_ara/gen_lanes[0].i_lane/i_vfus/i_vmfpu/mfpu_state_q_reg[0]_rep/Q (HIGH)

 There are 68 register/latch pins with no clock driven by root clock pin: i_cheshire_soc/gen_cva6_cores[0].gen_ara.i_ara/gen_lanes[0].i_lane/i_vfus/i_vmfpu/mfpu_state_q_reg[1]/Q (HIGH)

 There are 68 register/latch pins with no clock driven by root clock pin: i_cheshire_soc/gen_cva6_cores[0].gen_ara.i_ara/gen_lanes[0].i_lane/i_vfus/i_vmfpu/mfpu_state_q_reg[2]/Q (HIGH)

 There are 68 register/latch pins with no clock driven by root clock pin: i_cheshire_soc/gen_cva6_cores[0].gen_ara.i_ara/gen_lanes[0].i_lane/i_vfus/i_vmfpu/vinsn_queue_q_reg[processing_pnt][0]/Q (HIGH)

 There are 68 register/latch pins with no clock driven by root clock pin: i_cheshire_soc/gen_cva6_cores[0].gen_ara.i_ara/gen_lanes[0].i_lane/i_vfus/i_vmfpu/vinsn_queue_q_reg[processing_pnt][1]/Q (HIGH)

 There are 68 register/latch pins with no clock driven by root clock pin: i_cheshire_soc/gen_cva6_cores[0].gen_ara.i_ara/gen_lanes[0].i_lane/i_vfus/i_vmfpu/vinsn_queue_q_reg[vinsn][0][vtype][vsew][0]/Q (HIGH)

 There are 68 register/latch pins with no clock driven by root clock pin: i_cheshire_soc/gen_cva6_cores[0].gen_ara.i_ara/gen_lanes[0].i_lane/i_vfus/i_vmfpu/vinsn_queue_q_reg[vinsn][0][vtype][vsew][1]/Q (HIGH)

 There are 68 register/latch pins with no clock driven by root clock pin: i_cheshire_soc/gen_cva6_cores[0].gen_ara.i_ara/gen_lanes[0].i_lane/i_vfus/i_vmfpu/vinsn_queue_q_reg[vinsn][0][vtype][vsew][2]/Q (HIGH)

 There are 68 register/latch pins with no clock driven by root clock pin: i_cheshire_soc/gen_cva6_cores[0].gen_ara.i_ara/gen_lanes[0].i_lane/i_vfus/i_vmfpu/vinsn_queue_q_reg[vinsn][1][vtype][vsew][0]/Q (HIGH)

 There are 68 register/latch pins with no clock driven by root clock pin: i_cheshire_soc/gen_cva6_cores[0].gen_ara.i_ara/gen_lanes[0].i_lane/i_vfus/i_vmfpu/vinsn_queue_q_reg[vinsn][1][vtype][vsew][1]/Q (HIGH)

 There are 68 register/latch pins with no clock driven by root clock pin: i_cheshire_soc/gen_cva6_cores[0].gen_ara.i_ara/gen_lanes[0].i_lane/i_vfus/i_vmfpu/vinsn_queue_q_reg[vinsn][1][vtype][vsew][2]/Q (HIGH)

 There are 68 register/latch pins with no clock driven by root clock pin: i_cheshire_soc/gen_cva6_cores[0].gen_ara.i_ara/gen_lanes[0].i_lane/i_vfus/i_vmfpu/vinsn_queue_q_reg[vinsn][2][vtype][vsew][0]/Q (HIGH)

 There are 68 register/latch pins with no clock driven by root clock pin: i_cheshire_soc/gen_cva6_cores[0].gen_ara.i_ara/gen_lanes[0].i_lane/i_vfus/i_vmfpu/vinsn_queue_q_reg[vinsn][2][vtype][vsew][1]/Q (HIGH)

 There are 68 register/latch pins with no clock driven by root clock pin: i_cheshire_soc/gen_cva6_cores[0].gen_ara.i_ara/gen_lanes[0].i_lane/i_vfus/i_vmfpu/vinsn_queue_q_reg[vinsn][2][vtype][vsew][2]/Q (HIGH)

 There are 68 register/latch pins with no clock driven by root clock pin: i_cheshire_soc/gen_cva6_cores[0].gen_ara.i_ara/gen_lanes[0].i_lane/i_vfus/i_vmfpu/vinsn_queue_q_reg[vinsn][3][vtype][vsew][0]/Q (HIGH)

 There are 68 register/latch pins with no clock driven by root clock pin: i_cheshire_soc/gen_cva6_cores[0].gen_ara.i_ara/gen_lanes[0].i_lane/i_vfus/i_vmfpu/vinsn_queue_q_reg[vinsn][3][vtype][vsew][1]/Q (HIGH)

 There are 68 register/latch pins with no clock driven by root clock pin: i_cheshire_soc/gen_cva6_cores[0].gen_ara.i_ara/gen_lanes[0].i_lane/i_vfus/i_vmfpu/vinsn_queue_q_reg[vinsn][3][vtype][vsew][2]/Q (HIGH)

 There is 1 register/latch pin with no clock driven by root clock pin: i_cheshire_soc/gen_cva6_cores[0].gen_ara.i_ara/gen_lanes[1].i_lane/i_operand_queues/lsu_ex_flush_o_reg/Q (HIGH)

 There are 68 register/latch pins with no clock driven by root clock pin: i_cheshire_soc/gen_cva6_cores[0].gen_ara.i_ara/gen_lanes[1].i_lane/i_vfus/i_vmfpu/mfpu_state_q_reg[0]_rep__0/Q (HIGH)

 There are 68 register/latch pins with no clock driven by root clock pin: i_cheshire_soc/gen_cva6_cores[0].gen_ara.i_ara/gen_lanes[1].i_lane/i_vfus/i_vmfpu/mfpu_state_q_reg[1]/Q (HIGH)

 There are 68 register/latch pins with no clock driven by root clock pin: i_cheshire_soc/gen_cva6_cores[0].gen_ara.i_ara/gen_lanes[1].i_lane/i_vfus/i_vmfpu/mfpu_state_q_reg[2]_rep__3/Q (HIGH)

 There are 68 register/latch pins with no clock driven by root clock pin: i_cheshire_soc/gen_cva6_cores[0].gen_ara.i_ara/gen_lanes[1].i_lane/i_vfus/i_vmfpu/vinsn_queue_q_reg[processing_pnt][0]/Q (HIGH)

 There are 68 register/latch pins with no clock driven by root clock pin: i_cheshire_soc/gen_cva6_cores[0].gen_ara.i_ara/gen_lanes[1].i_lane/i_vfus/i_vmfpu/vinsn_queue_q_reg[processing_pnt][1]/Q (HIGH)

 There are 68 register/latch pins with no clock driven by root clock pin: i_cheshire_soc/gen_cva6_cores[0].gen_ara.i_ara/gen_lanes[1].i_lane/i_vfus/i_vmfpu/vinsn_queue_q_reg[vinsn][0][vtype][vsew][0]/Q (HIGH)

 There are 68 register/latch pins with no clock driven by root clock pin: i_cheshire_soc/gen_cva6_cores[0].gen_ara.i_ara/gen_lanes[1].i_lane/i_vfus/i_vmfpu/vinsn_queue_q_reg[vinsn][0][vtype][vsew][1]/Q (HIGH)

 There are 68 register/latch pins with no clock driven by root clock pin: i_cheshire_soc/gen_cva6_cores[0].gen_ara.i_ara/gen_lanes[1].i_lane/i_vfus/i_vmfpu/vinsn_queue_q_reg[vinsn][0][vtype][vsew][2]/Q (HIGH)

 There are 68 register/latch pins with no clock driven by root clock pin: i_cheshire_soc/gen_cva6_cores[0].gen_ara.i_ara/gen_lanes[1].i_lane/i_vfus/i_vmfpu/vinsn_queue_q_reg[vinsn][1][vtype][vsew][0]/Q (HIGH)

 There are 68 register/latch pins with no clock driven by root clock pin: i_cheshire_soc/gen_cva6_cores[0].gen_ara.i_ara/gen_lanes[1].i_lane/i_vfus/i_vmfpu/vinsn_queue_q_reg[vinsn][1][vtype][vsew][1]/Q (HIGH)

 There are 68 register/latch pins with no clock driven by root clock pin: i_cheshire_soc/gen_cva6_cores[0].gen_ara.i_ara/gen_lanes[1].i_lane/i_vfus/i_vmfpu/vinsn_queue_q_reg[vinsn][1][vtype][vsew][2]/Q (HIGH)

 There are 68 register/latch pins with no clock driven by root clock pin: i_cheshire_soc/gen_cva6_cores[0].gen_ara.i_ara/gen_lanes[1].i_lane/i_vfus/i_vmfpu/vinsn_queue_q_reg[vinsn][2][vtype][vsew][0]/Q (HIGH)

 There are 68 register/latch pins with no clock driven by root clock pin: i_cheshire_soc/gen_cva6_cores[0].gen_ara.i_ara/gen_lanes[1].i_lane/i_vfus/i_vmfpu/vinsn_queue_q_reg[vinsn][2][vtype][vsew][1]/Q (HIGH)

 There are 68 register/latch pins with no clock driven by root clock pin: i_cheshire_soc/gen_cva6_cores[0].gen_ara.i_ara/gen_lanes[1].i_lane/i_vfus/i_vmfpu/vinsn_queue_q_reg[vinsn][2][vtype][vsew][2]/Q (HIGH)

 There are 68 register/latch pins with no clock driven by root clock pin: i_cheshire_soc/gen_cva6_cores[0].gen_ara.i_ara/gen_lanes[1].i_lane/i_vfus/i_vmfpu/vinsn_queue_q_reg[vinsn][3][vtype][vsew][0]/Q (HIGH)

 There are 68 register/latch pins with no clock driven by root clock pin: i_cheshire_soc/gen_cva6_cores[0].gen_ara.i_ara/gen_lanes[1].i_lane/i_vfus/i_vmfpu/vinsn_queue_q_reg[vinsn][3][vtype][vsew][1]/Q (HIGH)

 There are 68 register/latch pins with no clock driven by root clock pin: i_cheshire_soc/gen_cva6_cores[0].gen_ara.i_ara/gen_lanes[1].i_lane/i_vfus/i_vmfpu/vinsn_queue_q_reg[vinsn][3][vtype][vsew][2]/Q (HIGH)

 There are 68 register/latch pins with no clock driven by root clock pin: i_cheshire_soc/gen_cva6_cores[0].gen_ara.i_ara/gen_lanes[2].i_lane/i_vfus/i_vmfpu/mfpu_state_q_reg[0]_rep__0/Q (HIGH)

 There are 68 register/latch pins with no clock driven by root clock pin: i_cheshire_soc/gen_cva6_cores[0].gen_ara.i_ara/gen_lanes[2].i_lane/i_vfus/i_vmfpu/mfpu_state_q_reg[1]_rep__2/Q (HIGH)

 There are 68 register/latch pins with no clock driven by root clock pin: i_cheshire_soc/gen_cva6_cores[0].gen_ara.i_ara/gen_lanes[2].i_lane/i_vfus/i_vmfpu/mfpu_state_q_reg[2]_rep/Q (HIGH)

 There are 68 register/latch pins with no clock driven by root clock pin: i_cheshire_soc/gen_cva6_cores[0].gen_ara.i_ara/gen_lanes[2].i_lane/i_vfus/i_vmfpu/vinsn_queue_q_reg[processing_pnt][0]/Q (HIGH)

 There are 68 register/latch pins with no clock driven by root clock pin: i_cheshire_soc/gen_cva6_cores[0].gen_ara.i_ara/gen_lanes[2].i_lane/i_vfus/i_vmfpu/vinsn_queue_q_reg[processing_pnt][1]/Q (HIGH)

 There are 68 register/latch pins with no clock driven by root clock pin: i_cheshire_soc/gen_cva6_cores[0].gen_ara.i_ara/gen_lanes[2].i_lane/i_vfus/i_vmfpu/vinsn_queue_q_reg[vinsn][0][vtype][vsew][0]/Q (HIGH)

 There are 68 register/latch pins with no clock driven by root clock pin: i_cheshire_soc/gen_cva6_cores[0].gen_ara.i_ara/gen_lanes[2].i_lane/i_vfus/i_vmfpu/vinsn_queue_q_reg[vinsn][0][vtype][vsew][1]/Q (HIGH)

 There are 68 register/latch pins with no clock driven by root clock pin: i_cheshire_soc/gen_cva6_cores[0].gen_ara.i_ara/gen_lanes[2].i_lane/i_vfus/i_vmfpu/vinsn_queue_q_reg[vinsn][0][vtype][vsew][2]/Q (HIGH)

 There are 68 register/latch pins with no clock driven by root clock pin: i_cheshire_soc/gen_cva6_cores[0].gen_ara.i_ara/gen_lanes[2].i_lane/i_vfus/i_vmfpu/vinsn_queue_q_reg[vinsn][1][vtype][vsew][0]/Q (HIGH)

 There are 68 register/latch pins with no clock driven by root clock pin: i_cheshire_soc/gen_cva6_cores[0].gen_ara.i_ara/gen_lanes[2].i_lane/i_vfus/i_vmfpu/vinsn_queue_q_reg[vinsn][1][vtype][vsew][1]/Q (HIGH)

 There are 68 register/latch pins with no clock driven by root clock pin: i_cheshire_soc/gen_cva6_cores[0].gen_ara.i_ara/gen_lanes[2].i_lane/i_vfus/i_vmfpu/vinsn_queue_q_reg[vinsn][1][vtype][vsew][2]/Q (HIGH)

 There are 68 register/latch pins with no clock driven by root clock pin: i_cheshire_soc/gen_cva6_cores[0].gen_ara.i_ara/gen_lanes[2].i_lane/i_vfus/i_vmfpu/vinsn_queue_q_reg[vinsn][2][vtype][vsew][0]/Q (HIGH)

 There are 68 register/latch pins with no clock driven by root clock pin: i_cheshire_soc/gen_cva6_cores[0].gen_ara.i_ara/gen_lanes[2].i_lane/i_vfus/i_vmfpu/vinsn_queue_q_reg[vinsn][2][vtype][vsew][1]/Q (HIGH)

 There are 68 register/latch pins with no clock driven by root clock pin: i_cheshire_soc/gen_cva6_cores[0].gen_ara.i_ara/gen_lanes[2].i_lane/i_vfus/i_vmfpu/vinsn_queue_q_reg[vinsn][2][vtype][vsew][2]/Q (HIGH)

 There are 68 register/latch pins with no clock driven by root clock pin: i_cheshire_soc/gen_cva6_cores[0].gen_ara.i_ara/gen_lanes[2].i_lane/i_vfus/i_vmfpu/vinsn_queue_q_reg[vinsn][3][vtype][vsew][0]/Q (HIGH)

 There are 68 register/latch pins with no clock driven by root clock pin: i_cheshire_soc/gen_cva6_cores[0].gen_ara.i_ara/gen_lanes[2].i_lane/i_vfus/i_vmfpu/vinsn_queue_q_reg[vinsn][3][vtype][vsew][1]/Q (HIGH)

 There are 68 register/latch pins with no clock driven by root clock pin: i_cheshire_soc/gen_cva6_cores[0].gen_ara.i_ara/gen_lanes[2].i_lane/i_vfus/i_vmfpu/vinsn_queue_q_reg[vinsn][3][vtype][vsew][2]/Q (HIGH)

 There are 68 register/latch pins with no clock driven by root clock pin: i_cheshire_soc/gen_cva6_cores[0].gen_ara.i_ara/gen_lanes[3].i_lane/i_vfus/i_vmfpu/mfpu_state_q_reg[0]_rep__0/Q (HIGH)

 There are 68 register/latch pins with no clock driven by root clock pin: i_cheshire_soc/gen_cva6_cores[0].gen_ara.i_ara/gen_lanes[3].i_lane/i_vfus/i_vmfpu/mfpu_state_q_reg[1]/Q (HIGH)

 There are 68 register/latch pins with no clock driven by root clock pin: i_cheshire_soc/gen_cva6_cores[0].gen_ara.i_ara/gen_lanes[3].i_lane/i_vfus/i_vmfpu/mfpu_state_q_reg[2]/Q (HIGH)

 There are 68 register/latch pins with no clock driven by root clock pin: i_cheshire_soc/gen_cva6_cores[0].gen_ara.i_ara/gen_lanes[3].i_lane/i_vfus/i_vmfpu/vinsn_queue_q_reg[processing_pnt][0]/Q (HIGH)

 There are 68 register/latch pins with no clock driven by root clock pin: i_cheshire_soc/gen_cva6_cores[0].gen_ara.i_ara/gen_lanes[3].i_lane/i_vfus/i_vmfpu/vinsn_queue_q_reg[processing_pnt][1]/Q (HIGH)

 There are 68 register/latch pins with no clock driven by root clock pin: i_cheshire_soc/gen_cva6_cores[0].gen_ara.i_ara/gen_lanes[3].i_lane/i_vfus/i_vmfpu/vinsn_queue_q_reg[vinsn][0][vtype][vsew][0]/Q (HIGH)

 There are 68 register/latch pins with no clock driven by root clock pin: i_cheshire_soc/gen_cva6_cores[0].gen_ara.i_ara/gen_lanes[3].i_lane/i_vfus/i_vmfpu/vinsn_queue_q_reg[vinsn][0][vtype][vsew][1]/Q (HIGH)

 There are 68 register/latch pins with no clock driven by root clock pin: i_cheshire_soc/gen_cva6_cores[0].gen_ara.i_ara/gen_lanes[3].i_lane/i_vfus/i_vmfpu/vinsn_queue_q_reg[vinsn][0][vtype][vsew][2]/Q (HIGH)

 There are 68 register/latch pins with no clock driven by root clock pin: i_cheshire_soc/gen_cva6_cores[0].gen_ara.i_ara/gen_lanes[3].i_lane/i_vfus/i_vmfpu/vinsn_queue_q_reg[vinsn][1][vtype][vsew][0]/Q (HIGH)

 There are 68 register/latch pins with no clock driven by root clock pin: i_cheshire_soc/gen_cva6_cores[0].gen_ara.i_ara/gen_lanes[3].i_lane/i_vfus/i_vmfpu/vinsn_queue_q_reg[vinsn][1][vtype][vsew][1]/Q (HIGH)

 There are 68 register/latch pins with no clock driven by root clock pin: i_cheshire_soc/gen_cva6_cores[0].gen_ara.i_ara/gen_lanes[3].i_lane/i_vfus/i_vmfpu/vinsn_queue_q_reg[vinsn][1][vtype][vsew][2]/Q (HIGH)

 There are 68 register/latch pins with no clock driven by root clock pin: i_cheshire_soc/gen_cva6_cores[0].gen_ara.i_ara/gen_lanes[3].i_lane/i_vfus/i_vmfpu/vinsn_queue_q_reg[vinsn][2][vtype][vsew][0]/Q (HIGH)

 There are 68 register/latch pins with no clock driven by root clock pin: i_cheshire_soc/gen_cva6_cores[0].gen_ara.i_ara/gen_lanes[3].i_lane/i_vfus/i_vmfpu/vinsn_queue_q_reg[vinsn][2][vtype][vsew][1]/Q (HIGH)

 There are 68 register/latch pins with no clock driven by root clock pin: i_cheshire_soc/gen_cva6_cores[0].gen_ara.i_ara/gen_lanes[3].i_lane/i_vfus/i_vmfpu/vinsn_queue_q_reg[vinsn][2][vtype][vsew][2]/Q (HIGH)

 There are 68 register/latch pins with no clock driven by root clock pin: i_cheshire_soc/gen_cva6_cores[0].gen_ara.i_ara/gen_lanes[3].i_lane/i_vfus/i_vmfpu/vinsn_queue_q_reg[vinsn][3][vtype][vsew][0]/Q (HIGH)

 There are 68 register/latch pins with no clock driven by root clock pin: i_cheshire_soc/gen_cva6_cores[0].gen_ara.i_ara/gen_lanes[3].i_lane/i_vfus/i_vmfpu/vinsn_queue_q_reg[vinsn][3][vtype][vsew][1]/Q (HIGH)

 There are 68 register/latch pins with no clock driven by root clock pin: i_cheshire_soc/gen_cva6_cores[0].gen_ara.i_ara/gen_lanes[3].i_lane/i_vfus/i_vmfpu/vinsn_queue_q_reg[vinsn][3][vtype][vsew][2]/Q (HIGH)

 There is 1 register/latch pin with no clock driven by root clock pin: i_rstgen/i_rstgen_bypass/synch_regs_q_reg[3]/Q (HIGH)


2. checking constant_clock (0)
------------------------------
 There are 0 register/latch pins with constant_clock.


3. checking pulse_width_clock (0)
---------------------------------
 There are 0 register/latch pins which need pulse_width check


4. checking unconstrained_internal_endpoints (273)
--------------------------------------------------
 There are 273 pins that are not constrained for maximum delay. (HIGH)

 There are 0 pins that are not constrained for maximum delay due to constant clock.


5. checking no_input_delay (0)
------------------------------
 There are 0 input ports with no input delay specified.

 There are 0 input ports with no input delay but user has a false path constraint.


6. checking no_output_delay (0)
-------------------------------
 There are 0 ports with no output delay specified.

 There are 0 ports with no output delay but user has a false path constraint

 There are 0 ports with no output delay but with a timing clock defined on it or propagating through it


7. checking multiple_clock (0)
------------------------------
 There are 0 register/latch pins with multiple clocks.


8. checking generated_clocks (0)
--------------------------------
 There are 0 generated clocks that are not connected to a clock source.


9. checking loops (0)
---------------------
 There are 0 combinational loops in the design.


10. checking partial_input_delay (0)
------------------------------------
 There are 0 input ports with partial input delay specified.


11. checking partial_output_delay (0)
-------------------------------------
 There are 0 ports with partial output delay specified.


12. checking latch_loops (0)
----------------------------
 There are 0 combinational latch loops in the design through latch input



------------------------------------------------------------------------------------------------
| Design Timing Summary
| ---------------------
------------------------------------------------------------------------------------------------

    WNS(ns)      TNS(ns)  TNS Failing Endpoints  TNS Total Endpoints      WHS(ns)      THS(ns)  THS Failing Endpoints  THS Total Endpoints     WPWS(ns)     TPWS(ns)  TPWS Failing Endpoints  TPWS Total Endpoints  
    -------      -------  ---------------------  -------------------      -------      -------  ---------------------  -------------------     --------     --------  ----------------------  --------------------  
      0.912        0.000                      0               307284        0.010        0.000                      0               307223        0.500        0.000                       0                107095  


All user specified timing constraints are met.


------------------------------------------------------------------------------------------------
| Clock Summary
| -------------
------------------------------------------------------------------------------------------------

Clock            Waveform(ns)         Period(ns)      Frequency(MHz)
-----            ------------         ----------      --------------
clk_pl_0         {0.000 5.156}        10.312          96.974          
sys_clk          {0.000 1.666}        3.333           300.030         
  clk_50_clkwiz  {0.000 9.999}        19.998          50.005          


------------------------------------------------------------------------------------------------
| Intra Clock Table
| -----------------
------------------------------------------------------------------------------------------------

Clock                WNS(ns)      TNS(ns)  TNS Failing Endpoints  TNS Total Endpoints      WHS(ns)      THS(ns)  THS Failing Endpoints  THS Total Endpoints     WPWS(ns)     TPWS(ns)  TPWS Failing Endpoints  TPWS Total Endpoints  
-----                -------      -------  ---------------------  -------------------      -------      -------  ---------------------  -------------------     --------     --------  ----------------------  --------------------  
sys_clk                                                                                                                                                            0.500        0.000                       0                     1  
  clk_50_clkwiz        0.912        0.000                      0               212891        0.010        0.000                      0               212830        8.499        0.000                       0                107094  


------------------------------------------------------------------------------------------------
| Inter Clock Table
| -----------------
------------------------------------------------------------------------------------------------

From Clock    To Clock          WNS(ns)      TNS(ns)  TNS Failing Endpoints  TNS Total Endpoints      WHS(ns)      THS(ns)  THS Failing Endpoints  THS Total Endpoints  
----------    --------          -------      -------  ---------------------  -------------------      -------      -------  ---------------------  -------------------  


------------------------------------------------------------------------------------------------
| Other Path Groups Table
| -----------------------
------------------------------------------------------------------------------------------------

Path Group         From Clock         To Clock               WNS(ns)      TNS(ns)  TNS Failing Endpoints  TNS Total Endpoints      WHS(ns)      THS(ns)  THS Failing Endpoints  THS Total Endpoints  
----------         ----------         --------               -------      -------  ---------------------  -------------------      -------      -------  ---------------------  -------------------  
**async_default**  clk_50_clkwiz      clk_50_clkwiz           14.962        0.000                      0                94393        1.135        0.000                      0                94393  


------------------------------------------------------------------------------------------------
| Timing Details
| --------------
------------------------------------------------------------------------------------------------


---------------------------------------------------------------------------------------------------
From Clock:  sys_clk
  To Clock:  sys_clk

Setup :           NA  Failing Endpoints,  Worst Slack           NA  ,  Total Violation           NA
Hold  :           NA  Failing Endpoints,  Worst Slack           NA  ,  Total Violation           NA
PW    :            0  Failing Endpoints,  Worst Slack        0.500ns,  Total Violation        0.000ns
---------------------------------------------------------------------------------------------------


Pulse Width Checks
--------------------------------------------------------------------------------------
Clock Name:         sys_clk
Waveform(ns):       { 0.000 1.666 }
Period(ns):         3.333
Sources:            { sys_clk_p }

Check Type        Corner  Lib Pin            Reference Pin  Required(ns)  Actual(ns)  Slack(ns)  Location   Pin
Min Period        n/a     MMCME4_ADV/CLKIN1  n/a            1.071         3.333       2.262      MMCM_X0Y0  i_clkwiz/inst/mmcme4_adv_inst/CLKIN1
Max Period        n/a     MMCME4_ADV/CLKIN1  n/a            100.000       3.333       96.667     MMCM_X0Y0  i_clkwiz/inst/mmcme4_adv_inst/CLKIN1
Low Pulse Width   Slow    MMCME4_ADV/CLKIN1  n/a            1.167         1.666       0.500      MMCM_X0Y0  i_clkwiz/inst/mmcme4_adv_inst/CLKIN1
High Pulse Width  Slow    MMCME4_ADV/CLKIN1  n/a            1.167         1.666       0.500      MMCM_X0Y0  i_clkwiz/inst/mmcme4_adv_inst/CLKIN1



---------------------------------------------------------------------------------------------------
From Clock:  clk_50_clkwiz
  To Clock:  clk_50_clkwiz

Setup :            0  Failing Endpoints,  Worst Slack        0.912ns,  Total Violation        0.000ns
Hold  :            0  Failing Endpoints,  Worst Slack        0.010ns,  Total Violation        0.000ns
PW    :            0  Failing Endpoints,  Worst Slack        8.499ns,  Total Violation        0.000ns
---------------------------------------------------------------------------------------------------


Max Delay Paths
--------------------------------------------------------------------------------------
Slack (MET) :             0.912ns  (required time - arrival time)
  Source:                 i_cheshire_soc/gen_cva6_cores[0].i_core_cva6/issue_stage_i/i_issue_read_operands/fu_data_q_reg[0][operand_a][3]/C
                            (rising edge-triggered cell FDCE clocked by clk_50_clkwiz  {rise@0.000ns fall@9.999ns period=19.998ns})
  Destination:            i_cheshire_soc/gen_cva6_cores[0].i_core_cva6/issue_stage_i/i_scoreboard/mem_q_reg[7][sbe][rd][0]/D
                            (rising edge-triggered cell FDCE clocked by clk_50_clkwiz  {rise@0.000ns fall@9.999ns period=19.998ns})
  Path Group:             clk_50_clkwiz
  Path Type:              Setup (Max at Slow Process Corner)
  Requirement:            19.998ns  (clk_50_clkwiz rise@19.998ns - clk_50_clkwiz rise@0.000ns)
  Data Path Delay:        18.967ns  (logic 6.111ns (32.219%)  route 12.856ns (67.781%))
  Logic Levels:           71  (CARRY8=8 LUT2=10 LUT3=9 LUT4=6 LUT5=9 LUT6=26 MUXF7=3)
  Clock Path Skew:        -0.076ns (DCD - SCD + CPR)
    Destination Clock Delay (DCD):    4.361ns = ( 24.359 - 19.998 ) 
    Source Clock Delay      (SCD):    4.092ns
    Clock Pessimism Removal (CPR):    -0.344ns
  Clock Uncertainty:      0.068ns  ((TSJ^2 + DJ^2)^1/2) / 2 + PE
    Total System Jitter     (TSJ):    0.071ns
    Discrete Jitter          (DJ):    0.116ns
    Phase Error              (PE):    0.000ns
  Clock Net Delay (Source):      3.011ns (routing 1.522ns, distribution 1.489ns)
  Clock Net Delay (Destination): 2.715ns (routing 1.386ns, distribution 1.329ns)

    Location             Delay type                Incr(ns)  Path(ns)    Netlist Resource(s)
  -------------------------------------------------------------------    -------------------
                         (clock clk_50_clkwiz rise edge)
                                                      0.000     0.000 r  
    AL8                                               0.000     0.000 r  sys_clk_p (IN)
                         net (fo=0)                   0.000     0.000    i_bufds_sys_clk/I
    HPIOBDIFFINBUF_X0Y11 DIFFINBUF (Prop_DIFFINBUF_HPIOBDIFFINBUF_DIFF_IN_P_O)
                                                      0.489     0.489 r  i_bufds_sys_clk/DIFFINBUF_INST/O
                         net (fo=1, routed)           0.050     0.539    i_bufds_sys_clk/OUT
    AL8                  IBUFCTRL (Prop_IBUFCTRL_HPIOB_M_I_O)
                                                      0.000     0.539 r  i_bufds_sys_clk/IBUFCTRL_INST/O
                         net (fo=1, routed)           0.397     0.936    i_clkwiz/inst/clk_in1
    MMCM_X0Y0            MMCME4_ADV (Prop_MMCM_CLKIN1_CLKOUT0)
                                                     -0.127     0.809 r  i_clkwiz/inst/mmcme4_adv_inst/CLKOUT0
                         net (fo=1, routed)           0.244     1.053    i_clkwiz/inst/clk_50_clkwiz
    BUFGCE_X0Y8          BUFGCE (Prop_BUFCE_BUFGCE_I_O)
                                                      0.028     1.081 r  i_clkwiz/inst/clkout1_buf/O
    X1Y3 (CLOCK_ROOT)    net (fo=107112, routed)      3.011     4.092    i_cheshire_soc/gen_cva6_cores[0].i_core_cva6/issue_stage_i/i_issue_read_operands/clk_50
    SLICE_X16Y197        FDCE                                         r  i_cheshire_soc/gen_cva6_cores[0].i_core_cva6/issue_stage_i/i_issue_read_operands/fu_data_q_reg[0][operand_a][3]/C
  -------------------------------------------------------------------    -------------------
    SLICE_X16Y197        FDCE (Prop_AFF_SLICEM_C_Q)
                                                      0.077     4.169 r  i_cheshire_soc/gen_cva6_cores[0].i_core_cva6/issue_stage_i/i_issue_read_operands/fu_data_q_reg[0][operand_a][3]/Q
                         net (fo=12, routed)          0.359     4.528    i_cheshire_soc/gen_cva6_cores[0].i_core_cva6/issue_stage_i/i_issue_read_operands/fu_data_q_reg[0][operand_a][63]_0[3]
    SLICE_X20Y202        LUT3 (Prop_D6LUT_SLICEM_I1_O)
                                                      0.145     4.673 r  i_cheshire_soc/gen_cva6_cores[0].i_core_cva6/issue_stage_i/i_issue_read_operands/issue_read_oper_LUT3_475/O
                         net (fo=1, routed)           0.025     4.698    i_cheshire_soc/gen_cva6_cores[0].i_core_cva6/issue_stage_i/i_issue_read_operands/address_off_q[4]_i_16_n_0
    SLICE_X20Y202        CARRY8 (Prop_CARRY8_SLICEM_S[3]_CO[7])
                                                      0.163     4.861 r  i_cheshire_soc/gen_cva6_cores[0].i_core_cva6/issue_stage_i/i_issue_read_operands/address_off_q_reg[4]_i_2/CO[7]
                         net (fo=1, routed)           0.026     4.887    i_cheshire_soc/gen_cva6_cores[0].i_core_cva6/issue_stage_i/i_issue_read_operands/address_off_q_reg[4]_i_2_n_0
    SLICE_X20Y203        CARRY8 (Prop_CARRY8_SLICEM_CI_CO[7])
                                                      0.015     4.902 r  i_cheshire_soc/gen_cva6_cores[0].i_core_cva6/issue_stage_i/i_issue_read_operands/address_idx_q_reg[5]_i_2/CO[7]
                         net (fo=1, routed)           0.026     4.928    i_cheshire_soc/gen_cva6_cores[0].i_core_cva6/issue_stage_i/i_issue_read_operands/address_idx_q_reg[5]_i_2_n_0
    SLICE_X20Y204        CARRY8 (Prop_CARRY8_SLICEM_CI_CO[7])
                                                      0.015     4.943 r  i_cheshire_soc/gen_cva6_cores[0].i_core_cva6/issue_stage_i/i_issue_read_operands/mem_q_reg[0][vaddr][23]_i_2/CO[7]
                         net (fo=1, routed)           0.026     4.969    i_cheshire_soc/gen_cva6_cores[0].i_core_cva6/issue_stage_i/i_issue_read_operands/mem_q_reg[0][vaddr][23]_i_2_n_0
    SLICE_X20Y205        CARRY8 (Prop_CARRY8_SLICEM_CI_CO[7])
                                                      0.015     4.984 r  i_cheshire_soc/gen_cva6_cores[0].i_core_cva6/issue_stage_i/i_issue_read_operands/mem_q_reg[0][vaddr][31]_i_2/CO[7]
                         net (fo=1, routed)           0.026     5.010    i_cheshire_soc/gen_cva6_cores[0].i_core_cva6/issue_stage_i/i_issue_read_operands/mem_q_reg[0][vaddr][31]_i_2_n_0
    SLICE_X20Y206        CARRY8 (Prop_CARRY8_SLICEM_CI_CO[7])
                                                      0.015     5.025 r  i_cheshire_soc/gen_cva6_cores[0].i_core_cva6/issue_stage_i/i_issue_read_operands/mem_q_reg[0][vaddr][39]_i_2/CO[7]
                         net (fo=1, routed)           0.026     5.051    i_cheshire_soc/gen_cva6_cores[0].i_core_cva6/issue_stage_i/i_issue_read_operands/mem_q_reg[0][vaddr][39]_i_2_n_0
    SLICE_X20Y207        CARRY8 (Prop_CARRY8_SLICEM_CI_CO[7])
                                                      0.015     5.066 r  i_cheshire_soc/gen_cva6_cores[0].i_core_cva6/issue_stage_i/i_issue_read_operands/mem_q_reg[0][vaddr][47]_i_2/CO[7]
                         net (fo=1, routed)           0.026     5.092    i_cheshire_soc/gen_cva6_cores[0].i_core_cva6/issue_stage_i/i_issue_read_operands/mem_q_reg[0][vaddr][47]_i_2_n_0
    SLICE_X20Y208        CARRY8 (Prop_CARRY8_SLICEM_CI_CO[7])
                                                      0.015     5.107 r  i_cheshire_soc/gen_cva6_cores[0].i_core_cva6/issue_stage_i/i_issue_read_operands/lsu_vaddr_q_reg[51]_i_2/CO[7]
                         net (fo=1, routed)           0.026     5.133    i_cheshire_soc/gen_cva6_cores[0].i_core_cva6/issue_stage_i/i_issue_read_operands/lsu_vaddr_q_reg[51]_i_2_n_0
    SLICE_X20Y209        CARRY8 (Prop_CARRY8_SLICEM_CI_O[6])
                                                      0.103     5.236 f  i_cheshire_soc/gen_cva6_cores[0].i_core_cva6/issue_stage_i/i_issue_read_operands/lsu_vaddr_q_reg[56]_i_2/O[6]
                         net (fo=4, routed)           0.390     5.626    i_cheshire_soc/gen_cva6_cores[0].i_core_cva6/issue_stage_i/i_issue_read_operands/p_0_in[62]
    SLICE_X19Y206        LUT4 (Prop_E6LUT_SLICEM_I3_O)
                                                      0.052     5.678 r  i_cheshire_soc/gen_cva6_cores[0].i_core_cva6/issue_stage_i/i_issue_read_operands/issue_read_oper_LUT4_222/O
                         net (fo=1, routed)           0.044     5.722    i_cheshire_soc/gen_cva6_cores[0].i_core_cva6/issue_stage_i/i_issue_read_operands/issue_read_oper_net_1527
    SLICE_X19Y206        LUT5 (Prop_B6LUT_SLICEM_I4_O)
                                                      0.052     5.774 r  i_cheshire_soc/gen_cva6_cores[0].i_core_cva6/issue_stage_i/i_issue_read_operands/issue_read_oper_LUT5_422/O
                         net (fo=1, routed)           0.045     5.819    i_cheshire_soc/gen_cva6_cores[0].i_core_cva6/issue_stage_i/i_issue_read_operands/issue_read_oper_net_1529
    SLICE_X19Y206        LUT6 (Prop_G6LUT_SLICEM_I5_O)
                                                      0.100     5.919 r  i_cheshire_soc/gen_cva6_cores[0].i_core_cva6/issue_stage_i/i_issue_read_operands/issue_read_oper_LUT6_717/O
                         net (fo=1, routed)           0.045     5.964    i_cheshire_soc/gen_cva6_cores[0].i_core_cva6/issue_stage_i/i_issue_read_operands/issue_read_oper_net_1530
    SLICE_X19Y206        LUT6 (Prop_F6LUT_SLICEM_I4_O)
                                                      0.098     6.062 r  i_cheshire_soc/gen_cva6_cores[0].i_core_cva6/issue_stage_i/i_issue_read_operands/issue_read_oper_LUT6_718/O
                         net (fo=1, routed)           0.194     6.256    i_cheshire_soc/gen_cva6_cores[0].i_core_cva6/issue_stage_i/i_issue_read_operands/issue_read_oper_net_1534
    SLICE_X19Y206        LUT5 (Prop_A6LUT_SLICEM_I4_O)
                                                      0.150     6.406 f  i_cheshire_soc/gen_cva6_cores[0].i_core_cva6/issue_stage_i/i_issue_read_operands/issue_read_oper_LUT5_423/O
                         net (fo=2, routed)           0.089     6.495    i_cheshire_soc/gen_cva6_cores[0].i_core_cva6/ex_stage_i/lsu_i/lsu_bypass_i/lsu_req_i[overflow]
    SLICE_X19Y207        LUT6 (Prop_C6LUT_SLICEM_I1_O)
                                                      0.037     6.532 f  i_cheshire_soc/gen_cva6_cores[0].i_core_cva6/ex_stage_i/lsu_i/lsu_bypass_i/lsu_bypass_LUT6_64/O
                         net (fo=2, routed)           0.109     6.641    i_cheshire_soc/gen_cva6_cores[0].i_core_cva6/ex_stage_i/lsu_i/lsu_bypass_i/lsu_bypass_net_76
    SLICE_X18Y207        LUT2 (Prop_E6LUT_SLICEL_I0_O)
                                                      0.147     6.788 f  i_cheshire_soc/gen_cva6_cores[0].i_core_cva6/ex_stage_i/lsu_i/lsu_bypass_i/lsu_bypass_LUT2_12/O
                         net (fo=66, routed)          0.273     7.061    i_cheshire_soc/gen_cva6_cores[0].i_core_cva6/ex_stage_i/lsu_i/lsu_bypass_i/mem_q_reg[0][overflow]_0
    SLICE_X18Y210        LUT2 (Prop_B6LUT_SLICEL_I1_O)
                                                      0.098     7.159 f  i_cheshire_soc/gen_cva6_cores[0].i_core_cva6/ex_stage_i/lsu_i/lsu_bypass_i/lsu_bypass_LUT2_13/O
                         net (fo=3, routed)           0.098     7.257    i_cheshire_soc/gen_cva6_cores[0].i_core_cva6/ex_stage_i/lsu_i/lsu_bypass_i/lsu_bypass_net_79
    SLICE_X18Y211        LUT2 (Prop_E5LUT_SLICEL_I1_O)
                                                      0.138     7.395 f  i_cheshire_soc/gen_cva6_cores[0].i_core_cva6/ex_stage_i/lsu_i/lsu_bypass_i/lsu_bypass_LUT2_16/O
                         net (fo=135, routed)         0.198     7.593    i_cheshire_soc/gen_cva6_cores[0].i_core_cva6/ex_stage_i/lsu_i/gen_mmu.i_cva6_mmu/i_ptw/mmu_exception_q_reg[cause][1]
    SLICE_X18Y211        LUT5 (Prop_A6LUT_SLICEL_I0_O)
                                                      0.149     7.742 r  i_cheshire_soc/gen_cva6_cores[0].i_core_cva6/ex_stage_i/lsu_i/gen_mmu.i_cva6_mmu/i_ptw/cva6_ptw_LUT5_4/O
                         net (fo=69, routed)          0.121     7.863    i_cheshire_soc/gen_cva6_cores[0].i_core_cva6/ex_stage_i/lsu_i/gen_mmu.i_cva6_mmu/i_ptw/cva6_ptw_net_12
    SLICE_X19Y211        LUT5 (Prop_B6LUT_SLICEM_I4_O)
                                                      0.037     7.900 r  i_cheshire_soc/gen_cva6_cores[0].i_core_cva6/ex_stage_i/lsu_i/gen_mmu.i_cva6_mmu/i_ptw/cva6_ptw_LUT5_13/O
                         net (fo=3, routed)           0.148     8.048    i_cheshire_soc/gen_cva6_cores[0].gen_ara.i_ara/i_vlsu/i_addrgen/i_addrgen_idx_op_spill_reg/acc_mmu_resp[acc_mmu_valid]
    SLICE_X19Y211        LUT6 (Prop_C6LUT_SLICEM_I0_O)
                                                      0.088     8.136 f  i_cheshire_soc/gen_cva6_cores[0].gen_ara.i_ara/i_vlsu/i_addrgen/i_addrgen_idx_op_spill_reg/spill_register_40_LUT6_36/O
                         net (fo=2, routed)           0.063     8.199    i_cheshire_soc/gen_cva6_cores[0].i_core_cva6/ex_stage_i/lsu_i/lsu_bypass_i/acc_resp[acc_mmu_req][acc_mmu_req]
    SLICE_X19Y211        LUT4 (Prop_F6LUT_SLICEM_I0_O)
                                                      0.148     8.347 r  i_cheshire_soc/gen_cva6_cores[0].i_core_cva6/ex_stage_i/lsu_i/lsu_bypass_i/lsu_bypass_LUT4_4/O
                         net (fo=1, routed)           0.042     8.389    i_cheshire_soc/gen_cva6_cores[0].i_core_cva6/ex_stage_i/lsu_i/lsu_bypass_i/lsu_bypass_net_116
    SLICE_X19Y211        LUT6 (Prop_H6LUT_SLICEM_I4_O)
                                                      0.039     8.428 f  i_cheshire_soc/gen_cva6_cores[0].i_core_cva6/ex_stage_i/lsu_i/lsu_bypass_i/lsu_bypass_LUT6_97/O
                         net (fo=28, routed)          0.194     8.622    i_cheshire_soc/gen_cva6_cores[0].i_core_cva6/ex_stage_i/lsu_i/lsu_bypass_i/state_q_reg[1]
    SLICE_X20Y211        LUT5 (Prop_C6LUT_SLICEM_I2_O)
                                                      0.051     8.673 r  i_cheshire_soc/gen_cva6_cores[0].i_core_cva6/ex_stage_i/lsu_i/lsu_bypass_i/lsu_bypass_LUT5_17/O
                         net (fo=2, routed)           0.097     8.770    i_cheshire_soc/gen_cva6_cores[0].i_core_cva6/ex_stage_i/lsu_i/gen_mmu.i_cva6_mmu/mmu_exception_q_reg[cause][1]_0
    SLICE_X20Y211        LUT6 (Prop_G6LUT_SLICEM_I0_O)
                                                      0.090     8.860 f  i_cheshire_soc/gen_cva6_cores[0].i_core_cva6/ex_stage_i/lsu_i/gen_mmu.i_cva6_mmu/mmu_exception_q[cause][3]_i_4/O
                         net (fo=67, routed)          0.061     8.921    i_cheshire_soc/gen_cva6_cores[0].i_core_cva6/ex_stage_i/lsu_i/gen_mmu.i_cva6_mmu/i_ptw/mmu_exception_q_reg[cause][3]
    SLICE_X20Y211        LUT2 (Prop_A6LUT_SLICEM_I0_O)
                                                      0.125     9.046 f  i_cheshire_soc/gen_cva6_cores[0].i_core_cva6/ex_stage_i/lsu_i/gen_mmu.i_cva6_mmu/i_ptw/cva6_ptw_LUT2_1/O
                         net (fo=5, routed)           0.150     9.196    i_cheshire_soc/gen_cva6_cores[0].i_core_cva6/ex_stage_i/lsu_i/lsu_bypass_i/gen_shift_reg.data_q_reg[0][141]
    SLICE_X23Y211        LUT3 (Prop_B6LUT_SLICEL_I0_O)
                                                      0.098     9.294 f  i_cheshire_soc/gen_cva6_cores[0].i_core_cva6/ex_stage_i/lsu_i/lsu_bypass_i/lsu_bypass_LUT3_45/O
                         net (fo=35, routed)          0.102     9.396    i_cheshire_soc/gen_cva6_cores[0].i_core_cva6/ex_stage_i/lsu_i/lsu_bypass_i/lsu_bypass_net_80
    SLICE_X23Y210        LUT3 (Prop_E6LUT_SLICEL_I2_O)
                                                      0.123     9.519 f  i_cheshire_soc/gen_cva6_cores[0].i_core_cva6/ex_stage_i/lsu_i/lsu_bypass_i/lsu_bypass_LUT3_46/O
                         net (fo=7, routed)           0.154     9.673    i_cheshire_soc/gen_cva6_cores[0].i_core_cva6/ex_stage_i/lsu_i/lsu_bypass_i/lsu_bypass_net_81
    SLICE_X23Y213        LUT2 (Prop_E6LUT_SLICEL_I1_O)
                                                      0.123     9.796 r  i_cheshire_soc/gen_cva6_cores[0].i_core_cva6/ex_stage_i/lsu_i/lsu_bypass_i/lsu_bypass_LUT2_14/O
                         net (fo=16, routed)          0.241    10.037    i_cheshire_soc/gen_cva6_cores[0].gen_ara.i_ara/i_vlsu/i_addrgen/i_addrgen_idx_op_spill_reg/axi_addrgen_q_reg[len][12]_1
    SLICE_X23Y209        LUT6 (Prop_G6LUT_SLICEL_I2_O)
                                                      0.123    10.160 r  i_cheshire_soc/gen_cva6_cores[0].gen_ara.i_ara/i_vlsu/i_addrgen/i_addrgen_idx_op_spill_reg/spill_register_40_LUT6_4/O
                         net (fo=2, routed)           0.408    10.568    i_cheshire_soc/gen_cva6_cores[0].gen_ara.i_ara/i_vlsu/i_addrgen/i_addrgen_idx_op_spill_reg/spill_register_40_net_8
    SLICE_X25Y206        LUT6 (Prop_H6LUT_SLICEM_I0_O)
                                                      0.090    10.658 r  i_cheshire_soc/gen_cva6_cores[0].gen_ara.i_ara/i_vlsu/i_addrgen/i_addrgen_idx_op_spill_reg/spill_register_40_LUT6_10/O
                         net (fo=1, routed)           0.220    10.878    i_cheshire_soc/gen_cva6_cores[0].gen_ara.i_ara/i_vlsu/i_addrgen/i_addrgen_idx_op_spill_reg/spill_register_40_net_21
    SLICE_X26Y205        LUT6 (Prop_G6LUT_SLICEM_I4_O)
                                                      0.150    11.028 r  i_cheshire_soc/gen_cva6_cores[0].gen_ara.i_ara/i_vlsu/i_addrgen/i_addrgen_idx_op_spill_reg/spill_register_40_LUT6_14/O
                         net (fo=2, routed)           0.201    11.229    i_cheshire_soc/gen_cva6_cores[0].gen_ara.i_ara/i_vlsu/i_addrgen/i_addrgen_idx_op_spill_reg/spill_register_40_net_24
    SLICE_X28Y201        LUT4 (Prop_F6LUT_SLICEM_I3_O)
                                                      0.051    11.280 f  i_cheshire_soc/gen_cva6_cores[0].gen_ara.i_ara/i_vlsu/i_addrgen/i_addrgen_idx_op_spill_reg/spill_register_40_LUT4_6/O
                         net (fo=4, routed)           0.265    11.545    i_cheshire_soc/gen_cva6_cores[0].gen_ara.i_ara/i_vlsu/i_addrgen/i_addrgen_idx_op_spill_reg/mmu_state_q_reg_rep__0
    SLICE_X30Y197        LUT3 (Prop_A6LUT_SLICEL_I2_O)
                                                      0.149    11.694 f  i_cheshire_soc/gen_cva6_cores[0].gen_ara.i_ara/i_vlsu/i_addrgen/i_addrgen_idx_op_spill_reg/spill_register_40_LUT3_7/O
                         net (fo=1, routed)           0.279    11.973    i_cheshire_soc/gen_cva6_cores[0].gen_ara.i_ara/i_vlsu/i_addrgen/i_addrgen_idx_op_spill_reg/spill_register_40_net_49
    SLICE_X34Y193        LUT6 (Prop_B6LUT_SLICEM_I5_O)
                                                      0.037    12.010 r  i_cheshire_soc/gen_cva6_cores[0].gen_ara.i_ara/i_vlsu/i_addrgen/i_addrgen_idx_op_spill_reg/spill_register_40_LUT6_81/O
                         net (fo=2, routed)           0.313    12.323    i_cheshire_soc/gen_cva6_cores[0].gen_ara.i_ara/i_sequencer/addrgen_ack
    SLICE_X35Y185        LUT5 (Prop_H6LUT_SLICEM_I0_O)
                                                      0.090    12.413 f  i_cheshire_soc/gen_cva6_cores[0].gen_ara.i_ara/i_sequencer/ara_sequencer_LUT5_11/O
                         net (fo=154, routed)         0.147    12.560    i_cheshire_soc/gen_cva6_cores[0].gen_ara.i_ara/i_sequencer/gen_seq_fu_cnt[5].i_insn_queue_cnt/i_counter/ara_req_o_reg[token]_4
    SLICE_X36Y183        LUT3 (Prop_F6LUT_SLICEL_I1_O)
                                                      0.049    12.609 r  i_cheshire_soc/gen_cva6_cores[0].gen_ara.i_ara/i_sequencer/gen_seq_fu_cnt[5].i_insn_queue_cnt/i_counter/ara_req_o[op][7]_i_1/O
                         net (fo=237, routed)         0.271    12.880    i_cheshire_soc/gen_cva6_cores[0].i_core_cva6/gen_accelerator.i_acc_dispatcher/i_accelerator_req_register/spill_register_flushable_i/ara_req_ready
    SLICE_X38Y178        LUT3 (Prop_E6LUT_SLICEL_I0_O)
                                                      0.035    12.915 f  i_cheshire_soc/gen_cva6_cores[0].i_core_cva6/gen_accelerator.i_acc_dispatcher/i_accelerator_req_register/spill_register_flushable_i/spill_register_59_LUT3_46/O
                         net (fo=35, routed)          0.311    13.226    i_cheshire_soc/gen_cva6_cores[0].i_core_cva6/gen_accelerator.i_acc_dispatcher/i_accelerator_req_register/spill_register_flushable_i/gen_spill_reg.b_full_q_reg_1
    SLICE_X39Y173        LUT6 (Prop_G6LUT_SLICEL_I4_O)
                                                      0.035    13.261 r  i_cheshire_soc/gen_cva6_cores[0].i_core_cva6/gen_accelerator.i_acc_dispatcher/i_accelerator_req_register/spill_register_flushable_i/spill_register_59_LUT6_467/O
                         net (fo=5, routed)           0.267    13.528    i_cheshire_soc/gen_cva6_cores[0].i_core_cva6/gen_accelerator.i_acc_dispatcher/i_accelerator_req_register/spill_register_flushable_i/spill_register_59_net_928
    SLICE_X40Y171        LUT3 (Prop_C6LUT_SLICEM_I2_O)
                                                      0.051    13.579 r  i_cheshire_soc/gen_cva6_cores[0].i_core_cva6/gen_accelerator.i_acc_dispatcher/i_accelerator_req_register/spill_register_flushable_i/spill_register_59_LUT3_502/O
                         net (fo=33, routed)          0.259    13.838    i_cheshire_soc/gen_cva6_cores[0].gen_ara.i_ara/i_dispatcher/ara_req_o_reg[vs2][0]_0
    SLICE_X41Y168        LUT6 (Prop_G6LUT_SLICEM_I0_O)
                                                      0.150    13.988 f  i_cheshire_soc/gen_cva6_cores[0].gen_ara.i_ara/i_dispatcher/ara_dispatcher_LUT6_212/O
                         net (fo=1, routed)           0.017    14.005    i_cheshire_soc/gen_cva6_cores[0].gen_ara.i_ara/i_dispatcher/reshuffle_req_q[1]_i_34_n_0
    SLICE_X41Y168        MUXF7 (Prop_F7MUX_GH_SLICEM_I1_O)
                                                      0.067    14.072 f  i_cheshire_soc/gen_cva6_cores[0].gen_ara.i_ara/i_dispatcher/reshuffle_req_q_reg[1]_i_16/O
                         net (fo=1, routed)           0.464    14.536    i_cheshire_soc/gen_cva6_cores[0].gen_ara.i_ara/i_dispatcher/reshuffle_req_q_reg[1]_i_16_n_0
    SLICE_X38Y169        LUT6 (Prop_H6LUT_SLICEL_I2_O)
                                                      0.099    14.635 r  i_cheshire_soc/gen_cva6_cores[0].gen_ara.i_ara/i_dispatcher/ara_dispatcher_LUT6_220/O
                         net (fo=1, routed)           0.087    14.722    i_cheshire_soc/gen_cva6_cores[0].gen_ara.i_ara/i_dispatcher/ara_dispatcher_net_168
    SLICE_X37Y169        LUT6 (Prop_H6LUT_SLICEM_I4_O)
                                                      0.039    14.761 r  i_cheshire_soc/gen_cva6_cores[0].gen_ara.i_ara/i_dispatcher/ara_dispatcher_LUT6_222/O
                         net (fo=1, routed)           0.095    14.856    i_cheshire_soc/gen_cva6_cores[0].i_core_cva6/gen_accelerator.i_acc_dispatcher/i_accelerator_req_register/spill_register_flushable_i/reshuffle_req_q_reg[1]
    SLICE_X37Y170        LUT5 (Prop_A6LUT_SLICEM_I0_O)
                                                      0.053    14.909 f  i_cheshire_soc/gen_cva6_cores[0].i_core_cva6/gen_accelerator.i_acc_dispatcher/i_accelerator_req_register/spill_register_flushable_i/spill_register_59_LUT5_463/O
                         net (fo=1, routed)           0.044    14.953    i_cheshire_soc/gen_cva6_cores[0].i_core_cva6/gen_accelerator.i_acc_dispatcher/i_accelerator_req_register/spill_register_flushable_i/spill_register_59_net_964
    SLICE_X37Y170        LUT6 (Prop_B6LUT_SLICEM_I5_O)
                                                      0.089    15.042 r  i_cheshire_soc/gen_cva6_cores[0].i_core_cva6/gen_accelerator.i_acc_dispatcher/i_accelerator_req_register/spill_register_flushable_i/spill_register_59_LUT6_485/O
                         net (fo=8, routed)           0.251    15.293    i_cheshire_soc/gen_cva6_cores[0].i_core_cva6/gen_accelerator.i_acc_dispatcher/i_accelerator_req_register/spill_register_flushable_i/reshuffle_req_q[2]_i_7_0
    SLICE_X37Y169        LUT2 (Prop_E5LUT_SLICEM_I1_O)
                                                      0.164    15.457 r  i_cheshire_soc/gen_cva6_cores[0].i_core_cva6/gen_accelerator.i_acc_dispatcher/i_accelerator_req_register/spill_register_flushable_i/spill_register_59_LUT2_124/O
                         net (fo=2, routed)           0.234    15.691    i_cheshire_soc/gen_cva6_cores[0].i_core_cva6/gen_accelerator.i_acc_dispatcher/i_accelerator_req_register/spill_register_flushable_i/spill_register_59_net_968
    SLICE_X37Y169        LUT2 (Prop_A6LUT_SLICEM_I1_O)
                                                      0.053    15.744 r  i_cheshire_soc/gen_cva6_cores[0].i_core_cva6/gen_accelerator.i_acc_dispatcher/i_accelerator_req_register/spill_register_flushable_i/spill_register_59_LUT2_125/O
                         net (fo=2, routed)           0.094    15.838    i_cheshire_soc/gen_cva6_cores[0].gen_ara.i_ara/i_dispatcher/rs_lmul_cnt_limit_q_reg[1]_2
    SLICE_X37Y170        LUT6 (Prop_C6LUT_SLICEM_I0_O)
                                                      0.098    15.936 r  i_cheshire_soc/gen_cva6_cores[0].gen_ara.i_ara/i_dispatcher/ara_dispatcher_LUT6_223/O
                         net (fo=3, routed)           0.150    16.086    i_cheshire_soc/gen_cva6_cores[0].gen_ara.i_ara/i_dispatcher/reshuffle_req_q_reg[0]_0
    SLICE_X37Y173        LUT2 (Prop_E6LUT_SLICEM_I1_O)
                                                      0.091    16.177 f  i_cheshire_soc/gen_cva6_cores[0].gen_ara.i_ara/i_dispatcher/ara_dispatcher_LUT2_281/O
                         net (fo=2, routed)           0.271    16.448    i_cheshire_soc/gen_cva6_cores[0].i_core_cva6/gen_accelerator.i_acc_dispatcher/i_accelerator_req_register/spill_register_flushable_i/gen_spill_reg.b_data_q_reg[trans_id][0]_13
    SLICE_X35Y181        LUT6 (Prop_C6LUT_SLICEM_I0_O)
                                                      0.098    16.546 f  i_cheshire_soc/gen_cva6_cores[0].i_core_cva6/gen_accelerator.i_acc_dispatcher/i_accelerator_req_register/spill_register_flushable_i/spill_register_59_LUT6_338/O
                         net (fo=5, routed)           0.434    16.980    i_cheshire_soc/gen_cva6_cores[0].i_core_cva6/gen_accelerator.i_acc_dispatcher/i_accelerator_req_register/spill_register_flushable_i/spill_register_59_net_685
    SLICE_X30Y197        LUT5 (Prop_B6LUT_SLICEL_I4_O)
                                                      0.051    17.031 r  i_cheshire_soc/gen_cva6_cores[0].i_core_cva6/gen_accelerator.i_acc_dispatcher/i_accelerator_req_register/spill_register_flushable_i/spill_register_59_LUT5_460/O
                         net (fo=3, routed)           0.313    17.344    i_cheshire_soc/gen_cva6_cores[0].i_core_cva6/issue_stage_i/i_scoreboard/fu_data_q[0][operand_b][31]_i_15_0
    SLICE_X27Y200        LUT6 (Prop_F6LUT_SLICEL_I3_O)
                                                      0.049    17.393 f  i_cheshire_soc/gen_cva6_cores[0].i_core_cva6/issue_stage_i/i_scoreboard/fu_data_q[0][imm][31]_i_101/O
                         net (fo=1, routed)           0.208    17.601    i_cheshire_soc/gen_cva6_cores[0].i_core_cva6/issue_stage_i/i_scoreboard/fu_data_q[0][imm][31]_i_101_n_0
    SLICE_X25Y202        LUT3 (Prop_H5LUT_SLICEM_I0_O)
                                                      0.135    17.736 r  i_cheshire_soc/gen_cva6_cores[0].i_core_cva6/issue_stage_i/i_scoreboard/fu_data_q[0][imm][31]_i_51/O
                         net (fo=3, routed)           0.363    18.099    i_cheshire_soc/gen_cva6_cores[0].i_core_cva6/issue_stage_i/i_scoreboard/i_issue_read_operands/rs3_fwd_req[0]_573[4]
    SLICE_X24Y203        LUT6 (Prop_B6LUT_SLICEL_I4_O)
                                                      0.036    18.135 r  i_cheshire_soc/gen_cva6_cores[0].i_core_cva6/issue_stage_i/i_scoreboard/fu_data_q[0][imm][31]_i_16/O
                         net (fo=6, routed)           0.237    18.372    i_cheshire_soc/gen_cva6_cores[0].i_core_cva6/issue_stage_i/i_scoreboard/fu_data_q[0][imm][31]_i_16_n_0
    SLICE_X22Y204        LUT6 (Prop_G6LUT_SLICEM_I0_O)
                                                      0.090    18.462 r  i_cheshire_soc/gen_cva6_cores[0].i_core_cva6/issue_stage_i/i_scoreboard/fu_data_q[0][imm][31]_i_5/O
                         net (fo=4, routed)           0.103    18.565    i_cheshire_soc/gen_cva6_cores[0].i_core_cva6/issue_stage_i/i_scoreboard/fu_data_q[0][imm][31]_i_5_n_0
    SLICE_X22Y205        LUT6 (Prop_H6LUT_SLICEM_I0_O)
                                                      0.101    18.666 f  i_cheshire_soc/gen_cva6_cores[0].i_core_cva6/issue_stage_i/i_scoreboard/mem_q[7][sbe][op][7]_i_13/O
                         net (fo=1, routed)           0.245    18.911    i_cheshire_soc/gen_cva6_cores[0].i_core_cva6/issue_stage_i/i_scoreboard/mem_q[7][sbe][op][7]_i_13_n_0
    SLICE_X18Y205        LUT4 (Prop_B6LUT_SLICEL_I3_O)
                                                      0.051    18.962 f  i_cheshire_soc/gen_cva6_cores[0].i_core_cva6/issue_stage_i/i_scoreboard/mem_q[7][sbe][op][7]_i_8/O
                         net (fo=7, routed)           0.219    19.181    i_cheshire_soc/gen_cva6_cores[0].i_core_cva6/id_stage_i/stall_issue
    SLICE_X14Y205        LUT4 (Prop_A6LUT_SLICEM_I2_O)
                                                      0.053    19.234 f  i_cheshire_soc/gen_cva6_cores[0].i_core_cva6/id_stage_i/id_stage_LUT4_2/O
                         net (fo=2, routed)           0.187    19.421    i_cheshire_soc/gen_cva6_cores[0].i_core_cva6/id_stage_i/id_stage_net_3
    SLICE_X13Y205        LUT6 (Prop_G6LUT_SLICEM_I5_O)
                                                      0.052    19.473 r  i_cheshire_soc/gen_cva6_cores[0].i_core_cva6/id_stage_i/id_stage_LUT6_7/O
                         net (fo=20, routed)          0.277    19.750    i_cheshire_soc/gen_cva6_cores[0].i_core_cva6/issue_stage_i/i_scoreboard/issue_ack_iro_sb
    SLICE_X11Y202        LUT6 (Prop_F6LUT_SLICEM_I1_O)
                                                      0.037    19.787 r  i_cheshire_soc/gen_cva6_cores[0].i_core_cva6/issue_stage_i/i_scoreboard/mem_q[5][sbe][op][7]_i_1/O
                         net (fo=84, routed)          0.256    20.043    i_cheshire_soc/gen_cva6_cores[0].i_core_cva6/issue_stage_i/i_scoreboard/issue_pointer_q_reg[2]_1
    SLICE_X10Y200        LUT3 (Prop_C5LUT_SLICEM_I1_O)
                                                      0.159    20.202 f  i_cheshire_soc/gen_cva6_cores[0].i_core_cva6/issue_stage_i/i_scoreboard/mem_q[5][sbe][fu][3]_i_1/O
                         net (fo=6, routed)           0.351    20.553    i_cheshire_soc/gen_cva6_cores[0].i_core_cva6/issue_stage_i/i_scoreboard/mem_q[5][sbe][fu][3]_i_1_n_0
    SLICE_X8Y198         LUT6 (Prop_G6LUT_SLICEL_I3_O)
                                                      0.123    20.676 f  i_cheshire_soc/gen_cva6_cores[0].i_core_cva6/issue_stage_i/i_scoreboard/mem_q[1][sbe][rd][4]_i_40/O
                         net (fo=1, routed)           0.008    20.684    i_cheshire_soc/gen_cva6_cores[0].i_core_cva6/issue_stage_i/i_scoreboard/mem_q[1][sbe][rd][4]_i_40_n_0
    SLICE_X8Y198         MUXF7 (Prop_F7MUX_GH_SLICEL_I1_O)
                                                      0.063    20.747 f  i_cheshire_soc/gen_cva6_cores[0].i_core_cva6/issue_stage_i/i_scoreboard/mem_q_reg[1][sbe][rd][4]_i_26/O
                         net (fo=1, routed)           0.224    20.971    i_cheshire_soc/gen_cva6_cores[0].i_core_cva6/issue_stage_i/i_scoreboard/mem_q_reg[1][sbe][rd][4]_i_26_n_0
    SLICE_X8Y198         LUT2 (Prop_A6LUT_SLICEL_I1_O)
                                                      0.124    21.095 r  i_cheshire_soc/gen_cva6_cores[0].i_core_cva6/issue_stage_i/i_scoreboard/mem_q[1][sbe][rd][4]_i_15/O
                         net (fo=5, routed)           0.226    21.321    i_cheshire_soc/gen_cva6_cores[0].i_core_cva6/ex_stage_i/lsu_i/i_pipe_reg_load/i_shift_reg_gated/mem_q[0][sbe][rd][0]_i_2_1
    SLICE_X9Y198         LUT2 (Prop_E6LUT_SLICEL_I1_O)
                                                      0.099    21.420 f  i_cheshire_soc/gen_cva6_cores[0].i_core_cva6/ex_stage_i/lsu_i/i_pipe_reg_load/i_shift_reg_gated/shift_reg_gated_LUT2_35/O
                         net (fo=4, routed)           0.366    21.786    i_cheshire_soc/gen_cva6_cores[0].i_core_cva6/ex_stage_i/lsu_i/i_pipe_reg_load/i_shift_reg_gated/shift_reg_gated_net_51
    SLICE_X6Y201         LUT6 (Prop_G6LUT_SLICEL_I5_O)
                                                      0.097    21.883 r  i_cheshire_soc/gen_cva6_cores[0].i_core_cva6/ex_stage_i/lsu_i/i_pipe_reg_load/i_shift_reg_gated/shift_reg_gated_LUT6_397/O
                         net (fo=5, routed)           0.173    22.056    i_cheshire_soc/gen_cva6_cores[0].i_core_cva6/ex_stage_i/lsu_i/i_pipe_reg_load/i_shift_reg_gated/shift_reg_gated_net_54
    SLICE_X7Y201         LUT4 (Prop_E6LUT_SLICEM_I3_O)
                                                      0.124    22.180 r  i_cheshire_soc/gen_cva6_cores[0].i_core_cva6/ex_stage_i/lsu_i/i_pipe_reg_load/i_shift_reg_gated/shift_reg_gated_LUT4_7/O
                         net (fo=2, routed)           0.252    22.432    i_cheshire_soc/gen_cva6_cores[0].i_core_cva6/ex_stage_i/lsu_i/i_pipe_reg_load/i_shift_reg_gated/shift_reg_gated_net_58
    SLICE_X8Y202         LUT6 (Prop_H6LUT_SLICEL_I4_O)
                                                      0.124    22.556 r  i_cheshire_soc/gen_cva6_cores[0].i_core_cva6/ex_stage_i/lsu_i/i_pipe_reg_load/i_shift_reg_gated/shift_reg_gated_LUT6_399/O
                         net (fo=1, routed)           0.010    22.566    i_cheshire_soc/gen_cva6_cores[0].i_core_cva6/issue_stage_i/i_scoreboard/mem_q_reg[7][sbe][rd][0]_0
    SLICE_X8Y202         MUXF7 (Prop_F7MUX_GH_SLICEL_I0_O)
                                                      0.064    22.630 r  i_cheshire_soc/gen_cva6_cores[0].i_core_cva6/issue_stage_i/i_scoreboard/mem_q_reg[1][sbe][rd][0]_i_3/O
                         net (fo=8, routed)           0.281    22.911    i_cheshire_soc/gen_cva6_cores[0].i_core_cva6/issue_stage_i/i_scoreboard/mem_q_reg[1][sbe][rd][0]_i_3_n_0
    SLICE_X9Y202         LUT5 (Prop_F6LUT_SLICEL_I0_O)
                                                      0.097    23.008 r  i_cheshire_soc/gen_cva6_cores[0].i_core_cva6/issue_stage_i/i_scoreboard/mem_q[7][sbe][rd][0]_i_1/O
                         net (fo=1, routed)           0.051    23.059    i_cheshire_soc/gen_cva6_cores[0].i_core_cva6/issue_stage_i/i_scoreboard/mem_q[7][sbe][rd][0]_i_1_n_0
    SLICE_X9Y202         FDCE                                         r  i_cheshire_soc/gen_cva6_cores[0].i_core_cva6/issue_stage_i/i_scoreboard/mem_q_reg[7][sbe][rd][0]/D
  -------------------------------------------------------------------    -------------------

                         (clock clk_50_clkwiz rise edge)
                                                     19.998    19.998 r  
    AL8                                               0.000    19.998 r  sys_clk_p (IN)
                         net (fo=0)                   0.000    19.998    i_bufds_sys_clk/I
    HPIOBDIFFINBUF_X0Y11 DIFFINBUF (Prop_DIFFINBUF_HPIOBDIFFINBUF_DIFF_IN_P_O)
                                                      0.394    20.392 r  i_bufds_sys_clk/DIFFINBUF_INST/O
                         net (fo=1, routed)           0.040    20.432    i_bufds_sys_clk/OUT
    AL8                  IBUFCTRL (Prop_IBUFCTRL_HPIOB_M_I_O)
                                                      0.000    20.432 r  i_bufds_sys_clk/IBUFCTRL_INST/O
                         net (fo=1, routed)           0.344    20.776    i_clkwiz/inst/clk_in1
    MMCM_X0Y0            MMCME4_ADV (Prop_MMCM_CLKIN1_CLKOUT0)
                                                      0.630    21.406 r  i_clkwiz/inst/mmcme4_adv_inst/CLKOUT0
                         net (fo=1, routed)           0.214    21.620    i_clkwiz/inst/clk_50_clkwiz
    BUFGCE_X0Y8          BUFGCE (Prop_BUFCE_BUFGCE_I_O)
                                                      0.024    21.644 r  i_clkwiz/inst/clkout1_buf/O
    X1Y3 (CLOCK_ROOT)    net (fo=107112, routed)      2.715    24.359    i_cheshire_soc/gen_cva6_cores[0].i_core_cva6/issue_stage_i/i_scoreboard/clk_50
    SLICE_X9Y202         FDCE                                         r  i_cheshire_soc/gen_cva6_cores[0].i_core_cva6/issue_stage_i/i_scoreboard/mem_q_reg[7][sbe][rd][0]/C
                         clock pessimism             -0.344    24.014    
                         clock uncertainty           -0.068    23.946    
    SLICE_X9Y202         FDCE (Setup_FFF_SLICEL_C_D)
                                                      0.025    23.971    i_cheshire_soc/gen_cva6_cores[0].i_core_cva6/issue_stage_i/i_scoreboard/mem_q_reg[7][sbe][rd][0]
  -------------------------------------------------------------------
                         required time                         23.971    
                         arrival time                         -23.059    
  -------------------------------------------------------------------
                         slack                                  0.912    





Min Delay Paths
--------------------------------------------------------------------------------------
Slack (MET) :             0.010ns  (arrival time - required time)
  Source:                 i_cheshire_soc/gen_cva6_cores[0].gen_ara.i_ara/i_masku/result_queue_q_reg[1][1][wdata][44]/C
                            (rising edge-triggered cell FDCE clocked by clk_50_clkwiz  {rise@0.000ns fall@9.999ns period=19.998ns})
  Destination:            i_cheshire_soc/gen_cva6_cores[0].gen_ara.i_ara/gen_lanes[1].i_lane/i_operand_requester/i_masku_stream_register/data_o_reg[wdata][44]/D
                            (rising edge-triggered cell FDCE clocked by clk_50_clkwiz  {rise@0.000ns fall@9.999ns period=19.998ns})
  Path Group:             clk_50_clkwiz
  Path Type:              Hold (Min at Slow Process Corner)
  Requirement:            0.000ns  (clk_50_clkwiz rise@0.000ns - clk_50_clkwiz rise@0.000ns)
  Data Path Delay:        0.167ns  (logic 0.080ns (47.904%)  route 0.087ns (52.096%))
  Logic Levels:           1  (LUT3=1)
  Clock Path Skew:        0.097ns (DCD - SCD - CPR)
    Destination Clock Delay (DCD):    4.150ns
    Source Clock Delay      (SCD):    4.394ns
    Clock Pessimism Removal (CPR):    -0.340ns
  Clock Net Delay (Source):      2.748ns (routing 1.386ns, distribution 1.362ns)
  Clock Net Delay (Destination): 3.069ns (routing 1.522ns, distribution 1.547ns)

    Location             Delay type                Incr(ns)  Path(ns)    Netlist Resource(s)
  -------------------------------------------------------------------    -------------------
                         (clock clk_50_clkwiz rise edge)
                                                      0.000     0.000 r  
    AL8                                               0.000     0.000 r  sys_clk_p (IN)
                         net (fo=0)                   0.000     0.000    i_bufds_sys_clk/I
    HPIOBDIFFINBUF_X0Y11 DIFFINBUF (Prop_DIFFINBUF_HPIOBDIFFINBUF_DIFF_IN_P_O)
                                                      0.394     0.394 r  i_bufds_sys_clk/DIFFINBUF_INST/O
                         net (fo=1, routed)           0.040     0.434    i_bufds_sys_clk/OUT
    AL8                  IBUFCTRL (Prop_IBUFCTRL_HPIOB_M_I_O)
                                                      0.000     0.434 r  i_bufds_sys_clk/IBUFCTRL_INST/O
                         net (fo=1, routed)           0.344     0.778    i_clkwiz/inst/clk_in1
    MMCM_X0Y0            MMCME4_ADV (Prop_MMCM_CLKIN1_CLKOUT0)
                                                      0.630     1.408 r  i_clkwiz/inst/mmcme4_adv_inst/CLKOUT0
                         net (fo=1, routed)           0.214     1.622    i_clkwiz/inst/clk_50_clkwiz
    BUFGCE_X0Y8          BUFGCE (Prop_BUFCE_BUFGCE_I_O)
                                                      0.024     1.646 r  i_clkwiz/inst/clkout1_buf/O
    X1Y3 (CLOCK_ROOT)    net (fo=107112, routed)      2.748     4.394    i_cheshire_soc/gen_cva6_cores[0].gen_ara.i_ara/i_masku/clk_50
    SLICE_X16Y265        FDCE                                         r  i_cheshire_soc/gen_cva6_cores[0].gen_ara.i_ara/i_masku/result_queue_q_reg[1][1][wdata][44]/C
  -------------------------------------------------------------------    -------------------
    SLICE_X16Y265        FDCE (Prop_DFF_SLICEM_C_Q)
                                                      0.058     4.452 r  i_cheshire_soc/gen_cva6_cores[0].gen_ara.i_ara/i_masku/result_queue_q_reg[1][1][wdata][44]/Q
                         net (fo=2, routed)           0.065     4.517    i_cheshire_soc/gen_cva6_cores[0].gen_ara.i_ara/i_masku/result_queue_q_reg[1][1][wdata][44]
    SLICE_X15Y265        LUT3 (Prop_D6LUT_SLICEL_I1_O)
                                                      0.022     4.539 r  i_cheshire_soc/gen_cva6_cores[0].gen_ara.i_ara/i_masku/masku_LUT3_182/O
                         net (fo=1, routed)           0.022     4.561    i_cheshire_soc/gen_cva6_cores[0].gen_ara.i_ara/gen_lanes[1].i_lane/i_operand_requester/i_masku_stream_register/data_o_reg[wdata][63]_0[44]
    SLICE_X15Y265        FDCE                                         r  i_cheshire_soc/gen_cva6_cores[0].gen_ara.i_ara/gen_lanes[1].i_lane/i_operand_requester/i_masku_stream_register/data_o_reg[wdata][44]/D
  -------------------------------------------------------------------    -------------------

                         (clock clk_50_clkwiz rise edge)
                                                      0.000     0.000 r  
    AL8                                               0.000     0.000 r  sys_clk_p (IN)
                         net (fo=0)                   0.000     0.000    i_bufds_sys_clk/I
    HPIOBDIFFINBUF_X0Y11 DIFFINBUF (Prop_DIFFINBUF_HPIOBDIFFINBUF_DIFF_IN_P_O)
                                                      0.489     0.489 r  i_bufds_sys_clk/DIFFINBUF_INST/O
                         net (fo=1, routed)           0.050     0.539    i_bufds_sys_clk/OUT
    AL8                  IBUFCTRL (Prop_IBUFCTRL_HPIOB_M_I_O)
                                                      0.000     0.539 r  i_bufds_sys_clk/IBUFCTRL_INST/O
                         net (fo=1, routed)           0.397     0.936    i_clkwiz/inst/clk_in1
    MMCM_X0Y0            MMCME4_ADV (Prop_MMCM_CLKIN1_CLKOUT0)
                                                     -0.127     0.809 r  i_clkwiz/inst/mmcme4_adv_inst/CLKOUT0
                         net (fo=1, routed)           0.244     1.053    i_clkwiz/inst/clk_50_clkwiz
    BUFGCE_X0Y8          BUFGCE (Prop_BUFCE_BUFGCE_I_O)
                                                      0.028     1.081 r  i_clkwiz/inst/clkout1_buf/O
    X1Y3 (CLOCK_ROOT)    net (fo=107112, routed)      3.069     4.150    i_cheshire_soc/gen_cva6_cores[0].gen_ara.i_ara/gen_lanes[1].i_lane/i_operand_requester/i_masku_stream_register/clk_50
    SLICE_X15Y265        FDCE                                         r  i_cheshire_soc/gen_cva6_cores[0].gen_ara.i_ara/gen_lanes[1].i_lane/i_operand_requester/i_masku_stream_register/data_o_reg[wdata][44]/C
                         clock pessimism              0.340     4.491    
    SLICE_X15Y265        FDCE (Hold_DFF_SLICEL_C_D)
                                                      0.060     4.551    i_cheshire_soc/gen_cva6_cores[0].gen_ara.i_ara/gen_lanes[1].i_lane/i_operand_requester/i_masku_stream_register/data_o_reg[wdata][44]
  -------------------------------------------------------------------
                         required time                         -4.551    
                         arrival time                           4.561    
  -------------------------------------------------------------------
                         slack                                  0.010    





Pulse Width Checks
--------------------------------------------------------------------------------------
Clock Name:         clk_50_clkwiz
Waveform(ns):       { 0.000 9.999 }
Period(ns):         19.998
Sources:            { i_clkwiz/inst/mmcme4_adv_inst/CLKOUT0 }

Check Type        Corner  Lib Pin          Reference Pin  Required(ns)  Actual(ns)  Slack(ns)  Location  Pin
Min Period        n/a     PS8/MAXIGP2ACLK  n/a            3.000         19.998      16.998     PS8_X0Y0  i_zynqmp/inst/PS8_i/MAXIGP2ACLK
Low Pulse Width   Slow    PS8/MAXIGP2ACLK  n/a            1.500         9.999       8.499      PS8_X0Y0  i_zynqmp/inst/PS8_i/MAXIGP2ACLK
High Pulse Width  Slow    PS8/MAXIGP2ACLK  n/a            1.500         9.999       8.499      PS8_X0Y0  i_zynqmp/inst/PS8_i/MAXIGP2ACLK



---------------------------------------------------------------------------------------------------
Path Group:  **async_default**
From Clock:  clk_50_clkwiz
  To Clock:  clk_50_clkwiz

Setup :            0  Failing Endpoints,  Worst Slack       14.962ns,  Total Violation        0.000ns
Hold  :            0  Failing Endpoints,  Worst Slack        1.135ns,  Total Violation        0.000ns
---------------------------------------------------------------------------------------------------


Max Delay Paths
--------------------------------------------------------------------------------------
Slack (MET) :             14.962ns  (required time - arrival time)
  Source:                 i_rstgen/i_rstgen_bypass/synch_regs_q_reg[3]/C
                            (rising edge-triggered cell FDCE clocked by clk_50_clkwiz  {rise@0.000ns fall@9.999ns period=19.998ns})
  Destination:            i_cheshire_soc/gen_ext_in_intr_syncs[0].i_ext_intr_sync/reg_q_reg[0]/CLR
                            (recovery check against rising-edge clock clk_50_clkwiz  {rise@0.000ns fall@9.999ns period=19.998ns})
  Path Group:             **async_default**
  Path Type:              Recovery (Max at Slow Process Corner)
  Requirement:            19.998ns  (clk_50_clkwiz rise@19.998ns - clk_50_clkwiz rise@0.000ns)
  Data Path Delay:        4.694ns  (logic 0.270ns (5.752%)  route 4.424ns (94.248%))
  Logic Levels:           2  (BUFGCTRL=1 LUT1=1)
  Clock Path Skew:        -0.208ns (DCD - SCD + CPR)
    Destination Clock Delay (DCD):    4.464ns = ( 24.462 - 19.998 ) 
    Source Clock Delay      (SCD):    4.243ns
    Clock Pessimism Removal (CPR):    -0.428ns
  Clock Uncertainty:      0.068ns  ((TSJ^2 + DJ^2)^1/2) / 2 + PE
    Total System Jitter     (TSJ):    0.071ns
    Discrete Jitter          (DJ):    0.116ns
    Phase Error              (PE):    0.000ns
  Clock Net Delay (Source):      3.162ns (routing 1.522ns, distribution 1.640ns)
  Clock Net Delay (Destination): 2.818ns (routing 1.386ns, distribution 1.432ns)

    Location             Delay type                Incr(ns)  Path(ns)    Netlist Resource(s)
  -------------------------------------------------------------------    -------------------
                         (clock clk_50_clkwiz rise edge)
                                                      0.000     0.000 r  
    AL8                                               0.000     0.000 r  sys_clk_p (IN)
                         net (fo=0)                   0.000     0.000    i_bufds_sys_clk/I
    HPIOBDIFFINBUF_X0Y11 DIFFINBUF (Prop_DIFFINBUF_HPIOBDIFFINBUF_DIFF_IN_P_O)
                                                      0.489     0.489 r  i_bufds_sys_clk/DIFFINBUF_INST/O
                         net (fo=1, routed)           0.050     0.539    i_bufds_sys_clk/OUT
    AL8                  IBUFCTRL (Prop_IBUFCTRL_HPIOB_M_I_O)
                                                      0.000     0.539 r  i_bufds_sys_clk/IBUFCTRL_INST/O
                         net (fo=1, routed)           0.397     0.936    i_clkwiz/inst/clk_in1
    MMCM_X0Y0            MMCME4_ADV (Prop_MMCM_CLKIN1_CLKOUT0)
                                                     -0.127     0.809 r  i_clkwiz/inst/mmcme4_adv_inst/CLKOUT0
                         net (fo=1, routed)           0.244     1.053    i_clkwiz/inst/clk_50_clkwiz
    BUFGCE_X0Y8          BUFGCE (Prop_BUFCE_BUFGCE_I_O)
                                                      0.028     1.081 r  i_clkwiz/inst/clkout1_buf/O
    X1Y3 (CLOCK_ROOT)    net (fo=107112, routed)      3.162     4.243    i_rstgen/i_rstgen_bypass/clk_50
    SLICE_X96Y180        FDCE                                         r  i_rstgen/i_rstgen_bypass/synch_regs_q_reg[3]/C
  -------------------------------------------------------------------    -------------------
    SLICE_X96Y180        FDCE (Prop_BFF_SLICEM_C_Q)
                                                      0.078     4.321 r  i_rstgen/i_rstgen_bypass/synch_regs_q_reg[3]/Q
                         net (fo=1, routed)           1.500     5.821    i_rstgen/i_rstgen_bypass/i_tc_clk_mux2_rst_no/Q[0]
    BUFGCTRL_X0Y2        BUFGCTRL (Prop_BUFGCTRL_I0_O)
                                                      0.092     5.913 r  i_rstgen/i_rstgen_bypass/i_tc_clk_mux2_rst_no/i_BUFGMUX/O
                         net (fo=94826, routed)       2.746     8.659    i_cheshire_soc/gen_ext_in_intr_syncs[0].i_ext_intr_sync/rst_ni
    SLICE_X1Y417         LUT1 (Prop_A6LUT_SLICEM_I0_O)
                                                      0.100     8.759 f  i_cheshire_soc/gen_ext_in_intr_syncs[0].i_ext_intr_sync/reg_q[1]_i_1/O
                         net (fo=2, routed)           0.178     8.937    i_cheshire_soc/gen_ext_in_intr_syncs[0].i_ext_intr_sync/reg_q[1]_i_1_n_0
    SLICE_X1Y417         FDCE                                         f  i_cheshire_soc/gen_ext_in_intr_syncs[0].i_ext_intr_sync/reg_q_reg[0]/CLR
  -------------------------------------------------------------------    -------------------

                         (clock clk_50_clkwiz rise edge)
                                                     19.998    19.998 r  
    AL8                                               0.000    19.998 r  sys_clk_p (IN)
                         net (fo=0)                   0.000    19.998    i_bufds_sys_clk/I
    HPIOBDIFFINBUF_X0Y11 DIFFINBUF (Prop_DIFFINBUF_HPIOBDIFFINBUF_DIFF_IN_P_O)
                                                      0.394    20.392 r  i_bufds_sys_clk/DIFFINBUF_INST/O
                         net (fo=1, routed)           0.040    20.432    i_bufds_sys_clk/OUT
    AL8                  IBUFCTRL (Prop_IBUFCTRL_HPIOB_M_I_O)
                                                      0.000    20.432 r  i_bufds_sys_clk/IBUFCTRL_INST/O
                         net (fo=1, routed)           0.344    20.776    i_clkwiz/inst/clk_in1
    MMCM_X0Y0            MMCME4_ADV (Prop_MMCM_CLKIN1_CLKOUT0)
                                                      0.630    21.406 r  i_clkwiz/inst/mmcme4_adv_inst/CLKOUT0
                         net (fo=1, routed)           0.214    21.620    i_clkwiz/inst/clk_50_clkwiz
    BUFGCE_X0Y8          BUFGCE (Prop_BUFCE_BUFGCE_I_O)
                                                      0.024    21.644 r  i_clkwiz/inst/clkout1_buf/O
    X1Y3 (CLOCK_ROOT)    net (fo=107112, routed)      2.818    24.462    i_cheshire_soc/gen_ext_in_intr_syncs[0].i_ext_intr_sync/clk_i
    SLICE_X1Y417         FDCE                                         r  i_cheshire_soc/gen_ext_in_intr_syncs[0].i_ext_intr_sync/reg_q_reg[0]/C
                         clock pessimism             -0.428    24.033    
                         clock uncertainty           -0.068    23.965    
    SLICE_X1Y417         FDCE (Recov_DFF2_SLICEM_C_CLR)
                                                     -0.066    23.899    i_cheshire_soc/gen_ext_in_intr_syncs[0].i_ext_intr_sync/reg_q_reg[0]
  -------------------------------------------------------------------
                         required time                         23.899    
                         arrival time                          -8.937    
  -------------------------------------------------------------------
                         slack                                 14.962    





Min Delay Paths
--------------------------------------------------------------------------------------
Slack (MET) :             1.135ns  (arrival time - required time)
  Source:                 i_cheshire_soc/gen_cva6_cores[0].gen_ara.i_ara/gen_lanes[1].i_lane/i_operand_queues/lsu_ex_flush_o_reg/C
                            (rising edge-triggered cell FDCE clocked by clk_50_clkwiz  {rise@0.000ns fall@9.999ns period=19.998ns})
  Destination:            i_cheshire_soc/gen_cva6_cores[0].gen_ara.i_ara/i_vlsu/i_vldu/lsu_ex_flush_q_reg/F2/PRE
                            (removal check against rising-edge clock clk_50_clkwiz  {rise@0.000ns fall@9.999ns period=19.998ns})
  Path Group:             **async_default**
  Path Type:              Removal (Min at Fast Process Corner)
  Requirement:            0.000ns  (clk_50_clkwiz rise@0.000ns - clk_50_clkwiz rise@0.000ns)
  Data Path Delay:        1.178ns  (logic 0.078ns (6.621%)  route 1.100ns (93.379%))
  Logic Levels:           1  (LUT2=1)
  Clock Path Skew:        0.063ns (DCD - SCD - CPR)
    Destination Clock Delay (DCD):    2.291ns
    Source Clock Delay      (SCD):    2.502ns
    Clock Pessimism Removal (CPR):    -0.273ns
  Clock Net Delay (Source):      1.618ns (routing 0.829ns, distribution 0.789ns)
  Clock Net Delay (Destination): 1.776ns (routing 0.924ns, distribution 0.852ns)

    Location             Delay type                Incr(ns)  Path(ns)    Netlist Resource(s)
  -------------------------------------------------------------------    -------------------
                         (clock clk_50_clkwiz rise edge)
                                                      0.000     0.000 r  
    AL8                                               0.000     0.000 r  sys_clk_p (IN)
                         net (fo=0)                   0.000     0.000    i_bufds_sys_clk/I
    HPIOBDIFFINBUF_X0Y11 DIFFINBUF (Prop_DIFFINBUF_HPIOBDIFFINBUF_DIFF_IN_P_O)
                                                      0.249     0.249 r  i_bufds_sys_clk/DIFFINBUF_INST/O
                         net (fo=1, routed)           0.040     0.289    i_bufds_sys_clk/OUT
    AL8                  IBUFCTRL (Prop_IBUFCTRL_HPIOB_M_I_O)
                                                      0.000     0.289 r  i_bufds_sys_clk/IBUFCTRL_INST/O
                         net (fo=1, routed)           0.203     0.492    i_clkwiz/inst/clk_in1
    MMCM_X0Y0            MMCME4_ADV (Prop_MMCM_CLKIN1_CLKOUT0)
                                                      0.230     0.722 r  i_clkwiz/inst/mmcme4_adv_inst/CLKOUT0
                         net (fo=1, routed)           0.145     0.867    i_clkwiz/inst/clk_50_clkwiz
    BUFGCE_X0Y8          BUFGCE (Prop_BUFCE_BUFGCE_I_O)
                                                      0.017     0.884 r  i_clkwiz/inst/clkout1_buf/O
    X1Y3 (CLOCK_ROOT)    net (fo=107112, routed)      1.618     2.502    i_cheshire_soc/gen_cva6_cores[0].gen_ara.i_ara/gen_lanes[1].i_lane/i_operand_queues/clk_50
    SLICE_X49Y339        FDCE                                         r  i_cheshire_soc/gen_cva6_cores[0].gen_ara.i_ara/gen_lanes[1].i_lane/i_operand_queues/lsu_ex_flush_o_reg/C
  -------------------------------------------------------------------    -------------------
    SLICE_X49Y339        FDCE (Prop_CFF_SLICEM_C_Q)
                                                      0.038     2.540 f  i_cheshire_soc/gen_cva6_cores[0].gen_ara.i_ara/gen_lanes[1].i_lane/i_operand_queues/lsu_ex_flush_o_reg/Q
                         net (fo=145, routed)         0.926     3.466    i_cheshire_soc/gen_cva6_cores[0].gen_ara.i_ara/gen_lanes[1].i_lane/i_operand_queues/lsu_ex_flush_stu[1]
    SLICE_X37Y234        LUT2 (Prop_G5LUT_SLICEM_I0_O)
                                                      0.040     3.506 f  i_cheshire_soc/gen_cva6_cores[0].gen_ara.i_ara/gen_lanes[1].i_lane/i_operand_queues/lsu_ex_flush_q_i_3_comp/O
                         net (fo=2, routed)           0.174     3.680    i_cheshire_soc/gen_cva6_cores[0].gen_ara.i_ara/i_vlsu/i_vldu/lsu_ex_flush_q_reg/PRE
    SLICE_X36Y234        FDPE                                         f  i_cheshire_soc/gen_cva6_cores[0].gen_ara.i_ara/i_vlsu/i_vldu/lsu_ex_flush_q_reg/F2/PRE
  -------------------------------------------------------------------    -------------------

                         (clock clk_50_clkwiz rise edge)
                                                      0.000     0.000 r  
    AL8                                               0.000     0.000 r  sys_clk_p (IN)
                         net (fo=0)                   0.000     0.000    i_bufds_sys_clk/I
    HPIOBDIFFINBUF_X0Y11 DIFFINBUF (Prop_DIFFINBUF_HPIOBDIFFINBUF_DIFF_IN_P_O)
                                                      0.346     0.346 r  i_bufds_sys_clk/DIFFINBUF_INST/O
                         net (fo=1, routed)           0.050     0.396    i_bufds_sys_clk/OUT
    AL8                  IBUFCTRL (Prop_IBUFCTRL_HPIOB_M_I_O)
                                                      0.000     0.396 r  i_bufds_sys_clk/IBUFCTRL_INST/O
                         net (fo=1, routed)           0.230     0.626    i_clkwiz/inst/clk_in1
    MMCM_X0Y0            MMCME4_ADV (Prop_MMCM_CLKIN1_CLKOUT0)
                                                     -0.295     0.331 r  i_clkwiz/inst/mmcme4_adv_inst/CLKOUT0
                         net (fo=1, routed)           0.165     0.496    i_clkwiz/inst/clk_50_clkwiz
    BUFGCE_X0Y8          BUFGCE (Prop_BUFCE_BUFGCE_I_O)
                                                      0.019     0.515 r  i_clkwiz/inst/clkout1_buf/O
    X1Y3 (CLOCK_ROOT)    net (fo=107112, routed)      1.776     2.291    i_cheshire_soc/gen_cva6_cores[0].gen_ara.i_ara/i_vlsu/i_vldu/lsu_ex_flush_q_reg/C
    SLICE_X36Y234        FDPE                                         r  i_cheshire_soc/gen_cva6_cores[0].gen_ara.i_ara/i_vlsu/i_vldu/lsu_ex_flush_q_reg/F2/C
                         clock pessimism              0.273     2.565    
    SLICE_X36Y234        FDPE (Remov_AFF_SLICEL_C_PRE)
                                                     -0.020     2.545    i_cheshire_soc/gen_cva6_cores[0].gen_ara.i_ara/i_vlsu/i_vldu/lsu_ex_flush_q_reg/F2
  -------------------------------------------------------------------
                         required time                         -2.545    
                         arrival time                           3.680    
  -------------------------------------------------------------------
                         slack                                  1.135    





