Copyright 1986-2021 Xilinx, Inc. All Rights Reserved.
------------------------------------------------------------------------------------------------------------------------------------------------------
| Tool Version      : Vivado v.2021.1_AR76780 (lin64) Build 3247384 Thu Jun 10 19:36:07 MDT 2021
| Date              : Wed Sep  2 15:43:46 2026
| Host              : coroni running 64-bit Ubuntu 18.04.6 LTS
| Command           : report_timing_summary -file /home/smitropoulos/cheshire_soc/target/xilinx/build/zcu102.cheshire/reports.impl/timing_summary.rpt
| Design            : cheshire_top_xilinx
| Device            : xczu9eg-ffvb1156
| Speed File        : -2  PRODUCTION 1.29 08-03-2020
| Temperature Grade : E
------------------------------------------------------------------------------------------------------------------------------------------------------

Timing Summary Report

------------------------------------------------------------------------------------------------
| Timer Settings
| --------------
------------------------------------------------------------------------------------------------

  Enable Multi Corner Analysis               :  Yes
  Enable Pessimism Removal                   :  Yes
  Pessimism Removal Resolution               :  Nearest Common Node
  Enable Input Delay Default Clock           :  No
  Enable Preset / Clear Arcs                 :  No
  Disable Flight Delays                      :  No
  Ignore I/O Paths                           :  No
  Timing Early Launch at Borrowing Latches   :  No
  Borrow Time for Max Delay Exceptions       :  Yes
  Merge Timing Exceptions                    :  Yes

  Corner  Analyze    Analyze    
  Name    Max Paths  Min Paths  
  ------  ---------  ---------  
  Slow    Yes        Yes        
  Fast    Yes        Yes        


------------------------------------------------------------------------------------------------
| Report Methodology
| ------------------
------------------------------------------------------------------------------------------------

Rule       Severity  Description                   Violations  
---------  --------  ----------------------------  ----------  
DPIR-2     Warning   Asynchronous driver check     2336        
LUTAR-1    Warning   LUT drives async reset alert  2           
SYNTH-10   Warning   Wide multiplier               67          
TIMING-20  Warning   Non-clocked latch             137         

Note: This report is based on the most recent report_methodology run and may not be up-to-date. Run report_methodology on the current design for the latest report.



check_timing report

Table of Contents
-----------------
1. checking no_clock (2314)
2. checking constant_clock (0)
3. checking pulse_width_clock (0)
4. checking unconstrained_internal_endpoints (137)
5. checking no_input_delay (0)
6. checking no_output_delay (0)
7. checking multiple_clock (0)
8. checking generated_clocks (0)
9. checking loops (0)
10. checking partial_input_delay (0)
11. checking partial_output_delay (0)
12. checking latch_loops (0)

1. checking no_clock (2314)
---------------------------
 There are 68 register/latch pins with no clock driven by root clock pin: i_cheshire_soc/gen_cva6_cores[0].gen_ara.i_ara/gen_lanes[0].i_lane/i_vfus/i_vmfpu/mfpu_state_q_reg[0]_rep/Q (HIGH)

 There are 68 register/latch pins with no clock driven by root clock pin: i_cheshire_soc/gen_cva6_cores[0].gen_ara.i_ara/gen_lanes[0].i_lane/i_vfus/i_vmfpu/mfpu_state_q_reg[1]_rep__0/Q (HIGH)

 There are 68 register/latch pins with no clock driven by root clock pin: i_cheshire_soc/gen_cva6_cores[0].gen_ara.i_ara/gen_lanes[0].i_lane/i_vfus/i_vmfpu/mfpu_state_q_reg[2]_rep/Q (HIGH)

 There are 68 register/latch pins with no clock driven by root clock pin: i_cheshire_soc/gen_cva6_cores[0].gen_ara.i_ara/gen_lanes[0].i_lane/i_vfus/i_vmfpu/vinsn_queue_q_reg[processing_pnt][0]/Q (HIGH)

 There are 68 register/latch pins with no clock driven by root clock pin: i_cheshire_soc/gen_cva6_cores[0].gen_ara.i_ara/gen_lanes[0].i_lane/i_vfus/i_vmfpu/vinsn_queue_q_reg[processing_pnt][1]/Q (HIGH)

 There are 68 register/latch pins with no clock driven by root clock pin: i_cheshire_soc/gen_cva6_cores[0].gen_ara.i_ara/gen_lanes[0].i_lane/i_vfus/i_vmfpu/vinsn_queue_q_reg[vinsn][0][vtype][vsew][0]/Q (HIGH)

 There are 68 register/latch pins with no clock driven by root clock pin: i_cheshire_soc/gen_cva6_cores[0].gen_ara.i_ara/gen_lanes[0].i_lane/i_vfus/i_vmfpu/vinsn_queue_q_reg[vinsn][0][vtype][vsew][1]/Q (HIGH)

 There are 68 register/latch pins with no clock driven by root clock pin: i_cheshire_soc/gen_cva6_cores[0].gen_ara.i_ara/gen_lanes[0].i_lane/i_vfus/i_vmfpu/vinsn_queue_q_reg[vinsn][0][vtype][vsew][2]/Q (HIGH)

 There are 68 register/latch pins with no clock driven by root clock pin: i_cheshire_soc/gen_cva6_cores[0].gen_ara.i_ara/gen_lanes[0].i_lane/i_vfus/i_vmfpu/vinsn_queue_q_reg[vinsn][1][vtype][vsew][0]/Q (HIGH)

 There are 68 register/latch pins with no clock driven by root clock pin: i_cheshire_soc/gen_cva6_cores[0].gen_ara.i_ara/gen_lanes[0].i_lane/i_vfus/i_vmfpu/vinsn_queue_q_reg[vinsn][1][vtype][vsew][1]/Q (HIGH)

 There are 68 register/latch pins with no clock driven by root clock pin: i_cheshire_soc/gen_cva6_cores[0].gen_ara.i_ara/gen_lanes[0].i_lane/i_vfus/i_vmfpu/vinsn_queue_q_reg[vinsn][1][vtype][vsew][2]/Q (HIGH)

 There are 68 register/latch pins with no clock driven by root clock pin: i_cheshire_soc/gen_cva6_cores[0].gen_ara.i_ara/gen_lanes[0].i_lane/i_vfus/i_vmfpu/vinsn_queue_q_reg[vinsn][2][vtype][vsew][0]/Q (HIGH)

 There are 68 register/latch pins with no clock driven by root clock pin: i_cheshire_soc/gen_cva6_cores[0].gen_ara.i_ara/gen_lanes[0].i_lane/i_vfus/i_vmfpu/vinsn_queue_q_reg[vinsn][2][vtype][vsew][1]/Q (HIGH)

 There are 68 register/latch pins with no clock driven by root clock pin: i_cheshire_soc/gen_cva6_cores[0].gen_ara.i_ara/gen_lanes[0].i_lane/i_vfus/i_vmfpu/vinsn_queue_q_reg[vinsn][2][vtype][vsew][2]/Q (HIGH)

 There are 68 register/latch pins with no clock driven by root clock pin: i_cheshire_soc/gen_cva6_cores[0].gen_ara.i_ara/gen_lanes[0].i_lane/i_vfus/i_vmfpu/vinsn_queue_q_reg[vinsn][3][vtype][vsew][0]/Q (HIGH)

 There are 68 register/latch pins with no clock driven by root clock pin: i_cheshire_soc/gen_cva6_cores[0].gen_ara.i_ara/gen_lanes[0].i_lane/i_vfus/i_vmfpu/vinsn_queue_q_reg[vinsn][3][vtype][vsew][1]/Q (HIGH)

 There are 68 register/latch pins with no clock driven by root clock pin: i_cheshire_soc/gen_cva6_cores[0].gen_ara.i_ara/gen_lanes[0].i_lane/i_vfus/i_vmfpu/vinsn_queue_q_reg[vinsn][3][vtype][vsew][2]/Q (HIGH)

 There is 1 register/latch pin with no clock driven by root clock pin: i_cheshire_soc/gen_cva6_cores[0].gen_ara.i_ara/gen_lanes[1].i_lane/i_operand_queues/lsu_ex_flush_o_reg/Q (HIGH)

 There are 68 register/latch pins with no clock driven by root clock pin: i_cheshire_soc/gen_cva6_cores[0].gen_ara.i_ara/gen_lanes[1].i_lane/i_vfus/i_vmfpu/mfpu_state_q_reg[0]/Q (HIGH)

 There are 68 register/latch pins with no clock driven by root clock pin: i_cheshire_soc/gen_cva6_cores[0].gen_ara.i_ara/gen_lanes[1].i_lane/i_vfus/i_vmfpu/mfpu_state_q_reg[1]_rep__0/Q (HIGH)

 There are 68 register/latch pins with no clock driven by root clock pin: i_cheshire_soc/gen_cva6_cores[0].gen_ara.i_ara/gen_lanes[1].i_lane/i_vfus/i_vmfpu/mfpu_state_q_reg[2]_rep/Q (HIGH)

 There are 68 register/latch pins with no clock driven by root clock pin: i_cheshire_soc/gen_cva6_cores[0].gen_ara.i_ara/gen_lanes[1].i_lane/i_vfus/i_vmfpu/vinsn_queue_q_reg[processing_pnt][0]/Q (HIGH)

 There are 68 register/latch pins with no clock driven by root clock pin: i_cheshire_soc/gen_cva6_cores[0].gen_ara.i_ara/gen_lanes[1].i_lane/i_vfus/i_vmfpu/vinsn_queue_q_reg[processing_pnt][1]/Q (HIGH)

 There are 68 register/latch pins with no clock driven by root clock pin: i_cheshire_soc/gen_cva6_cores[0].gen_ara.i_ara/gen_lanes[1].i_lane/i_vfus/i_vmfpu/vinsn_queue_q_reg[vinsn][0][vtype][vsew][0]/Q (HIGH)

 There are 68 register/latch pins with no clock driven by root clock pin: i_cheshire_soc/gen_cva6_cores[0].gen_ara.i_ara/gen_lanes[1].i_lane/i_vfus/i_vmfpu/vinsn_queue_q_reg[vinsn][0][vtype][vsew][1]/Q (HIGH)

 There are 68 register/latch pins with no clock driven by root clock pin: i_cheshire_soc/gen_cva6_cores[0].gen_ara.i_ara/gen_lanes[1].i_lane/i_vfus/i_vmfpu/vinsn_queue_q_reg[vinsn][0][vtype][vsew][2]/Q (HIGH)

 There are 68 register/latch pins with no clock driven by root clock pin: i_cheshire_soc/gen_cva6_cores[0].gen_ara.i_ara/gen_lanes[1].i_lane/i_vfus/i_vmfpu/vinsn_queue_q_reg[vinsn][1][vtype][vsew][0]/Q (HIGH)

 There are 68 register/latch pins with no clock driven by root clock pin: i_cheshire_soc/gen_cva6_cores[0].gen_ara.i_ara/gen_lanes[1].i_lane/i_vfus/i_vmfpu/vinsn_queue_q_reg[vinsn][1][vtype][vsew][1]/Q (HIGH)

 There are 68 register/latch pins with no clock driven by root clock pin: i_cheshire_soc/gen_cva6_cores[0].gen_ara.i_ara/gen_lanes[1].i_lane/i_vfus/i_vmfpu/vinsn_queue_q_reg[vinsn][1][vtype][vsew][2]/Q (HIGH)

 There are 68 register/latch pins with no clock driven by root clock pin: i_cheshire_soc/gen_cva6_cores[0].gen_ara.i_ara/gen_lanes[1].i_lane/i_vfus/i_vmfpu/vinsn_queue_q_reg[vinsn][2][vtype][vsew][0]/Q (HIGH)

 There are 68 register/latch pins with no clock driven by root clock pin: i_cheshire_soc/gen_cva6_cores[0].gen_ara.i_ara/gen_lanes[1].i_lane/i_vfus/i_vmfpu/vinsn_queue_q_reg[vinsn][2][vtype][vsew][1]/Q (HIGH)

 There are 68 register/latch pins with no clock driven by root clock pin: i_cheshire_soc/gen_cva6_cores[0].gen_ara.i_ara/gen_lanes[1].i_lane/i_vfus/i_vmfpu/vinsn_queue_q_reg[vinsn][2][vtype][vsew][2]/Q (HIGH)

 There are 68 register/latch pins with no clock driven by root clock pin: i_cheshire_soc/gen_cva6_cores[0].gen_ara.i_ara/gen_lanes[1].i_lane/i_vfus/i_vmfpu/vinsn_queue_q_reg[vinsn][3][vtype][vsew][0]/Q (HIGH)

 There are 68 register/latch pins with no clock driven by root clock pin: i_cheshire_soc/gen_cva6_cores[0].gen_ara.i_ara/gen_lanes[1].i_lane/i_vfus/i_vmfpu/vinsn_queue_q_reg[vinsn][3][vtype][vsew][1]/Q (HIGH)

 There are 68 register/latch pins with no clock driven by root clock pin: i_cheshire_soc/gen_cva6_cores[0].gen_ara.i_ara/gen_lanes[1].i_lane/i_vfus/i_vmfpu/vinsn_queue_q_reg[vinsn][3][vtype][vsew][2]/Q (HIGH)

 There is 1 register/latch pin with no clock driven by root clock pin: i_rstgen/i_rstgen_bypass/synch_regs_q_reg[3]/Q (HIGH)


2. checking constant_clock (0)
------------------------------
 There are 0 register/latch pins with constant_clock.


3. checking pulse_width_clock (0)
---------------------------------
 There are 0 register/latch pins which need pulse_width check


4. checking unconstrained_internal_endpoints (137)
--------------------------------------------------
 There are 137 pins that are not constrained for maximum delay. (HIGH)

 There are 0 pins that are not constrained for maximum delay due to constant clock.


5. checking no_input_delay (0)
------------------------------
 There are 0 input ports with no input delay specified.

 There are 0 input ports with no input delay but user has a false path constraint.


6. checking no_output_delay (0)
-------------------------------
 There are 0 ports with no output delay specified.

 There are 0 ports with no output delay but user has a false path constraint

 There are 0 ports with no output delay but with a timing clock defined on it or propagating through it


7. checking multiple_clock (0)
------------------------------
 There are 0 register/latch pins with multiple clocks.


8. checking generated_clocks (0)
--------------------------------
 There are 0 generated clocks that are not connected to a clock source.


9. checking loops (0)
---------------------
 There are 0 combinational loops in the design.


10. checking partial_input_delay (0)
------------------------------------
 There are 0 input ports with partial input delay specified.


11. checking partial_output_delay (0)
-------------------------------------
 There are 0 ports with partial output delay specified.


12. checking latch_loops (0)
----------------------------
 There are 0 combinational latch loops in the design through latch input



------------------------------------------------------------------------------------------------
| Design Timing Summary
| ---------------------
------------------------------------------------------------------------------------------------

    WNS(ns)      TNS(ns)  TNS Failing Endpoints  TNS Total Endpoints      WHS(ns)      THS(ns)  THS Failing Endpoints  THS Total Endpoints     WPWS(ns)     TPWS(ns)  TPWS Failing Endpoints  TPWS Total Endpoints  
    -------      -------  ---------------------  -------------------      -------      -------  ---------------------  -------------------     --------     --------  ----------------------  --------------------  
      3.095        0.000                      0               235521        0.011        0.000                      0               235460        0.500        0.000                       0                 81698  


All user specified timing constraints are met.


------------------------------------------------------------------------------------------------
| Clock Summary
| -------------
------------------------------------------------------------------------------------------------

Clock            Waveform(ns)         Period(ns)      Frequency(MHz)
-----            ------------         ----------      --------------
clk_pl_0         {0.000 5.156}        10.312          96.974          
sys_clk          {0.000 1.666}        3.333           300.030         
  clk_50_clkwiz  {0.000 9.999}        19.998          50.005          


------------------------------------------------------------------------------------------------
| Intra Clock Table
| -----------------
------------------------------------------------------------------------------------------------

Clock                WNS(ns)      TNS(ns)  TNS Failing Endpoints  TNS Total Endpoints      WHS(ns)      THS(ns)  THS Failing Endpoints  THS Total Endpoints     WPWS(ns)     TPWS(ns)  TPWS Failing Endpoints  TPWS Total Endpoints  
-----                -------      -------  ---------------------  -------------------      -------      -------  ---------------------  -------------------     --------     --------  ----------------------  --------------------  
sys_clk                                                                                                                                                            0.500        0.000                       0                     1  
  clk_50_clkwiz        3.095        0.000                      0               166533        0.011        0.000                      0               166472        8.499        0.000                       0                 81697  


------------------------------------------------------------------------------------------------
| Inter Clock Table
| -----------------
------------------------------------------------------------------------------------------------

From Clock    To Clock          WNS(ns)      TNS(ns)  TNS Failing Endpoints  TNS Total Endpoints      WHS(ns)      THS(ns)  THS Failing Endpoints  THS Total Endpoints  
----------    --------          -------      -------  ---------------------  -------------------      -------      -------  ---------------------  -------------------  


------------------------------------------------------------------------------------------------
| Other Path Groups Table
| -----------------------
------------------------------------------------------------------------------------------------

Path Group         From Clock         To Clock               WNS(ns)      TNS(ns)  TNS Failing Endpoints  TNS Total Endpoints      WHS(ns)      THS(ns)  THS Failing Endpoints  THS Total Endpoints  
----------         ----------         --------               -------      -------  ---------------------  -------------------      -------      -------  ---------------------  -------------------  
**async_default**  clk_50_clkwiz      clk_50_clkwiz           15.897        0.000                      0                68988        0.481        0.000                      0                68988  


------------------------------------------------------------------------------------------------
| Timing Details
| --------------
------------------------------------------------------------------------------------------------


---------------------------------------------------------------------------------------------------
From Clock:  sys_clk
  To Clock:  sys_clk

Setup :           NA  Failing Endpoints,  Worst Slack           NA  ,  Total Violation           NA
Hold  :           NA  Failing Endpoints,  Worst Slack           NA  ,  Total Violation           NA
PW    :            0  Failing Endpoints,  Worst Slack        0.500ns,  Total Violation        0.000ns
---------------------------------------------------------------------------------------------------


Pulse Width Checks
--------------------------------------------------------------------------------------
Clock Name:         sys_clk
Waveform(ns):       { 0.000 1.666 }
Period(ns):         3.333
Sources:            { sys_clk_p }

Check Type        Corner  Lib Pin            Reference Pin  Required(ns)  Actual(ns)  Slack(ns)  Location   Pin
Min Period        n/a     MMCME4_ADV/CLKIN1  n/a            1.071         3.333       2.262      MMCM_X0Y0  i_clkwiz/inst/mmcme4_adv_inst/CLKIN1
Max Period        n/a     MMCME4_ADV/CLKIN1  n/a            100.000       3.333       96.667     MMCM_X0Y0  i_clkwiz/inst/mmcme4_adv_inst/CLKIN1
Low Pulse Width   Slow    MMCME4_ADV/CLKIN1  n/a            1.167         1.666       0.500      MMCM_X0Y0  i_clkwiz/inst/mmcme4_adv_inst/CLKIN1
High Pulse Width  Slow    MMCME4_ADV/CLKIN1  n/a            1.167         1.666       0.500      MMCM_X0Y0  i_clkwiz/inst/mmcme4_adv_inst/CLKIN1



---------------------------------------------------------------------------------------------------
From Clock:  clk_50_clkwiz
  To Clock:  clk_50_clkwiz

Setup :            0  Failing Endpoints,  Worst Slack        3.095ns,  Total Violation        0.000ns
Hold  :            0  Failing Endpoints,  Worst Slack        0.011ns,  Total Violation        0.000ns
PW    :            0  Failing Endpoints,  Worst Slack        8.499ns,  Total Violation        0.000ns
---------------------------------------------------------------------------------------------------


Max Delay Paths
--------------------------------------------------------------------------------------
Slack (MET) :             3.095ns  (required time - arrival time)
  Source:                 i_cheshire_soc/gen_cva6_cores[0].i_core_cva6/issue_stage_i/i_issue_read_operands/fu_data_q_reg[0][imm][0]/C
                            (rising edge-triggered cell FDCE clocked by clk_50_clkwiz  {rise@0.000ns fall@9.999ns period=19.998ns})
  Destination:            i_cheshire_soc/gen_cva6_cores[0].i_core_cva6/issue_stage_i/i_scoreboard/mem_q_reg[0][sbe][rd][1]/D
                            (rising edge-triggered cell FDCE clocked by clk_50_clkwiz  {rise@0.000ns fall@9.999ns period=19.998ns})
  Path Group:             clk_50_clkwiz
  Path Type:              Setup (Max at Slow Process Corner)
  Requirement:            19.998ns  (clk_50_clkwiz rise@19.998ns - clk_50_clkwiz rise@0.000ns)
  Data Path Delay:        16.650ns  (logic 5.273ns (31.670%)  route 11.377ns (68.330%))
  Logic Levels:           77  (CARRY8=8 LUT2=15 LUT3=10 LUT4=9 LUT5=12 LUT6=22 MUXF7=1)
  Clock Path Skew:        -0.210ns (DCD - SCD + CPR)
    Destination Clock Delay (DCD):    4.264ns = ( 24.262 - 19.998 ) 
    Source Clock Delay      (SCD):    4.068ns
    Clock Pessimism Removal (CPR):    -0.405ns
  Clock Uncertainty:      0.068ns  ((TSJ^2 + DJ^2)^1/2) / 2 + PE
    Total System Jitter     (TSJ):    0.071ns
    Discrete Jitter          (DJ):    0.116ns
    Phase Error              (PE):    0.000ns
  Clock Net Delay (Source):      2.987ns (routing 1.455ns, distribution 1.532ns)
  Clock Net Delay (Destination): 2.618ns (routing 1.322ns, distribution 1.296ns)

    Location             Delay type                Incr(ns)  Path(ns)    Netlist Resource(s)
  -------------------------------------------------------------------    -------------------
                         (clock clk_50_clkwiz rise edge)
                                                      0.000     0.000 r  
    AL8                                               0.000     0.000 r  sys_clk_p (IN)
                         net (fo=0)                   0.000     0.000    i_bufds_sys_clk/I
    HPIOBDIFFINBUF_X0Y11 DIFFINBUF (Prop_DIFFINBUF_HPIOBDIFFINBUF_DIFF_IN_P_O)
                                                      0.489     0.489 r  i_bufds_sys_clk/DIFFINBUF_INST/O
                         net (fo=1, routed)           0.050     0.539    i_bufds_sys_clk/OUT
    AL8                  IBUFCTRL (Prop_IBUFCTRL_HPIOB_M_I_O)
                                                      0.000     0.539 r  i_bufds_sys_clk/IBUFCTRL_INST/O
                         net (fo=1, routed)           0.397     0.936    i_clkwiz/inst/clk_in1
    MMCM_X0Y0            MMCME4_ADV (Prop_MMCM_CLKIN1_CLKOUT0)
                                                     -0.127     0.809 r  i_clkwiz/inst/mmcme4_adv_inst/CLKOUT0
                         net (fo=1, routed)           0.244     1.053    i_clkwiz/inst/clk_50_clkwiz
    BUFGCE_X0Y20         BUFGCE (Prop_BUFCE_BUFGCE_I_O)
                                                      0.028     1.081 r  i_clkwiz/inst/clkout1_buf/O
    X1Y3 (CLOCK_ROOT)    net (fo=81715, routed)       2.987     4.068    i_cheshire_soc/gen_cva6_cores[0].i_core_cva6/issue_stage_i/i_issue_read_operands/clk_50
    SLICE_X67Y354        FDCE                                         r  i_cheshire_soc/gen_cva6_cores[0].i_core_cva6/issue_stage_i/i_issue_read_operands/fu_data_q_reg[0][imm][0]/C
  -------------------------------------------------------------------    -------------------
    SLICE_X67Y354        FDCE (Prop_HFF_SLICEM_C_Q)
                                                      0.079     4.147 r  i_cheshire_soc/gen_cva6_cores[0].i_core_cva6/issue_stage_i/i_issue_read_operands/fu_data_q_reg[0][imm][0]/Q
                         net (fo=9, routed)           0.244     4.391    i_cheshire_soc/gen_cva6_cores[0].i_core_cva6/issue_stage_i/i_issue_read_operands/fu_data_q_reg[0][imm][31]_0[0]
    SLICE_X68Y348        LUT3 (Prop_A6LUT_SLICEM_I0_O)
                                                      0.150     4.541 r  i_cheshire_soc/gen_cva6_cores[0].i_core_cva6/issue_stage_i/i_issue_read_operands/issue_read_oper_LUT3_431/O
                         net (fo=1, routed)           0.013     4.554    i_cheshire_soc/gen_cva6_cores[0].i_core_cva6/issue_stage_i/i_issue_read_operands/address_off_q[4]_i_19_n_0
    SLICE_X68Y348        CARRY8 (Prop_CARRY8_SLICEM_S[0]_CO[7])
                                                      0.192     4.746 r  i_cheshire_soc/gen_cva6_cores[0].i_core_cva6/issue_stage_i/i_issue_read_operands/address_off_q_reg[4]_i_2/CO[7]
                         net (fo=1, routed)           0.026     4.772    i_cheshire_soc/gen_cva6_cores[0].i_core_cva6/issue_stage_i/i_issue_read_operands/address_off_q_reg[4]_i_2_n_0
    SLICE_X68Y349        CARRY8 (Prop_CARRY8_SLICEM_CI_CO[7])
                                                      0.015     4.787 r  i_cheshire_soc/gen_cva6_cores[0].i_core_cva6/issue_stage_i/i_issue_read_operands/address_idx_q_reg[5]_i_2/CO[7]
                         net (fo=1, routed)           0.026     4.813    i_cheshire_soc/gen_cva6_cores[0].i_core_cva6/issue_stage_i/i_issue_read_operands/address_idx_q_reg[5]_i_2_n_0
    SLICE_X68Y350        CARRY8 (Prop_CARRY8_SLICEM_CI_CO[7])
                                                      0.015     4.828 r  i_cheshire_soc/gen_cva6_cores[0].i_core_cva6/issue_stage_i/i_issue_read_operands/mem_q_reg[0][vaddr][23]_i_2/CO[7]
                         net (fo=1, routed)           0.026     4.854    i_cheshire_soc/gen_cva6_cores[0].i_core_cva6/issue_stage_i/i_issue_read_operands/mem_q_reg[0][vaddr][23]_i_2_n_0
    SLICE_X68Y351        CARRY8 (Prop_CARRY8_SLICEM_CI_CO[7])
                                                      0.015     4.869 r  i_cheshire_soc/gen_cva6_cores[0].i_core_cva6/issue_stage_i/i_issue_read_operands/mem_q_reg[0][vaddr][31]_i_2/CO[7]
                         net (fo=1, routed)           0.026     4.895    i_cheshire_soc/gen_cva6_cores[0].i_core_cva6/issue_stage_i/i_issue_read_operands/mem_q_reg[0][vaddr][31]_i_2_n_0
    SLICE_X68Y352        CARRY8 (Prop_CARRY8_SLICEM_CI_CO[7])
                                                      0.015     4.910 r  i_cheshire_soc/gen_cva6_cores[0].i_core_cva6/issue_stage_i/i_issue_read_operands/mem_q_reg[0][vaddr][39]_i_2/CO[7]
                         net (fo=1, routed)           0.026     4.936    i_cheshire_soc/gen_cva6_cores[0].i_core_cva6/issue_stage_i/i_issue_read_operands/mem_q_reg[0][vaddr][39]_i_2_n_0
    SLICE_X68Y353        CARRY8 (Prop_CARRY8_SLICEM_CI_CO[7])
                                                      0.015     4.951 r  i_cheshire_soc/gen_cva6_cores[0].i_core_cva6/issue_stage_i/i_issue_read_operands/mem_q_reg[0][vaddr][47]_i_2/CO[7]
                         net (fo=1, routed)           0.026     4.977    i_cheshire_soc/gen_cva6_cores[0].i_core_cva6/issue_stage_i/i_issue_read_operands/mem_q_reg[0][vaddr][47]_i_2_n_0
    SLICE_X68Y354        CARRY8 (Prop_CARRY8_SLICEM_CI_CO[7])
                                                      0.015     4.992 r  i_cheshire_soc/gen_cva6_cores[0].i_core_cva6/issue_stage_i/i_issue_read_operands/lsu_vaddr_q_reg[51]_i_2/CO[7]
                         net (fo=1, routed)           0.026     5.018    i_cheshire_soc/gen_cva6_cores[0].i_core_cva6/issue_stage_i/i_issue_read_operands/lsu_vaddr_q_reg[51]_i_2_n_0
    SLICE_X68Y355        CARRY8 (Prop_CARRY8_SLICEM_CI_O[5])
                                                      0.116     5.134 f  i_cheshire_soc/gen_cva6_cores[0].i_core_cva6/issue_stage_i/i_issue_read_operands/lsu_vaddr_q_reg[56]_i_2/O[5]
                         net (fo=4, routed)           0.304     5.438    i_cheshire_soc/gen_cva6_cores[0].i_core_cva6/issue_stage_i/i_issue_read_operands/p_0_in[61]
    SLICE_X70Y350        LUT6 (Prop_G6LUT_SLICEM_I3_O)
                                                      0.150     5.588 r  i_cheshire_soc/gen_cva6_cores[0].i_core_cva6/issue_stage_i/i_issue_read_operands/issue_read_oper_LUT6_696/O
                         net (fo=1, routed)           0.098     5.686    i_cheshire_soc/gen_cva6_cores[0].i_core_cva6/issue_stage_i/i_issue_read_operands/issue_read_oper_net_1489
    SLICE_X70Y348        LUT6 (Prop_G6LUT_SLICEM_I2_O)
                                                      0.100     5.786 r  i_cheshire_soc/gen_cva6_cores[0].i_core_cva6/issue_stage_i/i_issue_read_operands/issue_read_oper_LUT6_700/O
                         net (fo=1, routed)           0.152     5.938    i_cheshire_soc/gen_cva6_cores[0].i_core_cva6/issue_stage_i/i_issue_read_operands/issue_read_oper_net_1496
    SLICE_X71Y348        LUT6 (Prop_F6LUT_SLICEL_I5_O)
                                                      0.035     5.973 f  i_cheshire_soc/gen_cva6_cores[0].i_core_cva6/issue_stage_i/i_issue_read_operands/issue_read_oper_LUT6_701/O
                         net (fo=2, routed)           0.193     6.166    i_cheshire_soc/gen_cva6_cores[0].i_core_cva6/ex_stage_i/lsu_i/lsu_bypass_i/lsu_req_i[overflow]
    SLICE_X72Y346        LUT6 (Prop_F6LUT_SLICEL_I1_O)
                                                      0.049     6.215 f  i_cheshire_soc/gen_cva6_cores[0].i_core_cva6/ex_stage_i/lsu_i/lsu_bypass_i/lsu_bypass_LUT6_63/O
                         net (fo=2, routed)           0.093     6.308    i_cheshire_soc/gen_cva6_cores[0].i_core_cva6/ex_stage_i/lsu_i/lsu_bypass_i/lsu_bypass_net_73
    SLICE_X72Y344        LUT4 (Prop_F6LUT_SLICEL_I1_O)
                                                      0.035     6.343 f  i_cheshire_soc/gen_cva6_cores[0].i_core_cva6/ex_stage_i/lsu_i/lsu_bypass_i/lsu_bypass_LUT4_1/O
                         net (fo=66, routed)          0.139     6.482    i_cheshire_soc/gen_cva6_cores[0].i_core_cva6/ex_stage_i/lsu_i/lsu_bypass_i/mem_q_reg[0][overflow]_0
    SLICE_X73Y343        LUT2 (Prop_E5LUT_SLICEM_I1_O)
                                                      0.070     6.552 f  i_cheshire_soc/gen_cva6_cores[0].i_core_cva6/ex_stage_i/lsu_i/lsu_bypass_i/lsu_bypass_LUT2_10/O
                         net (fo=2, routed)           0.141     6.693    i_cheshire_soc/gen_cva6_cores[0].i_core_cva6/ex_stage_i/lsu_i/lsu_bypass_i/lsu_bypass_net_77
    SLICE_X74Y343        LUT2 (Prop_F5LUT_SLICEM_I1_O)
                                                      0.105     6.798 f  i_cheshire_soc/gen_cva6_cores[0].i_core_cva6/ex_stage_i/lsu_i/lsu_bypass_i/lsu_bypass_LUT2_15/O
                         net (fo=148, routed)         0.155     6.953    i_cheshire_soc/gen_cva6_cores[0].i_core_cva6/ex_stage_i/lsu_i/gen_mmu.i_cva6_mmu/i_ptw/mmu_exception_q_reg[cause][1]
    SLICE_X74Y344        LUT5 (Prop_C6LUT_SLICEM_I0_O)
                                                      0.098     7.051 r  i_cheshire_soc/gen_cva6_cores[0].i_core_cva6/ex_stage_i/lsu_i/gen_mmu.i_cva6_mmu/i_ptw/cva6_ptw_LUT5_4/O
                         net (fo=69, routed)          0.083     7.134    i_cheshire_soc/gen_cva6_cores[0].i_core_cva6/ex_stage_i/lsu_i/gen_mmu.i_cva6_mmu/i_ptw/cva6_ptw_net_13
    SLICE_X74Y344        LUT5 (Prop_G6LUT_SLICEM_I4_O)
                                                      0.150     7.284 r  i_cheshire_soc/gen_cva6_cores[0].i_core_cva6/ex_stage_i/lsu_i/gen_mmu.i_cva6_mmu/i_ptw/cva6_ptw_LUT5_5/O
                         net (fo=4, routed)           0.056     7.340    i_cheshire_soc/gen_cva6_cores[0].gen_ara.i_ara/i_vlsu/i_addrgen/i_addrgen_idx_op_spill_reg/acc_mmu_resp[acc_mmu_valid]
    SLICE_X74Y344        LUT5 (Prop_H6LUT_SLICEM_I0_O)
                                                      0.053     7.393 f  i_cheshire_soc/gen_cva6_cores[0].gen_ara.i_ara/i_vlsu/i_addrgen/i_addrgen_idx_op_spill_reg/spill_register_20_LUT5_22/O
                         net (fo=2, routed)           0.045     7.438    i_cheshire_soc/gen_cva6_cores[0].i_core_cva6/ex_stage_i/lsu_i/lsu_bypass_i/acc_resp[acc_mmu_req][acc_mmu_req]
    SLICE_X74Y344        LUT3 (Prop_F6LUT_SLICEM_I0_O)
                                                      0.088     7.526 f  i_cheshire_soc/gen_cva6_cores[0].i_core_cva6/ex_stage_i/lsu_i/lsu_bypass_i/lsu_bypass_LUT3_46/O
                         net (fo=26, routed)          0.076     7.602    i_cheshire_soc/gen_cva6_cores[0].i_core_cva6/ex_stage_i/lsu_i/lsu_bypass_i/state_q_reg[1]
    SLICE_X74Y344        LUT5 (Prop_B6LUT_SLICEM_I2_O)
                                                      0.149     7.751 r  i_cheshire_soc/gen_cva6_cores[0].i_core_cva6/ex_stage_i/lsu_i/lsu_bypass_i/lsu_bypass_LUT5_22/O
                         net (fo=2, routed)           0.095     7.846    i_cheshire_soc/gen_cva6_cores[0].i_core_cva6/ex_stage_i/lsu_i/gen_mmu.i_cva6_mmu/mmu_exception_q_reg[cause][1]_0
    SLICE_X74Y344        LUT6 (Prop_D6LUT_SLICEM_I0_O)
                                                      0.037     7.883 f  i_cheshire_soc/gen_cva6_cores[0].i_core_cva6/ex_stage_i/lsu_i/gen_mmu.i_cva6_mmu/mmu_exception_q[cause][3]_i_4/O
                         net (fo=67, routed)          0.043     7.926    i_cheshire_soc/gen_cva6_cores[0].i_core_cva6/ex_stage_i/lsu_i/gen_mmu.i_cva6_mmu/i_ptw/mmu_exception_q_reg[cause][3]_0
    SLICE_X74Y344        LUT2 (Prop_E6LUT_SLICEM_I0_O)
                                                      0.037     7.963 f  i_cheshire_soc/gen_cva6_cores[0].i_core_cva6/ex_stage_i/lsu_i/gen_mmu.i_cva6_mmu/i_ptw/cva6_ptw_LUT2_1/O
                         net (fo=4, routed)           0.103     8.066    i_cheshire_soc/gen_cva6_cores[0].i_core_cva6/ex_stage_i/lsu_i/lsu_bypass_i/gen_shift_reg.data_q_reg[0][141]
    SLICE_X74Y343        LUT2 (Prop_E6LUT_SLICEM_I0_O)
                                                      0.124     8.190 r  i_cheshire_soc/gen_cva6_cores[0].i_core_cva6/ex_stage_i/lsu_i/lsu_bypass_i/lsu_bypass_LUT2_11/O
                         net (fo=2, routed)           0.094     8.284    i_cheshire_soc/gen_cva6_cores[0].i_core_cva6/ex_stage_i/lsu_i/lsu_bypass_i/lsu_bypass_net_78
    SLICE_X74Y342        LUT2 (Prop_E6LUT_SLICEM_I1_O)
                                                      0.052     8.336 f  i_cheshire_soc/gen_cva6_cores[0].i_core_cva6/ex_stage_i/lsu_i/lsu_bypass_i/lsu_bypass_LUT2_12/O
                         net (fo=32, routed)          0.160     8.496    i_cheshire_soc/gen_cva6_cores[0].i_core_cva6/ex_stage_i/lsu_i/lsu_bypass_i/lsu_bypass_net_79
    SLICE_X74Y340        LUT3 (Prop_E6LUT_SLICEM_I2_O)
                                                      0.052     8.548 f  i_cheshire_soc/gen_cva6_cores[0].i_core_cva6/ex_stage_i/lsu_i/lsu_bypass_i/lsu_bypass_LUT3_45/O
                         net (fo=55, routed)          0.097     8.645    i_cheshire_soc/gen_cva6_cores[0].gen_ara.i_ara/i_vlsu/i_addrgen/i_addrgen_idx_op_spill_reg/axi_addrgen_q[len][3]_i_2_0
    SLICE_X74Y339        LUT6 (Prop_C6LUT_SLICEM_I0_O)
                                                      0.088     8.733 r  i_cheshire_soc/gen_cva6_cores[0].gen_ara.i_ara/i_vlsu/i_addrgen/i_addrgen_idx_op_spill_reg/spill_register_20_LUT6_2/O
                         net (fo=12, routed)          0.171     8.904    i_cheshire_soc/gen_cva6_cores[0].gen_ara.i_ara/i_vlsu/i_addrgen/i_addrgen_idx_op_spill_reg/spill_register_20_net_7
    SLICE_X74Y337        LUT6 (Prop_F6LUT_SLICEM_I5_O)
                                                      0.037     8.941 f  i_cheshire_soc/gen_cva6_cores[0].gen_ara.i_ara/i_vlsu/i_addrgen/i_addrgen_idx_op_spill_reg/spill_register_20_LUT6_13/O
                         net (fo=2, routed)           0.066     9.007    i_cheshire_soc/gen_cva6_cores[0].gen_ara.i_ara/i_vlsu/i_addrgen/i_addrgen_idx_op_spill_reg/spill_register_20_net_15
    SLICE_X74Y337        LUT4 (Prop_B6LUT_SLICEM_I2_O)
                                                      0.149     9.156 f  i_cheshire_soc/gen_cva6_cores[0].gen_ara.i_ara/i_vlsu/i_addrgen/i_addrgen_idx_op_spill_reg/spill_register_20_LUT4_2/O
                         net (fo=1, routed)           0.091     9.247    i_cheshire_soc/gen_cva6_cores[0].gen_ara.i_ara/i_vlsu/i_addrgen/i_addrgen_idx_op_spill_reg/spill_register_20_net_21
    SLICE_X74Y336        LUT5 (Prop_A6LUT_SLICEM_I4_O)
                                                      0.053     9.300 f  i_cheshire_soc/gen_cva6_cores[0].gen_ara.i_ara/i_vlsu/i_addrgen/i_addrgen_idx_op_spill_reg/spill_register_20_LUT5_2/O
                         net (fo=1, routed)           0.170     9.470    i_cheshire_soc/gen_cva6_cores[0].gen_ara.i_ara/i_vlsu/i_addrgen/i_addrgen_idx_op_spill_reg/spill_register_20_net_26
    SLICE_X73Y336        LUT5 (Prop_F6LUT_SLICEM_I4_O)
                                                      0.051     9.521 f  i_cheshire_soc/gen_cva6_cores[0].gen_ara.i_ara/i_vlsu/i_addrgen/i_addrgen_idx_op_spill_reg/spill_register_20_LUT5_3/O
                         net (fo=2, routed)           0.190     9.711    i_cheshire_soc/gen_cva6_cores[0].gen_ara.i_ara/i_vlsu/i_addrgen/i_addrgen_idx_op_spill_reg/spill_register_20_net_28
    SLICE_X71Y336        LUT3 (Prop_G6LUT_SLICEL_I2_O)
                                                      0.035     9.746 f  i_cheshire_soc/gen_cva6_cores[0].gen_ara.i_ara/i_vlsu/i_addrgen/i_addrgen_idx_op_spill_reg/spill_register_20_LUT3_4/O
                         net (fo=3, routed)           0.090     9.836    i_cheshire_soc/gen_cva6_cores[0].gen_ara.i_ara/i_vlsu/i_addrgen/i_addrgen_idx_op_spill_reg/spill_register_20_net_49
    SLICE_X70Y336        LUT3 (Prop_F6LUT_SLICEM_I2_O)
                                                      0.051     9.887 f  i_cheshire_soc/gen_cva6_cores[0].gen_ara.i_ara/i_vlsu/i_addrgen/i_addrgen_idx_op_spill_reg/spill_register_20_LUT3_5/O
                         net (fo=2, routed)           0.137    10.024    i_cheshire_soc/gen_cva6_cores[0].gen_ara.i_ara/i_vlsu/i_addrgen/i_addrgen_idx_op_spill_reg/spill_register_20_net_53
    SLICE_X69Y335        LUT6 (Prop_H6LUT_SLICEL_I5_O)
                                                      0.036    10.060 f  i_cheshire_soc/gen_cva6_cores[0].gen_ara.i_ara/i_vlsu/i_addrgen/i_addrgen_idx_op_spill_reg/spill_register_20_LUT6_80/O
                         net (fo=2, routed)           0.459    10.519    i_cheshire_soc/gen_cva6_cores[0].gen_ara.i_ara/i_sequencer/addrgen_ack
    SLICE_X58Y333        LUT6 (Prop_A6LUT_SLICEM_I0_O)
                                                      0.053    10.572 r  i_cheshire_soc/gen_cva6_cores[0].gen_ara.i_ara/i_sequencer/ara_sequencer_LUT6_220/O
                         net (fo=146, routed)         0.254    10.826    i_cheshire_soc/gen_cva6_cores[0].gen_ara.i_ara/i_sequencer/pe_req_o_reg[op][2]_1
    SLICE_X52Y333        LUT4 (Prop_B6LUT_SLICEM_I3_O)
                                                      0.037    10.863 f  i_cheshire_soc/gen_cva6_cores[0].gen_ara.i_ara/i_sequencer/ara_sequencer_LUT4_67/O
                         net (fo=4, routed)           0.105    10.968    i_cheshire_soc/gen_cva6_cores[0].gen_ara.i_ara/i_dispatcher/i_segment_sequencer/gen_segment_support.i_segment_cnt/i_counter/ara_resp_valid_0
    SLICE_X50Y333        LUT6 (Prop_F6LUT_SLICEM_I5_O)
                                                      0.037    11.005 f  i_cheshire_soc/gen_cva6_cores[0].gen_ara.i_ara/i_dispatcher/i_segment_sequencer/gen_segment_support.i_segment_cnt/i_counter/delta_counter___LUT6_1/O
                         net (fo=235, routed)         0.268    11.273    i_cheshire_soc/gen_cva6_cores[0].i_core_cva6/gen_accelerator.i_acc_dispatcher/i_accelerator_req_register/spill_register_flushable_i/reshuffle_eew_vd_q_reg[1][0]
    SLICE_X47Y333        LUT3 (Prop_E6LUT_SLICEL_I0_O)
                                                      0.035    11.308 r  i_cheshire_soc/gen_cva6_cores[0].i_core_cva6/gen_accelerator.i_acc_dispatcher/i_accelerator_req_register/spill_register_flushable_i/spill_register_35_LUT3_8/O
                         net (fo=41, routed)          0.255    11.563    i_cheshire_soc/gen_cva6_cores[0].i_core_cva6/gen_accelerator.i_acc_dispatcher/i_accelerator_req_register/spill_register_flushable_i/gen_spill_reg.b_full_q_reg_0
    SLICE_X46Y338        LUT2 (Prop_E6LUT_SLICEM_I1_O)
                                                      0.037    11.600 f  i_cheshire_soc/gen_cva6_cores[0].i_core_cva6/gen_accelerator.i_acc_dispatcher/i_accelerator_req_register/spill_register_flushable_i/spill_register_35_LUT2_1/O
                         net (fo=6, routed)           0.096    11.696    i_cheshire_soc/gen_cva6_cores[0].i_core_cva6/gen_accelerator.i_acc_dispatcher/i_accelerator_req_register/spill_register_flushable_i/spill_register_35_net_158
    SLICE_X45Y338        LUT2 (Prop_B6LUT_SLICEL_I1_O)
                                                      0.051    11.747 f  i_cheshire_soc/gen_cva6_cores[0].i_core_cva6/gen_accelerator.i_acc_dispatcher/i_accelerator_req_register/spill_register_flushable_i/spill_register_35_LUT2_62/O
                         net (fo=14, routed)          0.167    11.914    i_cheshire_soc/gen_cva6_cores[0].i_core_cva6/gen_accelerator.i_acc_dispatcher/i_accelerator_req_register/spill_register_flushable_i/spill_register_35_net_448
    SLICE_X43Y338        LUT5 (Prop_H6LUT_SLICEM_I3_O)
                                                      0.101    12.015 r  i_cheshire_soc/gen_cva6_cores[0].i_core_cva6/gen_accelerator.i_acc_dispatcher/i_accelerator_req_register/spill_register_flushable_i/spill_register_35_LUT5_107/O
                         net (fo=67, routed)          0.162    12.177    i_cheshire_soc/gen_cva6_cores[0].gen_ara.i_ara/i_dispatcher/i_segment_sequencer/gen_segment_support.i_segment_cnt/i_counter/ara_req_o_reg[vs1][1]_1
    SLICE_X41Y338        LUT2 (Prop_B5LUT_SLICEM_I0_O)
                                                      0.167    12.344 r  i_cheshire_soc/gen_cva6_cores[0].gen_ara.i_ara/i_dispatcher/i_segment_sequencer/gen_segment_support.i_segment_cnt/i_counter/delta_counter___LUT2_23/O
                         net (fo=1, routed)           0.141    12.485    i_cheshire_soc/gen_cva6_cores[0].gen_ara.i_ara/i_dispatcher/i_segment_sequencer/gen_segment_support.i_segment_cnt/i_counter/delta_counter___net_74
    SLICE_X40Y338        LUT6 (Prop_D6LUT_SLICEM_I5_O)
                                                      0.088    12.573 r  i_cheshire_soc/gen_cva6_cores[0].gen_ara.i_ara/i_dispatcher/i_segment_sequencer/gen_segment_support.i_segment_cnt/i_counter/delta_counter___LUT6_134/O
                         net (fo=1, routed)           0.025    12.598    i_cheshire_soc/gen_cva6_cores[0].gen_ara.i_ara/i_dispatcher/i_segment_sequencer/gen_segment_support.i_segment_cnt/i_counter/reshuffle_req_q[2]_i_84_n_0
    SLICE_X40Y338        MUXF7 (Prop_F7MUX_CD_SLICEM_I0_O)
                                                      0.069    12.667 r  i_cheshire_soc/gen_cva6_cores[0].gen_ara.i_ara/i_dispatcher/i_segment_sequencer/gen_segment_support.i_segment_cnt/i_counter/reshuffle_req_q_reg[2]_i_54/O
                         net (fo=1, routed)           0.276    12.943    i_cheshire_soc/gen_cva6_cores[0].i_core_cva6/gen_accelerator.i_acc_dispatcher/i_accelerator_req_register/spill_register_flushable_i/reshuffle_req_q[2]_i_22_0
    SLICE_X40Y338        LUT6 (Prop_H6LUT_SLICEM_I0_O)
                                                      0.125    13.068 r  i_cheshire_soc/gen_cva6_cores[0].i_core_cva6/gen_accelerator.i_acc_dispatcher/i_accelerator_req_register/spill_register_flushable_i/spill_register_35_LUT6_249/O
                         net (fo=1, routed)           0.293    13.361    i_cheshire_soc/gen_cva6_cores[0].i_core_cva6/gen_accelerator.i_acc_dispatcher/i_accelerator_req_register/spill_register_flushable_i/spill_register_35_net_642
    SLICE_X44Y341        LUT4 (Prop_G6LUT_SLICEM_I3_O)
                                                      0.052    13.413 f  i_cheshire_soc/gen_cva6_cores[0].i_core_cva6/gen_accelerator.i_acc_dispatcher/i_accelerator_req_register/spill_register_flushable_i/spill_register_35_LUT4_87/O
                         net (fo=1, routed)           0.085    13.498    i_cheshire_soc/gen_cva6_cores[0].i_core_cva6/gen_accelerator.i_acc_dispatcher/i_accelerator_req_register/spill_register_flushable_i/spill_register_35_net_653
    SLICE_X45Y341        LUT6 (Prop_H6LUT_SLICEL_I4_O)
                                                      0.090    13.588 r  i_cheshire_soc/gen_cva6_cores[0].i_core_cva6/gen_accelerator.i_acc_dispatcher/i_accelerator_req_register/spill_register_flushable_i/spill_register_35_LUT6_252/O
                         net (fo=7, routed)           0.105    13.693    i_cheshire_soc/gen_cva6_cores[0].i_core_cva6/gen_accelerator.i_acc_dispatcher/i_accelerator_req_register/spill_register_flushable_i/spill_register_35_net_656
    SLICE_X47Y341        LUT6 (Prop_H6LUT_SLICEL_I4_O)
                                                      0.051    13.744 f  i_cheshire_soc/gen_cva6_cores[0].i_core_cva6/gen_accelerator.i_acc_dispatcher/i_accelerator_req_register/spill_register_flushable_i/spill_register_35_LUT6_256/O
                         net (fo=3, routed)           0.139    13.883    i_cheshire_soc/gen_cva6_cores[0].i_core_cva6/gen_accelerator.i_acc_dispatcher/i_accelerator_req_register/spill_register_flushable_i/spill_register_35_net_665
    SLICE_X48Y341        LUT6 (Prop_H6LUT_SLICEL_I4_O)
                                                      0.036    13.919 f  i_cheshire_soc/gen_cva6_cores[0].i_core_cva6/gen_accelerator.i_acc_dispatcher/i_accelerator_req_register/spill_register_flushable_i/spill_register_35_LUT6_323/O
                         net (fo=13, routed)          0.399    14.318    i_cheshire_soc/gen_cva6_cores[0].i_core_cva6/gen_accelerator.i_acc_dispatcher/i_accelerator_req_register/spill_register_flushable_i/load_complete_q_reg
    SLICE_X50Y364        LUT5 (Prop_E6LUT_SLICEM_I4_O)
                                                      0.037    14.355 f  i_cheshire_soc/gen_cva6_cores[0].i_core_cva6/gen_accelerator.i_acc_dispatcher/i_accelerator_req_register/spill_register_flushable_i/spill_register_35_LUT5_200/O
                         net (fo=3, routed)           0.203    14.558    i_cheshire_soc/gen_cva6_cores[0].i_core_cva6/issue_stage_i/i_scoreboard/fu_data_q[0][operand_b][31]_i_15_0
    SLICE_X51Y366        LUT5 (Prop_G6LUT_SLICEL_I0_O)
                                                      0.089    14.647 f  i_cheshire_soc/gen_cva6_cores[0].i_core_cva6/issue_stage_i/i_scoreboard/scoreboard_LUT5_3247/O
                         net (fo=1, routed)           0.277    14.924    i_cheshire_soc/gen_cva6_cores[0].i_core_cva6/issue_stage_i/i_scoreboard/scoreboard_net_2154
    SLICE_X53Y370        LUT5 (Prop_A6LUT_SLICEM_I4_O)
                                                      0.053    14.977 f  i_cheshire_soc/gen_cva6_cores[0].i_core_cva6/issue_stage_i/i_scoreboard/scoreboard_LUT5_3248/O
                         net (fo=65, routed)          0.167    15.144    i_cheshire_soc/gen_cva6_cores[0].i_core_cva6/issue_stage_i/i_scoreboard/scoreboard_net_2155
    SLICE_X55Y372        LUT2 (Prop_A6LUT_SLICEM_I1_O)
                                                      0.090    15.234 r  i_cheshire_soc/gen_cva6_cores[0].i_core_cva6/issue_stage_i/i_scoreboard/scoreboard_LUT2_222/O
                         net (fo=5, routed)           0.207    15.441    i_cheshire_soc/gen_cva6_cores[0].i_core_cva6/issue_stage_i/i_scoreboard/scoreboard_net_2158
    SLICE_X57Y373        LUT2 (Prop_A5LUT_SLICEL_I0_O)
                                                      0.069    15.510 r  i_cheshire_soc/gen_cva6_cores[0].i_core_cva6/issue_stage_i/i_scoreboard/scoreboard_LUT2_223/O
                         net (fo=67, routed)          0.214    15.724    i_cheshire_soc/gen_cva6_cores[0].i_core_cva6/issue_stage_i/i_scoreboard/scoreboard_net_2165
    SLICE_X59Y373        LUT3 (Prop_A6LUT_SLICEL_I1_O)
                                                      0.050    15.774 f  i_cheshire_soc/gen_cva6_cores[0].i_core_cva6/issue_stage_i/i_scoreboard/scoreboard_LUT3_432/O
                         net (fo=4, routed)           0.143    15.917    i_cheshire_soc/gen_cva6_cores[0].i_core_cva6/issue_stage_i/i_scoreboard/scoreboard_net_2169
    SLICE_X60Y373        LUT2 (Prop_B6LUT_SLICEL_I0_O)
                                                      0.036    15.953 f  i_cheshire_soc/gen_cva6_cores[0].i_core_cva6/issue_stage_i/i_scoreboard/scoreboard_LUT2_224/O
                         net (fo=66, routed)          0.113    16.066    i_cheshire_soc/gen_cva6_cores[0].i_core_cva6/issue_stage_i/i_scoreboard/scoreboard_net_2176
    SLICE_X61Y373        LUT3 (Prop_A6LUT_SLICEM_I1_O)
                                                      0.090    16.156 r  i_cheshire_soc/gen_cva6_cores[0].i_core_cva6/issue_stage_i/i_scoreboard/scoreboard_LUT3_433/O
                         net (fo=3, routed)           0.097    16.253    i_cheshire_soc/gen_cva6_cores[0].i_core_cva6/issue_stage_i/i_scoreboard/scoreboard_net_2180
    SLICE_X61Y373        LUT2 (Prop_E6LUT_SLICEM_I0_O)
                                                      0.037    16.290 r  i_cheshire_soc/gen_cva6_cores[0].i_core_cva6/issue_stage_i/i_scoreboard/scoreboard_LUT2_226/O
                         net (fo=2, routed)           0.152    16.442    i_cheshire_soc/gen_cva6_cores[0].i_core_cva6/issue_stage_i/i_scoreboard/scoreboard_net_2185
    SLICE_X62Y373        LUT2 (Prop_G6LUT_SLICEM_I0_O)
                                                      0.100    16.542 r  i_cheshire_soc/gen_cva6_cores[0].i_core_cva6/issue_stage_i/i_scoreboard/scoreboard_LUT2_227/O
                         net (fo=3, routed)           0.145    16.687    i_cheshire_soc/gen_cva6_cores[0].i_core_cva6/issue_stage_i/i_scoreboard/scoreboard_net_2189
    SLICE_X63Y374        LUT6 (Prop_H6LUT_SLICEL_I5_O)
                                                      0.051    16.738 r  i_cheshire_soc/gen_cva6_cores[0].i_core_cva6/issue_stage_i/i_scoreboard/scoreboard_LUT6_2334/O
                         net (fo=66, routed)          0.107    16.845    i_cheshire_soc/gen_cva6_cores[0].i_core_cva6/issue_stage_i/i_scoreboard/scoreboard_net_2192
    SLICE_X64Y374        LUT6 (Prop_G6LUT_SLICEM_I5_O)
                                                      0.037    16.882 f  i_cheshire_soc/gen_cva6_cores[0].i_core_cva6/issue_stage_i/i_scoreboard/scoreboard_LUT6_2337/O
                         net (fo=65, routed)          0.113    16.995    i_cheshire_soc/gen_cva6_cores[0].i_core_cva6/issue_stage_i/i_scoreboard/scoreboard_net_2193
    SLICE_X63Y374        LUT5 (Prop_G6LUT_SLICEL_I3_O)
                                                      0.035    17.030 f  i_cheshire_soc/gen_cva6_cores[0].i_core_cva6/issue_stage_i/i_scoreboard/scoreboard_LUT5_3251/O
                         net (fo=2, routed)           0.094    17.124    i_cheshire_soc/gen_cva6_cores[0].i_core_cva6/issue_stage_i/i_scoreboard/scoreboard_net_2196
    SLICE_X63Y373        LUT5 (Prop_G6LUT_SLICEL_I1_O)
                                                      0.050    17.174 r  i_cheshire_soc/gen_cva6_cores[0].i_core_cva6/issue_stage_i/i_scoreboard/scoreboard_LUT5_3374/O
                         net (fo=7, routed)           0.097    17.271    i_cheshire_soc/gen_cva6_cores[0].i_core_cva6/id_stage_i/stall_issue
    SLICE_X62Y373        LUT3 (Prop_H6LUT_SLICEM_I2_O)
                                                      0.053    17.324 f  i_cheshire_soc/gen_cva6_cores[0].i_core_cva6/id_stage_i/id_stage_LUT3/O
                         net (fo=2, routed)           0.366    17.690    i_cheshire_soc/gen_cva6_cores[0].i_core_cva6/id_stage_i/id_stage_net_4
    SLICE_X53Y373        LUT6 (Prop_F6LUT_SLICEM_I5_O)
                                                      0.051    17.741 f  i_cheshire_soc/gen_cva6_cores[0].i_core_cva6/id_stage_i/id_stage_LUT6_9/O
                         net (fo=4, routed)           0.218    17.959    i_cheshire_soc/gen_cva6_cores[0].i_core_cva6/id_stage_i/issue_ack_iro_sb
    SLICE_X51Y372        LUT2 (Prop_B6LUT_SLICEL_I1_O)
                                                      0.090    18.049 r  i_cheshire_soc/gen_cva6_cores[0].i_core_cva6/id_stage_i/id_stage_LUT2_2/O
                         net (fo=20, routed)          0.204    18.253    i_cheshire_soc/gen_cva6_cores[0].i_core_cva6/issue_stage_i/i_scoreboard/mem_q_reg[6][sbe][vfp]_0
    SLICE_X49Y371        LUT4 (Prop_E6LUT_SLICEM_I0_O)
                                                      0.037    18.290 f  i_cheshire_soc/gen_cva6_cores[0].i_core_cva6/issue_stage_i/i_scoreboard/scoreboard_LUT4_433/O
                         net (fo=88, routed)          0.231    18.521    i_cheshire_soc/gen_cva6_cores[0].i_core_cva6/issue_stage_i/i_scoreboard/scoreboard_net_2674
    SLICE_X48Y369        LUT4 (Prop_F6LUT_SLICEL_I3_O)
                                                      0.049    18.570 r  i_cheshire_soc/gen_cva6_cores[0].i_core_cva6/issue_stage_i/i_scoreboard/scoreboard_LUT4_439/O
                         net (fo=90, routed)          0.450    19.020    i_cheshire_soc/gen_cva6_cores[0].i_core_cva6/issue_stage_i/i_scoreboard/scoreboard_net_2700
    SLICE_X44Y367        LUT3 (Prop_C6LUT_SLICEM_I2_O)
                                                      0.051    19.071 f  i_cheshire_soc/gen_cva6_cores[0].i_core_cva6/issue_stage_i/i_scoreboard/scoreboard_LUT3_453/O
                         net (fo=6, routed)           0.249    19.320    i_cheshire_soc/gen_cva6_cores[0].i_core_cva6/issue_stage_i/i_scoreboard/mem_q[1][sbe][fu][0]_i_1_n_0
    SLICE_X43Y365        LUT6 (Prop_H6LUT_SLICEM_I3_O)
                                                      0.039    19.359 r  i_cheshire_soc/gen_cva6_cores[0].i_core_cva6/issue_stage_i/i_scoreboard/scoreboard_LUT6_2800/O
                         net (fo=1, routed)           0.042    19.401    i_cheshire_soc/gen_cva6_cores[0].i_core_cva6/issue_stage_i/i_scoreboard/scoreboard_net_2738
    SLICE_X43Y365        LUT4 (Prop_G6LUT_SLICEM_I3_O)
                                                      0.037    19.438 f  i_cheshire_soc/gen_cva6_cores[0].i_core_cva6/issue_stage_i/i_scoreboard/scoreboard_LUT4_445/O
                         net (fo=1, routed)           0.089    19.527    i_cheshire_soc/gen_cva6_cores[0].i_core_cva6/issue_stage_i/i_scoreboard/scoreboard_net_2739
    SLICE_X43Y364        LUT6 (Prop_G6LUT_SLICEM_I5_O)
                                                      0.052    19.579 f  i_cheshire_soc/gen_cva6_cores[0].i_core_cva6/issue_stage_i/i_scoreboard/scoreboard_LUT6_2801/O
                         net (fo=3, routed)           0.157    19.736    i_cheshire_soc/gen_cva6_cores[0].i_core_cva6/issue_stage_i/i_scoreboard/scoreboard_net_2748
    SLICE_X44Y363        LUT6 (Prop_H6LUT_SLICEM_I2_O)
                                                      0.053    19.789 r  i_cheshire_soc/gen_cva6_cores[0].i_core_cva6/issue_stage_i/i_scoreboard/scoreboard_LUT6_2803/O
                         net (fo=2, routed)           0.095    19.884    i_cheshire_soc/gen_cva6_cores[0].i_core_cva6/issue_stage_i/i_scoreboard/id_q_reg[1]
    SLICE_X44Y364        LUT2 (Prop_A5LUT_SLICEM_I1_O)
                                                      0.070    19.954 f  i_cheshire_soc/gen_cva6_cores[0].i_core_cva6/issue_stage_i/i_scoreboard/scoreboard_LUT2_322/O
                         net (fo=3, routed)           0.223    20.177    i_cheshire_soc/gen_cva6_cores[0].i_core_cva6/issue_stage_i/i_scoreboard/scoreboard_net_3285
    SLICE_X45Y363        LUT4 (Prop_A6LUT_SLICEL_I2_O)
                                                      0.090    20.267 r  i_cheshire_soc/gen_cva6_cores[0].i_core_cva6/issue_stage_i/i_scoreboard/scoreboard_LUT4_551/O
                         net (fo=1, routed)           0.057    20.324    i_cheshire_soc/gen_cva6_cores[0].i_core_cva6/issue_stage_i/i_scoreboard/scoreboard_net_3290
    SLICE_X45Y363        LUT6 (Prop_E6LUT_SLICEL_I5_O)
                                                      0.147    20.471 r  i_cheshire_soc/gen_cva6_cores[0].i_core_cva6/issue_stage_i/i_scoreboard/scoreboard_LUT6_3336/O
                         net (fo=5, routed)           0.106    20.577    i_cheshire_soc/gen_cva6_cores[0].i_core_cva6/issue_stage_i/i_scoreboard/scoreboard_net_3291
    SLICE_X45Y363        LUT4 (Prop_H6LUT_SLICEL_I3_O)
                                                      0.090    20.667 r  i_cheshire_soc/gen_cva6_cores[0].i_core_cva6/issue_stage_i/i_scoreboard/scoreboard_LUT4_553/O
                         net (fo=1, routed)           0.051    20.718    i_cheshire_soc/gen_cva6_cores[0].i_core_cva6/issue_stage_i/i_scoreboard/mem_q[0][sbe][rd][1]_i_1_n_0
    SLICE_X45Y363        FDCE                                         r  i_cheshire_soc/gen_cva6_cores[0].i_core_cva6/issue_stage_i/i_scoreboard/mem_q_reg[0][sbe][rd][1]/D
  -------------------------------------------------------------------    -------------------

                         (clock clk_50_clkwiz rise edge)
                                                     19.998    19.998 r  
    AL8                                               0.000    19.998 r  sys_clk_p (IN)
                         net (fo=0)                   0.000    19.998    i_bufds_sys_clk/I
    HPIOBDIFFINBUF_X0Y11 DIFFINBUF (Prop_DIFFINBUF_HPIOBDIFFINBUF_DIFF_IN_P_O)
                                                      0.394    20.392 r  i_bufds_sys_clk/DIFFINBUF_INST/O
                         net (fo=1, routed)           0.040    20.432    i_bufds_sys_clk/OUT
    AL8                  IBUFCTRL (Prop_IBUFCTRL_HPIOB_M_I_O)
                                                      0.000    20.432 r  i_bufds_sys_clk/IBUFCTRL_INST/O
                         net (fo=1, routed)           0.344    20.776    i_clkwiz/inst/clk_in1
    MMCM_X0Y0            MMCME4_ADV (Prop_MMCM_CLKIN1_CLKOUT0)
                                                      0.630    21.406 r  i_clkwiz/inst/mmcme4_adv_inst/CLKOUT0
                         net (fo=1, routed)           0.214    21.620    i_clkwiz/inst/clk_50_clkwiz
    BUFGCE_X0Y20         BUFGCE (Prop_BUFCE_BUFGCE_I_O)
                                                      0.024    21.644 r  i_clkwiz/inst/clkout1_buf/O
    X1Y3 (CLOCK_ROOT)    net (fo=81715, routed)       2.618    24.262    i_cheshire_soc/gen_cva6_cores[0].i_core_cva6/issue_stage_i/i_scoreboard/clk_50
    SLICE_X45Y363        FDCE                                         r  i_cheshire_soc/gen_cva6_cores[0].i_core_cva6/issue_stage_i/i_scoreboard/mem_q_reg[0][sbe][rd][1]/C
                         clock pessimism             -0.405    23.856    
                         clock uncertainty           -0.068    23.788    
    SLICE_X45Y363        FDCE (Setup_HFF_SLICEL_C_D)
                                                      0.025    23.813    i_cheshire_soc/gen_cva6_cores[0].i_core_cva6/issue_stage_i/i_scoreboard/mem_q_reg[0][sbe][rd][1]
  -------------------------------------------------------------------
                         required time                         23.813    
                         arrival time                         -20.718    
  -------------------------------------------------------------------
                         slack                                  3.095    





Min Delay Paths
--------------------------------------------------------------------------------------
Slack (MET) :             0.011ns  (arrival time - required time)
  Source:                 i_cheshire_soc/gen_dma.i_dma_conf_atomics_cut/i_reg_ar/spill_register_flushable_i/gen_spill_reg.a_data_q_reg[len][4]/C
                            (rising edge-triggered cell FDCE clocked by clk_50_clkwiz  {rise@0.000ns fall@9.999ns period=19.998ns})
  Destination:            i_cheshire_soc/gen_dma.i_dma_conf_atomics_cut/i_reg_ar/spill_register_flushable_i/gen_spill_reg.b_data_q_reg[len][4]/D
                            (rising edge-triggered cell FDCE clocked by clk_50_clkwiz  {rise@0.000ns fall@9.999ns period=19.998ns})
  Path Group:             clk_50_clkwiz
  Path Type:              Hold (Min at Slow Process Corner)
  Requirement:            0.000ns  (clk_50_clkwiz rise@0.000ns - clk_50_clkwiz rise@0.000ns)
  Data Path Delay:        0.186ns  (logic 0.059ns (31.720%)  route 0.127ns (68.280%))
  Logic Levels:           0  
  Clock Path Skew:        0.113ns (DCD - SCD - CPR)
    Destination Clock Delay (DCD):    4.214ns
    Source Clock Delay      (SCD):    4.437ns
    Clock Pessimism Removal (CPR):    -0.335ns
  Clock Net Delay (Source):      2.791ns (routing 1.322ns, distribution 1.469ns)
  Clock Net Delay (Destination): 3.133ns (routing 1.455ns, distribution 1.678ns)

    Location             Delay type                Incr(ns)  Path(ns)    Netlist Resource(s)
  -------------------------------------------------------------------    -------------------
                         (clock clk_50_clkwiz rise edge)
                                                      0.000     0.000 r  
    AL8                                               0.000     0.000 r  sys_clk_p (IN)
                         net (fo=0)                   0.000     0.000    i_bufds_sys_clk/I
    HPIOBDIFFINBUF_X0Y11 DIFFINBUF (Prop_DIFFINBUF_HPIOBDIFFINBUF_DIFF_IN_P_O)
                                                      0.394     0.394 r  i_bufds_sys_clk/DIFFINBUF_INST/O
                         net (fo=1, routed)           0.040     0.434    i_bufds_sys_clk/OUT
    AL8                  IBUFCTRL (Prop_IBUFCTRL_HPIOB_M_I_O)
                                                      0.000     0.434 r  i_bufds_sys_clk/IBUFCTRL_INST/O
                         net (fo=1, routed)           0.344     0.778    i_clkwiz/inst/clk_in1
    MMCM_X0Y0            MMCME4_ADV (Prop_MMCM_CLKIN1_CLKOUT0)
                                                      0.630     1.408 r  i_clkwiz/inst/mmcme4_adv_inst/CLKOUT0
                         net (fo=1, routed)           0.214     1.622    i_clkwiz/inst/clk_50_clkwiz
    BUFGCE_X0Y20         BUFGCE (Prop_BUFCE_BUFGCE_I_O)
                                                      0.024     1.646 r  i_clkwiz/inst/clkout1_buf/O
    X1Y3 (CLOCK_ROOT)    net (fo=81715, routed)       2.791     4.437    i_cheshire_soc/gen_dma.i_dma_conf_atomics_cut/i_reg_ar/spill_register_flushable_i/clk_50
    SLICE_X89Y251        FDCE                                         r  i_cheshire_soc/gen_dma.i_dma_conf_atomics_cut/i_reg_ar/spill_register_flushable_i/gen_spill_reg.a_data_q_reg[len][4]/C
  -------------------------------------------------------------------    -------------------
    SLICE_X89Y251        FDCE (Prop_DFF_SLICEL_C_Q)
                                                      0.059     4.496 r  i_cheshire_soc/gen_dma.i_dma_conf_atomics_cut/i_reg_ar/spill_register_flushable_i/gen_spill_reg.a_data_q_reg[len][4]/Q
                         net (fo=2, routed)           0.127     4.623    i_cheshire_soc/gen_dma.i_dma_conf_atomics_cut/i_reg_ar/spill_register_flushable_i/gen_spill_reg.a_data_q_reg[len_n_0_][4]
    SLICE_X92Y253        FDCE                                         r  i_cheshire_soc/gen_dma.i_dma_conf_atomics_cut/i_reg_ar/spill_register_flushable_i/gen_spill_reg.b_data_q_reg[len][4]/D
  -------------------------------------------------------------------    -------------------

                         (clock clk_50_clkwiz rise edge)
                                                      0.000     0.000 r  
    AL8                                               0.000     0.000 r  sys_clk_p (IN)
                         net (fo=0)                   0.000     0.000    i_bufds_sys_clk/I
    HPIOBDIFFINBUF_X0Y11 DIFFINBUF (Prop_DIFFINBUF_HPIOBDIFFINBUF_DIFF_IN_P_O)
                                                      0.489     0.489 r  i_bufds_sys_clk/DIFFINBUF_INST/O
                         net (fo=1, routed)           0.050     0.539    i_bufds_sys_clk/OUT
    AL8                  IBUFCTRL (Prop_IBUFCTRL_HPIOB_M_I_O)
                                                      0.000     0.539 r  i_bufds_sys_clk/IBUFCTRL_INST/O
                         net (fo=1, routed)           0.397     0.936    i_clkwiz/inst/clk_in1
    MMCM_X0Y0            MMCME4_ADV (Prop_MMCM_CLKIN1_CLKOUT0)
                                                     -0.127     0.809 r  i_clkwiz/inst/mmcme4_adv_inst/CLKOUT0
                         net (fo=1, routed)           0.244     1.053    i_clkwiz/inst/clk_50_clkwiz
    BUFGCE_X0Y20         BUFGCE (Prop_BUFCE_BUFGCE_I_O)
                                                      0.028     1.081 r  i_clkwiz/inst/clkout1_buf/O
    X1Y3 (CLOCK_ROOT)    net (fo=81715, routed)       3.133     4.214    i_cheshire_soc/gen_dma.i_dma_conf_atomics_cut/i_reg_ar/spill_register_flushable_i/clk_50
    SLICE_X92Y253        FDCE                                         r  i_cheshire_soc/gen_dma.i_dma_conf_atomics_cut/i_reg_ar/spill_register_flushable_i/gen_spill_reg.b_data_q_reg[len][4]/C
                         clock pessimism              0.335     4.550    
    SLICE_X92Y253        FDCE (Hold_AFF2_SLICEL_C_D)
                                                      0.062     4.612    i_cheshire_soc/gen_dma.i_dma_conf_atomics_cut/i_reg_ar/spill_register_flushable_i/gen_spill_reg.b_data_q_reg[len][4]
  -------------------------------------------------------------------
                         required time                         -4.612    
                         arrival time                           4.623    
  -------------------------------------------------------------------
                         slack                                  0.011    





Pulse Width Checks
--------------------------------------------------------------------------------------
Clock Name:         clk_50_clkwiz
Waveform(ns):       { 0.000 9.999 }
Period(ns):         19.998
Sources:            { i_clkwiz/inst/mmcme4_adv_inst/CLKOUT0 }

Check Type        Corner  Lib Pin          Reference Pin  Required(ns)  Actual(ns)  Slack(ns)  Location  Pin
Min Period        n/a     PS8/MAXIGP2ACLK  n/a            3.000         19.998      16.998     PS8_X0Y0  i_zynqmp/inst/PS8_i/MAXIGP2ACLK
Low Pulse Width   Slow    PS8/MAXIGP2ACLK  n/a            1.500         9.999       8.499      PS8_X0Y0  i_zynqmp/inst/PS8_i/MAXIGP2ACLK
High Pulse Width  Slow    PS8/MAXIGP2ACLK  n/a            1.500         9.999       8.499      PS8_X0Y0  i_zynqmp/inst/PS8_i/MAXIGP2ACLK



---------------------------------------------------------------------------------------------------
Path Group:  **async_default**
From Clock:  clk_50_clkwiz
  To Clock:  clk_50_clkwiz

Setup :            0  Failing Endpoints,  Worst Slack       15.897ns,  Total Violation        0.000ns
Hold  :            0  Failing Endpoints,  Worst Slack        0.481ns,  Total Violation        0.000ns
---------------------------------------------------------------------------------------------------


Max Delay Paths
--------------------------------------------------------------------------------------
Slack (MET) :             15.897ns  (required time - arrival time)
  Source:                 i_rstgen/i_rstgen_bypass/synch_regs_q_reg[3]/C
                            (rising edge-triggered cell FDCE clocked by clk_50_clkwiz  {rise@0.000ns fall@9.999ns period=19.998ns})
  Destination:            i_cheshire_soc/gen_ext_in_intr_syncs[0].i_ext_intr_sync/reg_q_reg[0]/CLR
                            (recovery check against rising-edge clock clk_50_clkwiz  {rise@0.000ns fall@9.999ns period=19.998ns})
  Path Group:             **async_default**
  Path Type:              Recovery (Max at Slow Process Corner)
  Requirement:            19.998ns  (clk_50_clkwiz rise@19.998ns - clk_50_clkwiz rise@0.000ns)
  Data Path Delay:        3.760ns  (logic 0.295ns (7.846%)  route 3.465ns (92.154%))
  Logic Levels:           2  (BUFGCTRL=1 LUT1=1)
  Clock Path Skew:        -0.207ns (DCD - SCD + CPR)
    Destination Clock Delay (DCD):    4.436ns = ( 24.434 - 19.998 ) 
    Source Clock Delay      (SCD):    4.211ns
    Clock Pessimism Removal (CPR):    -0.431ns
  Clock Uncertainty:      0.068ns  ((TSJ^2 + DJ^2)^1/2) / 2 + PE
    Total System Jitter     (TSJ):    0.071ns
    Discrete Jitter          (DJ):    0.116ns
    Phase Error              (PE):    0.000ns
  Clock Net Delay (Source):      3.130ns (routing 1.455ns, distribution 1.675ns)
  Clock Net Delay (Destination): 2.790ns (routing 1.322ns, distribution 1.468ns)

    Location             Delay type                Incr(ns)  Path(ns)    Netlist Resource(s)
  -------------------------------------------------------------------    -------------------
                         (clock clk_50_clkwiz rise edge)
                                                      0.000     0.000 r  
    AL8                                               0.000     0.000 r  sys_clk_p (IN)
                         net (fo=0)                   0.000     0.000    i_bufds_sys_clk/I
    HPIOBDIFFINBUF_X0Y11 DIFFINBUF (Prop_DIFFINBUF_HPIOBDIFFINBUF_DIFF_IN_P_O)
                                                      0.489     0.489 r  i_bufds_sys_clk/DIFFINBUF_INST/O
                         net (fo=1, routed)           0.050     0.539    i_bufds_sys_clk/OUT
    AL8                  IBUFCTRL (Prop_IBUFCTRL_HPIOB_M_I_O)
                                                      0.000     0.539 r  i_bufds_sys_clk/IBUFCTRL_INST/O
                         net (fo=1, routed)           0.397     0.936    i_clkwiz/inst/clk_in1
    MMCM_X0Y0            MMCME4_ADV (Prop_MMCM_CLKIN1_CLKOUT0)
                                                     -0.127     0.809 r  i_clkwiz/inst/mmcme4_adv_inst/CLKOUT0
                         net (fo=1, routed)           0.244     1.053    i_clkwiz/inst/clk_50_clkwiz
    BUFGCE_X0Y20         BUFGCE (Prop_BUFCE_BUFGCE_I_O)
                                                      0.028     1.081 r  i_clkwiz/inst/clkout1_buf/O
    X1Y3 (CLOCK_ROOT)    net (fo=81715, routed)       3.130     4.211    i_rstgen/i_rstgen_bypass/clk_50
    SLICE_X96Y32         FDCE                                         r  i_rstgen/i_rstgen_bypass/synch_regs_q_reg[3]/C
  -------------------------------------------------------------------    -------------------
    SLICE_X96Y32         FDCE (Prop_FFF2_SLICEM_C_Q)
                                                      0.079     4.290 r  i_rstgen/i_rstgen_bypass/synch_regs_q_reg[3]/Q
                         net (fo=1, routed)           0.535     4.825    i_rstgen/i_rstgen_bypass/i_tc_clk_mux2_rst_no/Q[0]
    BUFGCTRL_X0Y2        BUFGCTRL (Prop_BUFGCTRL_I0_O)
                                                      0.092     4.917 r  i_rstgen/i_rstgen_bypass/i_tc_clk_mux2_rst_no/i_BUFGMUX/O
                         net (fo=69509, routed)       2.755     7.672    i_cheshire_soc/gen_ext_in_intr_syncs[0].i_ext_intr_sync/rst_ni
    SLICE_X1Y417         LUT1 (Prop_E6LUT_SLICEM_I0_O)
                                                      0.124     7.796 f  i_cheshire_soc/gen_ext_in_intr_syncs[0].i_ext_intr_sync/reg_q[1]_i_1/O
                         net (fo=2, routed)           0.175     7.971    i_cheshire_soc/gen_ext_in_intr_syncs[0].i_ext_intr_sync/reg_q[1]_i_1_n_0
    SLICE_X1Y417         FDCE                                         f  i_cheshire_soc/gen_ext_in_intr_syncs[0].i_ext_intr_sync/reg_q_reg[0]/CLR
  -------------------------------------------------------------------    -------------------

                         (clock clk_50_clkwiz rise edge)
                                                     19.998    19.998 r  
    AL8                                               0.000    19.998 r  sys_clk_p (IN)
                         net (fo=0)                   0.000    19.998    i_bufds_sys_clk/I
    HPIOBDIFFINBUF_X0Y11 DIFFINBUF (Prop_DIFFINBUF_HPIOBDIFFINBUF_DIFF_IN_P_O)
                                                      0.394    20.392 r  i_bufds_sys_clk/DIFFINBUF_INST/O
                         net (fo=1, routed)           0.040    20.432    i_bufds_sys_clk/OUT
    AL8                  IBUFCTRL (Prop_IBUFCTRL_HPIOB_M_I_O)
                                                      0.000    20.432 r  i_bufds_sys_clk/IBUFCTRL_INST/O
                         net (fo=1, routed)           0.344    20.776    i_clkwiz/inst/clk_in1
    MMCM_X0Y0            MMCME4_ADV (Prop_MMCM_CLKIN1_CLKOUT0)
                                                      0.630    21.406 r  i_clkwiz/inst/mmcme4_adv_inst/CLKOUT0
                         net (fo=1, routed)           0.214    21.620    i_clkwiz/inst/clk_50_clkwiz
    BUFGCE_X0Y20         BUFGCE (Prop_BUFCE_BUFGCE_I_O)
                                                      0.024    21.644 r  i_clkwiz/inst/clkout1_buf/O
    X1Y3 (CLOCK_ROOT)    net (fo=81715, routed)       2.790    24.434    i_cheshire_soc/gen_ext_in_intr_syncs[0].i_ext_intr_sync/clk_i
    SLICE_X1Y417         FDCE                                         r  i_cheshire_soc/gen_ext_in_intr_syncs[0].i_ext_intr_sync/reg_q_reg[0]/C
                         clock pessimism             -0.431    24.002    
                         clock uncertainty           -0.068    23.934    
    SLICE_X1Y417         FDCE (Recov_HFF2_SLICEM_C_CLR)
                                                     -0.066    23.868    i_cheshire_soc/gen_ext_in_intr_syncs[0].i_ext_intr_sync/reg_q_reg[0]
  -------------------------------------------------------------------
                         required time                         23.868    
                         arrival time                          -7.971    
  -------------------------------------------------------------------
                         slack                                 15.897    





Min Delay Paths
--------------------------------------------------------------------------------------
Slack (MET) :             0.481ns  (arrival time - required time)
  Source:                 i_cheshire_soc/gen_cva6_cores[0].gen_ara.i_ara/gen_lanes[1].i_lane/i_operand_queues/lsu_ex_flush_o_reg/C
                            (rising edge-triggered cell FDCE clocked by clk_50_clkwiz  {rise@0.000ns fall@9.999ns period=19.998ns})
  Destination:            i_cheshire_soc/gen_cva6_cores[0].gen_ara.i_ara/i_vlsu/i_vldu/lsu_ex_flush_q_reg/F1/CLR
                            (removal check against rising-edge clock clk_50_clkwiz  {rise@0.000ns fall@9.999ns period=19.998ns})
  Path Group:             **async_default**
  Path Type:              Removal (Min at Fast Process Corner)
  Requirement:            0.000ns  (clk_50_clkwiz rise@0.000ns - clk_50_clkwiz rise@0.000ns)
  Data Path Delay:        0.605ns  (logic 0.090ns (14.876%)  route 0.515ns (85.124%))
  Logic Levels:           1  (LUT2=1)
  Clock Path Skew:        0.144ns (DCD - SCD - CPR)
    Destination Clock Delay (DCD):    2.377ns
    Source Clock Delay      (SCD):    2.461ns
    Clock Pessimism Removal (CPR):    -0.227ns
  Clock Net Delay (Source):      1.577ns (routing 0.795ns, distribution 0.782ns)
  Clock Net Delay (Destination): 1.862ns (routing 0.885ns, distribution 0.977ns)

    Location             Delay type                Incr(ns)  Path(ns)    Netlist Resource(s)
  -------------------------------------------------------------------    -------------------
                         (clock clk_50_clkwiz rise edge)
                                                      0.000     0.000 r  
    AL8                                               0.000     0.000 r  sys_clk_p (IN)
                         net (fo=0)                   0.000     0.000    i_bufds_sys_clk/I
    HPIOBDIFFINBUF_X0Y11 DIFFINBUF (Prop_DIFFINBUF_HPIOBDIFFINBUF_DIFF_IN_P_O)
                                                      0.249     0.249 r  i_bufds_sys_clk/DIFFINBUF_INST/O
                         net (fo=1, routed)           0.040     0.289    i_bufds_sys_clk/OUT
    AL8                  IBUFCTRL (Prop_IBUFCTRL_HPIOB_M_I_O)
                                                      0.000     0.289 r  i_bufds_sys_clk/IBUFCTRL_INST/O
                         net (fo=1, routed)           0.203     0.492    i_clkwiz/inst/clk_in1
    MMCM_X0Y0            MMCME4_ADV (Prop_MMCM_CLKIN1_CLKOUT0)
                                                      0.230     0.722 r  i_clkwiz/inst/mmcme4_adv_inst/CLKOUT0
                         net (fo=1, routed)           0.145     0.867    i_clkwiz/inst/clk_50_clkwiz
    BUFGCE_X0Y20         BUFGCE (Prop_BUFCE_BUFGCE_I_O)
                                                      0.017     0.884 r  i_clkwiz/inst/clkout1_buf/O
    X1Y3 (CLOCK_ROOT)    net (fo=81715, routed)       1.577     2.461    i_cheshire_soc/gen_cva6_cores[0].gen_ara.i_ara/gen_lanes[1].i_lane/i_operand_queues/clk_50
    SLICE_X45Y256        FDCE                                         r  i_cheshire_soc/gen_cva6_cores[0].gen_ara.i_ara/gen_lanes[1].i_lane/i_operand_queues/lsu_ex_flush_o_reg/C
  -------------------------------------------------------------------    -------------------
    SLICE_X45Y256        FDCE (Prop_HFF2_SLICEL_C_Q)
                                                      0.039     2.500 r  i_cheshire_soc/gen_cva6_cores[0].gen_ara.i_ara/gen_lanes[1].i_lane/i_operand_queues/lsu_ex_flush_o_reg/Q
                         net (fo=70, routed)          0.391     2.891    i_cheshire_soc/gen_cva6_cores[0].gen_ara.i_ara/gen_lanes[0].i_lane/i_operand_queues/lsu_ex_flush_o
    SLICE_X14Y260        LUT2 (Prop_A6LUT_SLICEM_I0_O)
                                                      0.051     2.942 f  i_cheshire_soc/gen_cva6_cores[0].gen_ara.i_ara/gen_lanes[0].i_lane/i_operand_queues/lsu_ex_flush_q_i_2_comp/O
                         net (fo=2, routed)           0.124     3.066    i_cheshire_soc/gen_cva6_cores[0].gen_ara.i_ara/i_vlsu/i_vldu/lsu_ex_flush_q_reg/CLR
    SLICE_X14Y261        FDCE                                         f  i_cheshire_soc/gen_cva6_cores[0].gen_ara.i_ara/i_vlsu/i_vldu/lsu_ex_flush_q_reg/F1/CLR
  -------------------------------------------------------------------    -------------------

                         (clock clk_50_clkwiz rise edge)
                                                      0.000     0.000 r  
    AL8                                               0.000     0.000 r  sys_clk_p (IN)
                         net (fo=0)                   0.000     0.000    i_bufds_sys_clk/I
    HPIOBDIFFINBUF_X0Y11 DIFFINBUF (Prop_DIFFINBUF_HPIOBDIFFINBUF_DIFF_IN_P_O)
                                                      0.346     0.346 r  i_bufds_sys_clk/DIFFINBUF_INST/O
                         net (fo=1, routed)           0.050     0.396    i_bufds_sys_clk/OUT
    AL8                  IBUFCTRL (Prop_IBUFCTRL_HPIOB_M_I_O)
                                                      0.000     0.396 r  i_bufds_sys_clk/IBUFCTRL_INST/O
                         net (fo=1, routed)           0.230     0.626    i_clkwiz/inst/clk_in1
    MMCM_X0Y0            MMCME4_ADV (Prop_MMCM_CLKIN1_CLKOUT0)
                                                     -0.295     0.331 r  i_clkwiz/inst/mmcme4_adv_inst/CLKOUT0
                         net (fo=1, routed)           0.165     0.496    i_clkwiz/inst/clk_50_clkwiz
    BUFGCE_X0Y20         BUFGCE (Prop_BUFCE_BUFGCE_I_O)
                                                      0.019     0.515 r  i_clkwiz/inst/clkout1_buf/O
    X1Y3 (CLOCK_ROOT)    net (fo=81715, routed)       1.862     2.377    i_cheshire_soc/gen_cva6_cores[0].gen_ara.i_ara/i_vlsu/i_vldu/lsu_ex_flush_q_reg/C
    SLICE_X14Y261        FDCE                                         r  i_cheshire_soc/gen_cva6_cores[0].gen_ara.i_ara/i_vlsu/i_vldu/lsu_ex_flush_q_reg/F1/C
                         clock pessimism              0.227     2.605    
    SLICE_X14Y261        FDCE (Remov_AFF_SLICEM_C_CLR)
                                                     -0.020     2.585    i_cheshire_soc/gen_cva6_cores[0].gen_ara.i_ara/i_vlsu/i_vldu/lsu_ex_flush_q_reg/F1
  -------------------------------------------------------------------
                         required time                         -2.585    
                         arrival time                           3.066    
  -------------------------------------------------------------------
                         slack                                  0.481    





