Copyright 1986-2021 Xilinx, Inc. All Rights Reserved.
------------------------------------------------------------------------------------------------------------------------------------------------------
| Tool Version      : Vivado v.2021.1_AR76780 (lin64) Build 3247384 Thu Jun 10 19:36:07 MDT 2021
| Date              : Wed Sep  9 16:43:17 2026
| Host              : coroni running 64-bit Ubuntu 18.04.6 LTS
| Command           : report_timing_summary -file /home/smitropoulos/cheshire_soc/target/xilinx/build/zcu102.cheshire/reports.impl/timing_summary.rpt
| Design            : cheshire_top_xilinx
| Device            : xczu9eg-ffvb1156
| Speed File        : -2  PRODUCTION 1.29 08-03-2020
| Temperature Grade : E
------------------------------------------------------------------------------------------------------------------------------------------------------

Timing Summary Report

------------------------------------------------------------------------------------------------
| Timer Settings
| --------------
------------------------------------------------------------------------------------------------

  Enable Multi Corner Analysis               :  Yes
  Enable Pessimism Removal                   :  Yes
  Pessimism Removal Resolution               :  Nearest Common Node
  Enable Input Delay Default Clock           :  No
  Enable Preset / Clear Arcs                 :  No
  Disable Flight Delays                      :  No
  Ignore I/O Paths                           :  No
  Timing Early Launch at Borrowing Latches   :  No
  Borrow Time for Max Delay Exceptions       :  Yes
  Merge Timing Exceptions                    :  Yes

  Corner  Analyze    Analyze    
  Name    Max Paths  Min Paths  
  ------  ---------  ---------  
  Slow    Yes        Yes        
  Fast    Yes        Yes        


------------------------------------------------------------------------------------------------
| Report Methodology
| ------------------
------------------------------------------------------------------------------------------------

Rule       Severity  Description                   Violations  
---------  --------  ----------------------------  ----------  
DPIR-2     Warning   Asynchronous driver check     2336        
LUTAR-1    Warning   LUT drives async reset alert  2           
SYNTH-10   Warning   Wide multiplier               67          
TIMING-20  Warning   Non-clocked latch             137         

Note: This report is based on the most recent report_methodology run and may not be up-to-date. Run report_methodology on the current design for the latest report.



check_timing report

Table of Contents
-----------------
1. checking no_clock (2314)
2. checking constant_clock (0)
3. checking pulse_width_clock (0)
4. checking unconstrained_internal_endpoints (137)
5. checking no_input_delay (0)
6. checking no_output_delay (0)
7. checking multiple_clock (0)
8. checking generated_clocks (0)
9. checking loops (0)
10. checking partial_input_delay (0)
11. checking partial_output_delay (0)
12. checking latch_loops (0)

1. checking no_clock (2314)
---------------------------
 There are 68 register/latch pins with no clock driven by root clock pin: i_cheshire_soc/gen_cva6_cores[0].gen_ara.i_ara/gen_lanes[0].i_lane/i_vfus/i_vmfpu/mfpu_state_q_reg[0]/Q (HIGH)

 There are 68 register/latch pins with no clock driven by root clock pin: i_cheshire_soc/gen_cva6_cores[0].gen_ara.i_ara/gen_lanes[0].i_lane/i_vfus/i_vmfpu/mfpu_state_q_reg[1]_rep/Q (HIGH)

 There are 68 register/latch pins with no clock driven by root clock pin: i_cheshire_soc/gen_cva6_cores[0].gen_ara.i_ara/gen_lanes[0].i_lane/i_vfus/i_vmfpu/mfpu_state_q_reg[2]_rep__0/Q (HIGH)

 There are 68 register/latch pins with no clock driven by root clock pin: i_cheshire_soc/gen_cva6_cores[0].gen_ara.i_ara/gen_lanes[0].i_lane/i_vfus/i_vmfpu/vinsn_queue_q_reg[processing_pnt][0]/Q (HIGH)

 There are 68 register/latch pins with no clock driven by root clock pin: i_cheshire_soc/gen_cva6_cores[0].gen_ara.i_ara/gen_lanes[0].i_lane/i_vfus/i_vmfpu/vinsn_queue_q_reg[processing_pnt][1]/Q (HIGH)

 There are 68 register/latch pins with no clock driven by root clock pin: i_cheshire_soc/gen_cva6_cores[0].gen_ara.i_ara/gen_lanes[0].i_lane/i_vfus/i_vmfpu/vinsn_queue_q_reg[vinsn][0][vtype][vsew][0]/Q (HIGH)

 There are 68 register/latch pins with no clock driven by root clock pin: i_cheshire_soc/gen_cva6_cores[0].gen_ara.i_ara/gen_lanes[0].i_lane/i_vfus/i_vmfpu/vinsn_queue_q_reg[vinsn][0][vtype][vsew][1]/Q (HIGH)

 There are 68 register/latch pins with no clock driven by root clock pin: i_cheshire_soc/gen_cva6_cores[0].gen_ara.i_ara/gen_lanes[0].i_lane/i_vfus/i_vmfpu/vinsn_queue_q_reg[vinsn][0][vtype][vsew][2]/Q (HIGH)

 There are 68 register/latch pins with no clock driven by root clock pin: i_cheshire_soc/gen_cva6_cores[0].gen_ara.i_ara/gen_lanes[0].i_lane/i_vfus/i_vmfpu/vinsn_queue_q_reg[vinsn][1][vtype][vsew][0]/Q (HIGH)

 There are 68 register/latch pins with no clock driven by root clock pin: i_cheshire_soc/gen_cva6_cores[0].gen_ara.i_ara/gen_lanes[0].i_lane/i_vfus/i_vmfpu/vinsn_queue_q_reg[vinsn][1][vtype][vsew][1]/Q (HIGH)

 There are 68 register/latch pins with no clock driven by root clock pin: i_cheshire_soc/gen_cva6_cores[0].gen_ara.i_ara/gen_lanes[0].i_lane/i_vfus/i_vmfpu/vinsn_queue_q_reg[vinsn][1][vtype][vsew][2]/Q (HIGH)

 There are 68 register/latch pins with no clock driven by root clock pin: i_cheshire_soc/gen_cva6_cores[0].gen_ara.i_ara/gen_lanes[0].i_lane/i_vfus/i_vmfpu/vinsn_queue_q_reg[vinsn][2][vtype][vsew][0]/Q (HIGH)

 There are 68 register/latch pins with no clock driven by root clock pin: i_cheshire_soc/gen_cva6_cores[0].gen_ara.i_ara/gen_lanes[0].i_lane/i_vfus/i_vmfpu/vinsn_queue_q_reg[vinsn][2][vtype][vsew][1]/Q (HIGH)

 There are 68 register/latch pins with no clock driven by root clock pin: i_cheshire_soc/gen_cva6_cores[0].gen_ara.i_ara/gen_lanes[0].i_lane/i_vfus/i_vmfpu/vinsn_queue_q_reg[vinsn][2][vtype][vsew][2]/Q (HIGH)

 There are 68 register/latch pins with no clock driven by root clock pin: i_cheshire_soc/gen_cva6_cores[0].gen_ara.i_ara/gen_lanes[0].i_lane/i_vfus/i_vmfpu/vinsn_queue_q_reg[vinsn][3][vtype][vsew][0]/Q (HIGH)

 There are 68 register/latch pins with no clock driven by root clock pin: i_cheshire_soc/gen_cva6_cores[0].gen_ara.i_ara/gen_lanes[0].i_lane/i_vfus/i_vmfpu/vinsn_queue_q_reg[vinsn][3][vtype][vsew][1]/Q (HIGH)

 There are 68 register/latch pins with no clock driven by root clock pin: i_cheshire_soc/gen_cva6_cores[0].gen_ara.i_ara/gen_lanes[0].i_lane/i_vfus/i_vmfpu/vinsn_queue_q_reg[vinsn][3][vtype][vsew][2]/Q (HIGH)

 There is 1 register/latch pin with no clock driven by root clock pin: i_cheshire_soc/gen_cva6_cores[0].gen_ara.i_ara/gen_lanes[1].i_lane/i_operand_queues/lsu_ex_flush_o_reg/Q (HIGH)

 There are 68 register/latch pins with no clock driven by root clock pin: i_cheshire_soc/gen_cva6_cores[0].gen_ara.i_ara/gen_lanes[1].i_lane/i_vfus/i_vmfpu/mfpu_state_q_reg[0]/Q (HIGH)

 There are 68 register/latch pins with no clock driven by root clock pin: i_cheshire_soc/gen_cva6_cores[0].gen_ara.i_ara/gen_lanes[1].i_lane/i_vfus/i_vmfpu/mfpu_state_q_reg[1]_rep/Q (HIGH)

 There are 68 register/latch pins with no clock driven by root clock pin: i_cheshire_soc/gen_cva6_cores[0].gen_ara.i_ara/gen_lanes[1].i_lane/i_vfus/i_vmfpu/mfpu_state_q_reg[2]_rep__0/Q (HIGH)

 There are 68 register/latch pins with no clock driven by root clock pin: i_cheshire_soc/gen_cva6_cores[0].gen_ara.i_ara/gen_lanes[1].i_lane/i_vfus/i_vmfpu/vinsn_queue_q_reg[processing_pnt][0]/Q (HIGH)

 There are 68 register/latch pins with no clock driven by root clock pin: i_cheshire_soc/gen_cva6_cores[0].gen_ara.i_ara/gen_lanes[1].i_lane/i_vfus/i_vmfpu/vinsn_queue_q_reg[processing_pnt][1]/Q (HIGH)

 There are 68 register/latch pins with no clock driven by root clock pin: i_cheshire_soc/gen_cva6_cores[0].gen_ara.i_ara/gen_lanes[1].i_lane/i_vfus/i_vmfpu/vinsn_queue_q_reg[vinsn][0][vtype][vsew][0]/Q (HIGH)

 There are 68 register/latch pins with no clock driven by root clock pin: i_cheshire_soc/gen_cva6_cores[0].gen_ara.i_ara/gen_lanes[1].i_lane/i_vfus/i_vmfpu/vinsn_queue_q_reg[vinsn][0][vtype][vsew][1]/Q (HIGH)

 There are 68 register/latch pins with no clock driven by root clock pin: i_cheshire_soc/gen_cva6_cores[0].gen_ara.i_ara/gen_lanes[1].i_lane/i_vfus/i_vmfpu/vinsn_queue_q_reg[vinsn][0][vtype][vsew][2]/Q (HIGH)

 There are 68 register/latch pins with no clock driven by root clock pin: i_cheshire_soc/gen_cva6_cores[0].gen_ara.i_ara/gen_lanes[1].i_lane/i_vfus/i_vmfpu/vinsn_queue_q_reg[vinsn][1][vtype][vsew][0]/Q (HIGH)

 There are 68 register/latch pins with no clock driven by root clock pin: i_cheshire_soc/gen_cva6_cores[0].gen_ara.i_ara/gen_lanes[1].i_lane/i_vfus/i_vmfpu/vinsn_queue_q_reg[vinsn][1][vtype][vsew][1]/Q (HIGH)

 There are 68 register/latch pins with no clock driven by root clock pin: i_cheshire_soc/gen_cva6_cores[0].gen_ara.i_ara/gen_lanes[1].i_lane/i_vfus/i_vmfpu/vinsn_queue_q_reg[vinsn][1][vtype][vsew][2]/Q (HIGH)

 There are 68 register/latch pins with no clock driven by root clock pin: i_cheshire_soc/gen_cva6_cores[0].gen_ara.i_ara/gen_lanes[1].i_lane/i_vfus/i_vmfpu/vinsn_queue_q_reg[vinsn][2][vtype][vsew][0]/Q (HIGH)

 There are 68 register/latch pins with no clock driven by root clock pin: i_cheshire_soc/gen_cva6_cores[0].gen_ara.i_ara/gen_lanes[1].i_lane/i_vfus/i_vmfpu/vinsn_queue_q_reg[vinsn][2][vtype][vsew][1]/Q (HIGH)

 There are 68 register/latch pins with no clock driven by root clock pin: i_cheshire_soc/gen_cva6_cores[0].gen_ara.i_ara/gen_lanes[1].i_lane/i_vfus/i_vmfpu/vinsn_queue_q_reg[vinsn][2][vtype][vsew][2]/Q (HIGH)

 There are 68 register/latch pins with no clock driven by root clock pin: i_cheshire_soc/gen_cva6_cores[0].gen_ara.i_ara/gen_lanes[1].i_lane/i_vfus/i_vmfpu/vinsn_queue_q_reg[vinsn][3][vtype][vsew][0]/Q (HIGH)

 There are 68 register/latch pins with no clock driven by root clock pin: i_cheshire_soc/gen_cva6_cores[0].gen_ara.i_ara/gen_lanes[1].i_lane/i_vfus/i_vmfpu/vinsn_queue_q_reg[vinsn][3][vtype][vsew][1]/Q (HIGH)

 There are 68 register/latch pins with no clock driven by root clock pin: i_cheshire_soc/gen_cva6_cores[0].gen_ara.i_ara/gen_lanes[1].i_lane/i_vfus/i_vmfpu/vinsn_queue_q_reg[vinsn][3][vtype][vsew][2]/Q (HIGH)

 There is 1 register/latch pin with no clock driven by root clock pin: i_rstgen/i_rstgen_bypass/synch_regs_q_reg[3]/Q (HIGH)


2. checking constant_clock (0)
------------------------------
 There are 0 register/latch pins with constant_clock.


3. checking pulse_width_clock (0)
---------------------------------
 There are 0 register/latch pins which need pulse_width check


4. checking unconstrained_internal_endpoints (137)
--------------------------------------------------
 There are 137 pins that are not constrained for maximum delay. (HIGH)

 There are 0 pins that are not constrained for maximum delay due to constant clock.


5. checking no_input_delay (0)
------------------------------
 There are 0 input ports with no input delay specified.

 There are 0 input ports with no input delay but user has a false path constraint.


6. checking no_output_delay (0)
-------------------------------
 There are 0 ports with no output delay specified.

 There are 0 ports with no output delay but user has a false path constraint

 There are 0 ports with no output delay but with a timing clock defined on it or propagating through it


7. checking multiple_clock (0)
------------------------------
 There are 0 register/latch pins with multiple clocks.


8. checking generated_clocks (0)
--------------------------------
 There are 0 generated clocks that are not connected to a clock source.


9. checking loops (0)
---------------------
 There are 0 combinational loops in the design.


10. checking partial_input_delay (0)
------------------------------------
 There are 0 input ports with partial input delay specified.


11. checking partial_output_delay (0)
-------------------------------------
 There are 0 ports with partial output delay specified.


12. checking latch_loops (0)
----------------------------
 There are 0 combinational latch loops in the design through latch input



------------------------------------------------------------------------------------------------
| Design Timing Summary
| ---------------------
------------------------------------------------------------------------------------------------

    WNS(ns)      TNS(ns)  TNS Failing Endpoints  TNS Total Endpoints      WHS(ns)      THS(ns)  THS Failing Endpoints  THS Total Endpoints     WPWS(ns)     TPWS(ns)  TPWS Failing Endpoints  TPWS Total Endpoints  
    -------      -------  ---------------------  -------------------      -------      -------  ---------------------  -------------------     --------     --------  ----------------------  --------------------  
      1.429        0.000                      0               238981        0.010        0.000                      0               238920        0.500        0.000                       0                 83156  


All user specified timing constraints are met.


------------------------------------------------------------------------------------------------
| Clock Summary
| -------------
------------------------------------------------------------------------------------------------

Clock            Waveform(ns)         Period(ns)      Frequency(MHz)
-----            ------------         ----------      --------------
clk_pl_0         {0.000 5.156}        10.312          96.974          
sys_clk          {0.000 1.666}        3.333           300.030         
  clk_50_clkwiz  {0.000 9.999}        19.998          50.005          


------------------------------------------------------------------------------------------------
| Intra Clock Table
| -----------------
------------------------------------------------------------------------------------------------

Clock                WNS(ns)      TNS(ns)  TNS Failing Endpoints  TNS Total Endpoints      WHS(ns)      THS(ns)  THS Failing Endpoints  THS Total Endpoints     WPWS(ns)     TPWS(ns)  TPWS Failing Endpoints  TPWS Total Endpoints  
-----                -------      -------  ---------------------  -------------------      -------      -------  ---------------------  -------------------     --------     --------  ----------------------  --------------------  
sys_clk                                                                                                                                                            0.500        0.000                       0                     1  
  clk_50_clkwiz        1.429        0.000                      0               168951        0.010        0.000                      0               168890        8.499        0.000                       0                 83155  


------------------------------------------------------------------------------------------------
| Inter Clock Table
| -----------------
------------------------------------------------------------------------------------------------

From Clock    To Clock          WNS(ns)      TNS(ns)  TNS Failing Endpoints  TNS Total Endpoints      WHS(ns)      THS(ns)  THS Failing Endpoints  THS Total Endpoints  
----------    --------          -------      -------  ---------------------  -------------------      -------      -------  ---------------------  -------------------  


------------------------------------------------------------------------------------------------
| Other Path Groups Table
| -----------------------
------------------------------------------------------------------------------------------------

Path Group         From Clock         To Clock               WNS(ns)      TNS(ns)  TNS Failing Endpoints  TNS Total Endpoints      WHS(ns)      THS(ns)  THS Failing Endpoints  THS Total Endpoints  
----------         ----------         --------               -------      -------  ---------------------  -------------------      -------      -------  ---------------------  -------------------  
**async_default**  clk_50_clkwiz      clk_50_clkwiz           15.923        0.000                      0                70030        0.449        0.000                      0                70030  


------------------------------------------------------------------------------------------------
| Timing Details
| --------------
------------------------------------------------------------------------------------------------


---------------------------------------------------------------------------------------------------
From Clock:  sys_clk
  To Clock:  sys_clk

Setup :           NA  Failing Endpoints,  Worst Slack           NA  ,  Total Violation           NA
Hold  :           NA  Failing Endpoints,  Worst Slack           NA  ,  Total Violation           NA
PW    :            0  Failing Endpoints,  Worst Slack        0.500ns,  Total Violation        0.000ns
---------------------------------------------------------------------------------------------------


Pulse Width Checks
--------------------------------------------------------------------------------------
Clock Name:         sys_clk
Waveform(ns):       { 0.000 1.666 }
Period(ns):         3.333
Sources:            { sys_clk_p }

Check Type        Corner  Lib Pin            Reference Pin  Required(ns)  Actual(ns)  Slack(ns)  Location   Pin
Min Period        n/a     MMCME4_ADV/CLKIN1  n/a            1.071         3.333       2.262      MMCM_X0Y0  i_clkwiz/inst/mmcme4_adv_inst/CLKIN1
Max Period        n/a     MMCME4_ADV/CLKIN1  n/a            100.000       3.333       96.667     MMCM_X0Y0  i_clkwiz/inst/mmcme4_adv_inst/CLKIN1
Low Pulse Width   Slow    MMCME4_ADV/CLKIN1  n/a            1.167         1.666       0.500      MMCM_X0Y0  i_clkwiz/inst/mmcme4_adv_inst/CLKIN1
High Pulse Width  Slow    MMCME4_ADV/CLKIN1  n/a            1.167         1.666       0.500      MMCM_X0Y0  i_clkwiz/inst/mmcme4_adv_inst/CLKIN1



---------------------------------------------------------------------------------------------------
From Clock:  clk_50_clkwiz
  To Clock:  clk_50_clkwiz

Setup :            0  Failing Endpoints,  Worst Slack        1.429ns,  Total Violation        0.000ns
Hold  :            0  Failing Endpoints,  Worst Slack        0.010ns,  Total Violation        0.000ns
PW    :            0  Failing Endpoints,  Worst Slack        8.499ns,  Total Violation        0.000ns
---------------------------------------------------------------------------------------------------


Max Delay Paths
--------------------------------------------------------------------------------------
Slack (MET) :             1.429ns  (required time - arrival time)
  Source:                 i_dram_wrapper/i_axi_dw_converter/gen_dw_upsize.i_axi_dw_upsizer/i_axi_err_slv/i_atop_filter/FSM_sequential_r_state_q_reg[1]/C
                            (rising edge-triggered cell FDCE clocked by clk_50_clkwiz  {rise@0.000ns fall@9.999ns period=19.998ns})
  Destination:            i_dram_wrapper/i_axi_dw_converter/gen_dw_upsize.i_axi_dw_upsizer/i_read_id_queue/gen_data_ffs[18].linked_data_q_reg[18][next][1]/CE
                            (rising edge-triggered cell FDCE clocked by clk_50_clkwiz  {rise@0.000ns fall@9.999ns period=19.998ns})
  Path Group:             clk_50_clkwiz
  Path Type:              Setup (Max at Slow Process Corner)
  Requirement:            19.998ns  (clk_50_clkwiz rise@19.998ns - clk_50_clkwiz rise@0.000ns)
  Data Path Delay:        18.412ns  (logic 4.664ns (25.331%)  route 13.748ns (74.669%))
  Logic Levels:           51  (LUT2=8 LUT3=7 LUT4=7 LUT5=10 LUT6=17 MUXF7=2)
  Clock Path Skew:        -0.028ns (DCD - SCD + CPR)
    Destination Clock Delay (DCD):    4.466ns = ( 24.464 - 19.998 ) 
    Source Clock Delay      (SCD):    4.102ns
    Clock Pessimism Removal (CPR):    -0.391ns
  Clock Uncertainty:      0.068ns  ((TSJ^2 + DJ^2)^1/2) / 2 + PE
    Total System Jitter     (TSJ):    0.071ns
    Discrete Jitter          (DJ):    0.116ns
    Phase Error              (PE):    0.000ns
  Clock Net Delay (Source):      3.021ns (routing 1.455ns, distribution 1.566ns)
  Clock Net Delay (Destination): 2.820ns (routing 1.322ns, distribution 1.498ns)

    Location             Delay type                Incr(ns)  Path(ns)    Netlist Resource(s)
  -------------------------------------------------------------------    -------------------
                         (clock clk_50_clkwiz rise edge)
                                                      0.000     0.000 r  
    AL8                                               0.000     0.000 r  sys_clk_p (IN)
                         net (fo=0)                   0.000     0.000    i_bufds_sys_clk/I
    HPIOBDIFFINBUF_X0Y11 DIFFINBUF (Prop_DIFFINBUF_HPIOBDIFFINBUF_DIFF_IN_P_O)
                                                      0.489     0.489 r  i_bufds_sys_clk/DIFFINBUF_INST/O
                         net (fo=1, routed)           0.050     0.539    i_bufds_sys_clk/OUT
    AL8                  IBUFCTRL (Prop_IBUFCTRL_HPIOB_M_I_O)
                                                      0.000     0.539 r  i_bufds_sys_clk/IBUFCTRL_INST/O
                         net (fo=1, routed)           0.397     0.936    i_clkwiz/inst/clk_in1
    MMCM_X0Y0            MMCME4_ADV (Prop_MMCM_CLKIN1_CLKOUT0)
                                                     -0.127     0.809 r  i_clkwiz/inst/mmcme4_adv_inst/CLKOUT0
                         net (fo=1, routed)           0.244     1.053    i_clkwiz/inst/clk_50_clkwiz
    BUFGCE_X0Y20         BUFGCE (Prop_BUFCE_BUFGCE_I_O)
                                                      0.028     1.081 r  i_clkwiz/inst/clkout1_buf/O
    X1Y3 (CLOCK_ROOT)    net (fo=83173, routed)       3.021     4.102    i_dram_wrapper/i_axi_dw_converter/gen_dw_upsize.i_axi_dw_upsizer/i_axi_err_slv/i_atop_filter/clk_50
    SLICE_X77Y77         FDCE                                         r  i_dram_wrapper/i_axi_dw_converter/gen_dw_upsize.i_axi_dw_upsizer/i_axi_err_slv/i_atop_filter/FSM_sequential_r_state_q_reg[1]/C
  -------------------------------------------------------------------    -------------------
    SLICE_X77Y77         FDCE (Prop_DFF_SLICEM_C_Q)
                                                      0.078     4.180 r  i_dram_wrapper/i_axi_dw_converter/gen_dw_upsize.i_axi_dw_upsizer/i_axi_err_slv/i_atop_filter/FSM_sequential_r_state_q_reg[1]/Q
                         net (fo=57, routed)          0.088     4.268    i_dram_wrapper/i_axi_dw_converter/gen_dw_upsize.i_axi_dw_upsizer/i_axi_err_slv/i_atop_filter/Q[0]
    SLICE_X77Y77         LUT4 (Prop_F6LUT_SLICEM_I3_O)
                                                      0.148     4.416 r  i_dram_wrapper/i_axi_dw_converter/gen_dw_upsize.i_axi_dw_upsizer/i_axi_err_slv/i_atop_filter/axi_atop_filter5_LUT4/O
                         net (fo=4, routed)           0.192     4.608    i_dram_wrapper/gen_cdc.i_axi_cdc_mig/i_axi_cdc_src/i_cdc_fifo_gray_dst_r/i_spill_register/spill_register_flushable_i/gen_arbiter.gen_int_rr.gen_lock.lock_q_reg
    SLICE_X77Y78         LUT2 (Prop_C6LUT_SLICEM_I1_O)
                                                      0.037     4.645 r  i_dram_wrapper/gen_cdc.i_axi_cdc_mig/i_axi_cdc_src/i_cdc_fifo_gray_dst_r/i_spill_register/spill_register_flushable_i/gen_arbiter.gen_int_rr.gen_lock.lock_q_i_2/O
                         net (fo=143, routed)         0.234     4.879    i_dram_wrapper/i_axi_dw_converter/gen_dw_upsize.i_axi_dw_upsizer/i_axi_err_slv/i_atop_filter/gen_arbiter.rr_q_reg[0]_0
    SLICE_X78Y79         LUT5 (Prop_F6LUT_SLICEL_I3_O)
                                                      0.049     4.928 r  i_dram_wrapper/i_axi_dw_converter/gen_dw_upsize.i_axi_dw_upsizer/i_axi_err_slv/i_atop_filter/axi_atop_filter5_LUT5_3/O
                         net (fo=39, routed)          0.137     5.065    i_dram_wrapper/i_axi_dw_converter/gen_dw_upsize.i_axi_dw_upsizer/i_axi_err_slv/i_atop_filter/axi_atop_filter5_net_9
    SLICE_X78Y80         LUT6 (Prop_G6LUT_SLICEL_I5_O)
                                                      0.149     5.214 f  i_dram_wrapper/i_axi_dw_converter/gen_dw_upsize.i_axi_dw_upsizer/i_axi_err_slv/i_atop_filter/axi_atop_filter5_LUT6_19/O
                         net (fo=1, routed)           0.098     5.312    i_dram_wrapper/i_axi_dw_converter/gen_dw_upsize.i_axi_dw_upsizer/i_read_id_queue/gen_ht_ffs[0].head_tail_q[0][id][0]_i_6_0
    SLICE_X79Y80         LUT2 (Prop_E6LUT_SLICEM_I0_O)
                                                      0.100     5.412 f  i_dram_wrapper/i_axi_dw_converter/gen_dw_upsize.i_axi_dw_upsizer/i_read_id_queue/id_queue_LUT2_1/O
                         net (fo=1, routed)           0.207     5.619    i_dram_wrapper/i_axi_dw_converter/gen_dw_upsize.i_axi_dw_upsizer/i_read_id_queue/id_queue_net_9
    SLICE_X83Y80         LUT6 (Prop_B6LUT_SLICEL_I4_O)
                                                      0.090     5.709 f  i_dram_wrapper/i_axi_dw_converter/gen_dw_upsize.i_axi_dw_upsizer/i_read_id_queue/id_queue_LUT6_7/O
                         net (fo=2, routed)           0.168     5.877    i_dram_wrapper/i_axi_dw_converter/gen_dw_upsize.i_axi_dw_upsizer/i_read_id_queue/id_queue_net_12
    SLICE_X81Y80         LUT6 (Prop_C6LUT_SLICEL_I5_O)
                                                      0.088     5.965 r  i_dram_wrapper/i_axi_dw_converter/gen_dw_upsize.i_axi_dw_upsizer/i_read_id_queue/id_queue_LUT6_8/O
                         net (fo=2, routed)           0.104     6.069    i_dram_wrapper/i_axi_dw_converter/gen_dw_upsize.i_axi_dw_upsizer/i_read_id_queue/id_queue_net_27
    SLICE_X81Y78         LUT6 (Prop_E6LUT_SLICEL_I2_O)
                                                      0.123     6.192 r  i_dram_wrapper/i_axi_dw_converter/gen_dw_upsize.i_axi_dw_upsizer/i_read_id_queue/id_queue_LUT6_19/O
                         net (fo=79, routed)          0.446     6.638    i_dram_wrapper/i_axi_dw_converter/gen_dw_upsize.i_axi_dw_upsizer/i_read_id_queue/id_queue_net_46
    SLICE_X85Y72         LUT6 (Prop_H6LUT_SLICEM_I4_O)
                                                      0.152     6.790 f  i_dram_wrapper/i_axi_dw_converter/gen_dw_upsize.i_axi_dw_upsizer/i_read_id_queue/id_queue_LUT6_51/O
                         net (fo=1, routed)           0.214     7.004    i_dram_wrapper/i_axi_dw_converter/gen_dw_upsize.i_axi_dw_upsizer/i_read_id_queue/id_queue_net_65
    SLICE_X85Y80         LUT6 (Prop_F6LUT_SLICEM_I4_O)
                                                      0.098     7.102 f  i_dram_wrapper/i_axi_dw_converter/gen_dw_upsize.i_axi_dw_upsizer/i_read_id_queue/id_queue_LUT6_53/O
                         net (fo=1, routed)           0.139     7.241    i_dram_wrapper/i_axi_dw_converter/gen_dw_upsize.i_axi_dw_upsizer/i_read_id_queue/id_queue_net_69
    SLICE_X84Y80         LUT5 (Prop_B6LUT_SLICEL_I4_O)
                                                      0.090     7.331 r  i_dram_wrapper/i_axi_dw_converter/gen_dw_upsize.i_axi_dw_upsizer/i_read_id_queue/id_queue_LUT5_12/O
                         net (fo=92, routed)          0.296     7.627    i_dram_wrapper/i_axi_dw_converter/gen_dw_upsize.i_axi_dw_upsizer/i_read_id_queue/id_queue_net_71
    SLICE_X85Y84         LUT6 (Prop_E6LUT_SLICEM_I5_O)
                                                      0.037     7.664 r  i_dram_wrapper/i_axi_dw_converter/gen_dw_upsize.i_axi_dw_upsizer/i_read_id_queue/id_queue_LUT6_101/O
                         net (fo=1, routed)           0.146     7.810    i_dram_wrapper/i_axi_dw_converter/gen_dw_upsize.i_axi_dw_upsizer/i_read_id_queue/id_queue_net_106
    SLICE_X84Y85         LUT5 (Prop_E6LUT_SLICEL_I3_O)
                                                      0.123     7.933 f  i_dram_wrapper/i_axi_dw_converter/gen_dw_upsize.i_axi_dw_upsizer/i_read_id_queue/id_queue_LUT5_17/O
                         net (fo=1, routed)           0.198     8.131    i_dram_wrapper/i_axi_dw_converter/gen_dw_upsize.i_axi_dw_upsizer/i_read_id_queue/id_queue_net_108
    SLICE_X83Y87         LUT6 (Prop_G6LUT_SLICEL_I4_O)
                                                      0.149     8.280 r  i_dram_wrapper/i_axi_dw_converter/gen_dw_upsize.i_axi_dw_upsizer/i_read_id_queue/id_queue_LUT6_104/O
                         net (fo=2, routed)           0.170     8.450    i_dram_wrapper/i_axi_dw_converter/gen_dw_upsize.i_axi_dw_upsizer/i_read_id_queue/id_queue_net_110
    SLICE_X83Y91         LUT2 (Prop_F6LUT_SLICEL_I1_O)
                                                      0.097     8.547 r  i_dram_wrapper/i_axi_dw_converter/gen_dw_upsize.i_axi_dw_upsizer/i_read_id_queue/id_queue_LUT2_9/O
                         net (fo=2, routed)           0.203     8.750    i_dram_wrapper/i_axi_dw_converter/gen_dw_upsize.i_axi_dw_upsizer/i_read_id_queue/id_queue_net_113
    SLICE_X81Y94         LUT3 (Prop_A6LUT_SLICEL_I1_O)
                                                      0.098     8.848 r  i_dram_wrapper/i_axi_dw_converter/gen_dw_upsize.i_axi_dw_upsizer/i_read_id_queue/id_queue_LUT3_1/O
                         net (fo=14, routed)          0.139     8.987    i_dram_wrapper/i_axi_dw_converter/gen_dw_upsize.i_axi_dw_upsizer/i_read_id_queue/id_queue_net_120
    SLICE_X81Y97         LUT3 (Prop_B6LUT_SLICEL_I2_O)
                                                      0.098     9.085 r  i_dram_wrapper/i_axi_dw_converter/gen_dw_upsize.i_axi_dw_upsizer/i_read_id_queue/id_queue_LUT3_16/O
                         net (fo=3, routed)           0.252     9.337    i_dram_wrapper/i_axi_dw_converter/gen_dw_upsize.i_axi_dw_upsizer/i_read_id_queue/id_queue_net_175
    SLICE_X80Y101        LUT4 (Prop_G6LUT_SLICEL_I3_O)
                                                      0.097     9.434 r  i_dram_wrapper/i_axi_dw_converter/gen_dw_upsize.i_axi_dw_upsizer/i_read_id_queue/id_queue_LUT4_23/O
                         net (fo=4, routed)           0.301     9.735    i_dram_wrapper/i_axi_dw_converter/gen_dw_upsize.i_axi_dw_upsizer/i_slv_r_arb/gen_arbiter.rr_q[4]_i_46_1
    SLICE_X79Y109        LUT3 (Prop_F6LUT_SLICEM_I0_O)
                                                      0.051     9.786 r  i_dram_wrapper/i_axi_dw_converter/gen_dw_upsize.i_axi_dw_upsizer/i_slv_r_arb/gen_arbiter.rr_q[1]_i_10__0/O
                         net (fo=4, routed)           0.143     9.929    i_dram_wrapper/i_axi_dw_converter/gen_dw_upsize.i_axi_dw_upsizer/i_slv_r_arb/p_1_in33_in
    SLICE_X79Y112        LUT2 (Prop_E6LUT_SLICEM_I1_O)
                                                      0.037     9.966 r  i_dram_wrapper/i_axi_dw_converter/gen_dw_upsize.i_axi_dw_upsizer/i_slv_r_arb/gen_arbiter.rr_q[4]_i_46/O
                         net (fo=2, routed)           0.190    10.156    i_dram_wrapper/i_axi_dw_converter/gen_dw_upsize.i_axi_dw_upsizer/i_slv_r_arb/p_36_in
    SLICE_X78Y114        LUT5 (Prop_B6LUT_SLICEL_I0_O)
                                                      0.051    10.207 r  i_dram_wrapper/i_axi_dw_converter/gen_dw_upsize.i_axi_dw_upsizer/i_slv_r_arb/gen_arbiter.rr_q[4]_i_31/O
                         net (fo=2, routed)           0.132    10.339    i_dram_wrapper/i_axi_dw_converter/gen_dw_upsize.i_axi_dw_upsizer/i_slv_r_arb/p_38_in
    SLICE_X77Y115        LUT5 (Prop_B6LUT_SLICEM_I4_O)
                                                      0.052    10.391 r  i_dram_wrapper/i_axi_dw_converter/gen_dw_upsize.i_axi_dw_upsizer/i_slv_r_arb/gen_arbiter.rr_q[4]_i_7/O
                         net (fo=82, routed)          0.285    10.676    i_dram_wrapper/i_axi_dw_converter/gen_dw_upsize.i_axi_dw_upsizer/i_slv_r_arb/gen_arbiter.req_nodes_5
    SLICE_X74Y120        LUT6 (Prop_G6LUT_SLICEM_I5_O)
                                                      0.100    10.776 r  i_dram_wrapper/i_axi_dw_converter/gen_dw_upsize.i_axi_dw_upsizer/i_slv_r_arb/gen_read_upsizer[8].r_req_q[burst_len][7]_i_9/O
                         net (fo=94, routed)          0.601    11.377    i_dram_wrapper/i_axi_dw_converter/gen_dw_upsize.i_axi_dw_upsizer/i_slv_r_arb/gen_arbiter.gen_levels[0].gen_level[0].sel
    SLICE_X71Y161        LUT3 (Prop_E6LUT_SLICEL_I1_O)
                                                      0.035    11.412 f  i_dram_wrapper/i_axi_dw_converter/gen_dw_upsize.i_axi_dw_upsizer/i_slv_r_arb/gen_arbiter.gen_int_rr.gen_lock.req_q[1]_i_3/O
                         net (fo=4, routed)           0.118    11.530    i_dram_wrapper/i_axi_dw_converter/gen_dw_upsize.i_axi_dw_upsizer/i_slv_r_arb/axi_llc_mst_rsp[r][id][4]
    SLICE_X71Y161        LUT4 (Prop_G6LUT_SLICEL_I0_O)
                                                      0.149    11.679 r  i_dram_wrapper/i_axi_dw_converter/gen_dw_upsize.i_axi_dw_upsizer/i_slv_r_arb/gen_arbiter.gen_int_rr.gen_lock.req_q[1]_i_2__3/O
                         net (fo=16, routed)          0.997    12.676    i_cheshire_soc/gen_llc.i_llc/i_axi_llc_top_raw/i_refill_unit/i_r_master/gen_arbiter.gen_int_rr.gen_lock.req_q_reg[1]_6[0]
    SLICE_X56Y218        LUT6 (Prop_G6LUT_SLICEM_I0_O)
                                                      0.100    12.776 r  i_cheshire_soc/gen_llc.i_llc/i_axi_llc_top_raw/i_refill_unit/i_r_master/gen_arbiter.rr_q[1]_i_4__6/O
                         net (fo=5, routed)           0.545    13.321    i_cheshire_soc/gen_llc.i_llc/i_axi_llc_top_raw/i_llc_ways/i_stream_xbar/gen_outs[3].i_rr_arb_tree/gen_arbiter.rr_q_reg[0]_3
    SLICE_X46Y240        LUT5 (Prop_C6LUT_SLICEM_I3_O)
                                                      0.088    13.409 f  i_cheshire_soc/gen_llc.i_llc/i_axi_llc_top_raw/i_llc_ways/i_stream_xbar/gen_outs[3].i_rr_arb_tree/cache_unit_q[1]_i_1__3/O
                         net (fo=91, routed)          0.099    13.508    i_cheshire_soc/gen_llc.i_llc/i_axi_llc_top_raw/i_llc_ways/gen_data_ways[3].i_data_way/way_inp[3][cache_unit][1]
    SLICE_X46Y240        LUT4 (Prop_G6LUT_SLICEM_I3_O)
                                                      0.090    13.598 r  i_cheshire_soc/gen_llc.i_llc/i_axi_llc_top_raw/i_llc_ways/gen_data_ways[3].i_data_way/counter_q[3]_i_13/O
                         net (fo=2, routed)           0.283    13.881    i_cheshire_soc/gen_llc.i_llc/i_axi_llc_top_raw/i_llc_ways/i_stream_xbar/gen_outs[2].i_rr_arb_tree/counter_q_reg[3]_i_5
    SLICE_X47Y234        LUT6 (Prop_A6LUT_SLICEL_I0_O)
                                                      0.124    14.005 r  i_cheshire_soc/gen_llc.i_llc/i_axi_llc_top_raw/i_llc_ways/i_stream_xbar/gen_outs[2].i_rr_arb_tree/gen_arbiter.rr_q[4]_i_67/O
                         net (fo=1, routed)           0.009    14.014    i_cheshire_soc/gen_llc.i_llc/i_axi_llc_top_raw/i_llc_ways/i_stream_xbar/gen_outs[1].i_rr_arb_tree/gen_arbiter.rr_q[4]_i_32__0_0
    SLICE_X47Y234        MUXF7 (Prop_F7MUX_AB_SLICEL_I1_O)
                                                      0.064    14.078 r  i_cheshire_soc/gen_llc.i_llc/i_axi_llc_top_raw/i_llc_ways/i_stream_xbar/gen_outs[1].i_rr_arb_tree/gen_arbiter.rr_q_reg[4]_i_48/O
                         net (fo=1, routed)           0.806    14.884    i_cheshire_soc/gen_llc.i_llc/i_axi_llc_top_raw/i_llc_ways/i_stream_xbar/gen_outs[1].i_rr_arb_tree/gen_arbiter.rr_q_reg[4]_i_48_n_0
    SLICE_X69Y204        LUT3 (Prop_E6LUT_SLICEL_I1_O)
                                                      0.099    14.983 r  i_cheshire_soc/gen_llc.i_llc/i_axi_llc_top_raw/i_llc_ways/i_stream_xbar/gen_outs[1].i_rr_arb_tree/gen_arbiter.rr_q[4]_i_32__0/O
                         net (fo=2, routed)           0.529    15.512    i_cheshire_soc/gen_llc.i_llc/i_axi_llc_top_raw/i_refill_unit/i_r_master/gen_arbiter.gen_int_rr.gen_lock.lock_q_reg_inv_0[0]
    SLICE_X71Y161        LUT6 (Prop_H6LUT_SLICEL_I3_O)
                                                      0.051    15.563 r  i_cheshire_soc/gen_llc.i_llc/i_axi_llc_top_raw/i_refill_unit/i_r_master/gen_arbiter.rr_q[4]_i_8__0/O
                         net (fo=26, routed)          0.717    16.280    i_dram_wrapper/i_axi_dw_converter/gen_dw_upsize.i_axi_dw_upsizer/i_slv_r_arb/axi_llc_mst_req[r_ready]
    SLICE_X76Y117        LUT6 (Prop_C6LUT_SLICEM_I3_O)
                                                      0.037    16.317 r  i_dram_wrapper/i_axi_dw_converter/gen_dw_upsize.i_axi_dw_upsizer/i_slv_r_arb/gen_read_upsizer[23].r_req_q[burst_len][7]_i_4/O
                         net (fo=1, routed)           0.298    16.615    i_dram_wrapper/i_axi_dw_converter/gen_dw_upsize.i_axi_dw_upsizer/i_read_id_queue/slv_r_ready_tran[23]
    SLICE_X77Y111        LUT2 (Prop_E6LUT_SLICEM_I0_O)
                                                      0.052    16.667 r  i_dram_wrapper/i_axi_dw_converter/gen_dw_upsize.i_axi_dw_upsizer/i_read_id_queue/id_queue_LUT2_170/O
                         net (fo=4, routed)           0.285    16.952    i_dram_wrapper/i_axi_dw_converter/gen_dw_upsize.i_axi_dw_upsizer/i_read_id_queue/id_queue_net_1583
    SLICE_X79Y102        LUT3 (Prop_B6LUT_SLICEM_I2_O)
                                                      0.052    17.004 r  i_dram_wrapper/i_axi_dw_converter/gen_dw_upsize.i_axi_dw_upsizer/i_read_id_queue/id_queue_LUT3_181/O
                         net (fo=3, routed)           0.200    17.204    i_dram_wrapper/i_axi_dw_converter/gen_dw_upsize.i_axi_dw_upsizer/i_read_id_queue/id_queue_net_1586
    SLICE_X80Y103        LUT5 (Prop_E6LUT_SLICEL_I2_O)
                                                      0.123    17.327 f  i_dram_wrapper/i_axi_dw_converter/gen_dw_upsize.i_axi_dw_upsizer/i_read_id_queue/id_queue_LUT5_440/O
                         net (fo=1, routed)           0.181    17.508    i_dram_wrapper/i_axi_dw_converter/gen_dw_upsize.i_axi_dw_upsizer/i_read_id_queue/id_queue_net_1592
    SLICE_X81Y103        LUT6 (Prop_F6LUT_SLICEL_I4_O)
                                                      0.035    17.543 f  i_dram_wrapper/i_axi_dw_converter/gen_dw_upsize.i_axi_dw_upsizer/i_read_id_queue/id_queue_LUT6_1003/O
                         net (fo=1, routed)           0.302    17.845    i_dram_wrapper/i_axi_dw_converter/gen_dw_upsize.i_axi_dw_upsizer/i_read_id_queue/id_queue_net_1595
    SLICE_X83Y89         LUT2 (Prop_F6LUT_SLICEL_I0_O)
                                                      0.035    17.880 f  i_dram_wrapper/i_axi_dw_converter/gen_dw_upsize.i_axi_dw_upsizer/i_read_id_queue/id_queue_LUT2_171/O
                         net (fo=9, routed)           0.364    18.244    i_dram_wrapper/i_axi_dw_converter/gen_dw_upsize.i_axi_dw_upsizer/i_read_id_queue/id_queue_net_1604
    SLICE_X85Y82         LUT6 (Prop_B6LUT_SLICEM_I2_O)
                                                      0.125    18.369 f  i_dram_wrapper/i_axi_dw_converter/gen_dw_upsize.i_axi_dw_upsizer/i_read_id_queue/id_queue_LUT6_1015/O
                         net (fo=451, routed)         0.545    18.914    i_cheshire_soc/gen_llc.i_llc/i_axi_llc_top_raw/i_axi_bypass_mux/gen_mux.i_aw_arbiter/gen_ht_ffs[23].head_tail_q_reg[23][id][4]
    SLICE_X86Y85         LUT4 (Prop_E6LUT_SLICEL_I2_O)
                                                      0.035    18.949 r  i_cheshire_soc/gen_llc.i_llc/i_axi_llc_top_raw/i_axi_bypass_mux/gen_mux.i_aw_arbiter/rr_arb_tree__pa65_LUT4_12/O
                         net (fo=1, routed)           0.146    19.095    i_cheshire_soc/gen_llc.i_llc/i_axi_llc_top_raw/i_axi_bypass_mux/gen_mux.i_aw_arbiter/rr_arb_tree__pa65_net_77
    SLICE_X86Y82         LUT5 (Prop_G6LUT_SLICEL_I4_O)
                                                      0.035    19.130 r  i_cheshire_soc/gen_llc.i_llc/i_axi_llc_top_raw/i_axi_bypass_mux/gen_mux.i_aw_arbiter/rr_arb_tree__pa65_LUT5_23/O
                         net (fo=1, routed)           0.044    19.174    i_cheshire_soc/gen_llc.i_llc/i_axi_llc_top_raw/i_axi_bypass_mux/gen_mux.i_aw_arbiter/rr_arb_tree__pa65_net_78
    SLICE_X86Y82         LUT5 (Prop_F6LUT_SLICEL_I4_O)
                                                      0.097    19.271 r  i_cheshire_soc/gen_llc.i_llc/i_axi_llc_top_raw/i_axi_bypass_mux/gen_mux.i_aw_arbiter/rr_arb_tree__pa65_LUT5_24/O
                         net (fo=3, routed)           0.437    19.708    i_cheshire_soc/gen_llc.i_llc/i_axi_llc_top_raw/i_axi_bypass_mux/gen_mux.i_aw_arbiter/rr_arb_tree__pa65_net_86
    SLICE_X85Y79         LUT6 (Prop_G6LUT_SLICEM_I3_O)
                                                      0.150    19.858 f  i_cheshire_soc/gen_llc.i_llc/i_axi_llc_top_raw/i_axi_bypass_mux/gen_mux.i_aw_arbiter/rr_arb_tree__pa65_LUT6_30/O
                         net (fo=1, routed)           0.101    19.959    i_cheshire_soc/gen_llc.i_llc/i_axi_llc_top_raw/i_axi_bypass_mux/gen_mux.i_aw_arbiter/rr_arb_tree__pa65_net_116
    SLICE_X85Y81         LUT4 (Prop_A6LUT_SLICEM_I3_O)
                                                      0.125    20.084 r  i_cheshire_soc/gen_llc.i_llc/i_axi_llc_top_raw/i_axi_bypass_mux/gen_mux.i_aw_arbiter/rr_arb_tree__pa65_LUT4_32/O
                         net (fo=45, routed)          0.533    20.617    i_dram_wrapper/i_axi_dw_converter/gen_dw_upsize.i_axi_dw_upsizer/i_read_id_queue/gen_data_ffs[23].linked_data_q[23][next][4]_i_27[0]
    SLICE_X86Y67         LUT6 (Prop_D6LUT_SLICEL_I0_O)
                                                      0.099    20.716 f  i_dram_wrapper/i_axi_dw_converter/gen_dw_upsize.i_axi_dw_upsizer/i_read_id_queue/id_queue_LUT6_1060/O
                         net (fo=1, routed)           0.009    20.725    i_dram_wrapper/i_axi_dw_converter/gen_dw_upsize.i_axi_dw_upsizer/i_read_id_queue/gen_data_ffs[23].linked_data_q[23][next][4]_i_48_n_0
    SLICE_X86Y67         MUXF7 (Prop_F7MUX_CD_SLICEL_I0_O)
                                                      0.063    20.788 f  i_dram_wrapper/i_axi_dw_converter/gen_dw_upsize.i_axi_dw_upsizer/i_read_id_queue/gen_data_ffs[23].linked_data_q_reg[23][next][4]_i_33/O
                         net (fo=1, routed)           0.253    21.041    i_cheshire_soc/gen_llc.i_llc/i_axi_llc_top_raw/i_axi_bypass_mux/gen_mux.i_aw_arbiter/gen_data_ffs[23].linked_data_q[23][next][4]_i_9_1
    SLICE_X88Y69         LUT3 (Prop_E6LUT_SLICEM_I1_O)
                                                      0.124    21.165 f  i_cheshire_soc/gen_llc.i_llc/i_axi_llc_top_raw/i_axi_bypass_mux/gen_mux.i_aw_arbiter/rr_arb_tree__pa65_LUT3_22/O
                         net (fo=1, routed)           0.059    21.224    i_cheshire_soc/gen_llc.i_llc/i_axi_llc_top_raw/i_axi_bypass_mux/gen_mux.i_aw_arbiter/rr_arb_tree__pa65_net_89
    SLICE_X88Y69         LUT5 (Prop_F6LUT_SLICEM_I3_O)
                                                      0.148    21.372 f  i_cheshire_soc/gen_llc.i_llc/i_axi_llc_top_raw/i_axi_bypass_mux/gen_mux.i_aw_arbiter/rr_arb_tree__pa65_LUT5_27/O
                         net (fo=15, routed)          0.249    21.621    i_cheshire_soc/gen_llc.i_llc/i_axi_llc_top_raw/i_axi_bypass_mux/gen_mux.i_aw_arbiter/rr_arb_tree__pa65_net_91
    SLICE_X88Y62         LUT4 (Prop_B6LUT_SLICEM_I0_O)
                                                      0.149    21.770 r  i_cheshire_soc/gen_llc.i_llc/i_axi_llc_top_raw/i_axi_bypass_mux/gen_mux.i_aw_arbiter/rr_arb_tree__pa65_LUT4_19/O
                         net (fo=7, routed)           0.219    21.989    i_dram_wrapper/i_axi_dw_converter/gen_dw_upsize.i_axi_dw_upsizer/i_read_id_queue/gen_data_ffs[18].linked_data_q_reg[18][next][0]_0
    SLICE_X87Y59         LUT2 (Prop_G6LUT_SLICEM_I1_O)
                                                      0.090    22.079 r  i_dram_wrapper/i_axi_dw_converter/gen_dw_upsize.i_axi_dw_upsizer/i_read_id_queue/id_queue_LUT2_218/O
                         net (fo=3, routed)           0.051    22.130    i_dram_wrapper/i_axi_dw_converter/gen_dw_upsize.i_axi_dw_upsizer/i_read_id_queue/id_queue_net_1799
    SLICE_X87Y59         LUT2 (Prop_F6LUT_SLICEM_I1_O)
                                                      0.098    22.228 r  i_dram_wrapper/i_axi_dw_converter/gen_dw_upsize.i_axi_dw_upsizer/i_read_id_queue/id_queue_LUT2_219/O
                         net (fo=5, routed)           0.286    22.514    i_dram_wrapper/i_axi_dw_converter/gen_dw_upsize.i_axi_dw_upsizer/i_read_id_queue/gen_data_ffs[18].linked_data_q[18][next][4]_i_1_n_0
    SLICE_X88Y58         FDCE                                         r  i_dram_wrapper/i_axi_dw_converter/gen_dw_upsize.i_axi_dw_upsizer/i_read_id_queue/gen_data_ffs[18].linked_data_q_reg[18][next][1]/CE
  -------------------------------------------------------------------    -------------------

                         (clock clk_50_clkwiz rise edge)
                                                     19.998    19.998 r  
    AL8                                               0.000    19.998 r  sys_clk_p (IN)
                         net (fo=0)                   0.000    19.998    i_bufds_sys_clk/I
    HPIOBDIFFINBUF_X0Y11 DIFFINBUF (Prop_DIFFINBUF_HPIOBDIFFINBUF_DIFF_IN_P_O)
                                                      0.394    20.392 r  i_bufds_sys_clk/DIFFINBUF_INST/O
                         net (fo=1, routed)           0.040    20.432    i_bufds_sys_clk/OUT
    AL8                  IBUFCTRL (Prop_IBUFCTRL_HPIOB_M_I_O)
                                                      0.000    20.432 r  i_bufds_sys_clk/IBUFCTRL_INST/O
                         net (fo=1, routed)           0.344    20.776    i_clkwiz/inst/clk_in1
    MMCM_X0Y0            MMCME4_ADV (Prop_MMCM_CLKIN1_CLKOUT0)
                                                      0.630    21.406 r  i_clkwiz/inst/mmcme4_adv_inst/CLKOUT0
                         net (fo=1, routed)           0.214    21.620    i_clkwiz/inst/clk_50_clkwiz
    BUFGCE_X0Y20         BUFGCE (Prop_BUFCE_BUFGCE_I_O)
                                                      0.024    21.644 r  i_clkwiz/inst/clkout1_buf/O
    X1Y3 (CLOCK_ROOT)    net (fo=83173, routed)       2.820    24.464    i_dram_wrapper/i_axi_dw_converter/gen_dw_upsize.i_axi_dw_upsizer/i_read_id_queue/clk_50
    SLICE_X88Y58         FDCE                                         r  i_dram_wrapper/i_axi_dw_converter/gen_dw_upsize.i_axi_dw_upsizer/i_read_id_queue/gen_data_ffs[18].linked_data_q_reg[18][next][1]/C
                         clock pessimism             -0.391    24.072    
                         clock uncertainty           -0.068    24.004    
    SLICE_X88Y58         FDCE (Setup_CFF_SLICEM_C_CE)
                                                     -0.061    23.943    i_dram_wrapper/i_axi_dw_converter/gen_dw_upsize.i_axi_dw_upsizer/i_read_id_queue/gen_data_ffs[18].linked_data_q_reg[18][next][1]
  -------------------------------------------------------------------
                         required time                         23.943    
                         arrival time                         -22.514    
  -------------------------------------------------------------------
                         slack                                  1.429    





Min Delay Paths
--------------------------------------------------------------------------------------
Slack (MET) :             0.010ns  (arrival time - required time)
  Source:                 i_cheshire_soc/gen_cva6_cores[0].gen_ara.i_ara/i_dispatcher/ara_req_o_reg[vtype][vlmul][2]/C
                            (rising edge-triggered cell FDCE clocked by clk_50_clkwiz  {rise@0.000ns fall@9.999ns period=19.998ns})
  Destination:            i_cheshire_soc/gen_cva6_cores[0].gen_ara.i_ara/i_sequencer/pe_req_o_reg[vtype][vlmul][2]/D
                            (rising edge-triggered cell FDCE clocked by clk_50_clkwiz  {rise@0.000ns fall@9.999ns period=19.998ns})
  Path Group:             clk_50_clkwiz
  Path Type:              Hold (Min at Slow Process Corner)
  Requirement:            0.000ns  (clk_50_clkwiz rise@0.000ns - clk_50_clkwiz rise@0.000ns)
  Data Path Delay:        0.272ns  (logic 0.081ns (29.779%)  route 0.191ns (70.221%))
  Logic Levels:           1  (LUT2=1)
  Clock Path Skew:        0.202ns (DCD - SCD - CPR)
    Destination Clock Delay (DCD):    3.945ns
    Source Clock Delay      (SCD):    4.175ns
    Clock Pessimism Removal (CPR):    -0.431ns
  Clock Net Delay (Source):      2.529ns (routing 1.322ns, distribution 1.207ns)
  Clock Net Delay (Destination): 2.864ns (routing 1.455ns, distribution 1.409ns)

    Location             Delay type                Incr(ns)  Path(ns)    Netlist Resource(s)
  -------------------------------------------------------------------    -------------------
                         (clock clk_50_clkwiz rise edge)
                                                      0.000     0.000 r  
    AL8                                               0.000     0.000 r  sys_clk_p (IN)
                         net (fo=0)                   0.000     0.000    i_bufds_sys_clk/I
    HPIOBDIFFINBUF_X0Y11 DIFFINBUF (Prop_DIFFINBUF_HPIOBDIFFINBUF_DIFF_IN_P_O)
                                                      0.394     0.394 r  i_bufds_sys_clk/DIFFINBUF_INST/O
                         net (fo=1, routed)           0.040     0.434    i_bufds_sys_clk/OUT
    AL8                  IBUFCTRL (Prop_IBUFCTRL_HPIOB_M_I_O)
                                                      0.000     0.434 r  i_bufds_sys_clk/IBUFCTRL_INST/O
                         net (fo=1, routed)           0.344     0.778    i_clkwiz/inst/clk_in1
    MMCM_X0Y0            MMCME4_ADV (Prop_MMCM_CLKIN1_CLKOUT0)
                                                      0.630     1.408 r  i_clkwiz/inst/mmcme4_adv_inst/CLKOUT0
                         net (fo=1, routed)           0.214     1.622    i_clkwiz/inst/clk_50_clkwiz
    BUFGCE_X0Y20         BUFGCE (Prop_BUFCE_BUFGCE_I_O)
                                                      0.024     1.646 r  i_clkwiz/inst/clkout1_buf/O
    X1Y3 (CLOCK_ROOT)    net (fo=83173, routed)       2.529     4.175    i_cheshire_soc/gen_cva6_cores[0].gen_ara.i_ara/i_dispatcher/clk_50
    SLICE_X51Y238        FDCE                                         r  i_cheshire_soc/gen_cva6_cores[0].gen_ara.i_ara/i_dispatcher/ara_req_o_reg[vtype][vlmul][2]/C
  -------------------------------------------------------------------    -------------------
    SLICE_X51Y238        FDCE (Prop_CFF_SLICEL_C_Q)
                                                      0.058     4.233 r  i_cheshire_soc/gen_cva6_cores[0].gen_ara.i_ara/i_dispatcher/ara_req_o_reg[vtype][vlmul][2]/Q
                         net (fo=1, routed)           0.167     4.400    i_cheshire_soc/gen_cva6_cores[0].gen_ara.i_ara/i_dispatcher/ara_req[vtype][vlmul][2]
    SLICE_X51Y252        LUT2 (Prop_H6LUT_SLICEL_I0_O)
                                                      0.023     4.423 r  i_cheshire_soc/gen_cva6_cores[0].gen_ara.i_ara/i_dispatcher/ara_dispatcher_LUT2_219/O
                         net (fo=1, routed)           0.024     4.447    i_cheshire_soc/gen_cva6_cores[0].gen_ara.i_ara/i_sequencer/pe_req_o_reg[vtype][vlmul][2]_0[2]
    SLICE_X51Y252        FDCE                                         r  i_cheshire_soc/gen_cva6_cores[0].gen_ara.i_ara/i_sequencer/pe_req_o_reg[vtype][vlmul][2]/D
  -------------------------------------------------------------------    -------------------

                         (clock clk_50_clkwiz rise edge)
                                                      0.000     0.000 r  
    AL8                                               0.000     0.000 r  sys_clk_p (IN)
                         net (fo=0)                   0.000     0.000    i_bufds_sys_clk/I
    HPIOBDIFFINBUF_X0Y11 DIFFINBUF (Prop_DIFFINBUF_HPIOBDIFFINBUF_DIFF_IN_P_O)
                                                      0.489     0.489 r  i_bufds_sys_clk/DIFFINBUF_INST/O
                         net (fo=1, routed)           0.050     0.539    i_bufds_sys_clk/OUT
    AL8                  IBUFCTRL (Prop_IBUFCTRL_HPIOB_M_I_O)
                                                      0.000     0.539 r  i_bufds_sys_clk/IBUFCTRL_INST/O
                         net (fo=1, routed)           0.397     0.936    i_clkwiz/inst/clk_in1
    MMCM_X0Y0            MMCME4_ADV (Prop_MMCM_CLKIN1_CLKOUT0)
                                                     -0.127     0.809 r  i_clkwiz/inst/mmcme4_adv_inst/CLKOUT0
                         net (fo=1, routed)           0.244     1.053    i_clkwiz/inst/clk_50_clkwiz
    BUFGCE_X0Y20         BUFGCE (Prop_BUFCE_BUFGCE_I_O)
                                                      0.028     1.081 r  i_clkwiz/inst/clkout1_buf/O
    X1Y3 (CLOCK_ROOT)    net (fo=83173, routed)       2.864     3.945    i_cheshire_soc/gen_cva6_cores[0].gen_ara.i_ara/i_sequencer/clk_50
    SLICE_X51Y252        FDCE                                         r  i_cheshire_soc/gen_cva6_cores[0].gen_ara.i_ara/i_sequencer/pe_req_o_reg[vtype][vlmul][2]/C
                         clock pessimism              0.431     4.377    
    SLICE_X51Y252        FDCE (Hold_HFF_SLICEL_C_D)
                                                      0.060     4.437    i_cheshire_soc/gen_cva6_cores[0].gen_ara.i_ara/i_sequencer/pe_req_o_reg[vtype][vlmul][2]
  -------------------------------------------------------------------
                         required time                         -4.437    
                         arrival time                           4.447    
  -------------------------------------------------------------------
                         slack                                  0.010    





Pulse Width Checks
--------------------------------------------------------------------------------------
Clock Name:         clk_50_clkwiz
Waveform(ns):       { 0.000 9.999 }
Period(ns):         19.998
Sources:            { i_clkwiz/inst/mmcme4_adv_inst/CLKOUT0 }

Check Type        Corner  Lib Pin          Reference Pin  Required(ns)  Actual(ns)  Slack(ns)  Location  Pin
Min Period        n/a     PS8/MAXIGP2ACLK  n/a            3.000         19.998      16.998     PS8_X0Y0  i_zynqmp/inst/PS8_i/MAXIGP2ACLK
Low Pulse Width   Slow    PS8/MAXIGP2ACLK  n/a            1.500         9.999       8.499      PS8_X0Y0  i_zynqmp/inst/PS8_i/MAXIGP2ACLK
High Pulse Width  Slow    PS8/MAXIGP2ACLK  n/a            1.500         9.999       8.499      PS8_X0Y0  i_zynqmp/inst/PS8_i/MAXIGP2ACLK



---------------------------------------------------------------------------------------------------
Path Group:  **async_default**
From Clock:  clk_50_clkwiz
  To Clock:  clk_50_clkwiz

Setup :            0  Failing Endpoints,  Worst Slack       15.923ns,  Total Violation        0.000ns
Hold  :            0  Failing Endpoints,  Worst Slack        0.449ns,  Total Violation        0.000ns
---------------------------------------------------------------------------------------------------


Max Delay Paths
--------------------------------------------------------------------------------------
Slack (MET) :             15.923ns  (required time - arrival time)
  Source:                 i_rstgen/i_rstgen_bypass/synch_regs_q_reg[3]/C
                            (rising edge-triggered cell FDCE clocked by clk_50_clkwiz  {rise@0.000ns fall@9.999ns period=19.998ns})
  Destination:            i_cheshire_soc/gen_cva6_cores[0].gen_ara.i_ara/i_vlsu/i_vldu/lsu_ex_flush_q_reg/F2/PRE
                            (recovery check against rising-edge clock clk_50_clkwiz  {rise@0.000ns fall@9.999ns period=19.998ns})
  Path Group:             **async_default**
  Path Type:              Recovery (Max at Slow Process Corner)
  Requirement:            19.998ns  (clk_50_clkwiz rise@19.998ns - clk_50_clkwiz rise@0.000ns)
  Data Path Delay:        3.553ns  (logic 0.291ns (8.190%)  route 3.262ns (91.810%))
  Logic Levels:           2  (BUFGCTRL=1 LUT2=1)
  Clock Path Skew:        -0.388ns (DCD - SCD + CPR)
    Destination Clock Delay (DCD):    4.267ns = ( 24.265 - 19.998 ) 
    Source Clock Delay      (SCD):    4.223ns
    Clock Pessimism Removal (CPR):    -0.431ns
  Clock Uncertainty:      0.068ns  ((TSJ^2 + DJ^2)^1/2) / 2 + PE
    Total System Jitter     (TSJ):    0.071ns
    Discrete Jitter          (DJ):    0.116ns
    Phase Error              (PE):    0.000ns
  Clock Net Delay (Source):      3.142ns (routing 1.455ns, distribution 1.687ns)
  Clock Net Delay (Destination): 2.621ns (routing 1.322ns, distribution 1.299ns)

    Location             Delay type                Incr(ns)  Path(ns)    Netlist Resource(s)
  -------------------------------------------------------------------    -------------------
                         (clock clk_50_clkwiz rise edge)
                                                      0.000     0.000 r  
    AL8                                               0.000     0.000 r  sys_clk_p (IN)
                         net (fo=0)                   0.000     0.000    i_bufds_sys_clk/I
    HPIOBDIFFINBUF_X0Y11 DIFFINBUF (Prop_DIFFINBUF_HPIOBDIFFINBUF_DIFF_IN_P_O)
                                                      0.489     0.489 r  i_bufds_sys_clk/DIFFINBUF_INST/O
                         net (fo=1, routed)           0.050     0.539    i_bufds_sys_clk/OUT
    AL8                  IBUFCTRL (Prop_IBUFCTRL_HPIOB_M_I_O)
                                                      0.000     0.539 r  i_bufds_sys_clk/IBUFCTRL_INST/O
                         net (fo=1, routed)           0.397     0.936    i_clkwiz/inst/clk_in1
    MMCM_X0Y0            MMCME4_ADV (Prop_MMCM_CLKIN1_CLKOUT0)
                                                     -0.127     0.809 r  i_clkwiz/inst/mmcme4_adv_inst/CLKOUT0
                         net (fo=1, routed)           0.244     1.053    i_clkwiz/inst/clk_50_clkwiz
    BUFGCE_X0Y20         BUFGCE (Prop_BUFCE_BUFGCE_I_O)
                                                      0.028     1.081 r  i_clkwiz/inst/clkout1_buf/O
    X1Y3 (CLOCK_ROOT)    net (fo=83173, routed)       3.142     4.223    i_rstgen/i_rstgen_bypass/clk_50
    SLICE_X94Y24         FDCE                                         r  i_rstgen/i_rstgen_bypass/synch_regs_q_reg[3]/C
  -------------------------------------------------------------------    -------------------
    SLICE_X94Y24         FDCE (Prop_EFF2_SLICEL_C_Q)
                                                      0.081     4.304 r  i_rstgen/i_rstgen_bypass/synch_regs_q_reg[3]/Q
                         net (fo=1, routed)           0.640     4.944    i_rstgen/i_rstgen_bypass/i_tc_clk_mux2_rst_no/Q[0]
    BUFGCTRL_X0Y2        BUFGCTRL (Prop_BUFGCTRL_I0_O)
                                                      0.092     5.036 r  i_rstgen/i_rstgen_bypass/i_tc_clk_mux2_rst_no/i_BUFGMUX/O
                         net (fo=70551, routed)       2.289     7.325    i_cheshire_soc/gen_cva6_cores[0].gen_ara.i_ara/gen_lanes[0].i_lane/i_operand_queues/mem_q_reg[0][63]_0
    SLICE_X57Y334        LUT2 (Prop_F5LUT_SLICEL_I1_O)
                                                      0.118     7.443 f  i_cheshire_soc/gen_cva6_cores[0].gen_ara.i_ara/gen_lanes[0].i_lane/i_operand_queues/lsu_ex_flush_q_i_3_comp/O
                         net (fo=2, routed)           0.333     7.776    i_cheshire_soc/gen_cva6_cores[0].gen_ara.i_ara/i_vlsu/i_vldu/lsu_ex_flush_q_reg/PRE
    SLICE_X57Y334        FDPE                                         f  i_cheshire_soc/gen_cva6_cores[0].gen_ara.i_ara/i_vlsu/i_vldu/lsu_ex_flush_q_reg/F2/PRE
  -------------------------------------------------------------------    -------------------

                         (clock clk_50_clkwiz rise edge)
                                                     19.998    19.998 r  
    AL8                                               0.000    19.998 r  sys_clk_p (IN)
                         net (fo=0)                   0.000    19.998    i_bufds_sys_clk/I
    HPIOBDIFFINBUF_X0Y11 DIFFINBUF (Prop_DIFFINBUF_HPIOBDIFFINBUF_DIFF_IN_P_O)
                                                      0.394    20.392 r  i_bufds_sys_clk/DIFFINBUF_INST/O
                         net (fo=1, routed)           0.040    20.432    i_bufds_sys_clk/OUT
    AL8                  IBUFCTRL (Prop_IBUFCTRL_HPIOB_M_I_O)
                                                      0.000    20.432 r  i_bufds_sys_clk/IBUFCTRL_INST/O
                         net (fo=1, routed)           0.344    20.776    i_clkwiz/inst/clk_in1
    MMCM_X0Y0            MMCME4_ADV (Prop_MMCM_CLKIN1_CLKOUT0)
                                                      0.630    21.406 r  i_clkwiz/inst/mmcme4_adv_inst/CLKOUT0
                         net (fo=1, routed)           0.214    21.620    i_clkwiz/inst/clk_50_clkwiz
    BUFGCE_X0Y20         BUFGCE (Prop_BUFCE_BUFGCE_I_O)
                                                      0.024    21.644 r  i_clkwiz/inst/clkout1_buf/O
    X1Y3 (CLOCK_ROOT)    net (fo=83173, routed)       2.621    24.265    i_cheshire_soc/gen_cva6_cores[0].gen_ara.i_ara/i_vlsu/i_vldu/lsu_ex_flush_q_reg/C
    SLICE_X57Y334        FDPE                                         r  i_cheshire_soc/gen_cva6_cores[0].gen_ara.i_ara/i_vlsu/i_vldu/lsu_ex_flush_q_reg/F2/C
                         clock pessimism             -0.431    23.833    
                         clock uncertainty           -0.068    23.765    
    SLICE_X57Y334        FDPE (Recov_AFF_SLICEL_C_PRE)
                                                     -0.066    23.699    i_cheshire_soc/gen_cva6_cores[0].gen_ara.i_ara/i_vlsu/i_vldu/lsu_ex_flush_q_reg/F2
  -------------------------------------------------------------------
                         required time                         23.699    
                         arrival time                          -7.776    
  -------------------------------------------------------------------
                         slack                                 15.923    





Min Delay Paths
--------------------------------------------------------------------------------------
Slack (MET) :             0.449ns  (arrival time - required time)
  Source:                 i_cheshire_soc/gen_cva6_cores[0].gen_ara.i_ara/gen_lanes[1].i_lane/i_operand_queues/lsu_ex_flush_o_reg/C
                            (rising edge-triggered cell FDCE clocked by clk_50_clkwiz  {rise@0.000ns fall@9.999ns period=19.998ns})
  Destination:            i_cheshire_soc/gen_cva6_cores[0].gen_ara.i_ara/i_vlsu/i_vldu/lsu_ex_flush_q_reg/F1/CLR
                            (removal check against rising-edge clock clk_50_clkwiz  {rise@0.000ns fall@9.999ns period=19.998ns})
  Path Group:             **async_default**
  Path Type:              Removal (Min at Fast Process Corner)
  Requirement:            0.000ns  (clk_50_clkwiz rise@0.000ns - clk_50_clkwiz rise@0.000ns)
  Data Path Delay:        0.461ns  (logic 0.079ns (17.137%)  route 0.382ns (82.863%))
  Logic Levels:           1  (LUT2=1)
  Clock Path Skew:        0.032ns (DCD - SCD - CPR)
    Destination Clock Delay (DCD):    2.320ns
    Source Clock Delay      (SCD):    2.508ns
    Clock Pessimism Removal (CPR):    -0.219ns
  Clock Net Delay (Source):      1.624ns (routing 0.795ns, distribution 0.829ns)
  Clock Net Delay (Destination): 1.805ns (routing 0.885ns, distribution 0.920ns)

    Location             Delay type                Incr(ns)  Path(ns)    Netlist Resource(s)
  -------------------------------------------------------------------    -------------------
                         (clock clk_50_clkwiz rise edge)
                                                      0.000     0.000 r  
    AL8                                               0.000     0.000 r  sys_clk_p (IN)
                         net (fo=0)                   0.000     0.000    i_bufds_sys_clk/I
    HPIOBDIFFINBUF_X0Y11 DIFFINBUF (Prop_DIFFINBUF_HPIOBDIFFINBUF_DIFF_IN_P_O)
                                                      0.249     0.249 r  i_bufds_sys_clk/DIFFINBUF_INST/O
                         net (fo=1, routed)           0.040     0.289    i_bufds_sys_clk/OUT
    AL8                  IBUFCTRL (Prop_IBUFCTRL_HPIOB_M_I_O)
                                                      0.000     0.289 r  i_bufds_sys_clk/IBUFCTRL_INST/O
                         net (fo=1, routed)           0.203     0.492    i_clkwiz/inst/clk_in1
    MMCM_X0Y0            MMCME4_ADV (Prop_MMCM_CLKIN1_CLKOUT0)
                                                      0.230     0.722 r  i_clkwiz/inst/mmcme4_adv_inst/CLKOUT0
                         net (fo=1, routed)           0.145     0.867    i_clkwiz/inst/clk_50_clkwiz
    BUFGCE_X0Y20         BUFGCE (Prop_BUFCE_BUFGCE_I_O)
                                                      0.017     0.884 r  i_clkwiz/inst/clkout1_buf/O
    X1Y3 (CLOCK_ROOT)    net (fo=83173, routed)       1.624     2.508    i_cheshire_soc/gen_cva6_cores[0].gen_ara.i_ara/gen_lanes[1].i_lane/i_operand_queues/clk_50
    SLICE_X68Y330        FDCE                                         r  i_cheshire_soc/gen_cva6_cores[0].gen_ara.i_ara/gen_lanes[1].i_lane/i_operand_queues/lsu_ex_flush_o_reg/C
  -------------------------------------------------------------------    -------------------
    SLICE_X68Y330        FDCE (Prop_EFF_SLICEM_C_Q)
                                                      0.038     2.546 r  i_cheshire_soc/gen_cva6_cores[0].gen_ara.i_ara/gen_lanes[1].i_lane/i_operand_queues/lsu_ex_flush_o_reg/Q
                         net (fo=21, routed)          0.284     2.830    i_cheshire_soc/gen_cva6_cores[0].gen_ara.i_ara/gen_lanes[0].i_lane/i_operand_queues/lsu_ex_flush_o
    SLICE_X57Y334        LUT2 (Prop_E6LUT_SLICEL_I0_O)
                                                      0.041     2.871 f  i_cheshire_soc/gen_cva6_cores[0].gen_ara.i_ara/gen_lanes[0].i_lane/i_operand_queues/lsu_ex_flush_q_i_2_comp/O
                         net (fo=2, routed)           0.098     2.969    i_cheshire_soc/gen_cva6_cores[0].gen_ara.i_ara/i_vlsu/i_vldu/lsu_ex_flush_q_reg/CLR
    SLICE_X56Y334        FDCE                                         f  i_cheshire_soc/gen_cva6_cores[0].gen_ara.i_ara/i_vlsu/i_vldu/lsu_ex_flush_q_reg/F1/CLR
  -------------------------------------------------------------------    -------------------

                         (clock clk_50_clkwiz rise edge)
                                                      0.000     0.000 r  
    AL8                                               0.000     0.000 r  sys_clk_p (IN)
                         net (fo=0)                   0.000     0.000    i_bufds_sys_clk/I
    HPIOBDIFFINBUF_X0Y11 DIFFINBUF (Prop_DIFFINBUF_HPIOBDIFFINBUF_DIFF_IN_P_O)
                                                      0.346     0.346 r  i_bufds_sys_clk/DIFFINBUF_INST/O
                         net (fo=1, routed)           0.050     0.396    i_bufds_sys_clk/OUT
    AL8                  IBUFCTRL (Prop_IBUFCTRL_HPIOB_M_I_O)
                                                      0.000     0.396 r  i_bufds_sys_clk/IBUFCTRL_INST/O
                         net (fo=1, routed)           0.230     0.626    i_clkwiz/inst/clk_in1
    MMCM_X0Y0            MMCME4_ADV (Prop_MMCM_CLKIN1_CLKOUT0)
                                                     -0.295     0.331 r  i_clkwiz/inst/mmcme4_adv_inst/CLKOUT0
                         net (fo=1, routed)           0.165     0.496    i_clkwiz/inst/clk_50_clkwiz
    BUFGCE_X0Y20         BUFGCE (Prop_BUFCE_BUFGCE_I_O)
                                                      0.019     0.515 r  i_clkwiz/inst/clkout1_buf/O
    X1Y3 (CLOCK_ROOT)    net (fo=83173, routed)       1.805     2.320    i_cheshire_soc/gen_cva6_cores[0].gen_ara.i_ara/i_vlsu/i_vldu/lsu_ex_flush_q_reg/C
    SLICE_X56Y334        FDCE                                         r  i_cheshire_soc/gen_cva6_cores[0].gen_ara.i_ara/i_vlsu/i_vldu/lsu_ex_flush_q_reg/F1/C
                         clock pessimism              0.219     2.539    
    SLICE_X56Y334        FDCE (Remov_EFF_SLICEM_C_CLR)
                                                     -0.020     2.519    i_cheshire_soc/gen_cva6_cores[0].gen_ara.i_ara/i_vlsu/i_vldu/lsu_ex_flush_q_reg/F1
  -------------------------------------------------------------------
                         required time                         -2.519    
                         arrival time                           2.969    
  -------------------------------------------------------------------
                         slack                                  0.449    





