Copyright 1986-2021 Xilinx, Inc. All Rights Reserved.
------------------------------------------------------------------------------------------------------------------------------------------------------
| Tool Version      : Vivado v.2021.1_AR76780 (lin64) Build 3247384 Thu Jun 10 19:36:07 MDT 2021
| Date              : Fri Sep  4 15:58:24 2026
| Host              : coroni running 64-bit Ubuntu 18.04.6 LTS
| Command           : report_timing_summary -file /home/smitropoulos/cheshire_soc/target/xilinx/build/zcu102.cheshire/reports.impl/timing_summary.rpt
| Design            : cheshire_top_xilinx
| Device            : xczu9eg-ffvb1156
| Speed File        : -2  PRODUCTION 1.29 08-03-2020
| Temperature Grade : E
------------------------------------------------------------------------------------------------------------------------------------------------------

Timing Summary Report

------------------------------------------------------------------------------------------------
| Timer Settings
| --------------
------------------------------------------------------------------------------------------------

  Enable Multi Corner Analysis               :  Yes
  Enable Pessimism Removal                   :  Yes
  Pessimism Removal Resolution               :  Nearest Common Node
  Enable Input Delay Default Clock           :  No
  Enable Preset / Clear Arcs                 :  No
  Disable Flight Delays                      :  No
  Ignore I/O Paths                           :  No
  Timing Early Launch at Borrowing Latches   :  No
  Borrow Time for Max Delay Exceptions       :  Yes
  Merge Timing Exceptions                    :  Yes

  Corner  Analyze    Analyze    
  Name    Max Paths  Min Paths  
  ------  ---------  ---------  
  Slow    Yes        Yes        
  Fast    Yes        Yes        


------------------------------------------------------------------------------------------------
| Report Methodology
| ------------------
------------------------------------------------------------------------------------------------

Rule       Severity  Description                   Violations  
---------  --------  ----------------------------  ----------  
DPIR-2     Warning   Asynchronous driver check     4572        
LUTAR-1    Warning   LUT drives async reset alert  2           
SYNTH-10   Warning   Wide multiplier               115         
TIMING-20  Warning   Non-clocked latch             273         

Note: This report is based on the most recent report_methodology run and may not be up-to-date. Run report_methodology on the current design for the latest report.



check_timing report

Table of Contents
-----------------
1. checking no_clock (4626)
2. checking constant_clock (0)
3. checking pulse_width_clock (0)
4. checking unconstrained_internal_endpoints (273)
5. checking no_input_delay (0)
6. checking no_output_delay (0)
7. checking multiple_clock (0)
8. checking generated_clocks (0)
9. checking loops (0)
10. checking partial_input_delay (0)
11. checking partial_output_delay (0)
12. checking latch_loops (0)

1. checking no_clock (4626)
---------------------------
 There is 1 register/latch pin with no clock driven by root clock pin: i_cheshire_soc/gen_cva6_cores[0].gen_ara.i_ara/gen_lanes[0].i_lane/i_operand_queues/lsu_ex_flush_o_reg/Q (HIGH)

 There are 68 register/latch pins with no clock driven by root clock pin: i_cheshire_soc/gen_cva6_cores[0].gen_ara.i_ara/gen_lanes[0].i_lane/i_vfus/i_vmfpu/mfpu_state_q_reg[0]/Q (HIGH)

 There are 68 register/latch pins with no clock driven by root clock pin: i_cheshire_soc/gen_cva6_cores[0].gen_ara.i_ara/gen_lanes[0].i_lane/i_vfus/i_vmfpu/mfpu_state_q_reg[1]_rep/Q (HIGH)

 There are 68 register/latch pins with no clock driven by root clock pin: i_cheshire_soc/gen_cva6_cores[0].gen_ara.i_ara/gen_lanes[0].i_lane/i_vfus/i_vmfpu/mfpu_state_q_reg[2]_rep/Q (HIGH)

 There are 68 register/latch pins with no clock driven by root clock pin: i_cheshire_soc/gen_cva6_cores[0].gen_ara.i_ara/gen_lanes[0].i_lane/i_vfus/i_vmfpu/vinsn_queue_q_reg[processing_pnt][0]/Q (HIGH)

 There are 68 register/latch pins with no clock driven by root clock pin: i_cheshire_soc/gen_cva6_cores[0].gen_ara.i_ara/gen_lanes[0].i_lane/i_vfus/i_vmfpu/vinsn_queue_q_reg[processing_pnt][1]/Q (HIGH)

 There are 68 register/latch pins with no clock driven by root clock pin: i_cheshire_soc/gen_cva6_cores[0].gen_ara.i_ara/gen_lanes[0].i_lane/i_vfus/i_vmfpu/vinsn_queue_q_reg[vinsn][0][vtype][vsew][0]/Q (HIGH)

 There are 68 register/latch pins with no clock driven by root clock pin: i_cheshire_soc/gen_cva6_cores[0].gen_ara.i_ara/gen_lanes[0].i_lane/i_vfus/i_vmfpu/vinsn_queue_q_reg[vinsn][0][vtype][vsew][1]/Q (HIGH)

 There are 68 register/latch pins with no clock driven by root clock pin: i_cheshire_soc/gen_cva6_cores[0].gen_ara.i_ara/gen_lanes[0].i_lane/i_vfus/i_vmfpu/vinsn_queue_q_reg[vinsn][0][vtype][vsew][2]/Q (HIGH)

 There are 68 register/latch pins with no clock driven by root clock pin: i_cheshire_soc/gen_cva6_cores[0].gen_ara.i_ara/gen_lanes[0].i_lane/i_vfus/i_vmfpu/vinsn_queue_q_reg[vinsn][1][vtype][vsew][0]/Q (HIGH)

 There are 68 register/latch pins with no clock driven by root clock pin: i_cheshire_soc/gen_cva6_cores[0].gen_ara.i_ara/gen_lanes[0].i_lane/i_vfus/i_vmfpu/vinsn_queue_q_reg[vinsn][1][vtype][vsew][1]/Q (HIGH)

 There are 68 register/latch pins with no clock driven by root clock pin: i_cheshire_soc/gen_cva6_cores[0].gen_ara.i_ara/gen_lanes[0].i_lane/i_vfus/i_vmfpu/vinsn_queue_q_reg[vinsn][1][vtype][vsew][2]/Q (HIGH)

 There are 68 register/latch pins with no clock driven by root clock pin: i_cheshire_soc/gen_cva6_cores[0].gen_ara.i_ara/gen_lanes[0].i_lane/i_vfus/i_vmfpu/vinsn_queue_q_reg[vinsn][2][vtype][vsew][0]/Q (HIGH)

 There are 68 register/latch pins with no clock driven by root clock pin: i_cheshire_soc/gen_cva6_cores[0].gen_ara.i_ara/gen_lanes[0].i_lane/i_vfus/i_vmfpu/vinsn_queue_q_reg[vinsn][2][vtype][vsew][1]/Q (HIGH)

 There are 68 register/latch pins with no clock driven by root clock pin: i_cheshire_soc/gen_cva6_cores[0].gen_ara.i_ara/gen_lanes[0].i_lane/i_vfus/i_vmfpu/vinsn_queue_q_reg[vinsn][2][vtype][vsew][2]/Q (HIGH)

 There are 68 register/latch pins with no clock driven by root clock pin: i_cheshire_soc/gen_cva6_cores[0].gen_ara.i_ara/gen_lanes[0].i_lane/i_vfus/i_vmfpu/vinsn_queue_q_reg[vinsn][3][vtype][vsew][0]/Q (HIGH)

 There are 68 register/latch pins with no clock driven by root clock pin: i_cheshire_soc/gen_cva6_cores[0].gen_ara.i_ara/gen_lanes[0].i_lane/i_vfus/i_vmfpu/vinsn_queue_q_reg[vinsn][3][vtype][vsew][1]/Q (HIGH)

 There are 68 register/latch pins with no clock driven by root clock pin: i_cheshire_soc/gen_cva6_cores[0].gen_ara.i_ara/gen_lanes[0].i_lane/i_vfus/i_vmfpu/vinsn_queue_q_reg[vinsn][3][vtype][vsew][2]/Q (HIGH)

 There are 68 register/latch pins with no clock driven by root clock pin: i_cheshire_soc/gen_cva6_cores[0].gen_ara.i_ara/gen_lanes[1].i_lane/i_vfus/i_vmfpu/mfpu_state_q_reg[0]_rep/Q (HIGH)

 There are 68 register/latch pins with no clock driven by root clock pin: i_cheshire_soc/gen_cva6_cores[0].gen_ara.i_ara/gen_lanes[1].i_lane/i_vfus/i_vmfpu/mfpu_state_q_reg[1]_rep__0/Q (HIGH)

 There are 68 register/latch pins with no clock driven by root clock pin: i_cheshire_soc/gen_cva6_cores[0].gen_ara.i_ara/gen_lanes[1].i_lane/i_vfus/i_vmfpu/mfpu_state_q_reg[2]/Q (HIGH)

 There are 68 register/latch pins with no clock driven by root clock pin: i_cheshire_soc/gen_cva6_cores[0].gen_ara.i_ara/gen_lanes[1].i_lane/i_vfus/i_vmfpu/vinsn_queue_q_reg[processing_pnt][0]/Q (HIGH)

 There are 68 register/latch pins with no clock driven by root clock pin: i_cheshire_soc/gen_cva6_cores[0].gen_ara.i_ara/gen_lanes[1].i_lane/i_vfus/i_vmfpu/vinsn_queue_q_reg[processing_pnt][1]/Q (HIGH)

 There are 68 register/latch pins with no clock driven by root clock pin: i_cheshire_soc/gen_cva6_cores[0].gen_ara.i_ara/gen_lanes[1].i_lane/i_vfus/i_vmfpu/vinsn_queue_q_reg[vinsn][0][vtype][vsew][0]/Q (HIGH)

 There are 68 register/latch pins with no clock driven by root clock pin: i_cheshire_soc/gen_cva6_cores[0].gen_ara.i_ara/gen_lanes[1].i_lane/i_vfus/i_vmfpu/vinsn_queue_q_reg[vinsn][0][vtype][vsew][1]/Q (HIGH)

 There are 68 register/latch pins with no clock driven by root clock pin: i_cheshire_soc/gen_cva6_cores[0].gen_ara.i_ara/gen_lanes[1].i_lane/i_vfus/i_vmfpu/vinsn_queue_q_reg[vinsn][0][vtype][vsew][2]/Q (HIGH)

 There are 68 register/latch pins with no clock driven by root clock pin: i_cheshire_soc/gen_cva6_cores[0].gen_ara.i_ara/gen_lanes[1].i_lane/i_vfus/i_vmfpu/vinsn_queue_q_reg[vinsn][1][vtype][vsew][0]/Q (HIGH)

 There are 68 register/latch pins with no clock driven by root clock pin: i_cheshire_soc/gen_cva6_cores[0].gen_ara.i_ara/gen_lanes[1].i_lane/i_vfus/i_vmfpu/vinsn_queue_q_reg[vinsn][1][vtype][vsew][1]/Q (HIGH)

 There are 68 register/latch pins with no clock driven by root clock pin: i_cheshire_soc/gen_cva6_cores[0].gen_ara.i_ara/gen_lanes[1].i_lane/i_vfus/i_vmfpu/vinsn_queue_q_reg[vinsn][1][vtype][vsew][2]/Q (HIGH)

 There are 68 register/latch pins with no clock driven by root clock pin: i_cheshire_soc/gen_cva6_cores[0].gen_ara.i_ara/gen_lanes[1].i_lane/i_vfus/i_vmfpu/vinsn_queue_q_reg[vinsn][2][vtype][vsew][0]/Q (HIGH)

 There are 68 register/latch pins with no clock driven by root clock pin: i_cheshire_soc/gen_cva6_cores[0].gen_ara.i_ara/gen_lanes[1].i_lane/i_vfus/i_vmfpu/vinsn_queue_q_reg[vinsn][2][vtype][vsew][1]/Q (HIGH)

 There are 68 register/latch pins with no clock driven by root clock pin: i_cheshire_soc/gen_cva6_cores[0].gen_ara.i_ara/gen_lanes[1].i_lane/i_vfus/i_vmfpu/vinsn_queue_q_reg[vinsn][2][vtype][vsew][2]/Q (HIGH)

 There are 68 register/latch pins with no clock driven by root clock pin: i_cheshire_soc/gen_cva6_cores[0].gen_ara.i_ara/gen_lanes[1].i_lane/i_vfus/i_vmfpu/vinsn_queue_q_reg[vinsn][3][vtype][vsew][0]/Q (HIGH)

 There are 68 register/latch pins with no clock driven by root clock pin: i_cheshire_soc/gen_cva6_cores[0].gen_ara.i_ara/gen_lanes[1].i_lane/i_vfus/i_vmfpu/vinsn_queue_q_reg[vinsn][3][vtype][vsew][1]/Q (HIGH)

 There are 68 register/latch pins with no clock driven by root clock pin: i_cheshire_soc/gen_cva6_cores[0].gen_ara.i_ara/gen_lanes[1].i_lane/i_vfus/i_vmfpu/vinsn_queue_q_reg[vinsn][3][vtype][vsew][2]/Q (HIGH)

 There are 68 register/latch pins with no clock driven by root clock pin: i_cheshire_soc/gen_cva6_cores[0].gen_ara.i_ara/gen_lanes[2].i_lane/i_vfus/i_vmfpu/mfpu_state_q_reg[0]_rep/Q (HIGH)

 There are 68 register/latch pins with no clock driven by root clock pin: i_cheshire_soc/gen_cva6_cores[0].gen_ara.i_ara/gen_lanes[2].i_lane/i_vfus/i_vmfpu/mfpu_state_q_reg[1]_rep__0/Q (HIGH)

 There are 68 register/latch pins with no clock driven by root clock pin: i_cheshire_soc/gen_cva6_cores[0].gen_ara.i_ara/gen_lanes[2].i_lane/i_vfus/i_vmfpu/mfpu_state_q_reg[2]/Q (HIGH)

 There are 68 register/latch pins with no clock driven by root clock pin: i_cheshire_soc/gen_cva6_cores[0].gen_ara.i_ara/gen_lanes[2].i_lane/i_vfus/i_vmfpu/vinsn_queue_q_reg[processing_pnt][0]/Q (HIGH)

 There are 68 register/latch pins with no clock driven by root clock pin: i_cheshire_soc/gen_cva6_cores[0].gen_ara.i_ara/gen_lanes[2].i_lane/i_vfus/i_vmfpu/vinsn_queue_q_reg[processing_pnt][1]/Q (HIGH)

 There are 68 register/latch pins with no clock driven by root clock pin: i_cheshire_soc/gen_cva6_cores[0].gen_ara.i_ara/gen_lanes[2].i_lane/i_vfus/i_vmfpu/vinsn_queue_q_reg[vinsn][0][vtype][vsew][0]/Q (HIGH)

 There are 68 register/latch pins with no clock driven by root clock pin: i_cheshire_soc/gen_cva6_cores[0].gen_ara.i_ara/gen_lanes[2].i_lane/i_vfus/i_vmfpu/vinsn_queue_q_reg[vinsn][0][vtype][vsew][1]/Q (HIGH)

 There are 68 register/latch pins with no clock driven by root clock pin: i_cheshire_soc/gen_cva6_cores[0].gen_ara.i_ara/gen_lanes[2].i_lane/i_vfus/i_vmfpu/vinsn_queue_q_reg[vinsn][0][vtype][vsew][2]/Q (HIGH)

 There are 68 register/latch pins with no clock driven by root clock pin: i_cheshire_soc/gen_cva6_cores[0].gen_ara.i_ara/gen_lanes[2].i_lane/i_vfus/i_vmfpu/vinsn_queue_q_reg[vinsn][1][vtype][vsew][0]/Q (HIGH)

 There are 68 register/latch pins with no clock driven by root clock pin: i_cheshire_soc/gen_cva6_cores[0].gen_ara.i_ara/gen_lanes[2].i_lane/i_vfus/i_vmfpu/vinsn_queue_q_reg[vinsn][1][vtype][vsew][1]/Q (HIGH)

 There are 68 register/latch pins with no clock driven by root clock pin: i_cheshire_soc/gen_cva6_cores[0].gen_ara.i_ara/gen_lanes[2].i_lane/i_vfus/i_vmfpu/vinsn_queue_q_reg[vinsn][1][vtype][vsew][2]/Q (HIGH)

 There are 68 register/latch pins with no clock driven by root clock pin: i_cheshire_soc/gen_cva6_cores[0].gen_ara.i_ara/gen_lanes[2].i_lane/i_vfus/i_vmfpu/vinsn_queue_q_reg[vinsn][2][vtype][vsew][0]/Q (HIGH)

 There are 68 register/latch pins with no clock driven by root clock pin: i_cheshire_soc/gen_cva6_cores[0].gen_ara.i_ara/gen_lanes[2].i_lane/i_vfus/i_vmfpu/vinsn_queue_q_reg[vinsn][2][vtype][vsew][1]/Q (HIGH)

 There are 68 register/latch pins with no clock driven by root clock pin: i_cheshire_soc/gen_cva6_cores[0].gen_ara.i_ara/gen_lanes[2].i_lane/i_vfus/i_vmfpu/vinsn_queue_q_reg[vinsn][2][vtype][vsew][2]/Q (HIGH)

 There are 68 register/latch pins with no clock driven by root clock pin: i_cheshire_soc/gen_cva6_cores[0].gen_ara.i_ara/gen_lanes[2].i_lane/i_vfus/i_vmfpu/vinsn_queue_q_reg[vinsn][3][vtype][vsew][0]/Q (HIGH)

 There are 68 register/latch pins with no clock driven by root clock pin: i_cheshire_soc/gen_cva6_cores[0].gen_ara.i_ara/gen_lanes[2].i_lane/i_vfus/i_vmfpu/vinsn_queue_q_reg[vinsn][3][vtype][vsew][1]/Q (HIGH)

 There are 68 register/latch pins with no clock driven by root clock pin: i_cheshire_soc/gen_cva6_cores[0].gen_ara.i_ara/gen_lanes[2].i_lane/i_vfus/i_vmfpu/vinsn_queue_q_reg[vinsn][3][vtype][vsew][2]/Q (HIGH)

 There are 68 register/latch pins with no clock driven by root clock pin: i_cheshire_soc/gen_cva6_cores[0].gen_ara.i_ara/gen_lanes[3].i_lane/i_vfus/i_vmfpu/mfpu_state_q_reg[0]_rep/Q (HIGH)

 There are 68 register/latch pins with no clock driven by root clock pin: i_cheshire_soc/gen_cva6_cores[0].gen_ara.i_ara/gen_lanes[3].i_lane/i_vfus/i_vmfpu/mfpu_state_q_reg[1]_rep__0/Q (HIGH)

 There are 68 register/latch pins with no clock driven by root clock pin: i_cheshire_soc/gen_cva6_cores[0].gen_ara.i_ara/gen_lanes[3].i_lane/i_vfus/i_vmfpu/mfpu_state_q_reg[2]/Q (HIGH)

 There are 68 register/latch pins with no clock driven by root clock pin: i_cheshire_soc/gen_cva6_cores[0].gen_ara.i_ara/gen_lanes[3].i_lane/i_vfus/i_vmfpu/vinsn_queue_q_reg[processing_pnt][0]/Q (HIGH)

 There are 68 register/latch pins with no clock driven by root clock pin: i_cheshire_soc/gen_cva6_cores[0].gen_ara.i_ara/gen_lanes[3].i_lane/i_vfus/i_vmfpu/vinsn_queue_q_reg[processing_pnt][1]/Q (HIGH)

 There are 68 register/latch pins with no clock driven by root clock pin: i_cheshire_soc/gen_cva6_cores[0].gen_ara.i_ara/gen_lanes[3].i_lane/i_vfus/i_vmfpu/vinsn_queue_q_reg[vinsn][0][vtype][vsew][0]/Q (HIGH)

 There are 68 register/latch pins with no clock driven by root clock pin: i_cheshire_soc/gen_cva6_cores[0].gen_ara.i_ara/gen_lanes[3].i_lane/i_vfus/i_vmfpu/vinsn_queue_q_reg[vinsn][0][vtype][vsew][1]/Q (HIGH)

 There are 68 register/latch pins with no clock driven by root clock pin: i_cheshire_soc/gen_cva6_cores[0].gen_ara.i_ara/gen_lanes[3].i_lane/i_vfus/i_vmfpu/vinsn_queue_q_reg[vinsn][0][vtype][vsew][2]/Q (HIGH)

 There are 68 register/latch pins with no clock driven by root clock pin: i_cheshire_soc/gen_cva6_cores[0].gen_ara.i_ara/gen_lanes[3].i_lane/i_vfus/i_vmfpu/vinsn_queue_q_reg[vinsn][1][vtype][vsew][0]/Q (HIGH)

 There are 68 register/latch pins with no clock driven by root clock pin: i_cheshire_soc/gen_cva6_cores[0].gen_ara.i_ara/gen_lanes[3].i_lane/i_vfus/i_vmfpu/vinsn_queue_q_reg[vinsn][1][vtype][vsew][1]/Q (HIGH)

 There are 68 register/latch pins with no clock driven by root clock pin: i_cheshire_soc/gen_cva6_cores[0].gen_ara.i_ara/gen_lanes[3].i_lane/i_vfus/i_vmfpu/vinsn_queue_q_reg[vinsn][1][vtype][vsew][2]/Q (HIGH)

 There are 68 register/latch pins with no clock driven by root clock pin: i_cheshire_soc/gen_cva6_cores[0].gen_ara.i_ara/gen_lanes[3].i_lane/i_vfus/i_vmfpu/vinsn_queue_q_reg[vinsn][2][vtype][vsew][0]/Q (HIGH)

 There are 68 register/latch pins with no clock driven by root clock pin: i_cheshire_soc/gen_cva6_cores[0].gen_ara.i_ara/gen_lanes[3].i_lane/i_vfus/i_vmfpu/vinsn_queue_q_reg[vinsn][2][vtype][vsew][1]/Q (HIGH)

 There are 68 register/latch pins with no clock driven by root clock pin: i_cheshire_soc/gen_cva6_cores[0].gen_ara.i_ara/gen_lanes[3].i_lane/i_vfus/i_vmfpu/vinsn_queue_q_reg[vinsn][2][vtype][vsew][2]/Q (HIGH)

 There are 68 register/latch pins with no clock driven by root clock pin: i_cheshire_soc/gen_cva6_cores[0].gen_ara.i_ara/gen_lanes[3].i_lane/i_vfus/i_vmfpu/vinsn_queue_q_reg[vinsn][3][vtype][vsew][0]/Q (HIGH)

 There are 68 register/latch pins with no clock driven by root clock pin: i_cheshire_soc/gen_cva6_cores[0].gen_ara.i_ara/gen_lanes[3].i_lane/i_vfus/i_vmfpu/vinsn_queue_q_reg[vinsn][3][vtype][vsew][1]/Q (HIGH)

 There are 68 register/latch pins with no clock driven by root clock pin: i_cheshire_soc/gen_cva6_cores[0].gen_ara.i_ara/gen_lanes[3].i_lane/i_vfus/i_vmfpu/vinsn_queue_q_reg[vinsn][3][vtype][vsew][2]/Q (HIGH)

 There is 1 register/latch pin with no clock driven by root clock pin: i_rstgen/i_rstgen_bypass/synch_regs_q_reg[3]/Q (HIGH)


2. checking constant_clock (0)
------------------------------
 There are 0 register/latch pins with constant_clock.


3. checking pulse_width_clock (0)
---------------------------------
 There are 0 register/latch pins which need pulse_width check


4. checking unconstrained_internal_endpoints (273)
--------------------------------------------------
 There are 273 pins that are not constrained for maximum delay. (HIGH)

 There are 0 pins that are not constrained for maximum delay due to constant clock.


5. checking no_input_delay (0)
------------------------------
 There are 0 input ports with no input delay specified.

 There are 0 input ports with no input delay but user has a false path constraint.


6. checking no_output_delay (0)
-------------------------------
 There are 0 ports with no output delay specified.

 There are 0 ports with no output delay but user has a false path constraint

 There are 0 ports with no output delay but with a timing clock defined on it or propagating through it


7. checking multiple_clock (0)
------------------------------
 There are 0 register/latch pins with multiple clocks.


8. checking generated_clocks (0)
--------------------------------
 There are 0 generated clocks that are not connected to a clock source.


9. checking loops (0)
---------------------
 There are 0 combinational loops in the design.


10. checking partial_input_delay (0)
------------------------------------
 There are 0 input ports with partial input delay specified.


11. checking partial_output_delay (0)
-------------------------------------
 There are 0 ports with partial output delay specified.


12. checking latch_loops (0)
----------------------------
 There are 0 combinational latch loops in the design through latch input



------------------------------------------------------------------------------------------------
| Design Timing Summary
| ---------------------
------------------------------------------------------------------------------------------------

    WNS(ns)      TNS(ns)  TNS Failing Endpoints  TNS Total Endpoints      WHS(ns)      THS(ns)  THS Failing Endpoints  THS Total Endpoints     WPWS(ns)     TPWS(ns)  TPWS Failing Endpoints  TPWS Total Endpoints  
    -------      -------  ---------------------  -------------------      -------      -------  ---------------------  -------------------     --------     --------  ----------------------  --------------------  
      2.072        0.000                      0               305931        0.010        0.000                      0               305870        0.500        0.000                       0                106477  


All user specified timing constraints are met.


------------------------------------------------------------------------------------------------
| Clock Summary
| -------------
------------------------------------------------------------------------------------------------

Clock            Waveform(ns)         Period(ns)      Frequency(MHz)
-----            ------------         ----------      --------------
clk_pl_0         {0.000 5.156}        10.312          96.974          
sys_clk          {0.000 1.666}        3.333           300.030         
  clk_50_clkwiz  {0.000 9.999}        19.998          50.005          


------------------------------------------------------------------------------------------------
| Intra Clock Table
| -----------------
------------------------------------------------------------------------------------------------

Clock                WNS(ns)      TNS(ns)  TNS Failing Endpoints  TNS Total Endpoints      WHS(ns)      THS(ns)  THS Failing Endpoints  THS Total Endpoints     WPWS(ns)     TPWS(ns)  TPWS Failing Endpoints  TPWS Total Endpoints  
-----                -------      -------  ---------------------  -------------------      -------      -------  ---------------------  -------------------     --------     --------  ----------------------  --------------------  
sys_clk                                                                                                                                                            0.500        0.000                       0                     1  
  clk_50_clkwiz        2.072        0.000                      0               212156        0.010        0.000                      0               212095        8.499        0.000                       0                106476  


------------------------------------------------------------------------------------------------
| Inter Clock Table
| -----------------
------------------------------------------------------------------------------------------------

From Clock    To Clock          WNS(ns)      TNS(ns)  TNS Failing Endpoints  TNS Total Endpoints      WHS(ns)      THS(ns)  THS Failing Endpoints  THS Total Endpoints  
----------    --------          -------      -------  ---------------------  -------------------      -------      -------  ---------------------  -------------------  


------------------------------------------------------------------------------------------------
| Other Path Groups Table
| -----------------------
------------------------------------------------------------------------------------------------

Path Group         From Clock         To Clock               WNS(ns)      TNS(ns)  TNS Failing Endpoints  TNS Total Endpoints      WHS(ns)      THS(ns)  THS Failing Endpoints  THS Total Endpoints  
----------         ----------         --------               -------      -------  ---------------------  -------------------      -------      -------  ---------------------  -------------------  
**async_default**  clk_50_clkwiz      clk_50_clkwiz           16.146        0.000                      0                93775        1.097        0.000                      0                93775  


------------------------------------------------------------------------------------------------
| Timing Details
| --------------
------------------------------------------------------------------------------------------------


---------------------------------------------------------------------------------------------------
From Clock:  sys_clk
  To Clock:  sys_clk

Setup :           NA  Failing Endpoints,  Worst Slack           NA  ,  Total Violation           NA
Hold  :           NA  Failing Endpoints,  Worst Slack           NA  ,  Total Violation           NA
PW    :            0  Failing Endpoints,  Worst Slack        0.500ns,  Total Violation        0.000ns
---------------------------------------------------------------------------------------------------


Pulse Width Checks
--------------------------------------------------------------------------------------
Clock Name:         sys_clk
Waveform(ns):       { 0.000 1.666 }
Period(ns):         3.333
Sources:            { sys_clk_p }

Check Type        Corner  Lib Pin            Reference Pin  Required(ns)  Actual(ns)  Slack(ns)  Location   Pin
Min Period        n/a     MMCME4_ADV/CLKIN1  n/a            1.071         3.333       2.262      MMCM_X0Y0  i_clkwiz/inst/mmcme4_adv_inst/CLKIN1
Max Period        n/a     MMCME4_ADV/CLKIN1  n/a            100.000       3.333       96.667     MMCM_X0Y0  i_clkwiz/inst/mmcme4_adv_inst/CLKIN1
Low Pulse Width   Slow    MMCME4_ADV/CLKIN1  n/a            1.167         1.666       0.500      MMCM_X0Y0  i_clkwiz/inst/mmcme4_adv_inst/CLKIN1
High Pulse Width  Slow    MMCME4_ADV/CLKIN1  n/a            1.167         1.666       0.500      MMCM_X0Y0  i_clkwiz/inst/mmcme4_adv_inst/CLKIN1



---------------------------------------------------------------------------------------------------
From Clock:  clk_50_clkwiz
  To Clock:  clk_50_clkwiz

Setup :            0  Failing Endpoints,  Worst Slack        2.072ns,  Total Violation        0.000ns
Hold  :            0  Failing Endpoints,  Worst Slack        0.010ns,  Total Violation        0.000ns
PW    :            0  Failing Endpoints,  Worst Slack        8.499ns,  Total Violation        0.000ns
---------------------------------------------------------------------------------------------------


Max Delay Paths
--------------------------------------------------------------------------------------
Slack (MET) :             2.072ns  (required time - arrival time)
  Source:                 i_cheshire_soc/gen_cva6_cores[0].i_core_cva6/issue_stage_i/i_issue_read_operands/lsu_valid_q_reg[0]/C
                            (rising edge-triggered cell FDCE clocked by clk_50_clkwiz  {rise@0.000ns fall@9.999ns period=19.998ns})
  Destination:            i_cheshire_soc/gen_cva6_cores[0].i_core_cva6/issue_stage_i/i_scoreboard/mem_q_reg[0][sbe][rd][1]/D
                            (rising edge-triggered cell FDCE clocked by clk_50_clkwiz  {rise@0.000ns fall@9.999ns period=19.998ns})
  Path Group:             clk_50_clkwiz
  Path Type:              Setup (Max at Slow Process Corner)
  Requirement:            19.998ns  (clk_50_clkwiz rise@19.998ns - clk_50_clkwiz rise@0.000ns)
  Data Path Delay:        17.828ns  (logic 5.622ns (31.535%)  route 12.206ns (68.465%))
  Logic Levels:           62  (CARRY8=3 LUT2=6 LUT3=10 LUT4=10 LUT5=10 LUT6=20 MUXF7=3)
  Clock Path Skew:        -0.055ns (DCD - SCD + CPR)
    Destination Clock Delay (DCD):    4.347ns = ( 24.345 - 19.998 ) 
    Source Clock Delay      (SCD):    4.057ns
    Clock Pessimism Removal (CPR):    -0.344ns
  Clock Uncertainty:      0.068ns  ((TSJ^2 + DJ^2)^1/2) / 2 + PE
    Total System Jitter     (TSJ):    0.071ns
    Discrete Jitter          (DJ):    0.116ns
    Phase Error              (PE):    0.000ns
  Clock Net Delay (Source):      2.976ns (routing 1.522ns, distribution 1.454ns)
  Clock Net Delay (Destination): 2.701ns (routing 1.386ns, distribution 1.315ns)

    Location             Delay type                Incr(ns)  Path(ns)    Netlist Resource(s)
  -------------------------------------------------------------------    -------------------
                         (clock clk_50_clkwiz rise edge)
                                                      0.000     0.000 r  
    AL8                                               0.000     0.000 r  sys_clk_p (IN)
                         net (fo=0)                   0.000     0.000    i_bufds_sys_clk/I
    HPIOBDIFFINBUF_X0Y11 DIFFINBUF (Prop_DIFFINBUF_HPIOBDIFFINBUF_DIFF_IN_P_O)
                                                      0.489     0.489 r  i_bufds_sys_clk/DIFFINBUF_INST/O
                         net (fo=1, routed)           0.050     0.539    i_bufds_sys_clk/OUT
    AL8                  IBUFCTRL (Prop_IBUFCTRL_HPIOB_M_I_O)
                                                      0.000     0.539 r  i_bufds_sys_clk/IBUFCTRL_INST/O
                         net (fo=1, routed)           0.397     0.936    i_clkwiz/inst/clk_in1
    MMCM_X0Y0            MMCME4_ADV (Prop_MMCM_CLKIN1_CLKOUT0)
                                                     -0.127     0.809 r  i_clkwiz/inst/mmcme4_adv_inst/CLKOUT0
                         net (fo=1, routed)           0.244     1.053    i_clkwiz/inst/clk_50_clkwiz
    BUFGCE_X0Y8          BUFGCE (Prop_BUFCE_BUFGCE_I_O)
                                                      0.028     1.081 r  i_clkwiz/inst/clkout1_buf/O
    X1Y3 (CLOCK_ROOT)    net (fo=106494, routed)      2.976     4.057    i_cheshire_soc/gen_cva6_cores[0].i_core_cva6/issue_stage_i/i_issue_read_operands/clk_50
    SLICE_X23Y211        FDCE                                         r  i_cheshire_soc/gen_cva6_cores[0].i_core_cva6/issue_stage_i/i_issue_read_operands/lsu_valid_q_reg[0]/C
  -------------------------------------------------------------------    -------------------
    SLICE_X23Y211        FDCE (Prop_AFF_SLICEL_C_Q)
                                                      0.079     4.136 r  i_cheshire_soc/gen_cva6_cores[0].i_core_cva6/issue_stage_i/i_issue_read_operands/lsu_valid_q_reg[0]/Q
                         net (fo=114, routed)         0.534     4.670    i_cheshire_soc/gen_cva6_cores[0].i_core_cva6/issue_stage_i/i_issue_read_operands/lsu_valid_q_reg[0]_0
    SLICE_X24Y220        LUT2 (Prop_A5LUT_SLICEL_I1_O)
                                                      0.069     4.739 r  i_cheshire_soc/gen_cva6_cores[0].i_core_cva6/issue_stage_i/i_issue_read_operands/issue_read_oper_LUT2_522/O
                         net (fo=31, routed)          0.319     5.058    i_cheshire_soc/gen_cva6_cores[0].i_core_cva6/issue_stage_i/i_issue_read_operands/issue_read_oper_net_1634
    SLICE_X25Y221        CARRY8 (Prop_CARRY8_SLICEM_DI[0]_CO[7])
                                                      0.133     5.191 r  i_cheshire_soc/gen_cva6_cores[0].i_core_cva6/issue_stage_i/i_issue_read_operands/mem_q_reg[0][vaddr][39]_i_2/CO[7]
                         net (fo=1, routed)           0.026     5.217    i_cheshire_soc/gen_cva6_cores[0].i_core_cva6/issue_stage_i/i_issue_read_operands/mem_q_reg[0][vaddr][39]_i_2_n_0
    SLICE_X25Y222        CARRY8 (Prop_CARRY8_SLICEM_CI_CO[7])
                                                      0.015     5.232 r  i_cheshire_soc/gen_cva6_cores[0].i_core_cva6/issue_stage_i/i_issue_read_operands/mem_q_reg[0][vaddr][47]_i_2/CO[7]
                         net (fo=1, routed)           0.026     5.258    i_cheshire_soc/gen_cva6_cores[0].i_core_cva6/issue_stage_i/i_issue_read_operands/mem_q_reg[0][vaddr][47]_i_2_n_0
    SLICE_X25Y223        CARRY8 (Prop_CARRY8_SLICEM_CI_O[7])
                                                      0.116     5.374 r  i_cheshire_soc/gen_cva6_cores[0].i_core_cva6/issue_stage_i/i_issue_read_operands/lsu_vaddr_q_reg[51]_i_2/O[7]
                         net (fo=4, routed)           0.352     5.726    i_cheshire_soc/gen_cva6_cores[0].i_core_cva6/issue_stage_i/i_issue_read_operands/p_0_in[55]
    SLICE_X24Y218        LUT6 (Prop_D6LUT_SLICEL_I3_O)
                                                      0.099     5.825 f  i_cheshire_soc/gen_cva6_cores[0].i_core_cva6/issue_stage_i/i_issue_read_operands/issue_read_oper_LUT6_552/O
                         net (fo=1, routed)           0.051     5.876    i_cheshire_soc/gen_cva6_cores[0].i_core_cva6/issue_stage_i/i_issue_read_operands/issue_read_oper_net_1514
    SLICE_X24Y218        LUT6 (Prop_C6LUT_SLICEL_I5_O)
                                                      0.146     6.022 f  i_cheshire_soc/gen_cva6_cores[0].i_core_cva6/issue_stage_i/i_issue_read_operands/issue_read_oper_LUT6_553/O
                         net (fo=1, routed)           0.041     6.063    i_cheshire_soc/gen_cva6_cores[0].i_core_cva6/issue_stage_i/i_issue_read_operands/issue_read_oper_net_1516
    SLICE_X24Y218        LUT6 (Prop_B6LUT_SLICEL_I5_O)
                                                      0.090     6.153 f  i_cheshire_soc/gen_cva6_cores[0].i_core_cva6/issue_stage_i/i_issue_read_operands/issue_read_oper_LUT6_554/O
                         net (fo=1, routed)           0.041     6.194    i_cheshire_soc/gen_cva6_cores[0].i_core_cva6/issue_stage_i/i_issue_read_operands/issue_read_oper_net_1517
    SLICE_X24Y218        LUT3 (Prop_A6LUT_SLICEL_I2_O)
                                                      0.050     6.244 f  i_cheshire_soc/gen_cva6_cores[0].i_core_cva6/issue_stage_i/i_issue_read_operands/issue_read_oper_LUT3_556/O
                         net (fo=1, routed)           0.152     6.396    i_cheshire_soc/gen_cva6_cores[0].i_core_cva6/issue_stage_i/i_issue_read_operands/issue_read_oper_net_1520
    SLICE_X24Y217        LUT6 (Prop_B6LUT_SLICEL_I5_O)
                                                      0.124     6.520 r  i_cheshire_soc/gen_cva6_cores[0].i_core_cva6/issue_stage_i/i_issue_read_operands/issue_read_oper_LUT6_555/O
                         net (fo=2, routed)           0.187     6.707    i_cheshire_soc/gen_cva6_cores[0].i_core_cva6/ex_stage_i/lsu_i/lsu_bypass_i/lsu_req_i[overflow]
    SLICE_X23Y215        LUT6 (Prop_A6LUT_SLICEL_I1_O)
                                                      0.035     6.742 r  i_cheshire_soc/gen_cva6_cores[0].i_core_cva6/ex_stage_i/lsu_i/lsu_bypass_i/lsu_bypass_LUT6_63/O
                         net (fo=2, routed)           0.138     6.880    i_cheshire_soc/gen_cva6_cores[0].i_core_cva6/ex_stage_i/lsu_i/lsu_bypass_i/lsu_bypass_net_73
    SLICE_X22Y216        LUT4 (Prop_B6LUT_SLICEM_I1_O)
                                                      0.089     6.969 r  i_cheshire_soc/gen_cva6_cores[0].i_core_cva6/ex_stage_i/lsu_i/lsu_bypass_i/lsu_bypass_LUT4_1/O
                         net (fo=68, routed)          0.206     7.175    i_cheshire_soc/gen_cva6_cores[0].i_core_cva6/ex_stage_i/lsu_i/lsu_bypass_i/mem_q_reg[0][overflow]_0
    SLICE_X21Y219        LUT3 (Prop_A6LUT_SLICEL_I2_O)
                                                      0.050     7.225 r  i_cheshire_soc/gen_cva6_cores[0].i_core_cva6/ex_stage_i/lsu_i/lsu_bypass_i/lsu_bypass_LUT3_48/O
                         net (fo=135, routed)         0.125     7.350    i_cheshire_soc/gen_cva6_cores[0].i_core_cva6/ex_stage_i/lsu_i/gen_mmu.i_cva6_mmu/i_ptw/mmu_state_q_reg_2
    SLICE_X21Y221        LUT5 (Prop_F6LUT_SLICEL_I1_O)
                                                      0.148     7.498 f  i_cheshire_soc/gen_cva6_cores[0].i_core_cva6/ex_stage_i/lsu_i/gen_mmu.i_cva6_mmu/i_ptw/cva6_ptw_LUT5_5/O
                         net (fo=69, routed)          0.275     7.773    i_cheshire_soc/gen_cva6_cores[0].i_core_cva6/ex_stage_i/lsu_i/gen_mmu.i_cva6_mmu/i_ptw/cva6_ptw_net_12
    SLICE_X22Y219        LUT5 (Prop_F6LUT_SLICEM_I4_O)
                                                      0.051     7.824 f  i_cheshire_soc/gen_cva6_cores[0].i_core_cva6/ex_stage_i/lsu_i/gen_mmu.i_cva6_mmu/i_ptw/cva6_ptw_LUT5_13/O
                         net (fo=3, routed)           0.153     7.977    i_cheshire_soc/gen_cva6_cores[0].gen_ara.i_ara/i_vlsu/i_addrgen/i_addrgen_idx_op_spill_reg/acc_mmu_resp[acc_mmu_valid]
    SLICE_X23Y219        LUT6 (Prop_G6LUT_SLICEL_I0_O)
                                                      0.149     8.126 r  i_cheshire_soc/gen_cva6_cores[0].gen_ara.i_ara/i_vlsu/i_addrgen/i_addrgen_idx_op_spill_reg/spill_register_40_LUT6_11/O
                         net (fo=2, routed)           0.054     8.180    i_cheshire_soc/gen_cva6_cores[0].i_core_cva6/ex_stage_i/lsu_i/lsu_bypass_i/acc_resp[acc_mmu_req][acc_mmu_req]
    SLICE_X23Y219        LUT3 (Prop_A6LUT_SLICEL_I0_O)
                                                      0.124     8.304 r  i_cheshire_soc/gen_cva6_cores[0].i_core_cva6/ex_stage_i/lsu_i/lsu_bypass_i/lsu_bypass_LUT3_46/O
                         net (fo=28, routed)          0.182     8.486    i_cheshire_soc/gen_cva6_cores[0].i_core_cva6/ex_stage_i/lsu_i/lsu_bypass_i/state_q_reg[1]
    SLICE_X21Y219        LUT4 (Prop_B6LUT_SLICEL_I2_O)
                                                      0.124     8.610 f  i_cheshire_soc/gen_cva6_cores[0].i_core_cva6/ex_stage_i/lsu_i/lsu_bypass_i/lsu_bypass_LUT4_7/O
                         net (fo=2, routed)           0.049     8.659    i_cheshire_soc/gen_cva6_cores[0].i_core_cva6/ex_stage_i/lsu_i/gen_mmu.i_cva6_mmu/mmu_exception_q_reg[cause][1]_0
    SLICE_X21Y219        LUT6 (Prop_G6LUT_SLICEL_I0_O)
                                                      0.097     8.756 r  i_cheshire_soc/gen_cva6_cores[0].i_core_cva6/ex_stage_i/lsu_i/gen_mmu.i_cva6_mmu/mmu_exception_q[cause][3]_i_4/O
                         net (fo=67, routed)          0.179     8.935    i_cheshire_soc/gen_cva6_cores[0].i_core_cva6/ex_stage_i/lsu_i/gen_mmu.i_cva6_mmu/i_ptw/mmu_exception_q_reg[cause][3]_0
    SLICE_X22Y218        LUT2 (Prop_E6LUT_SLICEM_I0_O)
                                                      0.100     9.035 r  i_cheshire_soc/gen_cva6_cores[0].i_core_cva6/ex_stage_i/lsu_i/gen_mmu.i_cva6_mmu/i_ptw/cva6_ptw_LUT2/O
                         net (fo=5, routed)           0.158     9.193    i_cheshire_soc/gen_cva6_cores[0].i_core_cva6/ex_stage_i/lsu_i/lsu_bypass_i/gen_shift_reg.data_q_reg[0][141]
    SLICE_X23Y217        LUT4 (Prop_A6LUT_SLICEL_I0_O)
                                                      0.035     9.228 r  i_cheshire_soc/gen_cva6_cores[0].i_core_cva6/ex_stage_i/lsu_i/lsu_bypass_i/lsu_bypass_LUT4_2/O
                         net (fo=46, routed)          0.242     9.470    i_cheshire_soc/gen_cva6_cores[0].i_core_cva6/ex_stage_i/lsu_i/lsu_bypass_i/lsu_bypass_net_77
    SLICE_X27Y217        LUT3 (Prop_E6LUT_SLICEL_I2_O)
                                                      0.147     9.617 r  i_cheshire_soc/gen_cva6_cores[0].i_core_cva6/ex_stage_i/lsu_i/lsu_bypass_i/lsu_bypass_LUT3_45/O
                         net (fo=6, routed)           0.197     9.814    i_cheshire_soc/gen_cva6_cores[0].i_core_cva6/ex_stage_i/lsu_i/lsu_bypass_i/lsu_bypass_net_78
    SLICE_X28Y220        LUT2 (Prop_E6LUT_SLICEM_I1_O)
                                                      0.037     9.851 f  i_cheshire_soc/gen_cva6_cores[0].i_core_cva6/ex_stage_i/lsu_i/lsu_bypass_i/lsu_bypass_LUT2_10/O
                         net (fo=15, routed)          0.319    10.170    i_cheshire_soc/gen_cva6_cores[0].gen_ara.i_ara/i_vlsu/i_addrgen/gen_spill_reg.a_data_q_reg[addr][47]
    SLICE_X27Y216        LUT4 (Prop_B6LUT_SLICEL_I0_O)
                                                      0.148    10.318 r  i_cheshire_soc/gen_cva6_cores[0].gen_ara.i_ara/i_vlsu/i_addrgen/addrgen_LUT4_45/O
                         net (fo=1, routed)           0.045    10.363    i_cheshire_soc/gen_cva6_cores[0].gen_ara.i_ara/i_vlsu/i_addrgen/i_addrgen_idx_op_spill_reg/axi_addrgen_q_reg[len][7]
    SLICE_X27Y216        LUT5 (Prop_G6LUT_SLICEL_I3_O)
                                                      0.097    10.460 f  i_cheshire_soc/gen_cva6_cores[0].gen_ara.i_ara/i_vlsu/i_addrgen/i_addrgen_idx_op_spill_reg/spill_register_40_LUT5_1/O
                         net (fo=2, routed)           0.214    10.674    i_cheshire_soc/gen_cva6_cores[0].gen_ara.i_ara/i_vlsu/i_addrgen/i_addrgen_idx_op_spill_reg/spill_register_40_net_16
    SLICE_X29Y216        LUT4 (Prop_H6LUT_SLICEM_I1_O)
                                                      0.090    10.764 f  i_cheshire_soc/gen_cva6_cores[0].gen_ara.i_ara/i_vlsu/i_addrgen/i_addrgen_idx_op_spill_reg/spill_register_40_LUT4_6/O
                         net (fo=2, routed)           0.303    11.067    i_cheshire_soc/gen_cva6_cores[0].gen_ara.i_ara/i_vlsu/i_addrgen/i_addrgen_idx_op_spill_reg/spill_register_40_net_23
    SLICE_X34Y216        LUT6 (Prop_D6LUT_SLICEM_I4_O)
                                                      0.088    11.155 r  i_cheshire_soc/gen_cva6_cores[0].gen_ara.i_ara/i_vlsu/i_addrgen/i_addrgen_idx_op_spill_reg/spill_register_40_LUT6_56/O
                         net (fo=65, routed)          0.142    11.297    i_cheshire_soc/gen_cva6_cores[0].gen_ara.i_ara/i_vlsu/i_addrgen/i_addrgen_idx_op_spill_reg/spill_register_40_net_28
    SLICE_X36Y216        LUT4 (Prop_G6LUT_SLICEL_I3_O)
                                                      0.050    11.347 f  i_cheshire_soc/gen_cva6_cores[0].gen_ara.i_ara/i_vlsu/i_addrgen/i_addrgen_idx_op_spill_reg/spill_register_40_LUT4_8/O
                         net (fo=8, routed)           0.157    11.504    i_cheshire_soc/gen_cva6_cores[0].gen_ara.i_ara/i_vlsu/i_addrgen/i_addrgen_idx_op_spill_reg/spill_register_40_net_30
    SLICE_X35Y214        LUT6 (Prop_F6LUT_SLICEM_I5_O)
                                                      0.088    11.592 f  i_cheshire_soc/gen_cva6_cores[0].gen_ara.i_ara/i_vlsu/i_addrgen/i_addrgen_idx_op_spill_reg/spill_register_40_LUT6_57/O
                         net (fo=2, routed)           0.352    11.944    i_cheshire_soc/gen_cva6_cores[0].gen_ara.i_ara/i_sequencer/addrgen_ack
    SLICE_X39Y202        LUT6 (Prop_C6LUT_SLICEL_I0_O)
                                                      0.035    11.979 f  i_cheshire_soc/gen_cva6_cores[0].gen_ara.i_ara/i_sequencer/ara_sequencer_LUT6_259/O
                         net (fo=153, routed)         0.323    12.302    i_cheshire_soc/gen_cva6_cores[0].gen_ara.i_ara/i_sequencer/ara_sequencer_net_284
    SLICE_X41Y189        LUT3 (Prop_A6LUT_SLICEM_I2_O)
                                                      0.100    12.402 f  i_cheshire_soc/gen_cva6_cores[0].gen_ara.i_ara/i_sequencer/ara_sequencer_LUT3_308/O
                         net (fo=235, routed)         0.161    12.563    i_cheshire_soc/gen_cva6_cores[0].i_core_cva6/gen_accelerator.i_acc_dispatcher/i_accelerator_req_register/spill_register_flushable_i/ara_req_ready
    SLICE_X42Y191        LUT2 (Prop_F5LUT_SLICEL_I0_O)
                                                      0.143    12.706 r  i_cheshire_soc/gen_cva6_cores[0].i_core_cva6/gen_accelerator.i_acc_dispatcher/i_accelerator_req_register/spill_register_flushable_i/spill_register_59_LUT2_17/O
                         net (fo=38, routed)          0.490    13.196    i_cheshire_soc/gen_cva6_cores[0].i_core_cva6/gen_accelerator.i_acc_dispatcher/i_accelerator_req_register/spill_register_flushable_i/gen_spill_reg.b_full_q_reg_1
    SLICE_X52Y193        LUT3 (Prop_A6LUT_SLICEM_I1_O)
                                                      0.053    13.249 r  i_cheshire_soc/gen_cva6_cores[0].i_core_cva6/gen_accelerator.i_acc_dispatcher/i_accelerator_req_register/spill_register_flushable_i/spill_register_59_LUT3_129/O
                         net (fo=66, routed)          0.333    13.582    i_cheshire_soc/gen_cva6_cores[0].gen_ara.i_ara/i_dispatcher/i_segment_sequencer/gen_segment_support.i_segment_cnt/i_counter/ara_req_o_reg[vs1][1]_1
    SLICE_X51Y196        LUT3 (Prop_D5LUT_SLICEL_I1_O)
                                                      0.157    13.739 r  i_cheshire_soc/gen_cva6_cores[0].gen_ara.i_ara/i_dispatcher/i_segment_sequencer/gen_segment_support.i_segment_cnt/i_counter/reshuffle_req_q[2]_i_107/O
                         net (fo=1, routed)           0.134    13.873    i_cheshire_soc/gen_cva6_cores[0].gen_ara.i_ara/i_dispatcher/i_segment_sequencer/gen_segment_support.i_segment_cnt/i_counter/reshuffle_req_q[2]_i_107_n_0
    SLICE_X50Y196        LUT5 (Prop_G6LUT_SLICEM_I4_O)
                                                      0.150    14.023 r  i_cheshire_soc/gen_cva6_cores[0].gen_ara.i_ara/i_dispatcher/i_segment_sequencer/gen_segment_support.i_segment_cnt/i_counter/reshuffle_req_q[2]_i_79/O
                         net (fo=1, routed)           0.017    14.040    i_cheshire_soc/gen_cva6_cores[0].gen_ara.i_ara/i_dispatcher/i_segment_sequencer/gen_segment_support.i_segment_cnt/i_counter/reshuffle_req_q[2]_i_79_n_0
    SLICE_X50Y196        MUXF7 (Prop_F7MUX_GH_SLICEM_I1_O)
                                                      0.067    14.107 r  i_cheshire_soc/gen_cva6_cores[0].gen_ara.i_ara/i_dispatcher/i_segment_sequencer/gen_segment_support.i_segment_cnt/i_counter/reshuffle_req_q_reg[2]_i_48/O
                         net (fo=1, routed)           0.137    14.244    i_cheshire_soc/gen_cva6_cores[0].gen_ara.i_ara/i_dispatcher/i_segment_sequencer/gen_segment_support.i_segment_cnt/i_counter/reshuffle_req_q_reg[2]_i_48_n_0
    SLICE_X51Y196        LUT3 (Prop_F5LUT_SLICEL_I2_O)
                                                      0.143    14.387 r  i_cheshire_soc/gen_cva6_cores[0].gen_ara.i_ara/i_dispatcher/i_segment_sequencer/gen_segment_support.i_segment_cnt/i_counter/reshuffle_req_q[2]_i_25/O
                         net (fo=1, routed)           0.388    14.775    i_cheshire_soc/gen_cva6_cores[0].i_core_cva6/gen_accelerator.i_acc_dispatcher/i_accelerator_req_register/spill_register_flushable_i/reshuffle_req_q[2]_i_4_1
    SLICE_X50Y195        LUT4 (Prop_B6LUT_SLICEM_I1_O)
                                                      0.052    14.827 r  i_cheshire_soc/gen_cva6_cores[0].i_core_cva6/gen_accelerator.i_acc_dispatcher/i_accelerator_req_register/spill_register_flushable_i/spill_register_59_LUT4_96/O
                         net (fo=1, routed)           0.152    14.979    i_cheshire_soc/gen_cva6_cores[0].i_core_cva6/gen_accelerator.i_acc_dispatcher/i_accelerator_req_register/spill_register_flushable_i/spill_register_59_net_647
    SLICE_X50Y194        LUT5 (Prop_C6LUT_SLICEM_I3_O)
                                                      0.051    15.030 r  i_cheshire_soc/gen_cva6_cores[0].i_core_cva6/gen_accelerator.i_acc_dispatcher/i_accelerator_req_register/spill_register_flushable_i/spill_register_59_LUT5_115/O
                         net (fo=1, routed)           0.039    15.069    i_cheshire_soc/gen_cva6_cores[0].i_core_cva6/gen_accelerator.i_acc_dispatcher/i_accelerator_req_register/spill_register_flushable_i/spill_register_59_net_651
    SLICE_X50Y194        LUT5 (Prop_B6LUT_SLICEM_I3_O)
                                                      0.089    15.158 r  i_cheshire_soc/gen_cva6_cores[0].i_core_cva6/gen_accelerator.i_acc_dispatcher/i_accelerator_req_register/spill_register_flushable_i/spill_register_59_LUT5_117/O
                         net (fo=1, routed)           0.085    15.243    i_cheshire_soc/gen_cva6_cores[0].i_core_cva6/gen_accelerator.i_acc_dispatcher/i_accelerator_req_register/spill_register_flushable_i/spill_register_59_net_666
    SLICE_X50Y193        LUT6 (Prop_C6LUT_SLICEM_I3_O)
                                                      0.051    15.294 f  i_cheshire_soc/gen_cva6_cores[0].i_core_cva6/gen_accelerator.i_acc_dispatcher/i_accelerator_req_register/spill_register_flushable_i/spill_register_59_LUT6_366/O
                         net (fo=1, routed)           0.102    15.396    i_cheshire_soc/gen_cva6_cores[0].i_core_cva6/gen_accelerator.i_acc_dispatcher/i_accelerator_req_register/spill_register_flushable_i/spill_register_59_net_670
    SLICE_X50Y195        LUT4 (Prop_E6LUT_SLICEM_I3_O)
                                                      0.124    15.520 f  i_cheshire_soc/gen_cva6_cores[0].i_core_cva6/gen_accelerator.i_acc_dispatcher/i_accelerator_req_register/spill_register_flushable_i/spill_register_59_LUT4_97/O
                         net (fo=10, routed)          0.288    15.808    i_cheshire_soc/gen_cva6_cores[0].i_core_cva6/gen_accelerator.i_acc_dispatcher/i_accelerator_req_register/spill_register_flushable_i/spill_register_59_net_938
    SLICE_X46Y194        LUT2 (Prop_A6LUT_SLICEM_I0_O)
                                                      0.090    15.898 f  i_cheshire_soc/gen_cva6_cores[0].i_core_cva6/gen_accelerator.i_acc_dispatcher/i_accelerator_req_register/spill_register_flushable_i/spill_register_59_LUT2_124/O
                         net (fo=5, routed)           0.103    16.001    i_cheshire_soc/gen_cva6_cores[0].gen_ara.i_ara/i_dispatcher/i_segment_sequencer/gen_segment_support.i_segment_cnt/i_counter/csr_vstart_q[11]_i_7
    SLICE_X45Y194        LUT5 (Prop_B6LUT_SLICEL_I0_O)
                                                      0.090    16.091 f  i_cheshire_soc/gen_cva6_cores[0].gen_ara.i_ara/i_dispatcher/i_segment_sequencer/gen_segment_support.i_segment_cnt/i_counter/csr_vstart_q[11]_i_11/O
                         net (fo=3, routed)           0.304    16.395    i_cheshire_soc/gen_cva6_cores[0].gen_ara.i_ara/i_dispatcher/rs_mask_request_q_reg_1
    SLICE_X41Y195        LUT4 (Prop_A6LUT_SLICEM_I2_O)
                                                      0.053    16.448 r  i_cheshire_soc/gen_cva6_cores[0].gen_ara.i_ara/i_dispatcher/ara_dispatcher_LUT4_12/O
                         net (fo=4, routed)           0.366    16.814    i_cheshire_soc/gen_cva6_cores[0].i_core_cva6/gen_accelerator.i_acc_dispatcher/i_accelerator_req_register/spill_register_flushable_i/acc_resp[acc_resp][resp_valid]
    SLICE_X30Y195        LUT5 (Prop_G6LUT_SLICEL_I0_O)
                                                      0.149    16.963 r  i_cheshire_soc/gen_cva6_cores[0].i_core_cva6/gen_accelerator.i_acc_dispatcher/i_accelerator_req_register/spill_register_flushable_i/spill_register_59_LUT5_201/O
                         net (fo=3, routed)           0.255    17.218    i_cheshire_soc/gen_cva6_cores[0].i_core_cva6/issue_stage_i/i_scoreboard/fu_data_q[0][operand_b][31]_i_15_0
    SLICE_X28Y192        LUT6 (Prop_E6LUT_SLICEM_I3_O)
                                                      0.037    17.255 f  i_cheshire_soc/gen_cva6_cores[0].i_core_cva6/issue_stage_i/i_scoreboard/fu_data_q[0][imm][31]_i_101/O
                         net (fo=1, routed)           0.092    17.347    i_cheshire_soc/gen_cva6_cores[0].i_core_cva6/issue_stage_i/i_scoreboard/fu_data_q[0][imm][31]_i_101_n_0
    SLICE_X27Y192        LUT3 (Prop_B5LUT_SLICEL_I0_O)
                                                      0.073    17.420 r  i_cheshire_soc/gen_cva6_cores[0].i_core_cva6/issue_stage_i/i_scoreboard/fu_data_q[0][imm][31]_i_51/O
                         net (fo=3, routed)           0.167    17.587    i_cheshire_soc/gen_cva6_cores[0].i_core_cva6/issue_stage_i/i_scoreboard/i_issue_read_operands/rs3_fwd_req[0]_509[4]
    SLICE_X26Y193        LUT6 (Prop_D6LUT_SLICEM_I4_O)
                                                      0.088    17.675 r  i_cheshire_soc/gen_cva6_cores[0].i_core_cva6/issue_stage_i/i_scoreboard/fu_data_q[0][imm][31]_i_16/O
                         net (fo=6, routed)           0.323    17.998    i_cheshire_soc/gen_cva6_cores[0].i_core_cva6/issue_stage_i/i_scoreboard/fu_data_q[0][imm][31]_i_16_n_0
    SLICE_X23Y195        LUT6 (Prop_B6LUT_SLICEL_I0_O)
                                                      0.051    18.049 r  i_cheshire_soc/gen_cva6_cores[0].i_core_cva6/issue_stage_i/i_scoreboard/fu_data_q[0][imm][31]_i_5/O
                         net (fo=4, routed)           0.184    18.233    i_cheshire_soc/gen_cva6_cores[0].i_core_cva6/issue_stage_i/i_scoreboard/fu_data_q[0][imm][31]_i_5_n_0
    SLICE_X22Y198        LUT6 (Prop_F6LUT_SLICEM_I0_O)
                                                      0.037    18.270 f  i_cheshire_soc/gen_cva6_cores[0].i_core_cva6/issue_stage_i/i_scoreboard/mem_q[7][sbe][op][7]_i_13/O
                         net (fo=1, routed)           0.095    18.365    i_cheshire_soc/gen_cva6_cores[0].i_core_cva6/issue_stage_i/i_scoreboard/mem_q[7][sbe][op][7]_i_13_n_0
    SLICE_X22Y200        LUT4 (Prop_E6LUT_SLICEM_I3_O)
                                                      0.052    18.417 f  i_cheshire_soc/gen_cva6_cores[0].i_core_cva6/issue_stage_i/i_scoreboard/mem_q[7][sbe][op][7]_i_8/O
                         net (fo=8, routed)           0.141    18.558    i_cheshire_soc/gen_cva6_cores[0].i_core_cva6/id_stage_i/stall_issue
    SLICE_X21Y201        LUT6 (Prop_B6LUT_SLICEL_I2_O)
                                                      0.051    18.609 r  i_cheshire_soc/gen_cva6_cores[0].i_core_cva6/id_stage_i/id_stage_LUT6_9/O
                         net (fo=19, routed)          0.122    18.731    i_cheshire_soc/gen_cva6_cores[0].i_core_cva6/issue_stage_i/i_scoreboard/issue_ack_iro_sb
    SLICE_X20Y201        LUT6 (Prop_F6LUT_SLICEM_I1_O)
                                                      0.123    18.854 r  i_cheshire_soc/gen_cva6_cores[0].i_core_cva6/issue_stage_i/i_scoreboard/mem_q[6][sbe][op][7]_i_1/O
                         net (fo=85, routed)          0.504    19.358    i_cheshire_soc/gen_cva6_cores[0].i_core_cva6/issue_stage_i/i_scoreboard/issue_pointer_q_reg[2]_0
    SLICE_X11Y202        LUT3 (Prop_C5LUT_SLICEM_I1_O)
                                                      0.068    19.426 r  i_cheshire_soc/gen_cva6_cores[0].i_core_cva6/issue_stage_i/i_scoreboard/mem_q[6][sbe][fu][2]_i_1/O
                         net (fo=6, routed)           0.289    19.715    i_cheshire_soc/gen_cva6_cores[0].i_core_cva6/issue_stage_i/i_scoreboard/mem_q[6][sbe][fu][2]_i_1_n_0
    SLICE_X11Y203        LUT6 (Prop_C6LUT_SLICEM_I1_O)
                                                      0.123    19.838 r  i_cheshire_soc/gen_cva6_cores[0].i_core_cva6/issue_stage_i/i_scoreboard/mem_q[7][sbe][rd][4]_i_63/O
                         net (fo=1, routed)           0.021    19.859    i_cheshire_soc/gen_cva6_cores[0].i_core_cva6/issue_stage_i/i_scoreboard/mem_q[7][sbe][rd][4]_i_63_n_0
    SLICE_X11Y203        MUXF7 (Prop_F7MUX_CD_SLICEM_I1_O)
                                                      0.068    19.927 r  i_cheshire_soc/gen_cva6_cores[0].i_core_cva6/issue_stage_i/i_scoreboard/mem_q_reg[7][sbe][rd][4]_i_38/O
                         net (fo=1, routed)           0.264    20.191    i_cheshire_soc/gen_cva6_cores[0].i_core_cva6/issue_stage_i/i_scoreboard/mem_q_reg[7][sbe][rd][4]_i_38_n_0
    SLICE_X14Y203        LUT2 (Prop_E5LUT_SLICEM_I0_O)
                                                      0.070    20.261 r  i_cheshire_soc/gen_cva6_cores[0].i_core_cva6/issue_stage_i/i_scoreboard/mem_q[7][sbe][rd][4]_i_17/O
                         net (fo=8, routed)           0.144    20.405    i_cheshire_soc/gen_cva6_cores[0].i_core_cva6/ex_stage_i/lsu_i/i_pipe_reg_load/i_shift_reg_gated/mem_q[2][sbe][rd][0]_i_2_0
    SLICE_X14Y201        LUT5 (Prop_G5LUT_SLICEM_I1_O)
                                                      0.068    20.473 r  i_cheshire_soc/gen_cva6_cores[0].i_core_cva6/ex_stage_i/lsu_i/i_pipe_reg_load/i_shift_reg_gated/shift_reg_gated_LUT5_265/O
                         net (fo=5, routed)           0.423    20.896    i_cheshire_soc/gen_cva6_cores[0].i_core_cva6/issue_stage_i/i_scoreboard/mem_q_reg[0][sbe][rd][4]_0
    SLICE_X17Y202        LUT6 (Prop_D6LUT_SLICEL_I1_O)
                                                      0.146    21.042 r  i_cheshire_soc/gen_cva6_cores[0].i_core_cva6/issue_stage_i/i_scoreboard/mem_q[0][sbe][rd][1]_i_2/O
                         net (fo=2, routed)           0.230    21.272    i_cheshire_soc/gen_cva6_cores[0].i_core_cva6/issue_stage_i/i_scoreboard/mem_n[0][sbe][rd][1]
    SLICE_X18Y203        LUT6 (Prop_D6LUT_SLICEL_I5_O)
                                                      0.089    21.361 r  i_cheshire_soc/gen_cva6_cores[0].i_core_cva6/issue_stage_i/i_scoreboard/mem_q[7][sbe][rd][1]_i_4/O
                         net (fo=1, routed)           0.009    21.370    i_cheshire_soc/gen_cva6_cores[0].i_core_cva6/issue_stage_i/i_scoreboard/mem_q[7][sbe][rd][1]_i_4_n_0
    SLICE_X18Y203        MUXF7 (Prop_F7MUX_CD_SLICEL_I0_O)
                                                      0.063    21.433 r  i_cheshire_soc/gen_cva6_cores[0].i_core_cva6/issue_stage_i/i_scoreboard/mem_q_reg[7][sbe][rd][1]_i_2/O
                         net (fo=8, routed)           0.251    21.684    i_cheshire_soc/gen_cva6_cores[0].i_core_cva6/issue_stage_i/i_scoreboard/mem_n[1]
    SLICE_X17Y203        LUT5 (Prop_H6LUT_SLICEL_I4_O)
                                                      0.150    21.834 r  i_cheshire_soc/gen_cva6_cores[0].i_core_cva6/issue_stage_i/i_scoreboard/mem_q[0][sbe][rd][1]_i_1/O
                         net (fo=1, routed)           0.051    21.885    i_cheshire_soc/gen_cva6_cores[0].i_core_cva6/issue_stage_i/i_scoreboard/mem_q[0][sbe][rd][1]_i_1_n_0
    SLICE_X17Y203        FDCE                                         r  i_cheshire_soc/gen_cva6_cores[0].i_core_cva6/issue_stage_i/i_scoreboard/mem_q_reg[0][sbe][rd][1]/D
  -------------------------------------------------------------------    -------------------

                         (clock clk_50_clkwiz rise edge)
                                                     19.998    19.998 r  
    AL8                                               0.000    19.998 r  sys_clk_p (IN)
                         net (fo=0)                   0.000    19.998    i_bufds_sys_clk/I
    HPIOBDIFFINBUF_X0Y11 DIFFINBUF (Prop_DIFFINBUF_HPIOBDIFFINBUF_DIFF_IN_P_O)
                                                      0.394    20.392 r  i_bufds_sys_clk/DIFFINBUF_INST/O
                         net (fo=1, routed)           0.040    20.432    i_bufds_sys_clk/OUT
    AL8                  IBUFCTRL (Prop_IBUFCTRL_HPIOB_M_I_O)
                                                      0.000    20.432 r  i_bufds_sys_clk/IBUFCTRL_INST/O
                         net (fo=1, routed)           0.344    20.776    i_clkwiz/inst/clk_in1
    MMCM_X0Y0            MMCME4_ADV (Prop_MMCM_CLKIN1_CLKOUT0)
                                                      0.630    21.406 r  i_clkwiz/inst/mmcme4_adv_inst/CLKOUT0
                         net (fo=1, routed)           0.214    21.620    i_clkwiz/inst/clk_50_clkwiz
    BUFGCE_X0Y8          BUFGCE (Prop_BUFCE_BUFGCE_I_O)
                                                      0.024    21.644 r  i_clkwiz/inst/clkout1_buf/O
    X1Y3 (CLOCK_ROOT)    net (fo=106494, routed)      2.701    24.345    i_cheshire_soc/gen_cva6_cores[0].i_core_cva6/issue_stage_i/i_scoreboard/clk_50
    SLICE_X17Y203        FDCE                                         r  i_cheshire_soc/gen_cva6_cores[0].i_core_cva6/issue_stage_i/i_scoreboard/mem_q_reg[0][sbe][rd][1]/C
                         clock pessimism             -0.344    24.001    
                         clock uncertainty           -0.068    23.933    
    SLICE_X17Y203        FDCE (Setup_HFF_SLICEL_C_D)
                                                      0.025    23.958    i_cheshire_soc/gen_cva6_cores[0].i_core_cva6/issue_stage_i/i_scoreboard/mem_q_reg[0][sbe][rd][1]
  -------------------------------------------------------------------
                         required time                         23.958    
                         arrival time                         -21.885    
  -------------------------------------------------------------------
                         slack                                  2.072    





Min Delay Paths
--------------------------------------------------------------------------------------
Slack (MET) :             0.010ns  (arrival time - required time)
  Source:                 i_cheshire_soc/gen_dma.i_dma/gen_two_d.i_dma_2d_frontend/i_dma_conf_regs/u_dst_addr/q_reg[32]/C
                            (rising edge-triggered cell FDCE clocked by clk_50_clkwiz  {rise@0.000ns fall@9.999ns period=19.998ns})
  Destination:            i_cheshire_soc/gen_dma.i_dma/gen_two_d.i_stream_fifo_jobs_twod/fifo_i/mem_q_reg[1][burst_req][dst_addr][32]/D
                            (rising edge-triggered cell FDCE clocked by clk_50_clkwiz  {rise@0.000ns fall@9.999ns period=19.998ns})
  Path Group:             clk_50_clkwiz
  Path Type:              Hold (Min at Slow Process Corner)
  Requirement:            0.000ns  (clk_50_clkwiz rise@0.000ns - clk_50_clkwiz rise@0.000ns)
  Data Path Delay:        0.168ns  (logic 0.059ns (35.119%)  route 0.109ns (64.881%))
  Logic Levels:           0  
  Clock Path Skew:        0.096ns (DCD - SCD - CPR)
    Destination Clock Delay (DCD):    4.042ns
    Source Clock Delay      (SCD):    4.295ns
    Clock Pessimism Removal (CPR):    -0.348ns
  Clock Net Delay (Source):      2.649ns (routing 1.386ns, distribution 1.263ns)
  Clock Net Delay (Destination): 2.961ns (routing 1.522ns, distribution 1.439ns)

    Location             Delay type                Incr(ns)  Path(ns)    Netlist Resource(s)
  -------------------------------------------------------------------    -------------------
                         (clock clk_50_clkwiz rise edge)
                                                      0.000     0.000 r  
    AL8                                               0.000     0.000 r  sys_clk_p (IN)
                         net (fo=0)                   0.000     0.000    i_bufds_sys_clk/I
    HPIOBDIFFINBUF_X0Y11 DIFFINBUF (Prop_DIFFINBUF_HPIOBDIFFINBUF_DIFF_IN_P_O)
                                                      0.394     0.394 r  i_bufds_sys_clk/DIFFINBUF_INST/O
                         net (fo=1, routed)           0.040     0.434    i_bufds_sys_clk/OUT
    AL8                  IBUFCTRL (Prop_IBUFCTRL_HPIOB_M_I_O)
                                                      0.000     0.434 r  i_bufds_sys_clk/IBUFCTRL_INST/O
                         net (fo=1, routed)           0.344     0.778    i_clkwiz/inst/clk_in1
    MMCM_X0Y0            MMCME4_ADV (Prop_MMCM_CLKIN1_CLKOUT0)
                                                      0.630     1.408 r  i_clkwiz/inst/mmcme4_adv_inst/CLKOUT0
                         net (fo=1, routed)           0.214     1.622    i_clkwiz/inst/clk_50_clkwiz
    BUFGCE_X0Y8          BUFGCE (Prop_BUFCE_BUFGCE_I_O)
                                                      0.024     1.646 r  i_clkwiz/inst/clkout1_buf/O
    X1Y3 (CLOCK_ROOT)    net (fo=106494, routed)      2.649     4.295    i_cheshire_soc/gen_dma.i_dma/gen_two_d.i_dma_2d_frontend/i_dma_conf_regs/u_dst_addr/clk_50
    SLICE_X36Y246        FDCE                                         r  i_cheshire_soc/gen_dma.i_dma/gen_two_d.i_dma_2d_frontend/i_dma_conf_regs/u_dst_addr/q_reg[32]/C
  -------------------------------------------------------------------    -------------------
    SLICE_X36Y246        FDCE (Prop_HFF2_SLICEL_C_Q)
                                                      0.059     4.354 r  i_cheshire_soc/gen_dma.i_dma/gen_two_d.i_dma_2d_frontend/i_dma_conf_regs/u_dst_addr/q_reg[32]/Q
                         net (fo=3, routed)           0.109     4.463    i_cheshire_soc/gen_dma.i_dma/gen_two_d.i_stream_fifo_jobs_twod/fifo_i/mem_q_reg[1][burst_req][dst_addr][47]_0[32]
    SLICE_X37Y245        FDCE                                         r  i_cheshire_soc/gen_dma.i_dma/gen_two_d.i_stream_fifo_jobs_twod/fifo_i/mem_q_reg[1][burst_req][dst_addr][32]/D
  -------------------------------------------------------------------    -------------------

                         (clock clk_50_clkwiz rise edge)
                                                      0.000     0.000 r  
    AL8                                               0.000     0.000 r  sys_clk_p (IN)
                         net (fo=0)                   0.000     0.000    i_bufds_sys_clk/I
    HPIOBDIFFINBUF_X0Y11 DIFFINBUF (Prop_DIFFINBUF_HPIOBDIFFINBUF_DIFF_IN_P_O)
                                                      0.489     0.489 r  i_bufds_sys_clk/DIFFINBUF_INST/O
                         net (fo=1, routed)           0.050     0.539    i_bufds_sys_clk/OUT
    AL8                  IBUFCTRL (Prop_IBUFCTRL_HPIOB_M_I_O)
                                                      0.000     0.539 r  i_bufds_sys_clk/IBUFCTRL_INST/O
                         net (fo=1, routed)           0.397     0.936    i_clkwiz/inst/clk_in1
    MMCM_X0Y0            MMCME4_ADV (Prop_MMCM_CLKIN1_CLKOUT0)
                                                     -0.127     0.809 r  i_clkwiz/inst/mmcme4_adv_inst/CLKOUT0
                         net (fo=1, routed)           0.244     1.053    i_clkwiz/inst/clk_50_clkwiz
    BUFGCE_X0Y8          BUFGCE (Prop_BUFCE_BUFGCE_I_O)
                                                      0.028     1.081 r  i_clkwiz/inst/clkout1_buf/O
    X1Y3 (CLOCK_ROOT)    net (fo=106494, routed)      2.961     4.042    i_cheshire_soc/gen_dma.i_dma/gen_two_d.i_stream_fifo_jobs_twod/fifo_i/clk_50
    SLICE_X37Y245        FDCE                                         r  i_cheshire_soc/gen_dma.i_dma/gen_two_d.i_stream_fifo_jobs_twod/fifo_i/mem_q_reg[1][burst_req][dst_addr][32]/C
                         clock pessimism              0.348     4.390    
    SLICE_X37Y245        FDCE (Hold_HFF2_SLICEM_C_D)
                                                      0.062     4.452    i_cheshire_soc/gen_dma.i_dma/gen_two_d.i_stream_fifo_jobs_twod/fifo_i/mem_q_reg[1][burst_req][dst_addr][32]
  -------------------------------------------------------------------
                         required time                         -4.452    
                         arrival time                           4.463    
  -------------------------------------------------------------------
                         slack                                  0.010    





Pulse Width Checks
--------------------------------------------------------------------------------------
Clock Name:         clk_50_clkwiz
Waveform(ns):       { 0.000 9.999 }
Period(ns):         19.998
Sources:            { i_clkwiz/inst/mmcme4_adv_inst/CLKOUT0 }

Check Type        Corner  Lib Pin          Reference Pin  Required(ns)  Actual(ns)  Slack(ns)  Location  Pin
Min Period        n/a     PS8/MAXIGP2ACLK  n/a            3.000         19.998      16.998     PS8_X0Y0  i_zynqmp/inst/PS8_i/MAXIGP2ACLK
Low Pulse Width   Slow    PS8/MAXIGP2ACLK  n/a            1.500         9.999       8.499      PS8_X0Y0  i_zynqmp/inst/PS8_i/MAXIGP2ACLK
High Pulse Width  Slow    PS8/MAXIGP2ACLK  n/a            1.500         9.999       8.499      PS8_X0Y0  i_zynqmp/inst/PS8_i/MAXIGP2ACLK



---------------------------------------------------------------------------------------------------
Path Group:  **async_default**
From Clock:  clk_50_clkwiz
  To Clock:  clk_50_clkwiz

Setup :            0  Failing Endpoints,  Worst Slack       16.146ns,  Total Violation        0.000ns
Hold  :            0  Failing Endpoints,  Worst Slack        1.097ns,  Total Violation        0.000ns
---------------------------------------------------------------------------------------------------


Max Delay Paths
--------------------------------------------------------------------------------------
Slack (MET) :             16.146ns  (required time - arrival time)
  Source:                 i_rstgen/i_rstgen_bypass/synch_regs_q_reg[3]/C
                            (rising edge-triggered cell FDCE clocked by clk_50_clkwiz  {rise@0.000ns fall@9.999ns period=19.998ns})
  Destination:            i_cheshire_soc/gen_cva6_cores[0].gen_ara.i_ara/gen_lanes[1].i_lane/i_vfus/i_vmfpu/fpu_gen.i_fpnew_bulk/gen_operation_groups[0].i_opgroup_block/gen_parallel_slices[2].active_format.i_fmt_slice/gen_num_lanes[3].active_lane.lane_instance.i_fma/gen_inside_pipeline[0].mid_pipe_exp_diff_q_reg[1][2]/CLR
                            (recovery check against rising-edge clock clk_50_clkwiz  {rise@0.000ns fall@9.999ns period=19.998ns})
  Path Group:             **async_default**
  Path Type:              Recovery (Max at Slow Process Corner)
  Requirement:            19.998ns  (clk_50_clkwiz rise@19.998ns - clk_50_clkwiz rise@0.000ns)
  Data Path Delay:        3.346ns  (logic 0.168ns (5.021%)  route 3.178ns (94.979%))
  Logic Levels:           1  (BUFGCTRL=1)
  Clock Path Skew:        -0.372ns (DCD - SCD + CPR)
    Destination Clock Delay (DCD):    4.330ns = ( 24.328 - 19.998 ) 
    Source Clock Delay      (SCD):    4.273ns
    Clock Pessimism Removal (CPR):    -0.428ns
  Clock Uncertainty:      0.068ns  ((TSJ^2 + DJ^2)^1/2) / 2 + PE
    Total System Jitter     (TSJ):    0.071ns
    Discrete Jitter          (DJ):    0.116ns
    Phase Error              (PE):    0.000ns
  Clock Net Delay (Source):      3.192ns (routing 1.522ns, distribution 1.670ns)
  Clock Net Delay (Destination): 2.684ns (routing 1.386ns, distribution 1.298ns)

    Location             Delay type                Incr(ns)  Path(ns)    Netlist Resource(s)
  -------------------------------------------------------------------    -------------------
                         (clock clk_50_clkwiz rise edge)
                                                      0.000     0.000 r  
    AL8                                               0.000     0.000 r  sys_clk_p (IN)
                         net (fo=0)                   0.000     0.000    i_bufds_sys_clk/I
    HPIOBDIFFINBUF_X0Y11 DIFFINBUF (Prop_DIFFINBUF_HPIOBDIFFINBUF_DIFF_IN_P_O)
                                                      0.489     0.489 r  i_bufds_sys_clk/DIFFINBUF_INST/O
                         net (fo=1, routed)           0.050     0.539    i_bufds_sys_clk/OUT
    AL8                  IBUFCTRL (Prop_IBUFCTRL_HPIOB_M_I_O)
                                                      0.000     0.539 r  i_bufds_sys_clk/IBUFCTRL_INST/O
                         net (fo=1, routed)           0.397     0.936    i_clkwiz/inst/clk_in1
    MMCM_X0Y0            MMCME4_ADV (Prop_MMCM_CLKIN1_CLKOUT0)
                                                     -0.127     0.809 r  i_clkwiz/inst/mmcme4_adv_inst/CLKOUT0
                         net (fo=1, routed)           0.244     1.053    i_clkwiz/inst/clk_50_clkwiz
    BUFGCE_X0Y8          BUFGCE (Prop_BUFCE_BUFGCE_I_O)
                                                      0.028     1.081 r  i_clkwiz/inst/clkout1_buf/O
    X1Y3 (CLOCK_ROOT)    net (fo=106494, routed)      3.192     4.273    i_rstgen/i_rstgen_bypass/clk_50
    SLICE_X96Y26         FDCE                                         r  i_rstgen/i_rstgen_bypass/synch_regs_q_reg[3]/C
  -------------------------------------------------------------------    -------------------
    SLICE_X96Y26         FDCE (Prop_EFF_SLICEM_C_Q)
                                                      0.076     4.349 r  i_rstgen/i_rstgen_bypass/synch_regs_q_reg[3]/Q
                         net (fo=1, routed)           0.541     4.890    i_rstgen/i_rstgen_bypass/i_tc_clk_mux2_rst_no/Q[0]
    BUFGCTRL_X0Y2        BUFGCTRL (Prop_BUFGCTRL_I0_O)
                                                      0.092     4.982 r  i_rstgen/i_rstgen_bypass/i_tc_clk_mux2_rst_no/i_BUFGMUX/O
                         net (fo=94208, routed)       2.637     7.619    i_cheshire_soc/gen_cva6_cores[0].gen_ara.i_ara/gen_lanes[1].i_lane/i_vfus/i_vmfpu/fpu_gen.i_fpnew_bulk/gen_operation_groups[0].i_opgroup_block/gen_parallel_slices[2].active_format.i_fmt_slice/gen_num_lanes[3].active_lane.lane_instance.i_fma/gen_output_pipeline[0].out_pipe_valid_q_reg[1]_0
    SLICE_X31Y408        FDCE                                         f  i_cheshire_soc/gen_cva6_cores[0].gen_ara.i_ara/gen_lanes[1].i_lane/i_vfus/i_vmfpu/fpu_gen.i_fpnew_bulk/gen_operation_groups[0].i_opgroup_block/gen_parallel_slices[2].active_format.i_fmt_slice/gen_num_lanes[3].active_lane.lane_instance.i_fma/gen_inside_pipeline[0].mid_pipe_exp_diff_q_reg[1][2]/CLR  (IS_INVERTED)
  -------------------------------------------------------------------    -------------------

                         (clock clk_50_clkwiz rise edge)
                                                     19.998    19.998 r  
    AL8                                               0.000    19.998 r  sys_clk_p (IN)
                         net (fo=0)                   0.000    19.998    i_bufds_sys_clk/I
    HPIOBDIFFINBUF_X0Y11 DIFFINBUF (Prop_DIFFINBUF_HPIOBDIFFINBUF_DIFF_IN_P_O)
                                                      0.394    20.392 r  i_bufds_sys_clk/DIFFINBUF_INST/O
                         net (fo=1, routed)           0.040    20.432    i_bufds_sys_clk/OUT
    AL8                  IBUFCTRL (Prop_IBUFCTRL_HPIOB_M_I_O)
                                                      0.000    20.432 r  i_bufds_sys_clk/IBUFCTRL_INST/O
                         net (fo=1, routed)           0.344    20.776    i_clkwiz/inst/clk_in1
    MMCM_X0Y0            MMCME4_ADV (Prop_MMCM_CLKIN1_CLKOUT0)
                                                      0.630    21.406 r  i_clkwiz/inst/mmcme4_adv_inst/CLKOUT0
                         net (fo=1, routed)           0.214    21.620    i_clkwiz/inst/clk_50_clkwiz
    BUFGCE_X0Y8          BUFGCE (Prop_BUFCE_BUFGCE_I_O)
                                                      0.024    21.644 r  i_clkwiz/inst/clkout1_buf/O
    X1Y3 (CLOCK_ROOT)    net (fo=106494, routed)      2.684    24.328    i_cheshire_soc/gen_cva6_cores[0].gen_ara.i_ara/gen_lanes[1].i_lane/i_vfus/i_vmfpu/fpu_gen.i_fpnew_bulk/gen_operation_groups[0].i_opgroup_block/gen_parallel_slices[2].active_format.i_fmt_slice/gen_num_lanes[3].active_lane.lane_instance.i_fma/clk_50
    SLICE_X31Y408        FDCE                                         r  i_cheshire_soc/gen_cva6_cores[0].gen_ara.i_ara/gen_lanes[1].i_lane/i_vfus/i_vmfpu/fpu_gen.i_fpnew_bulk/gen_operation_groups[0].i_opgroup_block/gen_parallel_slices[2].active_format.i_fmt_slice/gen_num_lanes[3].active_lane.lane_instance.i_fma/gen_inside_pipeline[0].mid_pipe_exp_diff_q_reg[1][2]/C
                         clock pessimism             -0.428    23.899    
                         clock uncertainty           -0.068    23.831    
    SLICE_X31Y408        FDCE (Recov_CFF_SLICEM_C_CLR)
                                                     -0.066    23.765    i_cheshire_soc/gen_cva6_cores[0].gen_ara.i_ara/gen_lanes[1].i_lane/i_vfus/i_vmfpu/fpu_gen.i_fpnew_bulk/gen_operation_groups[0].i_opgroup_block/gen_parallel_slices[2].active_format.i_fmt_slice/gen_num_lanes[3].active_lane.lane_instance.i_fma/gen_inside_pipeline[0].mid_pipe_exp_diff_q_reg[1][2]
  -------------------------------------------------------------------
                         required time                         23.765    
                         arrival time                          -7.619    
  -------------------------------------------------------------------
                         slack                                 16.146    





Min Delay Paths
--------------------------------------------------------------------------------------
Slack (MET) :             1.097ns  (arrival time - required time)
  Source:                 i_rstgen/i_rstgen_bypass/synch_regs_q_reg[3]/C
                            (rising edge-triggered cell FDCE clocked by clk_50_clkwiz  {rise@0.000ns fall@9.999ns period=19.998ns})
  Destination:            i_cheshire_soc/gen_llc.i_llc/i_axi_llc_top_raw/i_evict_unit/i_w_master/i_r_data_fifo/mem_q_reg[0][90]/CLR
                            (removal check against rising-edge clock clk_50_clkwiz  {rise@0.000ns fall@9.999ns period=19.998ns})
  Path Group:             **async_default**
  Path Type:              Removal (Min at Fast Process Corner)
  Requirement:            0.000ns  (clk_50_clkwiz rise@0.000ns - clk_50_clkwiz rise@0.000ns)
  Data Path Delay:        1.142ns  (logic 0.090ns (7.881%)  route 1.052ns (92.119%))
  Logic Levels:           1  (BUFGCTRL=1)
  Clock Path Skew:        0.065ns (DCD - SCD - CPR)
    Destination Clock Delay (DCD):    2.503ns
    Source Clock Delay      (SCD):    2.641ns
    Clock Pessimism Removal (CPR):    -0.203ns
  Clock Net Delay (Source):      1.757ns (routing 0.829ns, distribution 0.928ns)
  Clock Net Delay (Destination): 1.988ns (routing 0.924ns, distribution 1.064ns)

    Location             Delay type                Incr(ns)  Path(ns)    Netlist Resource(s)
  -------------------------------------------------------------------    -------------------
                         (clock clk_50_clkwiz rise edge)
                                                      0.000     0.000 r  
    AL8                                               0.000     0.000 r  sys_clk_p (IN)
                         net (fo=0)                   0.000     0.000    i_bufds_sys_clk/I
    HPIOBDIFFINBUF_X0Y11 DIFFINBUF (Prop_DIFFINBUF_HPIOBDIFFINBUF_DIFF_IN_P_O)
                                                      0.249     0.249 r  i_bufds_sys_clk/DIFFINBUF_INST/O
                         net (fo=1, routed)           0.040     0.289    i_bufds_sys_clk/OUT
    AL8                  IBUFCTRL (Prop_IBUFCTRL_HPIOB_M_I_O)
                                                      0.000     0.289 r  i_bufds_sys_clk/IBUFCTRL_INST/O
                         net (fo=1, routed)           0.203     0.492    i_clkwiz/inst/clk_in1
    MMCM_X0Y0            MMCME4_ADV (Prop_MMCM_CLKIN1_CLKOUT0)
                                                      0.230     0.722 r  i_clkwiz/inst/mmcme4_adv_inst/CLKOUT0
                         net (fo=1, routed)           0.145     0.867    i_clkwiz/inst/clk_50_clkwiz
    BUFGCE_X0Y8          BUFGCE (Prop_BUFCE_BUFGCE_I_O)
                                                      0.017     0.884 r  i_clkwiz/inst/clkout1_buf/O
    X1Y3 (CLOCK_ROOT)    net (fo=106494, routed)      1.757     2.641    i_rstgen/i_rstgen_bypass/clk_50
    SLICE_X96Y26         FDCE                                         r  i_rstgen/i_rstgen_bypass/synch_regs_q_reg[3]/C
  -------------------------------------------------------------------    -------------------
    SLICE_X96Y26         FDCE (Prop_EFF_SLICEM_C_Q)
                                                      0.038     2.679 r  i_rstgen/i_rstgen_bypass/synch_regs_q_reg[3]/Q
                         net (fo=1, routed)           0.281     2.960    i_rstgen/i_rstgen_bypass/i_tc_clk_mux2_rst_no/Q[0]
    BUFGCTRL_X0Y2        BUFGCTRL (Prop_BUFGCTRL_I0_O)
                                                      0.052     3.012 r  i_rstgen/i_rstgen_bypass/i_tc_clk_mux2_rst_no/i_BUFGMUX/O
                         net (fo=94208, routed)       0.771     3.783    i_cheshire_soc/gen_llc.i_llc/i_axi_llc_top_raw/i_evict_unit/i_w_master/i_r_data_fifo/mem_q_reg[0][127]_0
    SLICE_X89Y10         FDCE                                         f  i_cheshire_soc/gen_llc.i_llc/i_axi_llc_top_raw/i_evict_unit/i_w_master/i_r_data_fifo/mem_q_reg[0][90]/CLR  (IS_INVERTED)
  -------------------------------------------------------------------    -------------------

                         (clock clk_50_clkwiz rise edge)
                                                      0.000     0.000 r  
    AL8                                               0.000     0.000 r  sys_clk_p (IN)
                         net (fo=0)                   0.000     0.000    i_bufds_sys_clk/I
    HPIOBDIFFINBUF_X0Y11 DIFFINBUF (Prop_DIFFINBUF_HPIOBDIFFINBUF_DIFF_IN_P_O)
                                                      0.346     0.346 r  i_bufds_sys_clk/DIFFINBUF_INST/O
                         net (fo=1, routed)           0.050     0.396    i_bufds_sys_clk/OUT
    AL8                  IBUFCTRL (Prop_IBUFCTRL_HPIOB_M_I_O)
                                                      0.000     0.396 r  i_bufds_sys_clk/IBUFCTRL_INST/O
                         net (fo=1, routed)           0.230     0.626    i_clkwiz/inst/clk_in1
    MMCM_X0Y0            MMCME4_ADV (Prop_MMCM_CLKIN1_CLKOUT0)
                                                     -0.295     0.331 r  i_clkwiz/inst/mmcme4_adv_inst/CLKOUT0
                         net (fo=1, routed)           0.165     0.496    i_clkwiz/inst/clk_50_clkwiz
    BUFGCE_X0Y8          BUFGCE (Prop_BUFCE_BUFGCE_I_O)
                                                      0.019     0.515 r  i_clkwiz/inst/clkout1_buf/O
    X1Y3 (CLOCK_ROOT)    net (fo=106494, routed)      1.988     2.503    i_cheshire_soc/gen_llc.i_llc/i_axi_llc_top_raw/i_evict_unit/i_w_master/i_r_data_fifo/clk_50
    SLICE_X89Y10         FDCE                                         r  i_cheshire_soc/gen_llc.i_llc/i_axi_llc_top_raw/i_evict_unit/i_w_master/i_r_data_fifo/mem_q_reg[0][90]/C
                         clock pessimism              0.203     2.706    
    SLICE_X89Y10         FDCE (Remov_HFF2_SLICEL_C_CLR)
                                                     -0.020     2.686    i_cheshire_soc/gen_llc.i_llc/i_axi_llc_top_raw/i_evict_unit/i_w_master/i_r_data_fifo/mem_q_reg[0][90]
  -------------------------------------------------------------------
                         required time                         -2.686    
                         arrival time                           3.783    
  -------------------------------------------------------------------
                         slack                                  1.097    





